[
    {
        "Id": "sha256:64ec0ed99a8908f73a8d34450662111c36b578058d981c1509a1ab0e1ca20e15",
        "RepoTags": [
            "cinatoken-g7-web:473de5fc520fc7d64db700db88a76c7a6b45c241"
        ],
        "RepoDigests": [],
        "Parent": "",
        "Comment": "buildkit.dockerfile.v0",
        "Created": "2026-10-06T03:39:06.2291041Z",
        "DockerVersion": "",
        "Author": "",
        "Config": {
            "Hostname": "",
            "Domainname": "",
            "User": "",
            "AttachStdin": false,
            "AttachStdout": false,
            "AttachStderr": false,
            "ExposedPorts": {
                "80/tcp": {},
                "8080/tcp": {}
            },
            "Tty": false,
            "OpenStdin": false,
            "StdinOnce": false,
            "Env": [
                "PATH=/usr/local/sbin:/usr/local/bin:/usr/sbin:/usr/bin:/sbin:/bin",
                "NGINX_VERSION=1.30.5",
                "PKG_RELEASE=1",
                "DYNPKG_RELEASE=1",
                "NJS_VERSION=1.0.1",
                "NJS_RELEASE=1",
                "ACME_VERSION=0.4.1",
                "CINATOKEN_WEB_PUBLIC_ENABLED=false",
                "CINATOKEN_WEB_SSR_UPSTREAM=http://gateway-web-ssr:8791",
                "CINATOKEN_WEB_ACCOUNT_ENABLED=false",
                "CINATOKEN_WEB_ADMIN_DASHBOARD_ENABLED=false",
                "CINATOKEN_WEB_ADMIN_USERS_ENABLED=false",
                "CINATOKEN_WEB_ADMIN_USER_DETAIL_ENABLED=false",
                "CINATOKEN_WEB_ADMIN_PROVIDERS_ENABLED=false",
                "CINATOKEN_WEB_ADMIN_MODELS_ENABLED=false",
                "CINATOKEN_WEB_ADMIN_ENDPOINTS_ENABLED=false",
                "CINATOKEN_WEB_ADMIN_ROUTES_ENABLED=false",
                "CINATOKEN_WEB_ADMIN_DATA_POLICIES_ENABLED=false",
                "CINATOKEN_WEB_ADMIN_PRESETS_ENABLED=false",
                "CINATOKEN_WEB_ADMIN_GUARDRAILS_ENABLED=false",
                "CINATOKEN_WEB_ADMIN_RELIABILITY_ENABLED=false",
                "CINATOKEN_WEB_ADMIN_MODEL_ANALYTICS_ENABLED=false",
                "CINATOKEN_WEB_ADMIN_PROVIDER_ANALYTICS_ENABLED=false",
                "CINATOKEN_WEB_ADMIN_USER_ANALYTICS_ENABLED=false",
                "CINATOKEN_WEB_ADMIN_REQUEST_LOGS_ENABLED=false",
                "CINATOKEN_WEB_ADMIN_BUDGET_AUDIT_ENABLED=false",
                "CINATOKEN_WEB_ADMIN_TOOL_INVOCATIONS_ENABLED=false",
                "CINATOKEN_WEB_ADMIN_CONFIG_TIMEZONE_ENABLED=false",
                "CINATOKEN_WEB_ADMIN_CONFIG_ENABLED=false",
                "CINATOKEN_WEB_ADMIN_ACCESS_KEYS_ENABLED=false",
                "CINATOKEN_WEB_ADMIN_KEYS_ENABLED=false",
                "CINATOKEN_WEB_ADMIN_SHARED_KEYS_ENABLED=false",
                "CINATOKEN_WEB_ADMIN_TOOLS_ENABLED=false",
                "CINATOKEN_WEB_ADMIN_PLAYGROUND_ENABLED=false",
                "CINATOKEN_WEB_ADMIN_SIMULATOR_ENABLED=false",
                "CINATOKEN_WEB_ADMIN_WITHDRAWALS_ENABLED=false",
                "CINATOKEN_WEB_ADMIN_NFT_MINTS_ENABLED=false",
                "CINATOKEN_WEB_PROXY_ORIGINS=",
                "CINATOKEN_ADMIN_UPSTREAM=http://admin:8789"
            ],
            "Cmd": null,
            "Image": "",
            "Volumes": null,
            "WorkingDir": "/",
            "Entrypoint": [
                "/web-entrypoint.sh"
            ],
            "OnBuild": null,
            "Labels": {
                "maintainer": "NGINX Docker Maintainers <docker-maint@nginx.com>"
            },
            "StopSignal": "SIGQUIT"
        },
        "Architecture": "amd64",
        "Os": "linux",
        "Size": 71046182,
        "GraphDriver": {
            "Data": {
                "LowerDir": "/var/lib/docker/overlay2/i2h5cn1xnf1jyinr6t36c8t6s/diff:/var/lib/docker/overlay2/t7v9ehzvm3n11md9w32kc8arf/diff:/var/lib/docker/overlay2/ydq9zd194j9nyecec7dwnmvst/diff:/var/lib/docker/overlay2/qrbcrw3ho0maoi4jxtb2abxo5/diff:/var/lib/docker/overlay2/kqjo0vc4agxxq2jjohd3cma1v/diff:/var/lib/docker/overlay2/84fe12ada973a8bf9798bdc1b5a774bbc3ee182eff79c87025e51c97d7b42873/diff:/var/lib/docker/overlay2/2059b5c3f85d531a9910244954134306e925a8f8494c54362c528e0758650138/diff:/var/lib/docker/overlay2/ac67bddfb46a86798fe7785592aea10d9667e0a2811a5e4bfb24389d2b948bf8/diff:/var/lib/docker/overlay2/7a3274cdfc9ba0ca30223d539d453bb459c46075e687b2ebc40d2606d204a3d2/diff:/var/lib/docker/overlay2/efb5aeebf9054e620e6a60d0691c27c1586e772bb4453e28141530300f111939/diff:/var/lib/docker/overlay2/37e1f03d928a33cd3fd05286bf7c9004be37ad36df1c6c59ee2006c6d73cfc4a/diff:/var/lib/docker/overlay2/43be8d179d52cc11506a5107a9ec295160b390057bf6b98f78b5cef4718688cf/diff:/var/lib/docker/overlay2/2ae0b48eecfe9a6e2756191da34c38096ffcefcfe60a3735da2ca81df409a0ef/diff",
                "MergedDir": "/var/lib/docker/overlay2/one192icl6weq4rml7jhfivzv/merged",
                "UpperDir": "/var/lib/docker/overlay2/one192icl6weq4rml7jhfivzv/diff",
                "WorkDir": "/var/lib/docker/overlay2/one192icl6weq4rml7jhfivzv/work"
            },
            "Name": "overlay2"
        },
        "RootFS": {
            "Type": "layers",
            "Layers": [
                "sha256:74d97c428c51a828f9051a7a40a53ff1fc99e54fc30323ce36760701b0b7f711",
                "sha256:2d3fbe0ca19dd389108f7e9a1d89ec5c1f1d7dc3c11fb2123bc425fed39c5f22",
                "sha256:ed752e851ebe79a0e72be1fd48e90474d36ae2bb2ddccff2475f8e050c20a804",
                "sha256:ec2b9a359ab960e2254545e79e9bca77edaeefb652d97b26855217fb8a9c80b3",
                "sha256:267e83adf4c4e342b08cbe40814662493e030c88311c720fbce2f0d7c809f3f4",
                "sha256:8fb5da5ad6fa936ba8c24999da33095b2b6c5fd2bcf4aa22acbf299b0e7294df",
                "sha256:0d250d8db7c20b3c0bd3059b3431dd47f130cb81e7a4c7820950139daafb91d6",
                "sha256:e46f4042ccf5f36d1605617ef6912bdaac437fa0bca12530e77529b191eb02fa",
                "sha256:74050feb9d76d88e73b70a401af5e806d544ff6a192b2057197b64bf73825a23",
                "sha256:3a0c03ad7bf9692c6879db06db501a8ced218b0eee01e57c2a0bdb5c71e7c22f",
                "sha256:c77aa565eb7797266d18eee8c44143c2df6c455a69e07cb2f7ddf6ee61fa8e2e",
                "sha256:fee8d36be0d8a89839e43ead68c433c2699aca1caf43aec4b605f63b268d5340",
                "sha256:af4268db4bf6d1e2c8704c718f73e96856f96bb789303145884f5566fb6d5f14",
                "sha256:eaa7880d778c8783c9ed77dc7ef03a5fff5ff2a27b92af3b9d4b2e174a1eb4b3"
            ]
        },
        "Metadata": {
            "LastTagTime": "2026-10-06T03:39:07.017121158Z"
        }
    }
]
