[
    {
        "Name": "g7-1e70578d1acd47478966124f581794d8-app",
        "Id": "6b47f884c451b89c1e7f6370f97e9171960aeee5a6807510deb3faac77e0dd47",
        "Created": "2026-10-06T03:39:16.212488386Z",
        "Scope": "local",
        "Driver": "bridge",
        "EnableIPv4": true,
        "EnableIPv6": false,
        "IPAM": {
            "Driver": "default",
            "Options": {},
            "Config": [
                {
                    "Subnet": "172.19.0.0/16",
                    "Gateway": "172.19.0.1"
                }
            ]
        },
        "Internal": true,
        "Attachable": false,
        "Ingress": false,
        "ConfigFrom": {
            "Network": ""
        },
        "ConfigOnly": false,
        "Containers": {},
        "Options": {},
        "Labels": {
            "cinatoken.g7.owner": "g7-1e70578d1acd47478966124f581794d8"
        }
    }
]
