[
    {
        "Id": "a149d53e3503adaa09a0e7772f961bab23063ff9ce058d53361df3ba0d9d88a3",
        "Created": "2026-10-06T03:39:17.72620983Z",
        "Path": "/app/docker/entrypoint.migrate.sh",
        "Args": [],
        "State": {
            "Status": "created",
            "Running": false,
            "Paused": false,
            "Restarting": false,
            "OOMKilled": false,
            "Dead": false,
            "Pid": 0,
            "ExitCode": 0,
            "Error": "",
            "StartedAt": "0001-01-01T00:00:00Z",
            "FinishedAt": "0001-01-01T00:00:00Z"
        },
        "Image": "sha256:b593161e5f23b6b5fa54e0db5ff06679146ff340a52c13ce18bd2df057a93acc",
        "ResolvConfPath": "",
        "HostnamePath": "",
        "HostsPath": "",
        "LogPath": "",
        "Name": "/g7-1e70578d1acd47478966124f581794d8-migrate",
        "RestartCount": 0,
        "Driver": "overlay2",
        "Platform": "linux",
        "MountLabel": "",
        "ProcessLabel": "",
        "AppArmorProfile": "",
        "ExecIDs": null,
        "HostConfig": {
            "Binds": null,
            "ContainerIDFile": "",
            "LogConfig": {
                "Type": "json-file",
                "Config": {}
            },
            "NetworkMode": "g7-1e70578d1acd47478966124f581794d8-db",
            "PortBindings": {},
            "RestartPolicy": {
                "Name": "no",
                "MaximumRetryCount": 0
            },
            "AutoRemove": false,
            "VolumeDriver": "",
            "VolumesFrom": null,
            "ConsoleSize": [
                0,
                0
            ],
            "CapAdd": null,
            "CapDrop": null,
            "CgroupnsMode": "private",
            "Dns": [],
            "DnsOptions": [],
            "DnsSearch": [],
            "ExtraHosts": null,
            "GroupAdd": null,
            "IpcMode": "private",
            "Cgroup": "",
            "Links": null,
            "OomScoreAdj": 0,
            "PidMode": "",
            "Privileged": false,
            "PublishAllPorts": false,
            "ReadonlyRootfs": false,
            "SecurityOpt": null,
            "UTSMode": "",
            "UsernsMode": "",
            "ShmSize": 67108864,
            "Runtime": "runc",
            "Isolation": "",
            "CpuShares": 0,
            "Memory": 0,
            "NanoCpus": 0,
            "CgroupParent": "",
            "BlkioWeight": 0,
            "BlkioWeightDevice": [],
            "BlkioDeviceReadBps": [],
            "BlkioDeviceWriteBps": [],
            "BlkioDeviceReadIOps": [],
            "BlkioDeviceWriteIOps": [],
            "CpuPeriod": 0,
            "CpuQuota": 0,
            "CpuRealtimePeriod": 0,
            "CpuRealtimeRuntime": 0,
            "CpusetCpus": "",
            "CpusetMems": "",
            "Devices": [],
            "DeviceCgroupRules": null,
            "DeviceRequests": null,
            "MemoryReservation": 0,
            "MemorySwap": 0,
            "MemorySwappiness": null,
            "OomKillDisable": false,
            "PidsLimit": null,
            "Ulimits": [],
            "CpuCount": 0,
            "CpuPercent": 0,
            "IOMaximumIOps": 0,
            "IOMaximumBandwidth": 0,
            "MaskedPaths": [
                "/proc/asound",
                "/proc/acpi",
                "/proc/interrupts",
                "/proc/kcore",
                "/proc/keys",
                "/proc/latency_stats",
                "/proc/timer_list",
                "/proc/timer_stats",
                "/proc/sched_debug",
                "/proc/scsi",
                "/sys/firmware",
                "/sys/devices/virtual/powercap"
            ],
            "ReadonlyPaths": [
                "/proc/bus",
                "/proc/fs",
                "/proc/irq",
                "/proc/sys",
                "/proc/sysrq-trigger"
            ]
        },
        "GraphDriver": {
            "Data": {
                "ID": "a149d53e3503adaa09a0e7772f961bab23063ff9ce058d53361df3ba0d9d88a3",
                "LowerDir": "/var/lib/docker/overlay2/48cdcb5636fe3b8062587e76aa626028b2d0904361d703a43bb556807c3d1ce6-init/diff:/var/lib/docker/overlay2/jmcw6evh3c02pmtc2o9fehlup/diff:/var/lib/docker/overlay2/i1z4nhqrbby8pst6037jqe792/diff:/var/lib/docker/overlay2/8d6w9qqo3waa7i02qo5lxxtik/diff:/var/lib/docker/overlay2/x6mpnbqj4rfww32bba9odalrr/diff:/var/lib/docker/overlay2/440kidwm91g3shzvf52xtq8cc/diff:/var/lib/docker/overlay2/uuy4rxms7njg6m4ekjwgfor5n/diff:/var/lib/docker/overlay2/g435xxxo3f5p00wcl7xm0j8be/diff:/var/lib/docker/overlay2/z5orrtovgkigizzxzrn9lri2w/diff:/var/lib/docker/overlay2/tz54mwzhxj3vo50rgxm5hy320/diff:/var/lib/docker/overlay2/eraoos78ys0eubhfkd3z55fx3/diff:/var/lib/docker/overlay2/d34502e3108cfe09011292f5a7c3ff7ee3e8315c8f998c7496b511841c044b56/diff:/var/lib/docker/overlay2/1daa5fbee80b89d0c75d31d850d281ad88b2befe00ed3da4d31d4357ac323c87/diff:/var/lib/docker/overlay2/389bf8e6a5f127194eec3b658707c7edbdcacc6d09e6a91c2097922302fe5943/diff:/var/lib/docker/overlay2/3e173f4f6af59a1eb8a6af648b192a06713c7eb7a980178265946426b52b6dc4/diff",
                "MergedDir": "/var/lib/docker/overlay2/48cdcb5636fe3b8062587e76aa626028b2d0904361d703a43bb556807c3d1ce6/merged",
                "UpperDir": "/var/lib/docker/overlay2/48cdcb5636fe3b8062587e76aa626028b2d0904361d703a43bb556807c3d1ce6/diff",
                "WorkDir": "/var/lib/docker/overlay2/48cdcb5636fe3b8062587e76aa626028b2d0904361d703a43bb556807c3d1ce6/work"
            },
            "Name": "overlay2"
        },
        "Mounts": [],
        "Config": {
            "Hostname": "a149d53e3503",
            "Domainname": "",
            "User": "",
            "AttachStdin": false,
            "AttachStdout": true,
            "AttachStderr": true,
            "Tty": false,
            "OpenStdin": false,
            "StdinOnce": false,
            "Env": [
                "DATABASE_DRIVER=postgres",
                "DATABASE_URL=postgres://postgres:[REDACTED-G7-EPHEMERAL]@pg:5432/g7",
                "SHARED_KEY_ENCRYPTION_SECRET=[REDACTED-G7-EPHEMERAL]",
                "AUTO_MIGRATE=false",
                "PATH=/usr/local/sbin:/usr/local/bin:/usr/sbin:/usr/bin:/sbin:/bin",
                "NODE_VERSION=22.22.2",
                "YARN_VERSION=1.22.22",
                "NODE_ENV=production"
            ],
            "Cmd": null,
            "Image": "sha256:b593161e5f23b6b5fa54e0db5ff06679146ff340a52c13ce18bd2df057a93acc",
            "Volumes": null,
            "WorkingDir": "/app",
            "Entrypoint": [
                "/app/docker/entrypoint.migrate.sh"
            ],
            "OnBuild": null,
            "Labels": {
                "cinatoken.g7.owner": "g7-1e70578d1acd47478966124f581794d8"
            }
        },
        "NetworkSettings": {
            "Bridge": "",
            "SandboxID": "",
            "SandboxKey": "",
            "Ports": {},
            "HairpinMode": false,
            "LinkLocalIPv6Address": "",
            "LinkLocalIPv6PrefixLen": 0,
            "SecondaryIPAddresses": null,
            "SecondaryIPv6Addresses": null,
            "EndpointID": "",
            "Gateway": "",
            "GlobalIPv6Address": "",
            "GlobalIPv6PrefixLen": 0,
            "IPAddress": "",
            "IPPrefixLen": 0,
            "IPv6Gateway": "",
            "MacAddress": "",
            "Networks": {
                "g7-1e70578d1acd47478966124f581794d8-db": {
                    "IPAMConfig": null,
                    "Links": null,
                    "Aliases": null,
                    "MacAddress": "",
                    "DriverOpts": null,
                    "GwPriority": 0,
                    "NetworkID": "",
                    "EndpointID": "",
                    "Gateway": "",
                    "IPAddress": "",
                    "IPPrefixLen": 0,
                    "IPv6Gateway": "",
                    "GlobalIPv6Address": "",
                    "GlobalIPv6PrefixLen": 0,
                    "DNSNames": null
                }
            }
        }
    }
]
