[docker-entrypoint:migrate] DATABASE_DRIVER=postgres (default)
[migrate-postgres] 连接目标: host=pg port=5432 user=postgres database=g7
[migrate-postgres] 迁移目录: /app/packages/core/migrations-postgres
[migrate-postgres] 已获取迁移锁（pg_advisory_lock=746923551）
[migrate-postgres] 已确保表 cinatoken_gateway.schema_migrations 存在（%.0f ms） 7.9480000000000075
[migrate-postgres] 共 81 个迁移文件（按文件名排序）
[migrate-postgres] 执行: 0001_baseline.sql（约 8 KB）…
[migrate-postgres] 完成: 0001_baseline.sql（%.0f ms） 67.991761
[migrate-postgres] 执行: 0002_seed.sql（888 B）…
[migrate-postgres] 完成: 0002_seed.sql（%.0f ms） 2.015864000000022
[migrate-postgres] 执行: 0003_model_modalities_released.sql（316 B）…
[migrate-postgres] 完成: 0003_model_modalities_released.sql（%.0f ms） 1.8244159999999852
[migrate-postgres] 执行: 0004_provider_api_keys.sql（约 1 KB）…
[migrate-postgres] 完成: 0004_provider_api_keys.sql（%.0f ms） 8.523775
[migrate-postgres] 执行: 0005_drop_providers_api_key.sql（205 B）…
[migrate-postgres] 完成: 0005_drop_providers_api_key.sql（%.0f ms） 2.0452589999999873
[migrate-postgres] 执行: 0006_upstream_trace_ids.sql（389 B）…
[migrate-postgres] 完成: 0006_upstream_trace_ids.sql（%.0f ms） 1.5831960000000151
[migrate-postgres] 执行: 0007_key_limits_and_sticky_config.sql（398 B）…
[migrate-postgres] 完成: 0007_key_limits_and_sticky_config.sql（%.0f ms） 2.345148999999992
[migrate-postgres] 执行: 0008_request_timing_metrics.sql（585 B）…
[migrate-postgres] 完成: 0008_request_timing_metrics.sql（%.0f ms） 2.977269000000007
[migrate-postgres] 执行: 0009_first_reasoning_token_ms.sql（78 B）…
[migrate-postgres] 完成: 0009_first_reasoning_token_ms.sql（%.0f ms） 1.5248569999999972
[migrate-postgres] 执行: 0010_models_max_tokens_nullable.sql（147 B）…
[migrate-postgres] 完成: 0010_models_max_tokens_nullable.sql（%.0f ms） 1.3942740000000242
[migrate-postgres] 执行: 0011_provider_endpoints.sql（775 B）…
[migrate-postgres] 完成: 0011_provider_endpoints.sql（%.0f ms） 1.7841510000000085
[migrate-postgres] 执行: 0012_drop_provider_base_url_columns.sql（333 B）…
[migrate-postgres] 完成: 0012_drop_provider_base_url_columns.sql（%.0f ms） 1.9646889999999928
[migrate-postgres] 执行: 0013_request_log_image_billing.sql（244 B）…
[migrate-postgres] 完成: 0013_request_log_image_billing.sql（%.0f ms） 2.5652100000000075
[migrate-postgres] 执行: 0014_request_log_audio_billing.sql（73 B）…
[migrate-postgres] 完成: 0014_request_log_audio_billing.sql（%.0f ms） 1.3918280000000038
[migrate-postgres] 执行: 0015_single_provider_key.sql（943 B）…
[migrate-postgres] 完成: 0015_single_provider_key.sql（%.0f ms） 9.547275999999982
[migrate-postgres] 执行: 0016_route_surfaces_pools.sql（约 4 KB）…
[migrate-postgres] 完成: 0016_route_surfaces_pools.sql（%.0f ms） 23.667811999999998
[migrate-postgres] 执行: 0017_gemini_models_generate.sql（约 3 KB）…
[migrate-postgres] 完成: 0017_gemini_models_generate.sql（%.0f ms） 4.284559999999999
[migrate-postgres] 执行: 0018_route_pool_tier_strategies.sql（207 B）…
[migrate-postgres] 完成: 0018_route_pool_tier_strategies.sql（%.0f ms） 1.3220180000000141
[migrate-postgres] 执行: 0019_route_strategy_canonical_ids.sql（约 2 KB）…
[migrate-postgres] 完成: 0019_route_strategy_canonical_ids.sql（%.0f ms） 2.4748409999999694
[migrate-postgres] 执行: 0020_route_pool_sticky_routing.sql（约 1 KB）…
[migrate-postgres] 完成: 0020_route_pool_sticky_routing.sql（%.0f ms） 10.501600999999994
[migrate-postgres] 执行: 0021_route_strategy_display_ids.sql（约 2 KB）…
[migrate-postgres] 完成: 0021_route_strategy_display_ids.sql（%.0f ms） 1.6235409999999888
[migrate-postgres] 执行: 0022_request_log_audio_characters.sql（176 B）…
[migrate-postgres] 完成: 0022_request_log_audio_characters.sql（%.0f ms） 1.529245000000003
[migrate-postgres] 执行: 0023_admin_access_identity.sql（约 1 KB）…
[migrate-postgres] 完成: 0023_admin_access_identity.sql（%.0f ms） 12.790312000000029
[migrate-postgres] 执行: 0024_drop_legacy_master_key_config.sql（238 B）…
[migrate-postgres] 完成: 0024_drop_legacy_master_key_config.sql（%.0f ms） 1.1369530000000054
[migrate-postgres] 执行: 0025_user_audit_actor_index.sql（289 B）…
[migrate-postgres] 完成: 0025_user_audit_actor_index.sql（%.0f ms） 2.437420999999972
[migrate-postgres] 执行: 0026_user_charged_cost_factors.sql（158 B）…
[migrate-postgres] 完成: 0026_user_charged_cost_factors.sql（%.0f ms） 1.4427739999999858
[migrate-postgres] 执行: 0027_user_portal_shared_keys.sql（约 4 KB）…
[migrate-postgres] 完成: 0027_user_portal_shared_keys.sql（%.0f ms） 40.49688400000002
[migrate-postgres] 执行: 0028_portal_marketplace_config.sql（约 1 KB）…
[migrate-postgres] 完成: 0028_portal_marketplace_config.sql（%.0f ms） 1.3577649999999721
[migrate-postgres] 执行: 0029_portal_integer_ledger.sql（约 9 KB）…
[migrate-postgres] 完成: 0029_portal_integer_ledger.sql（%.0f ms） 18.69640899999996
[migrate-postgres] 执行: 0030_chain_job_transactions.sql（499 B）…
[migrate-postgres] 完成: 0030_chain_job_transactions.sql（%.0f ms） 6.1860600000000545
[migrate-postgres] 执行: 0031_ledger_integrity_guards.sql（923 B）…
[migrate-postgres] 完成: 0031_ledger_integrity_guards.sql（%.0f ms） 5.8273510000000215
[migrate-postgres] 执行: 0032_key_hash_lookup.sql（607 B）…
[migrate-postgres] 完成: 0032_key_hash_lookup.sql（%.0f ms） 4.118300000000033
[migrate-postgres] 执行: 0033_gateway_key_secret_removal.sql（433 B）…
[migrate-postgres] 完成: 0033_gateway_key_secret_removal.sql（%.0f ms） 3.269724999999994
[migrate-postgres] 执行: 0034_public_model_daily_stats.sql（约 1 KB）…
[migrate-postgres] 完成: 0034_public_model_daily_stats.sql（%.0f ms） 6.974251999999979
[migrate-postgres] 执行: 0035_request_presets.sql（约 2 KB）…
[migrate-postgres] 完成: 0035_request_presets.sql（%.0f ms） 17.44261799999998
[migrate-postgres] 执行: 0036_guardrails.sql（约 2 KB）…
[migrate-postgres] 完成: 0036_guardrails.sql（%.0f ms） 26.357338000000027
[migrate-postgres] 执行: 0037_route_data_policies.sql（约 1 KB）…
[migrate-postgres] 完成: 0037_route_data_policies.sql（%.0f ms） 12.260010999999963
[migrate-postgres] 执行: 0038_organization_identity_projection.sql（约 2 KB）…
[migrate-postgres] 完成: 0038_organization_identity_projection.sql（%.0f ms） 22.118648000000007
[migrate-postgres] 执行: 0039_guardrail_budget_reservations.sql（约 3 KB）…
[migrate-postgres] 完成: 0039_guardrail_budget_reservations.sql（%.0f ms） 20.210927000000027
[migrate-postgres] 执行: 0040_user_budget_reservations.sql（约 2 KB）…
[migrate-postgres] 完成: 0040_user_budget_reservations.sql（%.0f ms） 11.624965999999972
[migrate-postgres] 执行: 0041_workspaces.sql（约 3 KB）…
[migrate-postgres] 完成: 0041_workspaces.sql（%.0f ms） 26.197355000000016
[migrate-postgres] 执行: 0042_gateway_keys_workspace.sql（635 B）…
[migrate-postgres] 完成: 0042_gateway_keys_workspace.sql（%.0f ms） 6.980683999999997
[migrate-postgres] 执行: 0043_workspace_presets_guardrails.sql（约 5 KB）…
[migrate-postgres] 完成: 0043_workspace_presets_guardrails.sql（%.0f ms） 36.88918799999999
[migrate-postgres] 执行: 0044_route_routing_metadata.sql（225 B）…
[migrate-postgres] 完成: 0044_route_routing_metadata.sql（%.0f ms） 1.4615079999999807
[migrate-postgres] 执行: 0045_route_data_policy_subject_fingerprint.sql（约 1 KB）…
[migrate-postgres] 完成: 0045_route_data_policy_subject_fingerprint.sql（%.0f ms） 3.107522000000017
[migrate-postgres] 执行: 0046_model_endpoints.sql（约 2 KB）…
[migrate-postgres] 完成: 0046_model_endpoints.sql（%.0f ms） 16.64047000000005
[migrate-postgres] 执行: 0047_model_endpoint_route_subject_fingerprint.sql（490 B）…
[migrate-postgres] 完成: 0047_model_endpoint_route_subject_fingerprint.sql（%.0f ms） 1.7345840000000408
[migrate-postgres] 执行: 0048_model_endpoint_audio_capabilities.sql（316 B）…
[migrate-postgres] 完成: 0048_model_endpoint_audio_capabilities.sql（%.0f ms） 1.9394119999999475
[migrate-postgres] 执行: 0049_model_endpoint_evidence_ledger.sql（约 6 KB）…
[migrate-postgres] 完成: 0049_model_endpoint_evidence_ledger.sql（%.0f ms） 27.645275999999967
[migrate-postgres] 执行: 0050_management_api_keys.sql（约 2 KB）…
[migrate-postgres] 完成: 0050_management_api_keys.sql（%.0f ms） 12.744192999999996
[migrate-postgres] 执行: 0051_gateway_key_expiry.sql（214 B）…
[migrate-postgres] 完成: 0051_gateway_key_expiry.sql（%.0f ms） 4.581563999999958
[migrate-postgres] 执行: 0052_gateway_key_limits.sql（约 1 KB）…
[migrate-postgres] 完成: 0052_gateway_key_limits.sql（%.0f ms） 5.021574999999984
[migrate-postgres] 执行: 0053_workspace_budgets.sql（约 4 KB）…
[migrate-postgres] 完成: 0053_workspace_budgets.sql（%.0f ms） 15.085915
[migrate-postgres] 执行: 0054_generation_metadata_snapshots.sql（993 B）…
[migrate-postgres] 完成: 0054_generation_metadata_snapshots.sql（%.0f ms） 3.8806450000000723
[migrate-postgres] 执行: 0055_request_session_id.sql（277 B）…
[migrate-postgres] 完成: 0055_request_session_id.sql（%.0f ms） 1.781836999999996
[migrate-postgres] 执行: 0056_generation_feedback.sql（约 2 KB）…
[migrate-postgres] 完成: 0056_generation_feedback.sql（%.0f ms） 12.602118000000019
[migrate-postgres] 执行: 0057_guardrail_assignment_management_source.sql（801 B）…
[migrate-postgres] 完成: 0057_guardrail_assignment_management_source.sql（%.0f ms） 6.102492999999981
[migrate-postgres] 执行: 0058_workspace_default_guardrails.sql（约 3 KB）…
[migrate-postgres] 完成: 0058_workspace_default_guardrails.sql（%.0f ms） 6.38320699999997
[migrate-postgres] 执行: 0059_account_default_guardrails.sql（约 4 KB）…
[migrate-postgres] 完成: 0059_account_default_guardrails.sql（%.0f ms） 9.004942000000028
[migrate-postgres] 执行: 0060_provider_attempt_availability.sql（约 2 KB）…
[migrate-postgres] 完成: 0060_provider_attempt_availability.sql（%.0f ms） 8.989003000000025
[migrate-postgres] 执行: 0061_public_model_total_tokens.sql（1005 B）…
[migrate-postgres] 完成: 0061_public_model_total_tokens.sql（%.0f ms） 2.8139139999999543
[migrate-postgres] 执行: 0062_generation_service_tier.sql（约 2 KB）…
[migrate-postgres] 完成: 0062_generation_service_tier.sql（%.0f ms） 7.167481000000066
[migrate-postgres] 执行: 0063_private_byok.sql（约 3 KB）…
[migrate-postgres] 完成: 0063_private_byok.sql（%.0f ms） 14.75408600000003
[migrate-postgres] 执行: 0064_byok_always_use_for_provider.sql（638 B）…
[migrate-postgres] 完成: 0064_byok_always_use_for_provider.sql（%.0f ms） 3.5021580000000085
[migrate-postgres] 执行: 0065_guardrail_budget_settlement_basis.sql（510 B）…
[migrate-postgres] 完成: 0065_guardrail_budget_settlement_basis.sql（%.0f ms） 2.227989999999977
[migrate-postgres] 执行: 0066_workspace_budget_usage_index.sql（302 B）…
[migrate-postgres] 完成: 0066_workspace_budget_usage_index.sql（%.0f ms） 5.0681019999999535
[migrate-postgres] 执行: 0067_batch_jobs.sql（约 7 KB）…
[migrate-postgres] 完成: 0067_batch_jobs.sql（%.0f ms） 31.532752000000073
[migrate-postgres] 执行: 0068_function_schema_resolution.sql（约 2 KB）…
[migrate-postgres] 完成: 0068_function_schema_resolution.sql（%.0f ms） 1.9410840000000462
[migrate-postgres] 执行: 0069_recovery_dispatch_intents.sql（约 7 KB）…
[migrate-postgres] 完成: 0069_recovery_dispatch_intents.sql（%.0f ms） 18.13293500000009
[migrate-postgres] 执行: 0070_recovery_settlement_facts.sql（约 8 KB）…
[migrate-postgres] 完成: 0070_recovery_settlement_facts.sql（%.0f ms） 20.270284999999944
[migrate-postgres] 执行: 0071_recovery_jobs.sql（约 8 KB）…
[migrate-postgres] 完成: 0071_recovery_jobs.sql（%.0f ms） 15.696996000000013
[migrate-postgres] 执行: 0072_recovery_commit_receipts.sql（约 16 KB）…
[migrate-postgres] 完成: 0072_recovery_commit_receipts.sql（%.0f ms） 16.617736000000036
[migrate-postgres] 执行: 0073_recovery_api_key_workspace_lock.sql（约 2 KB）…
[migrate-postgres] 完成: 0073_recovery_api_key_workspace_lock.sql（%.0f ms） 1.9640269999999873
[migrate-postgres] 执行: 0074_config_change_audit.sql（844 B）…
[migrate-postgres] 完成: 0074_config_change_audit.sql（%.0f ms） 6.738119999999981
[migrate-postgres] 执行: 0075_system_config_revision.sql（256 B）…
[migrate-postgres] 完成: 0075_system_config_revision.sql（%.0f ms） 1.406205
[migrate-postgres] 执行: 0076_user_audit_export_order_index.sql（185 B）…
[migrate-postgres] 完成: 0076_user_audit_export_order_index.sql（%.0f ms） 2.1751919999999245
[migrate-postgres] 执行: 0077_admin_access_key_audit.sql（938 B）…
[migrate-postgres] 完成: 0077_admin_access_key_audit.sql（%.0f ms） 5.9031720000000405
[migrate-postgres] 执行: 0078_shared_key_earnings_history_guard.sql（约 3 KB）…
{
  severity_local: 'NOTICE',
  severity: 'NOTICE',
  code: '00000',
  message: 'trigger "shared_key_earnings_history_immutable" for relation "cinatoken_gateway.shared_key_earnings" does not exist, skipping',
  file: 'dropcmds.c',
  line: '528',
  routine: 'does_not_exist_skipping'
}
{
  severity_local: 'NOTICE',
  severity: 'NOTICE',
  code: '00000',
  message: 'trigger "shared_key_earnings_history_no_truncate" for relation "cinatoken_gateway.shared_key_earnings" does not exist, skipping',
  file: 'dropcmds.c',
  line: '528',
  routine: 'does_not_exist_skipping'
}
[migrate-postgres] 完成: 0078_shared_key_earnings_history_guard.sql（%.0f ms） 11.171357000000057
[migrate-postgres] 执行: 0079_admin_shared_key_audit.sql（约 2 KB）…
[migrate-postgres] 完成: 0079_admin_shared_key_audit.sql（%.0f ms） 8.755397000000016
[migrate-postgres] 执行: 0080_admin_shared_key_actor_bounds.sql（593 B）…
[migrate-postgres] 完成: 0080_admin_shared_key_actor_bounds.sql（%.0f ms） 2.043044000000009
[migrate-postgres] 执行: 0081_tools_config_group_audit.sql（约 2 KB）…
[migrate-postgres] 完成: 0081_tools_config_group_audit.sql（%.0f ms） 8.801220999999941
[migrate-postgres] 汇总: 新执行 81 个, 跳过 0 个, 扫描 81 个文件
[migrate-postgres] 全部完成。
[docker-entrypoint:migrate] MIGRATE_DONE
[docker-entrypoint:migrate] 一次性任务已完成，容器将正常退出。
[docker-entrypoint:migrate] Zeabur/K8s 上请勿将此镜像作为常驻 Service；见 docs/operators/deployment/zeabur.md
