[
    {
        "Id": "603de5a5403c14fdaf19e4cf01558c853f4d6724aceb1acb3817ae143df16ef1",
        "Created": "2026-10-06T03:39:21.220937211Z",
        "Path": "/web-entrypoint.sh",
        "Args": [],
        "State": {
            "Status": "created",
            "Running": false,
            "Paused": false,
            "Restarting": false,
            "OOMKilled": false,
            "Dead": false,
            "Pid": 0,
            "ExitCode": 0,
            "Error": "",
            "StartedAt": "0001-01-01T00:00:00Z",
            "FinishedAt": "0001-01-01T00:00:00Z"
        },
        "Image": "sha256:64ec0ed99a8908f73a8d34450662111c36b578058d981c1509a1ab0e1ca20e15",
        "ResolvConfPath": "",
        "HostnamePath": "",
        "HostsPath": "",
        "LogPath": "",
        "Name": "/g7-1e70578d1acd47478966124f581794d8-web",
        "RestartCount": 0,
        "Driver": "overlay2",
        "Platform": "linux",
        "MountLabel": "",
        "ProcessLabel": "",
        "AppArmorProfile": "",
        "ExecIDs": null,
        "HostConfig": {
            "Binds": null,
            "ContainerIDFile": "",
            "LogConfig": {
                "Type": "json-file",
                "Config": {}
            },
            "NetworkMode": "g7-1e70578d1acd47478966124f581794d8-app",
            "PortBindings": {},
            "RestartPolicy": {
                "Name": "no",
                "MaximumRetryCount": 0
            },
            "AutoRemove": false,
            "VolumeDriver": "",
            "VolumesFrom": null,
            "ConsoleSize": [
                0,
                0
            ],
            "CapAdd": null,
            "CapDrop": null,
            "CgroupnsMode": "private",
            "Dns": [],
            "DnsOptions": [],
            "DnsSearch": [],
            "ExtraHosts": null,
            "GroupAdd": null,
            "IpcMode": "private",
            "Cgroup": "",
            "Links": null,
            "OomScoreAdj": 0,
            "PidMode": "",
            "Privileged": false,
            "PublishAllPorts": false,
            "ReadonlyRootfs": false,
            "SecurityOpt": null,
            "UTSMode": "",
            "UsernsMode": "",
            "ShmSize": 67108864,
            "Runtime": "runc",
            "Isolation": "",
            "CpuShares": 0,
            "Memory": 0,
            "NanoCpus": 0,
            "CgroupParent": "",
            "BlkioWeight": 0,
            "BlkioWeightDevice": [],
            "BlkioDeviceReadBps": [],
            "BlkioDeviceWriteBps": [],
            "BlkioDeviceReadIOps": [],
            "BlkioDeviceWriteIOps": [],
            "CpuPeriod": 0,
            "CpuQuota": 0,
            "CpuRealtimePeriod": 0,
            "CpuRealtimeRuntime": 0,
            "CpusetCpus": "",
            "CpusetMems": "",
            "Devices": [],
            "DeviceCgroupRules": null,
            "DeviceRequests": null,
            "MemoryReservation": 0,
            "MemorySwap": 0,
            "MemorySwappiness": null,
            "OomKillDisable": false,
            "PidsLimit": null,
            "Ulimits": [],
            "CpuCount": 0,
            "CpuPercent": 0,
            "IOMaximumIOps": 0,
            "IOMaximumBandwidth": 0,
            "MaskedPaths": [
                "/proc/asound",
                "/proc/acpi",
                "/proc/interrupts",
                "/proc/kcore",
                "/proc/keys",
                "/proc/latency_stats",
                "/proc/timer_list",
                "/proc/timer_stats",
                "/proc/sched_debug",
                "/proc/scsi",
                "/sys/firmware",
                "/sys/devices/virtual/powercap"
            ],
            "ReadonlyPaths": [
                "/proc/bus",
                "/proc/fs",
                "/proc/irq",
                "/proc/sys",
                "/proc/sysrq-trigger"
            ]
        },
        "GraphDriver": {
            "Data": {
                "ID": "603de5a5403c14fdaf19e4cf01558c853f4d6724aceb1acb3817ae143df16ef1",
                "LowerDir": "/var/lib/docker/overlay2/38504d76727730de0831a8e06d221f151138cd84cbe850d30c8327df11fdd7f0-init/diff:/var/lib/docker/overlay2/one192icl6weq4rml7jhfivzv/diff:/var/lib/docker/overlay2/i2h5cn1xnf1jyinr6t36c8t6s/diff:/var/lib/docker/overlay2/t7v9ehzvm3n11md9w32kc8arf/diff:/var/lib/docker/overlay2/ydq9zd194j9nyecec7dwnmvst/diff:/var/lib/docker/overlay2/qrbcrw3ho0maoi4jxtb2abxo5/diff:/var/lib/docker/overlay2/kqjo0vc4agxxq2jjohd3cma1v/diff:/var/lib/docker/overlay2/84fe12ada973a8bf9798bdc1b5a774bbc3ee182eff79c87025e51c97d7b42873/diff:/var/lib/docker/overlay2/2059b5c3f85d531a9910244954134306e925a8f8494c54362c528e0758650138/diff:/var/lib/docker/overlay2/ac67bddfb46a86798fe7785592aea10d9667e0a2811a5e4bfb24389d2b948bf8/diff:/var/lib/docker/overlay2/7a3274cdfc9ba0ca30223d539d453bb459c46075e687b2ebc40d2606d204a3d2/diff:/var/lib/docker/overlay2/efb5aeebf9054e620e6a60d0691c27c1586e772bb4453e28141530300f111939/diff:/var/lib/docker/overlay2/37e1f03d928a33cd3fd05286bf7c9004be37ad36df1c6c59ee2006c6d73cfc4a/diff:/var/lib/docker/overlay2/43be8d179d52cc11506a5107a9ec295160b390057bf6b98f78b5cef4718688cf/diff:/var/lib/docker/overlay2/2ae0b48eecfe9a6e2756191da34c38096ffcefcfe60a3735da2ca81df409a0ef/diff",
                "MergedDir": "/var/lib/docker/overlay2/38504d76727730de0831a8e06d221f151138cd84cbe850d30c8327df11fdd7f0/merged",
                "UpperDir": "/var/lib/docker/overlay2/38504d76727730de0831a8e06d221f151138cd84cbe850d30c8327df11fdd7f0/diff",
                "WorkDir": "/var/lib/docker/overlay2/38504d76727730de0831a8e06d221f151138cd84cbe850d30c8327df11fdd7f0/work"
            },
            "Name": "overlay2"
        },
        "Mounts": [],
        "Config": {
            "Hostname": "603de5a5403c",
            "Domainname": "",
            "User": "",
            "AttachStdin": false,
            "AttachStdout": true,
            "AttachStderr": true,
            "ExposedPorts": {
                "80/tcp": {},
                "8080/tcp": {}
            },
            "Tty": false,
            "OpenStdin": false,
            "StdinOnce": false,
            "Env": [
                "CINATOKEN_WEB_PUBLIC_ENABLED=true",
                "CINATOKEN_WEB_ACCOUNT_ENABLED=true",
                "CINATOKEN_WEB_ADMIN_DASHBOARD_ENABLED=true",
                "CINATOKEN_WEB_ADMIN_USERS_ENABLED=true",
                "CINATOKEN_WEB_ADMIN_USER_DETAIL_ENABLED=true",
                "CINATOKEN_WEB_ADMIN_PROVIDERS_ENABLED=true",
                "CINATOKEN_WEB_ADMIN_MODELS_ENABLED=true",
                "CINATOKEN_WEB_ADMIN_ENDPOINTS_ENABLED=true",
                "CINATOKEN_WEB_ADMIN_ROUTES_ENABLED=true",
                "CINATOKEN_WEB_ADMIN_DATA_POLICIES_ENABLED=true",
                "CINATOKEN_WEB_ADMIN_PRESETS_ENABLED=true",
                "CINATOKEN_WEB_ADMIN_GUARDRAILS_ENABLED=true",
                "CINATOKEN_WEB_ADMIN_RELIABILITY_ENABLED=true",
                "CINATOKEN_WEB_ADMIN_MODEL_ANALYTICS_ENABLED=true",
                "CINATOKEN_WEB_ADMIN_PROVIDER_ANALYTICS_ENABLED=true",
                "CINATOKEN_WEB_ADMIN_USER_ANALYTICS_ENABLED=true",
                "CINATOKEN_WEB_ADMIN_REQUEST_LOGS_ENABLED=true",
                "CINATOKEN_WEB_ADMIN_BUDGET_AUDIT_ENABLED=true",
                "CINATOKEN_WEB_ADMIN_TOOL_INVOCATIONS_ENABLED=true",
                "CINATOKEN_WEB_ADMIN_CONFIG_TIMEZONE_ENABLED=true",
                "CINATOKEN_WEB_ADMIN_CONFIG_ENABLED=true",
                "CINATOKEN_WEB_ADMIN_ACCESS_KEYS_ENABLED=true",
                "CINATOKEN_WEB_ADMIN_KEYS_ENABLED=true",
                "CINATOKEN_WEB_ADMIN_SHARED_KEYS_ENABLED=true",
                "CINATOKEN_WEB_ADMIN_TOOLS_ENABLED=true",
                "CINATOKEN_WEB_ADMIN_PLAYGROUND_ENABLED=true",
                "CINATOKEN_WEB_ADMIN_SIMULATOR_ENABLED=true",
                "CINATOKEN_WEB_ADMIN_WITHDRAWALS_ENABLED=true",
                "CINATOKEN_WEB_ADMIN_NFT_MINTS_ENABLED=true",
                "CINATOKEN_ADMIN_UPSTREAM=http://gateway-admin:8789",
                "CINATOKEN_WEB_SSR_UPSTREAM=http://gateway-web-ssr:8791",
                "PATH=/usr/local/sbin:/usr/local/bin:/usr/sbin:/usr/bin:/sbin:/bin",
                "NGINX_VERSION=1.30.5",
                "PKG_RELEASE=1",
                "DYNPKG_RELEASE=1",
                "NJS_VERSION=1.0.1",
                "NJS_RELEASE=1",
                "ACME_VERSION=0.4.1",
                "CINATOKEN_WEB_PROXY_ORIGINS="
            ],
            "Cmd": null,
            "Image": "sha256:64ec0ed99a8908f73a8d34450662111c36b578058d981c1509a1ab0e1ca20e15",
            "Volumes": null,
            "WorkingDir": "/",
            "Entrypoint": [
                "/web-entrypoint.sh"
            ],
            "OnBuild": null,
            "Labels": {
                "cinatoken.g7.owner": "g7-1e70578d1acd47478966124f581794d8",
                "maintainer": "NGINX Docker Maintainers <docker-maint@nginx.com>"
            },
            "StopSignal": "SIGQUIT"
        },
        "NetworkSettings": {
            "Bridge": "",
            "SandboxID": "",
            "SandboxKey": "",
            "Ports": {},
            "HairpinMode": false,
            "LinkLocalIPv6Address": "",
            "LinkLocalIPv6PrefixLen": 0,
            "SecondaryIPAddresses": null,
            "SecondaryIPv6Addresses": null,
            "EndpointID": "",
            "Gateway": "",
            "GlobalIPv6Address": "",
            "GlobalIPv6PrefixLen": 0,
            "IPAddress": "",
            "IPPrefixLen": 0,
            "IPv6Gateway": "",
            "MacAddress": "",
            "Networks": {
                "g7-1e70578d1acd47478966124f581794d8-app": {
                    "IPAMConfig": null,
                    "Links": null,
                    "Aliases": [
                        "gateway-web"
                    ],
                    "MacAddress": "",
                    "DriverOpts": null,
                    "GwPriority": 0,
                    "NetworkID": "",
                    "EndpointID": "",
                    "Gateway": "",
                    "IPAddress": "",
                    "IPPrefixLen": 0,
                    "IPv6Gateway": "",
                    "GlobalIPv6Address": "",
                    "GlobalIPv6PrefixLen": 0,
                    "DNSNames": null
                }
            }
        }
    }
]
