[
    {
        "Id": "63d8e5689c59ac1f771d3c08bdeec5413881108c5a5c766efe47deb1ea08816e",
        "Created": "2026-10-06T03:39:21.892726432Z",
        "Path": "/docker-entrypoint.sh",
        "Args": [
            "nginx",
            "-g",
            "daemon off;"
        ],
        "State": {
            "Status": "created",
            "Running": false,
            "Paused": false,
            "Restarting": false,
            "OOMKilled": false,
            "Dead": false,
            "Pid": 0,
            "ExitCode": 0,
            "Error": "",
            "StartedAt": "0001-01-01T00:00:00Z",
            "FinishedAt": "0001-01-01T00:00:00Z"
        },
        "Image": "sha256:43d9d8c1f8968f09df8c1aa6c136ecc617e62d64fe4c0b24c97de4eb210bd973",
        "ResolvConfPath": "",
        "HostnamePath": "",
        "HostsPath": "",
        "LogPath": "",
        "Name": "/g7-1e70578d1acd47478966124f581794d8-ingress",
        "RestartCount": 0,
        "Driver": "overlay2",
        "Platform": "linux",
        "MountLabel": "",
        "ProcessLabel": "",
        "AppArmorProfile": "",
        "ExecIDs": null,
        "HostConfig": {
            "Binds": null,
            "ContainerIDFile": "",
            "LogConfig": {
                "Type": "json-file",
                "Config": {}
            },
            "NetworkMode": "g7-1e70578d1acd47478966124f581794d8-client",
            "PortBindings": {},
            "RestartPolicy": {
                "Name": "no",
                "MaximumRetryCount": 0
            },
            "AutoRemove": false,
            "VolumeDriver": "",
            "VolumesFrom": null,
            "ConsoleSize": [
                0,
                0
            ],
            "CapAdd": null,
            "CapDrop": null,
            "CgroupnsMode": "private",
            "Dns": [],
            "DnsOptions": [],
            "DnsSearch": [],
            "ExtraHosts": null,
            "GroupAdd": null,
            "IpcMode": "private",
            "Cgroup": "",
            "Links": null,
            "OomScoreAdj": 0,
            "PidMode": "",
            "Privileged": false,
            "PublishAllPorts": false,
            "ReadonlyRootfs": false,
            "SecurityOpt": null,
            "UTSMode": "",
            "UsernsMode": "",
            "ShmSize": 67108864,
            "Runtime": "runc",
            "Isolation": "",
            "CpuShares": 0,
            "Memory": 0,
            "NanoCpus": 0,
            "CgroupParent": "",
            "BlkioWeight": 0,
            "BlkioWeightDevice": [],
            "BlkioDeviceReadBps": [],
            "BlkioDeviceWriteBps": [],
            "BlkioDeviceReadIOps": [],
            "BlkioDeviceWriteIOps": [],
            "CpuPeriod": 0,
            "CpuQuota": 0,
            "CpuRealtimePeriod": 0,
            "CpuRealtimeRuntime": 0,
            "CpusetCpus": "",
            "CpusetMems": "",
            "Devices": [],
            "DeviceCgroupRules": null,
            "DeviceRequests": null,
            "MemoryReservation": 0,
            "MemorySwap": 0,
            "MemorySwappiness": null,
            "OomKillDisable": false,
            "PidsLimit": null,
            "Ulimits": [],
            "CpuCount": 0,
            "CpuPercent": 0,
            "IOMaximumIOps": 0,
            "IOMaximumBandwidth": 0,
            "Mounts": [
                {
                    "Type": "bind",
                    "Source": "/home/runner/work/cinatoken/cinatoken/scripts/verification/web-platform-g7/ingress.conf",
                    "Target": "/etc/nginx/conf.d/default.conf",
                    "ReadOnly": true
                },
                {
                    "Type": "bind",
                    "Source": "/tmp/cinatoken-g7-private-vXNSzV/tls/app.test.crt",
                    "Target": "/tls/app.test.crt",
                    "ReadOnly": true
                },
                {
                    "Type": "bind",
                    "Source": "/tmp/cinatoken-g7-private-vXNSzV/tls/app.test.key",
                    "Target": "/tls/app.test.key",
                    "ReadOnly": true
                }
            ],
            "MaskedPaths": [
                "/proc/asound",
                "/proc/acpi",
                "/proc/interrupts",
                "/proc/kcore",
                "/proc/keys",
                "/proc/latency_stats",
                "/proc/timer_list",
                "/proc/timer_stats",
                "/proc/sched_debug",
                "/proc/scsi",
                "/sys/firmware",
                "/sys/devices/virtual/powercap"
            ],
            "ReadonlyPaths": [
                "/proc/bus",
                "/proc/fs",
                "/proc/irq",
                "/proc/sys",
                "/proc/sysrq-trigger"
            ]
        },
        "GraphDriver": {
            "Data": {
                "ID": "63d8e5689c59ac1f771d3c08bdeec5413881108c5a5c766efe47deb1ea08816e",
                "LowerDir": "/var/lib/docker/overlay2/2ee00fc75fa4d3c19d648cb1f789e788932216ecca1cfc203a4c1af7328d3315-init/diff:/var/lib/docker/overlay2/84fe12ada973a8bf9798bdc1b5a774bbc3ee182eff79c87025e51c97d7b42873/diff:/var/lib/docker/overlay2/2059b5c3f85d531a9910244954134306e925a8f8494c54362c528e0758650138/diff:/var/lib/docker/overlay2/ac67bddfb46a86798fe7785592aea10d9667e0a2811a5e4bfb24389d2b948bf8/diff:/var/lib/docker/overlay2/7a3274cdfc9ba0ca30223d539d453bb459c46075e687b2ebc40d2606d204a3d2/diff:/var/lib/docker/overlay2/efb5aeebf9054e620e6a60d0691c27c1586e772bb4453e28141530300f111939/diff:/var/lib/docker/overlay2/37e1f03d928a33cd3fd05286bf7c9004be37ad36df1c6c59ee2006c6d73cfc4a/diff:/var/lib/docker/overlay2/43be8d179d52cc11506a5107a9ec295160b390057bf6b98f78b5cef4718688cf/diff:/var/lib/docker/overlay2/2ae0b48eecfe9a6e2756191da34c38096ffcefcfe60a3735da2ca81df409a0ef/diff",
                "MergedDir": "/var/lib/docker/overlay2/2ee00fc75fa4d3c19d648cb1f789e788932216ecca1cfc203a4c1af7328d3315/merged",
                "UpperDir": "/var/lib/docker/overlay2/2ee00fc75fa4d3c19d648cb1f789e788932216ecca1cfc203a4c1af7328d3315/diff",
                "WorkDir": "/var/lib/docker/overlay2/2ee00fc75fa4d3c19d648cb1f789e788932216ecca1cfc203a4c1af7328d3315/work"
            },
            "Name": "overlay2"
        },
        "Mounts": [
            {
                "Type": "bind",
                "Source": "/home/runner/work/cinatoken/cinatoken/scripts/verification/web-platform-g7/ingress.conf",
                "Destination": "/etc/nginx/conf.d/default.conf",
                "Mode": "",
                "RW": false,
                "Propagation": "rprivate"
            },
            {
                "Type": "bind",
                "Source": "/tmp/cinatoken-g7-private-vXNSzV/tls/app.test.crt",
                "Destination": "/tls/app.test.crt",
                "Mode": "",
                "RW": false,
                "Propagation": "rprivate"
            },
            {
                "Type": "bind",
                "Source": "/tmp/cinatoken-g7-private-vXNSzV/tls/app.test.key",
                "Destination": "/tls/app.test.key",
                "Mode": "",
                "RW": false,
                "Propagation": "rprivate"
            }
        ],
        "Config": {
            "Hostname": "63d8e5689c59",
            "Domainname": "",
            "User": "",
            "AttachStdin": false,
            "AttachStdout": true,
            "AttachStderr": true,
            "ExposedPorts": {
                "80/tcp": {}
            },
            "Tty": false,
            "OpenStdin": false,
            "StdinOnce": false,
            "Env": [
                "PATH=/usr/local/sbin:/usr/local/bin:/usr/sbin:/usr/bin:/sbin:/bin",
                "NGINX_VERSION=1.30.5",
                "PKG_RELEASE=1",
                "DYNPKG_RELEASE=1",
                "NJS_VERSION=1.0.1",
                "NJS_RELEASE=1",
                "ACME_VERSION=0.4.1"
            ],
            "Cmd": [
                "nginx",
                "-g",
                "daemon off;"
            ],
            "Image": "sha256:43d9d8c1f8968f09df8c1aa6c136ecc617e62d64fe4c0b24c97de4eb210bd973",
            "Volumes": null,
            "WorkingDir": "/",
            "Entrypoint": [
                "/docker-entrypoint.sh"
            ],
            "OnBuild": null,
            "Labels": {
                "cinatoken.g7.owner": "g7-1e70578d1acd47478966124f581794d8",
                "maintainer": "NGINX Docker Maintainers <docker-maint@nginx.com>"
            },
            "StopSignal": "SIGQUIT"
        },
        "NetworkSettings": {
            "Bridge": "",
            "SandboxID": "",
            "SandboxKey": "",
            "Ports": {},
            "HairpinMode": false,
            "LinkLocalIPv6Address": "",
            "LinkLocalIPv6PrefixLen": 0,
            "SecondaryIPAddresses": null,
            "SecondaryIPv6Addresses": null,
            "EndpointID": "",
            "Gateway": "",
            "GlobalIPv6Address": "",
            "GlobalIPv6PrefixLen": 0,
            "IPAddress": "",
            "IPPrefixLen": 0,
            "IPv6Gateway": "",
            "MacAddress": "",
            "Networks": {
                "g7-1e70578d1acd47478966124f581794d8-app": {
                    "IPAMConfig": {},
                    "Links": null,
                    "Aliases": [],
                    "MacAddress": "",
                    "DriverOpts": {},
                    "GwPriority": 0,
                    "NetworkID": "",
                    "EndpointID": "",
                    "Gateway": "",
                    "IPAddress": "",
                    "IPPrefixLen": 0,
                    "IPv6Gateway": "",
                    "GlobalIPv6Address": "",
                    "GlobalIPv6PrefixLen": 0,
                    "DNSNames": [
                        "g7-1e70578d1acd47478966124f581794d8-ingress",
                        "63d8e5689c59"
                    ]
                },
                "g7-1e70578d1acd47478966124f581794d8-client": {
                    "IPAMConfig": null,
                    "Links": null,
                    "Aliases": [
                        "app.test"
                    ],
                    "MacAddress": "",
                    "DriverOpts": null,
                    "GwPriority": 0,
                    "NetworkID": "",
                    "EndpointID": "",
                    "Gateway": "",
                    "IPAddress": "",
                    "IPPrefixLen": 0,
                    "IPv6Gateway": "",
                    "GlobalIPv6Address": "",
                    "GlobalIPv6PrefixLen": 0,
                    "DNSNames": null
                }
            }
        }
    }
]
