[
    {
        "Id": "6eb39619e756d888cc992de14631af312e3faa6ceb16b13f660c76452c29e755",
        "Created": "2026-10-06T03:39:20.772157609Z",
        "Path": "/app/docker/entrypoint.app.sh",
        "Args": [
            "node",
            "packages/admin/server.js"
        ],
        "State": {
            "Status": "running",
            "Running": true,
            "Paused": false,
            "Restarting": false,
            "OOMKilled": false,
            "Dead": false,
            "Pid": 5956,
            "ExitCode": 0,
            "Error": "",
            "StartedAt": "2026-10-06T03:39:20.838663506Z",
            "FinishedAt": "0001-01-01T00:00:00Z",
            "Health": {
                "Status": "starting",
                "FailingStreak": 0,
                "Log": []
            }
        },
        "Image": "sha256:1d946a60b0713b7e21eb5eb5a49b31ee3d037a72bb128710da18a2c00a2eaa9c",
        "ResolvConfPath": "/var/lib/docker/containers/6eb39619e756d888cc992de14631af312e3faa6ceb16b13f660c76452c29e755/resolv.conf",
        "HostnamePath": "/var/lib/docker/containers/6eb39619e756d888cc992de14631af312e3faa6ceb16b13f660c76452c29e755/hostname",
        "HostsPath": "/var/lib/docker/containers/6eb39619e756d888cc992de14631af312e3faa6ceb16b13f660c76452c29e755/hosts",
        "LogPath": "/var/lib/docker/containers/6eb39619e756d888cc992de14631af312e3faa6ceb16b13f660c76452c29e755/6eb39619e756d888cc992de14631af312e3faa6ceb16b13f660c76452c29e755-json.log",
        "Name": "/g7-1e70578d1acd47478966124f581794d8-admin",
        "RestartCount": 0,
        "Driver": "overlay2",
        "Platform": "linux",
        "MountLabel": "",
        "ProcessLabel": "",
        "AppArmorProfile": "docker-default",
        "ExecIDs": null,
        "HostConfig": {
            "Binds": null,
            "ContainerIDFile": "",
            "LogConfig": {
                "Type": "json-file",
                "Config": {}
            },
            "NetworkMode": "g7-1e70578d1acd47478966124f581794d8-app",
            "PortBindings": {},
            "RestartPolicy": {
                "Name": "no",
                "MaximumRetryCount": 0
            },
            "AutoRemove": false,
            "VolumeDriver": "",
            "VolumesFrom": null,
            "ConsoleSize": [
                0,
                0
            ],
            "CapAdd": null,
            "CapDrop": null,
            "CgroupnsMode": "private",
            "Dns": [],
            "DnsOptions": [],
            "DnsSearch": [],
            "ExtraHosts": null,
            "GroupAdd": null,
            "IpcMode": "private",
            "Cgroup": "",
            "Links": null,
            "OomScoreAdj": 0,
            "PidMode": "",
            "Privileged": false,
            "PublishAllPorts": false,
            "ReadonlyRootfs": false,
            "SecurityOpt": null,
            "UTSMode": "",
            "UsernsMode": "",
            "ShmSize": 67108864,
            "Runtime": "runc",
            "Isolation": "",
            "CpuShares": 0,
            "Memory": 0,
            "NanoCpus": 0,
            "CgroupParent": "",
            "BlkioWeight": 0,
            "BlkioWeightDevice": [],
            "BlkioDeviceReadBps": [],
            "BlkioDeviceWriteBps": [],
            "BlkioDeviceReadIOps": [],
            "BlkioDeviceWriteIOps": [],
            "CpuPeriod": 0,
            "CpuQuota": 0,
            "CpuRealtimePeriod": 0,
            "CpuRealtimeRuntime": 0,
            "CpusetCpus": "",
            "CpusetMems": "",
            "Devices": [],
            "DeviceCgroupRules": null,
            "DeviceRequests": null,
            "MemoryReservation": 0,
            "MemorySwap": 0,
            "MemorySwappiness": null,
            "OomKillDisable": null,
            "PidsLimit": null,
            "Ulimits": [],
            "CpuCount": 0,
            "CpuPercent": 0,
            "IOMaximumIOps": 0,
            "IOMaximumBandwidth": 0,
            "Mounts": [
                {
                    "Type": "bind",
                    "Source": "/home/runner/work/cinatoken/cinatoken/scripts/verification/web-platform-g7",
                    "Target": "/qa",
                    "ReadOnly": true
                }
            ],
            "MaskedPaths": [
                "/proc/asound",
                "/proc/acpi",
                "/proc/interrupts",
                "/proc/kcore",
                "/proc/keys",
                "/proc/latency_stats",
                "/proc/timer_list",
                "/proc/timer_stats",
                "/proc/sched_debug",
                "/proc/scsi",
                "/sys/firmware",
                "/sys/devices/virtual/powercap"
            ],
            "ReadonlyPaths": [
                "/proc/bus",
                "/proc/fs",
                "/proc/irq",
                "/proc/sys",
                "/proc/sysrq-trigger"
            ]
        },
        "GraphDriver": {
            "Data": {
                "ID": "6eb39619e756d888cc992de14631af312e3faa6ceb16b13f660c76452c29e755",
                "LowerDir": "/var/lib/docker/overlay2/4abce7493737cfa49b507785b93a801c7fa2218418b9950a77ba7042d6f3ce93-init/diff:/var/lib/docker/overlay2/kfw7sp516nq6ms492pz4witiq/diff:/var/lib/docker/overlay2/vofhyvfwow55hx1frbdw11m72/diff:/var/lib/docker/overlay2/w0xyv28768l4rd5rc0qidwbx7/diff:/var/lib/docker/overlay2/hfgyrjyf59nzfpjtt6r08zw6i/diff:/var/lib/docker/overlay2/t117q82pa74znz9qd8s7t459l/diff:/var/lib/docker/overlay2/bbm3g9iic3lj91mmf8pt8gzyj/diff:/var/lib/docker/overlay2/9xp5ctaeu0q7u73v3dveckewl/diff:/var/lib/docker/overlay2/u3xchmb3vbkpdx0zxtamdf031/diff:/var/lib/docker/overlay2/ecc2zjwfib0btpsgy5hh6gnpj/diff:/var/lib/docker/overlay2/nxii655b6pqau3eghkbr9slrl/diff:/var/lib/docker/overlay2/o8l1d2owypribrwtzt3rddd07/diff:/var/lib/docker/overlay2/fm7nh6yvoyw6ti5v0wglig99f/diff:/var/lib/docker/overlay2/8kgn8om5qma6gfrgr8b5bl4n7/diff:/var/lib/docker/overlay2/v8h6v925g7zou0maughtdfr0e/diff:/var/lib/docker/overlay2/bsffmu0zzyjv53n5j47l4td8y/diff:/var/lib/docker/overlay2/d0c4wmc3liqgb0dneowc2802b/diff:/var/lib/docker/overlay2/v3upvi28dq25bfnoca4tnm6zh/diff:/var/lib/docker/overlay2/s1iqkcczec8339i1nl4zzp0fb/diff:/var/lib/docker/overlay2/ol2glvqz3hx8goua5ldik2o3t/diff:/var/lib/docker/overlay2/jx82izc28o2kvvuvgqszb8ovj/diff:/var/lib/docker/overlay2/sk3bn80jjt4ztnlfa3cgpmhzp/diff:/var/lib/docker/overlay2/tz54mwzhxj3vo50rgxm5hy320/diff:/var/lib/docker/overlay2/eraoos78ys0eubhfkd3z55fx3/diff:/var/lib/docker/overlay2/d34502e3108cfe09011292f5a7c3ff7ee3e8315c8f998c7496b511841c044b56/diff:/var/lib/docker/overlay2/1daa5fbee80b89d0c75d31d850d281ad88b2befe00ed3da4d31d4357ac323c87/diff:/var/lib/docker/overlay2/389bf8e6a5f127194eec3b658707c7edbdcacc6d09e6a91c2097922302fe5943/diff:/var/lib/docker/overlay2/3e173f4f6af59a1eb8a6af648b192a06713c7eb7a980178265946426b52b6dc4/diff",
                "MergedDir": "/var/lib/docker/overlay2/4abce7493737cfa49b507785b93a801c7fa2218418b9950a77ba7042d6f3ce93/merged",
                "UpperDir": "/var/lib/docker/overlay2/4abce7493737cfa49b507785b93a801c7fa2218418b9950a77ba7042d6f3ce93/diff",
                "WorkDir": "/var/lib/docker/overlay2/4abce7493737cfa49b507785b93a801c7fa2218418b9950a77ba7042d6f3ce93/work"
            },
            "Name": "overlay2"
        },
        "Mounts": [
            {
                "Type": "bind",
                "Source": "/home/runner/work/cinatoken/cinatoken/scripts/verification/web-platform-g7",
                "Destination": "/qa",
                "Mode": "",
                "RW": false,
                "Propagation": "rprivate"
            }
        ],
        "Config": {
            "Hostname": "6eb39619e756",
            "Domainname": "",
            "User": "",
            "AttachStdin": false,
            "AttachStdout": true,
            "AttachStderr": true,
            "ExposedPorts": {
                "8789/tcp": {}
            },
            "Tty": false,
            "OpenStdin": false,
            "StdinOnce": false,
            "Env": [
                "DATABASE_DRIVER=postgres",
                "DATABASE_URL=postgres://postgres:[REDACTED-G7-EPHEMERAL]@pg:5432/g7",
                "SHARED_KEY_ENCRYPTION_SECRET=[REDACTED-G7-EPHEMERAL]",
                "AUTO_MIGRATE=false",
                "PORT=8789",
                "HOSTNAME=0.0.0.0",
                "CINATOKEN_PUBLIC_API_ORIGIN=http://gateway-proxy:8787",
                "CINATOKEN_APP_ORIGIN=https://app.test",
                "CINAAUTH_ISSUER=https://auth.test",
                "CINAAUTH_ACCOUNT_ORIGIN=https://accounts.test",
                "CINATOKEN_OIDC_CLIENT_ID=g7-controlled-local",
                "CINATOKEN_OIDC_CLIENT_SECRET=[REDACTED-G7-EPHEMERAL]",
                "CINATOKEN_OIDC_BRIDGE_SECRET=[REDACTED-G7-EPHEMERAL]",
                "CINATOKEN_OIDC_TRANSACTION_SECRET=[REDACTED-G7-EPHEMERAL]",
                "PATH=/usr/local/sbin:/usr/local/bin:/usr/sbin:/usr/bin:/sbin:/bin",
                "NODE_VERSION=22.22.2",
                "YARN_VERSION=1.22.22",
                "NODE_ENV=production",
                "NEXT_TELEMETRY_DISABLED=1"
            ],
            "Cmd": [
                "node",
                "packages/admin/server.js"
            ],
            "Healthcheck": {
                "Test": [
                    "CMD-SHELL",
                    "node -e \"fetch('http://127.0.0.1:'+(process.env.PORT||8789)+'/').then(r=>process.exit(r.ok?0:1)).catch(()=>process.exit(1))\""
                ],
                "Interval": 30000000000,
                "Timeout": 5000000000,
                "StartPeriod": 40000000000,
                "Retries": 3
            },
            "Image": "sha256:1d946a60b0713b7e21eb5eb5a49b31ee3d037a72bb128710da18a2c00a2eaa9c",
            "Volumes": null,
            "WorkingDir": "/app",
            "Entrypoint": [
                "/app/docker/entrypoint.app.sh"
            ],
            "OnBuild": null,
            "Labels": {
                "cinatoken.g7.owner": "g7-1e70578d1acd47478966124f581794d8"
            }
        },
        "NetworkSettings": {
            "Bridge": "",
            "SandboxID": "b75c78b10b498988d39394b06491217aca15a50fcaf0b22805106af68ac59f36",
            "SandboxKey": "/var/run/docker/netns/b75c78b10b49",
            "Ports": {},
            "HairpinMode": false,
            "LinkLocalIPv6Address": "",
            "LinkLocalIPv6PrefixLen": 0,
            "SecondaryIPAddresses": null,
            "SecondaryIPv6Addresses": null,
            "EndpointID": "",
            "Gateway": "",
            "GlobalIPv6Address": "",
            "GlobalIPv6PrefixLen": 0,
            "IPAddress": "",
            "IPPrefixLen": 0,
            "IPv6Gateway": "",
            "MacAddress": "",
            "Networks": {
                "g7-1e70578d1acd47478966124f581794d8-app": {
                    "IPAMConfig": null,
                    "Links": null,
                    "Aliases": [
                        "gateway-admin"
                    ],
                    "MacAddress": "ee:92:41:73:0e:77",
                    "DriverOpts": null,
                    "GwPriority": 0,
                    "NetworkID": "6b47f884c451b89c1e7f6370f97e9171960aeee5a6807510deb3faac77e0dd47",
                    "EndpointID": "efc53e4d9a01037e49d02c59e17246b68af5ac4357d43fb734421e29f655b2b1",
                    "Gateway": "",
                    "IPAddress": "172.19.0.3",
                    "IPPrefixLen": 16,
                    "IPv6Gateway": "",
                    "GlobalIPv6Address": "",
                    "GlobalIPv6PrefixLen": 0,
                    "DNSNames": [
                        "g7-1e70578d1acd47478966124f581794d8-admin",
                        "gateway-admin",
                        "6eb39619e756"
                    ]
                },
                "g7-1e70578d1acd47478966124f581794d8-db": {
                    "IPAMConfig": {},
                    "Links": null,
                    "Aliases": [],
                    "MacAddress": "6e:b9:57:d3:d8:9f",
                    "DriverOpts": {},
                    "GwPriority": 0,
                    "NetworkID": "e05d0e7d86197535ad6a9cdcc6ae73afe340d4682413ec1d1cbc63c2ad533db8",
                    "EndpointID": "2d3894745a66dbab4bc4bdfafe2e37190ddf4c9dc7fa834697d7c3a0dc6a7ec3",
                    "Gateway": "",
                    "IPAddress": "172.20.0.4",
                    "IPPrefixLen": 16,
                    "IPv6Gateway": "",
                    "GlobalIPv6Address": "",
                    "GlobalIPv6PrefixLen": 0,
                    "DNSNames": [
                        "g7-1e70578d1acd47478966124f581794d8-admin",
                        "6eb39619e756"
                    ]
                }
            }
        }
    }
]
