[
    {
        "Id": "390dfd4f928b4653b68ddf015db7d682a39f923f4d585840249f110a6525696d",
        "Created": "2026-10-06T03:39:22.573797229Z",
        "Path": "node",
        "Args": [
            "/qa/wire.mjs",
            "--execute-owned-linux"
        ],
        "State": {
            "Status": "exited",
            "Running": false,
            "Paused": false,
            "Restarting": false,
            "OOMKilled": false,
            "Dead": false,
            "Pid": 0,
            "ExitCode": 0,
            "Error": "",
            "StartedAt": "2026-10-06T03:39:22.637696692Z",
            "FinishedAt": "2026-10-06T03:39:38.275189954Z"
        },
        "Image": "sha256:9239e3ac84cf6d1d20e6b702d779feac5401b5492118cf278dd6dbda32a2e6cd",
        "ResolvConfPath": "/var/lib/docker/containers/390dfd4f928b4653b68ddf015db7d682a39f923f4d585840249f110a6525696d/resolv.conf",
        "HostnamePath": "/var/lib/docker/containers/390dfd4f928b4653b68ddf015db7d682a39f923f4d585840249f110a6525696d/hostname",
        "HostsPath": "/var/lib/docker/containers/390dfd4f928b4653b68ddf015db7d682a39f923f4d585840249f110a6525696d/hosts",
        "LogPath": "/var/lib/docker/containers/390dfd4f928b4653b68ddf015db7d682a39f923f4d585840249f110a6525696d/390dfd4f928b4653b68ddf015db7d682a39f923f4d585840249f110a6525696d-json.log",
        "Name": "/g7-1e70578d1acd47478966124f581794d8-qa",
        "RestartCount": 0,
        "Driver": "overlay2",
        "Platform": "linux",
        "MountLabel": "",
        "ProcessLabel": "",
        "AppArmorProfile": "docker-default",
        "ExecIDs": null,
        "HostConfig": {
            "Binds": null,
            "ContainerIDFile": "",
            "LogConfig": {
                "Type": "json-file",
                "Config": {}
            },
            "NetworkMode": "g7-1e70578d1acd47478966124f581794d8-client",
            "PortBindings": {},
            "RestartPolicy": {
                "Name": "no",
                "MaximumRetryCount": 0
            },
            "AutoRemove": false,
            "VolumeDriver": "",
            "VolumesFrom": null,
            "ConsoleSize": [
                0,
                0
            ],
            "CapAdd": null,
            "CapDrop": [
                "ALL"
            ],
            "CgroupnsMode": "private",
            "Dns": [],
            "DnsOptions": [],
            "DnsSearch": [],
            "ExtraHosts": null,
            "GroupAdd": null,
            "IpcMode": "private",
            "Cgroup": "",
            "Links": null,
            "OomScoreAdj": 0,
            "PidMode": "",
            "Privileged": false,
            "PublishAllPorts": false,
            "ReadonlyRootfs": true,
            "SecurityOpt": [
                "no-new-privileges"
            ],
            "Tmpfs": {
                "/tmp": ""
            },
            "UTSMode": "",
            "UsernsMode": "",
            "ShmSize": 67108864,
            "Runtime": "runc",
            "Isolation": "",
            "CpuShares": 0,
            "Memory": 0,
            "NanoCpus": 0,
            "CgroupParent": "",
            "BlkioWeight": 0,
            "BlkioWeightDevice": [],
            "BlkioDeviceReadBps": [],
            "BlkioDeviceWriteBps": [],
            "BlkioDeviceReadIOps": [],
            "BlkioDeviceWriteIOps": [],
            "CpuPeriod": 0,
            "CpuQuota": 0,
            "CpuRealtimePeriod": 0,
            "CpuRealtimeRuntime": 0,
            "CpusetCpus": "",
            "CpusetMems": "",
            "Devices": [],
            "DeviceCgroupRules": null,
            "DeviceRequests": null,
            "MemoryReservation": 0,
            "MemorySwap": 0,
            "MemorySwappiness": null,
            "OomKillDisable": null,
            "PidsLimit": null,
            "Ulimits": [],
            "CpuCount": 0,
            "CpuPercent": 0,
            "IOMaximumIOps": 0,
            "IOMaximumBandwidth": 0,
            "Mounts": [
                {
                    "Type": "bind",
                    "Source": "/home/runner/work/cinatoken/cinatoken/scripts/verification/web-platform-g7",
                    "Target": "/qa",
                    "ReadOnly": true
                },
                {
                    "Type": "bind",
                    "Source": "/tmp/cinatoken-g7-private-vXNSzV/tls/qa-root-ca.crt",
                    "Target": "/tls/qa-root-ca.crt",
                    "ReadOnly": true
                },
                {
                    "Type": "bind",
                    "Source": "/home/runner/work/cinatoken/cinatoken/.release/web/473de5fc520fc7d64db700db88a76c7a6b45c241/manifest.json",
                    "Target": "/release/manifest.json",
                    "ReadOnly": true
                },
                {
                    "Type": "bind",
                    "Source": "/home/runner/work/cinatoken/cinatoken/.release/web/473de5fc520fc7d64db700db88a76c7a6b45c241/manifest.sha256",
                    "Target": "/release/manifest.sha256",
                    "ReadOnly": true
                },
                {
                    "Type": "bind",
                    "Source": "/tmp/cinatoken-g7-receipts-37409541185-1",
                    "Target": "/receipts"
                }
            ],
            "MaskedPaths": [
                "/proc/asound",
                "/proc/acpi",
                "/proc/interrupts",
                "/proc/kcore",
                "/proc/keys",
                "/proc/latency_stats",
                "/proc/timer_list",
                "/proc/timer_stats",
                "/proc/sched_debug",
                "/proc/scsi",
                "/sys/firmware",
                "/sys/devices/virtual/powercap"
            ],
            "ReadonlyPaths": [
                "/proc/bus",
                "/proc/fs",
                "/proc/irq",
                "/proc/sys",
                "/proc/sysrq-trigger"
            ]
        },
        "GraphDriver": {
            "Data": {
                "ID": "390dfd4f928b4653b68ddf015db7d682a39f923f4d585840249f110a6525696d",
                "LowerDir": "/var/lib/docker/overlay2/03da524ab9974d073d923b6f27acbef95223347c134f51186e6c8f6e20eba523-init/diff:/var/lib/docker/overlay2/23i7lrxf9yr5v5rw56o4wbqy9/diff:/var/lib/docker/overlay2/lbu9qw1uppjxhol4l34xfv0zm/diff:/var/lib/docker/overlay2/fvqckvjj4pcps8wxiudaumqj6/diff:/var/lib/docker/overlay2/pi3gdusz7th6o0msb5l55ztxh/diff:/var/lib/docker/overlay2/pg1oqsjnce5y3h19t0re2nt2z/diff:/var/lib/docker/overlay2/eraoos78ys0eubhfkd3z55fx3/diff:/var/lib/docker/overlay2/d34502e3108cfe09011292f5a7c3ff7ee3e8315c8f998c7496b511841c044b56/diff:/var/lib/docker/overlay2/1daa5fbee80b89d0c75d31d850d281ad88b2befe00ed3da4d31d4357ac323c87/diff:/var/lib/docker/overlay2/389bf8e6a5f127194eec3b658707c7edbdcacc6d09e6a91c2097922302fe5943/diff:/var/lib/docker/overlay2/3e173f4f6af59a1eb8a6af648b192a06713c7eb7a980178265946426b52b6dc4/diff",
                "MergedDir": "/var/lib/docker/overlay2/03da524ab9974d073d923b6f27acbef95223347c134f51186e6c8f6e20eba523/merged",
                "UpperDir": "/var/lib/docker/overlay2/03da524ab9974d073d923b6f27acbef95223347c134f51186e6c8f6e20eba523/diff",
                "WorkDir": "/var/lib/docker/overlay2/03da524ab9974d073d923b6f27acbef95223347c134f51186e6c8f6e20eba523/work"
            },
            "Name": "overlay2"
        },
        "Mounts": [
            {
                "Type": "bind",
                "Source": "/tmp/cinatoken-g7-private-vXNSzV/tls/qa-root-ca.crt",
                "Destination": "/tls/qa-root-ca.crt",
                "Mode": "",
                "RW": false,
                "Propagation": "rprivate"
            },
            {
                "Type": "bind",
                "Source": "/home/runner/work/cinatoken/cinatoken/.release/web/473de5fc520fc7d64db700db88a76c7a6b45c241/manifest.json",
                "Destination": "/release/manifest.json",
                "Mode": "",
                "RW": false,
                "Propagation": "rprivate"
            },
            {
                "Type": "bind",
                "Source": "/home/runner/work/cinatoken/cinatoken/.release/web/473de5fc520fc7d64db700db88a76c7a6b45c241/manifest.sha256",
                "Destination": "/release/manifest.sha256",
                "Mode": "",
                "RW": false,
                "Propagation": "rprivate"
            },
            {
                "Type": "bind",
                "Source": "/tmp/cinatoken-g7-receipts-37409541185-1",
                "Destination": "/receipts",
                "Mode": "",
                "RW": true,
                "Propagation": "rprivate"
            },
            {
                "Type": "bind",
                "Source": "/home/runner/work/cinatoken/cinatoken/scripts/verification/web-platform-g7",
                "Destination": "/qa",
                "Mode": "",
                "RW": false,
                "Propagation": "rprivate"
            }
        ],
        "Config": {
            "Hostname": "390dfd4f928b",
            "Domainname": "",
            "User": "node",
            "AttachStdin": false,
            "AttachStdout": true,
            "AttachStderr": true,
            "ExposedPorts": {
                "8791/tcp": {}
            },
            "Tty": false,
            "OpenStdin": false,
            "StdinOnce": false,
            "Env": [
                "G7_RELEASE_SHA=473de5fc520fc7d64db700db88a76c7a6b45c241",
                "G7_PRIVATE_ENDPOINTS=[{\"role\":\"web\",\"port\":8080,\"network\":\"g7-1e70578d1acd47478966124f581794d8-app\",\"ip\":\"172.19.0.5\"},{\"role\":\"ssr\",\"port\":8791,\"network\":\"g7-1e70578d1acd47478966124f581794d8-app\",\"ip\":\"172.19.0.4\"},{\"role\":\"admin\",\"port\":8789,\"network\":\"g7-1e70578d1acd47478966124f581794d8-app\",\"ip\":\"172.19.0.3\"},{\"role\":\"admin\",\"port\":8789,\"network\":\"g7-1e70578d1acd47478966124f581794d8-db\",\"ip\":\"172.20.0.4\"},{\"role\":\"proxy\",\"port\":8787,\"network\":\"g7-1e70578d1acd47478966124f581794d8-app\",\"ip\":\"172.19.0.2\"},{\"role\":\"proxy\",\"port\":8787,\"network\":\"g7-1e70578d1acd47478966124f581794d8-db\",\"ip\":\"172.20.0.3\"},{\"role\":\"pg\",\"port\":5432,\"network\":\"g7-1e70578d1acd47478966124f581794d8-db\",\"ip\":\"172.20.0.2\"}]",
                "G7_MANIFEST_SHA=ef848dc5d66bd591c9fa2b61219efc6e583dba8496f0ed2cd046b266a4c7725e",
                "PATH=/usr/local/sbin:/usr/local/bin:/usr/sbin:/usr/bin:/sbin:/bin",
                "NODE_VERSION=22.22.2",
                "YARN_VERSION=1.22.22",
                "CINATOKEN_WEB_PUBLIC_ENABLED=false",
                "CINATOKEN_WEB_PUBLIC_ORIGIN=",
                "CINATOKEN_ADMIN_UPSTREAM=http://gateway-admin:8789",
                "CINATOKEN_WEB_SSR_PORT=8791"
            ],
            "Cmd": [
                "/qa/wire.mjs",
                "--execute-owned-linux"
            ],
            "Image": "sha256:9239e3ac84cf6d1d20e6b702d779feac5401b5492118cf278dd6dbda32a2e6cd",
            "Volumes": null,
            "WorkingDir": "/app",
            "Entrypoint": [
                "node"
            ],
            "OnBuild": null,
            "Labels": {
                "cinatoken.g7.owner": "g7-1e70578d1acd47478966124f581794d8"
            }
        },
        "NetworkSettings": {
            "Bridge": "",
            "SandboxID": "",
            "SandboxKey": "",
            "Ports": {},
            "HairpinMode": false,
            "LinkLocalIPv6Address": "",
            "LinkLocalIPv6PrefixLen": 0,
            "SecondaryIPAddresses": null,
            "SecondaryIPv6Addresses": null,
            "EndpointID": "",
            "Gateway": "",
            "GlobalIPv6Address": "",
            "GlobalIPv6PrefixLen": 0,
            "IPAddress": "",
            "IPPrefixLen": 0,
            "IPv6Gateway": "",
            "MacAddress": "",
            "Networks": {
                "g7-1e70578d1acd47478966124f581794d8-client": {
                    "IPAMConfig": null,
                    "Links": null,
                    "Aliases": null,
                    "MacAddress": "",
                    "DriverOpts": null,
                    "GwPriority": 0,
                    "NetworkID": "56b5e611ae58e0fa44dfe5986f45a97b1ac12bd01528a0daf719a682d5f68a33",
                    "EndpointID": "",
                    "Gateway": "",
                    "IPAddress": "",
                    "IPPrefixLen": 0,
                    "IPv6Gateway": "",
                    "GlobalIPv6Address": "",
                    "GlobalIPv6PrefixLen": 0,
                    "DNSNames": [
                        "g7-1e70578d1acd47478966124f581794d8-qa",
                        "390dfd4f928b"
                    ]
                }
            }
        }
    }
]
