[
    {
        "Id": "ce53d58412057b9565e328fdd8876af577af2c4f1234b98dd0462b43fb28ee49",
        "Created": "2026-10-06T03:39:20.589027372Z",
        "Path": "/app/docker/entrypoint.app.sh",
        "Args": [
            "node",
            "packages/proxy/dist/runtime/node.js"
        ],
        "State": {
            "Status": "running",
            "Running": true,
            "Paused": false,
            "Restarting": false,
            "OOMKilled": false,
            "Dead": false,
            "Pid": 5844,
            "ExitCode": 0,
            "Error": "",
            "StartedAt": "2026-10-06T03:39:20.649843273Z",
            "FinishedAt": "0001-01-01T00:00:00Z",
            "Health": {
                "Status": "healthy",
                "FailingStreak": 0,
                "Log": [
                    {
                        "Start": "2026-10-06T03:39:25.75191252Z",
                        "End": "2026-10-06T03:39:25.873353284Z",
                        "ExitCode": 0,
                        "Output": ""
                    }
                ]
            }
        },
        "Image": "sha256:492e61758f23a774ecb672e37e910b1f5b40f449519122a2a7e948766486f76f",
        "ResolvConfPath": "/var/lib/docker/containers/ce53d58412057b9565e328fdd8876af577af2c4f1234b98dd0462b43fb28ee49/resolv.conf",
        "HostnamePath": "/var/lib/docker/containers/ce53d58412057b9565e328fdd8876af577af2c4f1234b98dd0462b43fb28ee49/hostname",
        "HostsPath": "/var/lib/docker/containers/ce53d58412057b9565e328fdd8876af577af2c4f1234b98dd0462b43fb28ee49/hosts",
        "LogPath": "/var/lib/docker/containers/ce53d58412057b9565e328fdd8876af577af2c4f1234b98dd0462b43fb28ee49/ce53d58412057b9565e328fdd8876af577af2c4f1234b98dd0462b43fb28ee49-json.log",
        "Name": "/g7-1e70578d1acd47478966124f581794d8-proxy",
        "RestartCount": 0,
        "Driver": "overlay2",
        "Platform": "linux",
        "MountLabel": "",
        "ProcessLabel": "",
        "AppArmorProfile": "docker-default",
        "ExecIDs": null,
        "HostConfig": {
            "Binds": null,
            "ContainerIDFile": "",
            "LogConfig": {
                "Type": "json-file",
                "Config": {}
            },
            "NetworkMode": "g7-1e70578d1acd47478966124f581794d8-app",
            "PortBindings": {},
            "RestartPolicy": {
                "Name": "no",
                "MaximumRetryCount": 0
            },
            "AutoRemove": false,
            "VolumeDriver": "",
            "VolumesFrom": null,
            "ConsoleSize": [
                0,
                0
            ],
            "CapAdd": null,
            "CapDrop": null,
            "CgroupnsMode": "private",
            "Dns": [],
            "DnsOptions": [],
            "DnsSearch": [],
            "ExtraHosts": null,
            "GroupAdd": null,
            "IpcMode": "private",
            "Cgroup": "",
            "Links": null,
            "OomScoreAdj": 0,
            "PidMode": "",
            "Privileged": false,
            "PublishAllPorts": false,
            "ReadonlyRootfs": false,
            "SecurityOpt": null,
            "UTSMode": "",
            "UsernsMode": "",
            "ShmSize": 67108864,
            "Runtime": "runc",
            "Isolation": "",
            "CpuShares": 0,
            "Memory": 0,
            "NanoCpus": 0,
            "CgroupParent": "",
            "BlkioWeight": 0,
            "BlkioWeightDevice": [],
            "BlkioDeviceReadBps": [],
            "BlkioDeviceWriteBps": [],
            "BlkioDeviceReadIOps": [],
            "BlkioDeviceWriteIOps": [],
            "CpuPeriod": 0,
            "CpuQuota": 0,
            "CpuRealtimePeriod": 0,
            "CpuRealtimeRuntime": 0,
            "CpusetCpus": "",
            "CpusetMems": "",
            "Devices": [],
            "DeviceCgroupRules": null,
            "DeviceRequests": null,
            "MemoryReservation": 0,
            "MemorySwap": 0,
            "MemorySwappiness": null,
            "OomKillDisable": null,
            "PidsLimit": null,
            "Ulimits": [],
            "CpuCount": 0,
            "CpuPercent": 0,
            "IOMaximumIOps": 0,
            "IOMaximumBandwidth": 0,
            "Mounts": [
                {
                    "Type": "bind",
                    "Source": "/home/runner/work/cinatoken/cinatoken/scripts/verification/web-platform-g7",
                    "Target": "/qa",
                    "ReadOnly": true
                }
            ],
            "MaskedPaths": [
                "/proc/asound",
                "/proc/acpi",
                "/proc/interrupts",
                "/proc/kcore",
                "/proc/keys",
                "/proc/latency_stats",
                "/proc/timer_list",
                "/proc/timer_stats",
                "/proc/sched_debug",
                "/proc/scsi",
                "/sys/firmware",
                "/sys/devices/virtual/powercap"
            ],
            "ReadonlyPaths": [
                "/proc/bus",
                "/proc/fs",
                "/proc/irq",
                "/proc/sys",
                "/proc/sysrq-trigger"
            ]
        },
        "GraphDriver": {
            "Data": {
                "ID": "ce53d58412057b9565e328fdd8876af577af2c4f1234b98dd0462b43fb28ee49",
                "LowerDir": "/var/lib/docker/overlay2/fc9f44401e0ad7e563e17f7c25572937e52daa356496ca5c0053d82ee2c0bc31-init/diff:/var/lib/docker/overlay2/iujq9tib5jci5gmts57ztaegz/diff:/var/lib/docker/overlay2/zhkh5nfnmznr1mxfkl83ov0s2/diff:/var/lib/docker/overlay2/862uxywmhqxwajbxzyqxky15h/diff:/var/lib/docker/overlay2/6fleq1xjlag7spkch0tp5oxl1/diff:/var/lib/docker/overlay2/mg9qz472ozqdg2oxvqzzzlycr/diff:/var/lib/docker/overlay2/5h8ytzhozxql83p2etq7aniye/diff:/var/lib/docker/overlay2/h2arv8bs54iplut6u8cjm9gjl/diff:/var/lib/docker/overlay2/u3i1gwrtag10t0k37yqdp7zpi/diff:/var/lib/docker/overlay2/lqu4v47zc4upugx9of2pdifvl/diff:/var/lib/docker/overlay2/z5orrtovgkigizzxzrn9lri2w/diff:/var/lib/docker/overlay2/tz54mwzhxj3vo50rgxm5hy320/diff:/var/lib/docker/overlay2/eraoos78ys0eubhfkd3z55fx3/diff:/var/lib/docker/overlay2/d34502e3108cfe09011292f5a7c3ff7ee3e8315c8f998c7496b511841c044b56/diff:/var/lib/docker/overlay2/1daa5fbee80b89d0c75d31d850d281ad88b2befe00ed3da4d31d4357ac323c87/diff:/var/lib/docker/overlay2/389bf8e6a5f127194eec3b658707c7edbdcacc6d09e6a91c2097922302fe5943/diff:/var/lib/docker/overlay2/3e173f4f6af59a1eb8a6af648b192a06713c7eb7a980178265946426b52b6dc4/diff",
                "MergedDir": "/var/lib/docker/overlay2/fc9f44401e0ad7e563e17f7c25572937e52daa356496ca5c0053d82ee2c0bc31/merged",
                "UpperDir": "/var/lib/docker/overlay2/fc9f44401e0ad7e563e17f7c25572937e52daa356496ca5c0053d82ee2c0bc31/diff",
                "WorkDir": "/var/lib/docker/overlay2/fc9f44401e0ad7e563e17f7c25572937e52daa356496ca5c0053d82ee2c0bc31/work"
            },
            "Name": "overlay2"
        },
        "Mounts": [
            {
                "Type": "bind",
                "Source": "/home/runner/work/cinatoken/cinatoken/scripts/verification/web-platform-g7",
                "Destination": "/qa",
                "Mode": "",
                "RW": false,
                "Propagation": "rprivate"
            }
        ],
        "Config": {
            "Hostname": "ce53d5841205",
            "Domainname": "",
            "User": "",
            "AttachStdin": false,
            "AttachStdout": true,
            "AttachStderr": true,
            "ExposedPorts": {
                "8787/tcp": {}
            },
            "Tty": false,
            "OpenStdin": false,
            "StdinOnce": false,
            "Env": [
                "DATABASE_DRIVER=postgres",
                "DATABASE_URL=postgres://postgres:[REDACTED-G7-EPHEMERAL]@pg:5432/g7",
                "SHARED_KEY_ENCRYPTION_SECRET=[REDACTED-G7-EPHEMERAL]",
                "AUTO_MIGRATE=false",
                "PORT=8787",
                "REQUEST_BODY_LOGGING=off",
                "PATH=/usr/local/sbin:/usr/local/bin:/usr/sbin:/usr/bin:/sbin:/bin",
                "NODE_VERSION=22.22.2",
                "YARN_VERSION=1.22.22",
                "NODE_ENV=production"
            ],
            "Cmd": [
                "node",
                "packages/proxy/dist/runtime/node.js"
            ],
            "Healthcheck": {
                "Test": [
                    "CMD-SHELL",
                    "node -e \"fetch('http://127.0.0.1:'+(process.env.PORT||8787)+'/health').then(r=>process.exit(r.ok?0:1)).catch(()=>process.exit(1))\""
                ],
                "Interval": 30000000000,
                "Timeout": 5000000000,
                "StartPeriod": 20000000000,
                "Retries": 3
            },
            "Image": "sha256:492e61758f23a774ecb672e37e910b1f5b40f449519122a2a7e948766486f76f",
            "Volumes": null,
            "WorkingDir": "/app",
            "Entrypoint": [
                "/app/docker/entrypoint.app.sh"
            ],
            "OnBuild": null,
            "Labels": {
                "cinatoken.g7.owner": "g7-1e70578d1acd47478966124f581794d8"
            }
        },
        "NetworkSettings": {
            "Bridge": "",
            "SandboxID": "b589555adef49903af510de1ef3d4bbf8066b9d6c1249dbb741b5e1a969087e4",
            "SandboxKey": "/var/run/docker/netns/b589555adef4",
            "Ports": {},
            "HairpinMode": false,
            "LinkLocalIPv6Address": "",
            "LinkLocalIPv6PrefixLen": 0,
            "SecondaryIPAddresses": null,
            "SecondaryIPv6Addresses": null,
            "EndpointID": "",
            "Gateway": "",
            "GlobalIPv6Address": "",
            "GlobalIPv6PrefixLen": 0,
            "IPAddress": "",
            "IPPrefixLen": 0,
            "IPv6Gateway": "",
            "MacAddress": "",
            "Networks": {
                "g7-1e70578d1acd47478966124f581794d8-app": {
                    "IPAMConfig": null,
                    "Links": null,
                    "Aliases": [
                        "gateway-proxy"
                    ],
                    "MacAddress": "96:9e:ad:8c:67:30",
                    "DriverOpts": null,
                    "GwPriority": 0,
                    "NetworkID": "6b47f884c451b89c1e7f6370f97e9171960aeee5a6807510deb3faac77e0dd47",
                    "EndpointID": "8e6262f3f981d825fecd4fef45516542b010c7a43f574437212786e3b35a3d52",
                    "Gateway": "",
                    "IPAddress": "172.19.0.2",
                    "IPPrefixLen": 16,
                    "IPv6Gateway": "",
                    "GlobalIPv6Address": "",
                    "GlobalIPv6PrefixLen": 0,
                    "DNSNames": [
                        "g7-1e70578d1acd47478966124f581794d8-proxy",
                        "gateway-proxy",
                        "ce53d5841205"
                    ]
                },
                "g7-1e70578d1acd47478966124f581794d8-db": {
                    "IPAMConfig": {},
                    "Links": null,
                    "Aliases": [],
                    "MacAddress": "f6:db:17:5a:44:eb",
                    "DriverOpts": {},
                    "GwPriority": 0,
                    "NetworkID": "e05d0e7d86197535ad6a9cdcc6ae73afe340d4682413ec1d1cbc63c2ad533db8",
                    "EndpointID": "5ac75c8dbacc07f4616aea5acdbcbe3edbd731932de5dc2115b9db558fb2ad0c",
                    "Gateway": "",
                    "IPAddress": "172.20.0.3",
                    "IPPrefixLen": 16,
                    "IPv6Gateway": "",
                    "GlobalIPv6Address": "",
                    "GlobalIPv6PrefixLen": 0,
                    "DNSNames": [
                        "g7-1e70578d1acd47478966124f581794d8-proxy",
                        "ce53d5841205"
                    ]
                }
            }
        }
    }
]
