[
    {
        "Id": "70ec9b21eb5d8b860d98a8129a91354d32c418b19cf39da1f27e88e532077917",
        "Created": "2026-10-06T03:39:16.324226594Z",
        "Path": "docker-entrypoint.sh",
        "Args": [
            "postgres"
        ],
        "State": {
            "Status": "running",
            "Running": true,
            "Paused": false,
            "Restarting": false,
            "OOMKilled": false,
            "Dead": false,
            "Pid": 5145,
            "ExitCode": 0,
            "Error": "",
            "StartedAt": "2026-10-06T03:39:16.376627116Z",
            "FinishedAt": "0001-01-01T00:00:00Z"
        },
        "Image": "sha256:81bd698b4594e751a3269e4dcd3e03a4a0ec0daf7b72e7aa1abd43cce9887542",
        "ResolvConfPath": "/var/lib/docker/containers/70ec9b21eb5d8b860d98a8129a91354d32c418b19cf39da1f27e88e532077917/resolv.conf",
        "HostnamePath": "/var/lib/docker/containers/70ec9b21eb5d8b860d98a8129a91354d32c418b19cf39da1f27e88e532077917/hostname",
        "HostsPath": "/var/lib/docker/containers/70ec9b21eb5d8b860d98a8129a91354d32c418b19cf39da1f27e88e532077917/hosts",
        "LogPath": "/var/lib/docker/containers/70ec9b21eb5d8b860d98a8129a91354d32c418b19cf39da1f27e88e532077917/70ec9b21eb5d8b860d98a8129a91354d32c418b19cf39da1f27e88e532077917-json.log",
        "Name": "/g7-1e70578d1acd47478966124f581794d8-pg",
        "RestartCount": 0,
        "Driver": "overlay2",
        "Platform": "linux",
        "MountLabel": "",
        "ProcessLabel": "",
        "AppArmorProfile": "docker-default",
        "ExecIDs": null,
        "HostConfig": {
            "Binds": null,
            "ContainerIDFile": "",
            "LogConfig": {
                "Type": "json-file",
                "Config": {}
            },
            "NetworkMode": "g7-1e70578d1acd47478966124f581794d8-db",
            "PortBindings": {},
            "RestartPolicy": {
                "Name": "no",
                "MaximumRetryCount": 0
            },
            "AutoRemove": false,
            "VolumeDriver": "",
            "VolumesFrom": null,
            "ConsoleSize": [
                0,
                0
            ],
            "CapAdd": null,
            "CapDrop": null,
            "CgroupnsMode": "private",
            "Dns": [],
            "DnsOptions": [],
            "DnsSearch": [],
            "ExtraHosts": null,
            "GroupAdd": null,
            "IpcMode": "private",
            "Cgroup": "",
            "Links": null,
            "OomScoreAdj": 0,
            "PidMode": "",
            "Privileged": false,
            "PublishAllPorts": false,
            "ReadonlyRootfs": false,
            "SecurityOpt": null,
            "UTSMode": "",
            "UsernsMode": "",
            "ShmSize": 67108864,
            "Runtime": "runc",
            "Isolation": "",
            "CpuShares": 0,
            "Memory": 0,
            "NanoCpus": 0,
            "CgroupParent": "",
            "BlkioWeight": 0,
            "BlkioWeightDevice": [],
            "BlkioDeviceReadBps": [],
            "BlkioDeviceWriteBps": [],
            "BlkioDeviceReadIOps": [],
            "BlkioDeviceWriteIOps": [],
            "CpuPeriod": 0,
            "CpuQuota": 0,
            "CpuRealtimePeriod": 0,
            "CpuRealtimeRuntime": 0,
            "CpusetCpus": "",
            "CpusetMems": "",
            "Devices": [],
            "DeviceCgroupRules": null,
            "DeviceRequests": null,
            "MemoryReservation": 0,
            "MemorySwap": 0,
            "MemorySwappiness": null,
            "OomKillDisable": null,
            "PidsLimit": null,
            "Ulimits": [],
            "CpuCount": 0,
            "CpuPercent": 0,
            "IOMaximumIOps": 0,
            "IOMaximumBandwidth": 0,
            "Mounts": [
                {
                    "Type": "volume",
                    "Source": "g7-1e70578d1acd47478966124f581794d8-pgdata",
                    "Target": "/var/lib/postgresql/data"
                }
            ],
            "MaskedPaths": [
                "/proc/asound",
                "/proc/acpi",
                "/proc/interrupts",
                "/proc/kcore",
                "/proc/keys",
                "/proc/latency_stats",
                "/proc/timer_list",
                "/proc/timer_stats",
                "/proc/sched_debug",
                "/proc/scsi",
                "/sys/firmware",
                "/sys/devices/virtual/powercap"
            ],
            "ReadonlyPaths": [
                "/proc/bus",
                "/proc/fs",
                "/proc/irq",
                "/proc/sys",
                "/proc/sysrq-trigger"
            ]
        },
        "GraphDriver": {
            "Data": {
                "ID": "70ec9b21eb5d8b860d98a8129a91354d32c418b19cf39da1f27e88e532077917",
                "LowerDir": "/var/lib/docker/overlay2/8587d8b975debeafcd1441d7aab95f2327407e5f7e99996806cb7c0ca8b84256-init/diff:/var/lib/docker/overlay2/370c041889af34d9f1a1d42b576da7f41e170ae3e3396f5e08c8a018a1c23f34/diff:/var/lib/docker/overlay2/902714ea6b3b869d6ad39cf20cd3dd701d05d5e8faee07c0a7fcfb8c0b0b4832/diff:/var/lib/docker/overlay2/a2844a84b0930a9020f8744813dfc2a533ab2cc26d82bddf519a5db0a70e8562/diff:/var/lib/docker/overlay2/07069780709aafde1205f53098a14020a5393a871af5fd79d489c017f02038f8/diff:/var/lib/docker/overlay2/2da7c97f7f31b55d8686a6d79fda619d2189bc18e1cc9c87819f787c2c953b99/diff:/var/lib/docker/overlay2/0a00a6cc6b964382c29f71f46518e54ea3cf8a19d3b5eb445b7e2a3e796c141a/diff:/var/lib/docker/overlay2/27b4bacca809ab23bcbb881985da3f4877ab54dce55f48c84d3644f5e41a0b27/diff:/var/lib/docker/overlay2/a5d8e9202bc9b9ee68814c0cde1bdfc80d981298566da7ee9d017600dceeda5f/diff:/var/lib/docker/overlay2/0e916f994d1a8ebdb6e71138b2b410666a621b7c230dbe3c3103f2489c44fafc/diff:/var/lib/docker/overlay2/37c9459217cb58fb38015899aa40415fd7ed7991e59fd33adbed16edbb714954/diff:/var/lib/docker/overlay2/2ae0b48eecfe9a6e2756191da34c38096ffcefcfe60a3735da2ca81df409a0ef/diff",
                "MergedDir": "/var/lib/docker/overlay2/8587d8b975debeafcd1441d7aab95f2327407e5f7e99996806cb7c0ca8b84256/merged",
                "UpperDir": "/var/lib/docker/overlay2/8587d8b975debeafcd1441d7aab95f2327407e5f7e99996806cb7c0ca8b84256/diff",
                "WorkDir": "/var/lib/docker/overlay2/8587d8b975debeafcd1441d7aab95f2327407e5f7e99996806cb7c0ca8b84256/work"
            },
            "Name": "overlay2"
        },
        "Mounts": [
            {
                "Type": "volume",
                "Name": "g7-1e70578d1acd47478966124f581794d8-pgdata",
                "Source": "/var/lib/docker/volumes/g7-1e70578d1acd47478966124f581794d8-pgdata/_data",
                "Destination": "/var/lib/postgresql/data",
                "Driver": "local",
                "Mode": "z",
                "RW": true,
                "Propagation": ""
            }
        ],
        "Config": {
            "Hostname": "70ec9b21eb5d",
            "Domainname": "",
            "User": "",
            "AttachStdin": false,
            "AttachStdout": true,
            "AttachStderr": true,
            "ExposedPorts": {
                "5432/tcp": {}
            },
            "Tty": false,
            "OpenStdin": false,
            "StdinOnce": false,
            "Env": [
                "POSTGRES_USER=postgres",
                "POSTGRES_PASSWORD=[REDACTED-G7-EPHEMERAL]",
                "POSTGRES_DB=g7",
                "PATH=/usr/local/sbin:/usr/local/bin:/usr/sbin:/usr/bin:/sbin:/bin",
                "GOSU_VERSION=1.19",
                "LANG=en_US.utf8",
                "PG_MAJOR=16",
                "PG_VERSION=16.15",
                "PG_SHA256=c1575341fa7bd40f5274ea465b34390f4dc64cdd0770af327005caaeb9f6b7ed",
                "DOCKER_PG_LLVM_DEPS=llvm21-dev \t\tclang21",
                "PGDATA=/var/lib/postgresql/data"
            ],
            "Cmd": [
                "postgres"
            ],
            "Image": "sha256:81bd698b4594e751a3269e4dcd3e03a4a0ec0daf7b72e7aa1abd43cce9887542",
            "Volumes": {
                "/var/lib/postgresql/data": {}
            },
            "WorkingDir": "/",
            "Entrypoint": [
                "docker-entrypoint.sh"
            ],
            "OnBuild": null,
            "Labels": {
                "cinatoken.g7.owner": "g7-1e70578d1acd47478966124f581794d8"
            },
            "StopSignal": "SIGINT"
        },
        "NetworkSettings": {
            "Bridge": "",
            "SandboxID": "30be9579f407d53d665d98062d8f13bf72c43773598f4c09db1b9ce1a2f8fd05",
            "SandboxKey": "/var/run/docker/netns/30be9579f407",
            "Ports": {},
            "HairpinMode": false,
            "LinkLocalIPv6Address": "",
            "LinkLocalIPv6PrefixLen": 0,
            "SecondaryIPAddresses": null,
            "SecondaryIPv6Addresses": null,
            "EndpointID": "",
            "Gateway": "",
            "GlobalIPv6Address": "",
            "GlobalIPv6PrefixLen": 0,
            "IPAddress": "",
            "IPPrefixLen": 0,
            "IPv6Gateway": "",
            "MacAddress": "",
            "Networks": {
                "g7-1e70578d1acd47478966124f581794d8-db": {
                    "IPAMConfig": null,
                    "Links": null,
                    "Aliases": [
                        "pg"
                    ],
                    "MacAddress": "2a:6f:36:4a:e7:23",
                    "DriverOpts": null,
                    "GwPriority": 0,
                    "NetworkID": "e05d0e7d86197535ad6a9cdcc6ae73afe340d4682413ec1d1cbc63c2ad533db8",
                    "EndpointID": "e32b9b66bdc802e552f5137aeb51a56534fc6430f9d08234c393fb4a2c795517",
                    "Gateway": "",
                    "IPAddress": "172.20.0.2",
                    "IPPrefixLen": 16,
                    "IPv6Gateway": "",
                    "GlobalIPv6Address": "",
                    "GlobalIPv6PrefixLen": 0,
                    "DNSNames": [
                        "g7-1e70578d1acd47478966124f581794d8-pg",
                        "pg",
                        "70ec9b21eb5d"
                    ]
                }
            }
        }
    }
]
