[
    {
        "Name": "g7-1e70578d1acd47478966124f581794d8-db",
        "Id": "e05d0e7d86197535ad6a9cdcc6ae73afe340d4682413ec1d1cbc63c2ad533db8",
        "Created": "2026-10-06T03:39:16.260916837Z",
        "Scope": "local",
        "Driver": "bridge",
        "EnableIPv4": true,
        "EnableIPv6": false,
        "IPAM": {
            "Driver": "default",
            "Options": {},
            "Config": [
                {
                    "Subnet": "172.20.0.0/16",
                    "Gateway": "172.20.0.1"
                }
            ]
        },
        "Internal": true,
        "Attachable": false,
        "Ingress": false,
        "ConfigFrom": {
            "Network": ""
        },
        "ConfigOnly": false,
        "Containers": {},
        "Options": {},
        "Labels": {
            "cinatoken.g7.owner": "g7-1e70578d1acd47478966124f581794d8"
        }
    }
]
