[
    {
        "Name": "g7-1e70578d1acd47478966124f581794d8-client",
        "Id": "56b5e611ae58e0fa44dfe5986f45a97b1ac12bd01528a0daf719a682d5f68a33",
        "Created": "2026-10-06T03:39:16.166055205Z",
        "Scope": "local",
        "Driver": "bridge",
        "EnableIPv4": true,
        "EnableIPv6": false,
        "IPAM": {
            "Driver": "default",
            "Options": {},
            "Config": [
                {
                    "Subnet": "172.18.0.0/16",
                    "Gateway": "172.18.0.1"
                }
            ]
        },
        "Internal": true,
        "Attachable": false,
        "Ingress": false,
        "ConfigFrom": {
            "Network": ""
        },
        "ConfigOnly": false,
        "Containers": {},
        "Options": {},
        "Labels": {
            "cinatoken.g7.owner": "g7-1e70578d1acd47478966124f581794d8"
        }
    }
]
