node:internal/modules/run_main:107
    triggerUncaughtException(
    ^

AssertionError [ERR_ASSERTION]: Expected values to be strictly equal:
+ actual - expected

+ undefined
- false

    at file:///C:/Users/cina/AppData/Local/Temp/cinatoken-legacy-parent-binding-independent-peer-1a10fe74c562dfcfe66a6415/audit-three-bindings.mjs:7:211
    at Array.map (<anonymous>)
    at file:///C:/Users/cina/AppData/Local/Temp/cinatoken-legacy-parent-binding-independent-peer-1a10fe74c562dfcfe66a6415/audit-three-bindings.mjs:7:74
    at ModuleJob.run (node:internal/modules/esm/module_job:430:25)
    at async onImport.tracePromise.__proto__ (node:internal/modules/esm/loader:661:26)
    at async asyncRunEntryPointWithESMLoader (node:internal/modules/run_main:101:5) {
  generatedMessage: true,
  code: 'ERR_ASSERTION',
  actual: undefined,
  expected: false,
  operator: 'strictEqual',
  diff: 'simple'
}

Node.js v24.14.1
