[
    {
        "Id": "sha256:81bd698b4594e751a3269e4dcd3e03a4a0ec0daf7b72e7aa1abd43cce9887542",
        "RepoTags": [
            "postgres:16-alpine"
        ],
        "RepoDigests": [
            "postgres@sha256:721873c34ceb9f8d8fc265984940dc982404c105f19ad51be9fdc5970a6080ea"
        ],
        "Parent": "",
        "Comment": "buildkit.dockerfile.v0",
        "Created": "2026-09-17T21:31:24.32976807Z",
        "DockerVersion": "",
        "Author": "",
        "Config": {
            "Hostname": "",
            "Domainname": "",
            "User": "",
            "AttachStdin": false,
            "AttachStdout": false,
            "AttachStderr": false,
            "ExposedPorts": {
                "5432/tcp": {}
            },
            "Tty": false,
            "OpenStdin": false,
            "StdinOnce": false,
            "Env": [
                "PATH=/usr/local/sbin:/usr/local/bin:/usr/sbin:/usr/bin:/sbin:/bin",
                "GOSU_VERSION=1.19",
                "LANG=en_US.utf8",
                "PG_MAJOR=16",
                "PG_VERSION=16.15",
                "PG_SHA256=c1575341fa7bd40f5274ea465b34390f4dc64cdd0770af327005caaeb9f6b7ed",
                "DOCKER_PG_LLVM_DEPS=llvm21-dev \t\tclang21",
                "PGDATA=/var/lib/postgresql/data"
            ],
            "Cmd": [
                "postgres"
            ],
            "Image": "",
            "Volumes": {
                "/var/lib/postgresql/data": {}
            },
            "WorkingDir": "/",
            "Entrypoint": [
                "docker-entrypoint.sh"
            ],
            "OnBuild": null,
            "Labels": null,
            "StopSignal": "SIGINT"
        },
        "Architecture": "amd64",
        "Os": "linux",
        "Size": 294292520,
        "GraphDriver": {
            "Data": {
                "LowerDir": "/var/lib/docker/overlay2/8e9bb84730bde3c3bed1e019528be9dbea00dec8e3f74bd87a7f86b422f770da/diff:/var/lib/docker/overlay2/81a58cf364cc793bdb4523c9a1fabe6c3387e0daa4a9d6e9f15e8f6701d481fa/diff:/var/lib/docker/overlay2/40a9a438a92e1900f47ddec3a8ba9af02c4b2c2c08cb6255130b2fed8563fd2b/diff:/var/lib/docker/overlay2/1d30b8c631673cbb0c278d292317656349c959ee30f266e525558af2f045eda7/diff:/var/lib/docker/overlay2/1102999c395f78422c18346719702f42d6b901e0edf5937b521d75b3c8d51e98/diff:/var/lib/docker/overlay2/51c4176d4f13d9f50922bc8b2f8e6bd1873a5ffa8006bebe4c6fdc2bb83d3289/diff:/var/lib/docker/overlay2/5df251a71e606ee111890bbfa941e7679ee989d7b6c041a7db3aca3638bfa6a9/diff:/var/lib/docker/overlay2/89258d270ccd214c41f9df954db325771d45f3456c65dff051c24e7fdd6907bd/diff:/var/lib/docker/overlay2/031c246260f248e1f620bba17d6acd977dbad21bfc27a75a935b28a877fbd318/diff:/var/lib/docker/overlay2/2ae0b48eecfe9a6e2756191da34c38096ffcefcfe60a3735da2ca81df409a0ef/diff",
                "MergedDir": "/var/lib/docker/overlay2/2e35bb9214aae79dbd6d0dd0493e95c792d15e27a7dd4f8e42091bf0d3dde98d/merged",
                "UpperDir": "/var/lib/docker/overlay2/2e35bb9214aae79dbd6d0dd0493e95c792d15e27a7dd4f8e42091bf0d3dde98d/diff",
                "WorkDir": "/var/lib/docker/overlay2/2e35bb9214aae79dbd6d0dd0493e95c792d15e27a7dd4f8e42091bf0d3dde98d/work"
            },
            "Name": "overlay2"
        },
        "RootFS": {
            "Type": "layers",
            "Layers": [
                "sha256:74d97c428c51a828f9051a7a40a53ff1fc99e54fc30323ce36760701b0b7f711",
                "sha256:55469241be312953a965a95ac8affc80a9e6caca7ae6b7c865eeb85bed6c0935",
                "sha256:7efd3fa04051c098ad166c177d3b5df5db8019f3b230a11650cae3b99e0247d4",
                "sha256:6abee75ee30a340e7bb44aba0ebc89f77573822aaae42ee12c0cd8ac003d0dca",
                "sha256:1e6eba70f825671214a5a7f9b042c272b510657980522e2972deee9745685660",
                "sha256:09bef825aa08dbb0073c2ffd188ea973f42d09ac910a0c88545825f958f70a8f",
                "sha256:470ae8e9f008967fa132e4f35c6b7d5dd6f74aac23c2eacdb45d82dd2d1f12e4",
                "sha256:b006494f482847c06687d7f95f7be1683af2e7545b951f81f20041b5e0644ebb",
                "sha256:ed38a2de685f56abc00e510ad09c7ddf5fe342bc545cfb1f7e64a4b6e2f46b05",
                "sha256:3a1fd3ebad6c8e69047f4b2c1e4cd78d37425ee3bbbb72642a3ad9ba00731b33",
                "sha256:38dab51118192bc13c247cd7d9356d34b50c2eb436337b2e251dd14d2e9be5bb"
            ]
        },
        "Metadata": {
            "LastTagTime": "0001-01-01T00:00:00Z"
        }
    }
]
