[
    {
        "Id": "sha256:43d9d8c1f8968f09df8c1aa6c136ecc617e62d64fe4c0b24c97de4eb210bd973",
        "RepoTags": [
            "nginx:stable-alpine"
        ],
        "RepoDigests": [
            "nginx@sha256:0985e772fb9f729e6fa0980da05fca5d9c468e870eed43071545afa9d2e27d94"
        ],
        "Parent": "",
        "Comment": "buildkit.dockerfile.v0",
        "Created": "2026-09-22T22:10:35.538281979Z",
        "DockerVersion": "",
        "Author": "",
        "Config": {
            "Hostname": "",
            "Domainname": "",
            "User": "",
            "AttachStdin": false,
            "AttachStdout": false,
            "AttachStderr": false,
            "ExposedPorts": {
                "80/tcp": {}
            },
            "Tty": false,
            "OpenStdin": false,
            "StdinOnce": false,
            "Env": [
                "PATH=/usr/local/sbin:/usr/local/bin:/usr/sbin:/usr/bin:/sbin:/bin",
                "NGINX_VERSION=1.30.5",
                "PKG_RELEASE=1",
                "DYNPKG_RELEASE=1",
                "NJS_VERSION=1.0.1",
                "NJS_RELEASE=1",
                "ACME_VERSION=0.4.1"
            ],
            "Cmd": [
                "nginx",
                "-g",
                "daemon off;"
            ],
            "Image": "",
            "Volumes": null,
            "WorkingDir": "/",
            "Entrypoint": [
                "/docker-entrypoint.sh"
            ],
            "OnBuild": null,
            "Labels": {
                "maintainer": "NGINX Docker Maintainers <docker-maint@nginx.com>"
            },
            "StopSignal": "SIGQUIT"
        },
        "Architecture": "amd64",
        "Os": "linux",
        "Size": 62374029,
        "GraphDriver": {
            "Data": {
                "LowerDir": "/var/lib/docker/overlay2/401ace73e800c9b44047adb1d9c5b3cf372112181bead80ddff6cce8105695ca/diff:/var/lib/docker/overlay2/ca8334d6eca7422c183a4ce08f8bad3bae2b08db48df883e0c6b528e739d3d4b/diff:/var/lib/docker/overlay2/80d23161e8cc132b03aab9be981326e1930867b5598f46af757fc05b382b049a/diff:/var/lib/docker/overlay2/8435219571f763d617799ac45088aa9baa58f81323095871bda1234b7a215d44/diff:/var/lib/docker/overlay2/c2982d9b4dd806cdef3cfb1027abd7843792b04123ac35a66e7da42d146b9ddf/diff:/var/lib/docker/overlay2/95864fee6ba25eea841d79d94b9acca11e161472d81ce5e1ef4b7de31f1486e3/diff:/var/lib/docker/overlay2/2ae0b48eecfe9a6e2756191da34c38096ffcefcfe60a3735da2ca81df409a0ef/diff",
                "MergedDir": "/var/lib/docker/overlay2/57cf4c4bb2d926e570b57c1e5f8fafbd9e95cb42c0c4ba84e8ff5a4f291b4d63/merged",
                "UpperDir": "/var/lib/docker/overlay2/57cf4c4bb2d926e570b57c1e5f8fafbd9e95cb42c0c4ba84e8ff5a4f291b4d63/diff",
                "WorkDir": "/var/lib/docker/overlay2/57cf4c4bb2d926e570b57c1e5f8fafbd9e95cb42c0c4ba84e8ff5a4f291b4d63/work"
            },
            "Name": "overlay2"
        },
        "RootFS": {
            "Type": "layers",
            "Layers": [
                "sha256:74d97c428c51a828f9051a7a40a53ff1fc99e54fc30323ce36760701b0b7f711",
                "sha256:2d3fbe0ca19dd389108f7e9a1d89ec5c1f1d7dc3c11fb2123bc425fed39c5f22",
                "sha256:ed752e851ebe79a0e72be1fd48e90474d36ae2bb2ddccff2475f8e050c20a804",
                "sha256:ec2b9a359ab960e2254545e79e9bca77edaeefb652d97b26855217fb8a9c80b3",
                "sha256:267e83adf4c4e342b08cbe40814662493e030c88311c720fbce2f0d7c809f3f4",
                "sha256:8fb5da5ad6fa936ba8c24999da33095b2b6c5fd2bcf4aa22acbf299b0e7294df",
                "sha256:0d250d8db7c20b3c0bd3059b3431dd47f130cb81e7a4c7820950139daafb91d6",
                "sha256:e46f4042ccf5f36d1605617ef6912bdaac437fa0bca12530e77529b191eb02fa"
            ]
        },
        "Metadata": {
            "LastTagTime": "0001-01-01T00:00:00Z"
        }
    }
]
