[
    {
        "Id": "sha256:8b738f30cbebf0d54f582cc138a72755d209c4a416f8112556aa6200abe22601",
        "RepoTags": [
            "cinatoken-g7-proxy:07d19c1c941cc373019811be3dbf553c441a0ff3"
        ],
        "RepoDigests": [],
        "Parent": "",
        "Comment": "buildkit.dockerfile.v0",
        "Created": "2026-10-06T02:32:06.876274561Z",
        "DockerVersion": "",
        "Author": "",
        "Config": {
            "Hostname": "",
            "Domainname": "",
            "User": "",
            "AttachStdin": false,
            "AttachStdout": false,
            "AttachStderr": false,
            "ExposedPorts": {
                "8787/tcp": {}
            },
            "Tty": false,
            "OpenStdin": false,
            "StdinOnce": false,
            "Env": [
                "PATH=/usr/local/sbin:/usr/local/bin:/usr/sbin:/usr/bin:/sbin:/bin",
                "NODE_VERSION=22.22.2",
                "YARN_VERSION=1.22.22",
                "NODE_ENV=production",
                "PORT=8787"
            ],
            "Cmd": [
                "node",
                "packages/proxy/dist/runtime/node.js"
            ],
            "Healthcheck": {
                "Test": [
                    "CMD-SHELL",
                    "node -e \"fetch('http://127.0.0.1:'+(process.env.PORT||8787)+'/health').then(r=>process.exit(r.ok?0:1)).catch(()=>process.exit(1))\""
                ],
                "Interval": 30000000000,
                "Timeout": 5000000000,
                "StartPeriod": 20000000000,
                "Retries": 3
            },
            "ArgsEscaped": true,
            "Image": "",
            "Volumes": null,
            "WorkingDir": "/app",
            "Entrypoint": [
                "/app/docker/entrypoint.app.sh"
            ],
            "OnBuild": null,
            "Labels": null
        },
        "Architecture": "amd64",
        "Os": "linux",
        "Size": 245281598,
        "GraphDriver": {
            "Data": {
                "LowerDir": "/var/lib/docker/overlay2/q6xemft3skx7zknj1lll90gij/diff:/var/lib/docker/overlay2/u4zc8sfdpaahntv2sqgrtyhan/diff:/var/lib/docker/overlay2/po9wzwl5uh97jcnwc26l8ulh6/diff:/var/lib/docker/overlay2/rp62m2082nil9shpn95k54wle/diff:/var/lib/docker/overlay2/25h4e9oo8n27ph5cvnt8szd59/diff:/var/lib/docker/overlay2/tpj76wmnq7f0cf9iw4vp2fnrt/diff:/var/lib/docker/overlay2/8fhw55xk92to339700r723444/diff:/var/lib/docker/overlay2/kiktlnx7qgwvbf5xm840pry26/diff:/var/lib/docker/overlay2/zqcvl21h2375ck3sg417q6ykb/diff:/var/lib/docker/overlay2/yxy34czkxdpe45qjlstnphyb0/diff:/var/lib/docker/overlay2/9i27nmq4i4oz632og5dl08xux/diff:/var/lib/docker/overlay2/0dbc652ec6fab134aed8e900b6cf3c2fd9d7096109db11d2989d55bc673f88bc/diff:/var/lib/docker/overlay2/7eeb7da616888c0b14972b022038f33035f7d0bde45e4ee6dd3138022933d316/diff:/var/lib/docker/overlay2/605f0c743350fec83c89abc3a244f57465320826da8de8d6dca11988407dacb2/diff:/var/lib/docker/overlay2/b98c447331a3bd062b2486eea5c71fc91da5869987092257bc175115d784d64f/diff",
                "MergedDir": "/var/lib/docker/overlay2/icbyd146vv3o0bik2sc92xvfy/merged",
                "UpperDir": "/var/lib/docker/overlay2/icbyd146vv3o0bik2sc92xvfy/diff",
                "WorkDir": "/var/lib/docker/overlay2/icbyd146vv3o0bik2sc92xvfy/work"
            },
            "Name": "overlay2"
        },
        "RootFS": {
            "Type": "layers",
            "Layers": [
                "sha256:0854555d70acaa318b38ee50bc667cb51ff6bf0757624624c7ff3b6fe17459a0",
                "sha256:fbebc70d4d603718f2e3756832ff13d8b68c1fb0995ae9add5fc06748aada9c9",
                "sha256:ba0964557d8871ad28733d08b70ac9cefedda87ddd769e439b9d4f6d100baa3e",
                "sha256:04acce0ed98abf602c24e1b97ef716d3e2fda797c28a1e4394846e13e39730b4",
                "sha256:a2f389d439471e7300a6c5cba6390fcac5eb492909fada904ef45e21f8d9ad6b",
                "sha256:805ef0a01c0a39c4ec23767f710c9594c910bba506e673512e6f760a8b795b72",
                "sha256:3c9f784c90cc44c19d4874631807e65a22d3ed939d67f2838f88320826af46ea",
                "sha256:f48c996910837ee43f4eb9fd0fb117ae3beba12a705561e62df935a17f290b24",
                "sha256:f7f6e371b0b415aba10438876a2d9ba23dc7477c2989fc3da9e578e1917ab952",
                "sha256:14ef72390b71814428e3549b4a479d5b1748d3bafa1ce5667df093631f257d78",
                "sha256:dcc9eeb186675f207ee896febe798056225dfed1e2977af8770db08d4cff280b",
                "sha256:cea2ddf4b7b3be84165f602d8a47ffc548c3ad2ea0dd2e71f9d9b525d283ce31",
                "sha256:12c09c0ade605c77467621a2da33e23648b5fd52efb70e93488adf9af16fc215",
                "sha256:af96e3c3391ae7ea89603c6a393eea8a8cac4448121f76e9232b8c235ea7a819",
                "sha256:85189f29efce08c3c5769990b7edb0d263e41138c75c947e2d1e7c7823aa24f4",
                "sha256:b84f99b8d0d4a0504f507301f35a74fb742299c9ecd21d6707a8659fab5ce15b"
            ]
        },
        "Metadata": {
            "LastTagTime": "2026-10-06T02:32:08.606681913Z"
        }
    }
]
