[
    {
        "Id": "sha256:01797866e9000fbbd45301dcfaef959edbddf2d2ccc27eb9b65ac29829b0dca9",
        "RepoTags": [
            "cinatoken-g7-migrate:07d19c1c941cc373019811be3dbf553c441a0ff3"
        ],
        "RepoDigests": [],
        "Parent": "",
        "Comment": "buildkit.dockerfile.v0",
        "Created": "2026-10-06T02:32:15.756296417Z",
        "DockerVersion": "",
        "Author": "",
        "Config": {
            "Hostname": "",
            "Domainname": "",
            "User": "",
            "AttachStdin": false,
            "AttachStdout": false,
            "AttachStderr": false,
            "Tty": false,
            "OpenStdin": false,
            "StdinOnce": false,
            "Env": [
                "PATH=/usr/local/sbin:/usr/local/bin:/usr/sbin:/usr/bin:/sbin:/bin",
                "NODE_VERSION=22.22.2",
                "YARN_VERSION=1.22.22",
                "NODE_ENV=production"
            ],
            "Cmd": null,
            "Image": "",
            "Volumes": null,
            "WorkingDir": "/app",
            "Entrypoint": [
                "/app/docker/entrypoint.migrate.sh"
            ],
            "OnBuild": null,
            "Labels": null
        },
        "Architecture": "amd64",
        "Os": "linux",
        "Size": 251529270,
        "GraphDriver": {
            "Data": {
                "LowerDir": "/var/lib/docker/overlay2/zku9uvuhubt7paynbn1070ex1/diff:/var/lib/docker/overlay2/3v3arjci617pvdo8620jxoccn/diff:/var/lib/docker/overlay2/bhph2hsi6q367gxw62kgwp4b7/diff:/var/lib/docker/overlay2/0rnhlqziyp2j3v5zfz2bpduuy/diff:/var/lib/docker/overlay2/tkeoqvmf1v49vuue0c8qdcu3x/diff:/var/lib/docker/overlay2/gwso1ycq8g20u65g1kpjs8qre/diff:/var/lib/docker/overlay2/zqcvl21h2375ck3sg417q6ykb/diff:/var/lib/docker/overlay2/yxy34czkxdpe45qjlstnphyb0/diff:/var/lib/docker/overlay2/9i27nmq4i4oz632og5dl08xux/diff:/var/lib/docker/overlay2/0dbc652ec6fab134aed8e900b6cf3c2fd9d7096109db11d2989d55bc673f88bc/diff:/var/lib/docker/overlay2/7eeb7da616888c0b14972b022038f33035f7d0bde45e4ee6dd3138022933d316/diff:/var/lib/docker/overlay2/605f0c743350fec83c89abc3a244f57465320826da8de8d6dca11988407dacb2/diff:/var/lib/docker/overlay2/b98c447331a3bd062b2486eea5c71fc91da5869987092257bc175115d784d64f/diff",
                "MergedDir": "/var/lib/docker/overlay2/6cpgleayvzeiynvnaem9fxhpr/merged",
                "UpperDir": "/var/lib/docker/overlay2/6cpgleayvzeiynvnaem9fxhpr/diff",
                "WorkDir": "/var/lib/docker/overlay2/6cpgleayvzeiynvnaem9fxhpr/work"
            },
            "Name": "overlay2"
        },
        "RootFS": {
            "Type": "layers",
            "Layers": [
                "sha256:0854555d70acaa318b38ee50bc667cb51ff6bf0757624624c7ff3b6fe17459a0",
                "sha256:fbebc70d4d603718f2e3756832ff13d8b68c1fb0995ae9add5fc06748aada9c9",
                "sha256:ba0964557d8871ad28733d08b70ac9cefedda87ddd769e439b9d4f6d100baa3e",
                "sha256:04acce0ed98abf602c24e1b97ef716d3e2fda797c28a1e4394846e13e39730b4",
                "sha256:a2f389d439471e7300a6c5cba6390fcac5eb492909fada904ef45e21f8d9ad6b",
                "sha256:805ef0a01c0a39c4ec23767f710c9594c910bba506e673512e6f760a8b795b72",
                "sha256:3c9f784c90cc44c19d4874631807e65a22d3ed939d67f2838f88320826af46ea",
                "sha256:a71459e8caa308e6bcd3658bfa822bc1ebb41b5aec7dceda05d9c41e8b6d8b04",
                "sha256:1a2e00b160796fdfff29022ccfbeb4597c1ac643179796a4c9d11759aa119611",
                "sha256:5fe69688ce8844a2e79305e17a4bc97f4e8a24ba5a47fce787a13db9b894bb9e",
                "sha256:720ab259e689dd946aab8c442693b62e1c4e28f883923c92283c28f2c45dfbd8",
                "sha256:91a0420bb5f4e80712d914345da43e084bcda8fe12e33f0ddc066652b719c4df",
                "sha256:9445033652ace6340bf33020fa4cb507dd44c00b1568efdab4528aafa3490043",
                "sha256:33add75c933117072a455bc7d56581312915ea4660abea3b016127407154fbfd"
            ]
        },
        "Metadata": {
            "LastTagTime": "2026-10-06T02:32:17.063108401Z"
        }
    }
]
