[
    {
        "Id": "sha256:12dc3f164b2377eb22521b3768d4ff39e1fa953efd7557b9ab41a6e08720074e",
        "RepoTags": [
            "cinatoken-g7-web:07d19c1c941cc373019811be3dbf553c441a0ff3"
        ],
        "RepoDigests": [],
        "Parent": "",
        "Comment": "buildkit.dockerfile.v0",
        "Created": "2026-10-06T02:32:19.567846764Z",
        "DockerVersion": "",
        "Author": "",
        "Config": {
            "Hostname": "",
            "Domainname": "",
            "User": "",
            "AttachStdin": false,
            "AttachStdout": false,
            "AttachStderr": false,
            "ExposedPorts": {
                "80/tcp": {},
                "8080/tcp": {}
            },
            "Tty": false,
            "OpenStdin": false,
            "StdinOnce": false,
            "Env": [
                "PATH=/usr/local/sbin:/usr/local/bin:/usr/sbin:/usr/bin:/sbin:/bin",
                "NGINX_VERSION=1.30.5",
                "PKG_RELEASE=1",
                "DYNPKG_RELEASE=1",
                "NJS_VERSION=1.0.1",
                "NJS_RELEASE=1",
                "ACME_VERSION=0.4.1",
                "CINATOKEN_WEB_PUBLIC_ENABLED=false",
                "CINATOKEN_WEB_SSR_UPSTREAM=http://gateway-web-ssr:8791",
                "CINATOKEN_WEB_ACCOUNT_ENABLED=false",
                "CINATOKEN_WEB_ADMIN_DASHBOARD_ENABLED=false",
                "CINATOKEN_WEB_ADMIN_USERS_ENABLED=false",
                "CINATOKEN_WEB_ADMIN_USER_DETAIL_ENABLED=false",
                "CINATOKEN_WEB_ADMIN_PROVIDERS_ENABLED=false",
                "CINATOKEN_WEB_ADMIN_MODELS_ENABLED=false",
                "CINATOKEN_WEB_ADMIN_ENDPOINTS_ENABLED=false",
                "CINATOKEN_WEB_ADMIN_ROUTES_ENABLED=false",
                "CINATOKEN_WEB_ADMIN_DATA_POLICIES_ENABLED=false",
                "CINATOKEN_WEB_ADMIN_PRESETS_ENABLED=false",
                "CINATOKEN_WEB_ADMIN_GUARDRAILS_ENABLED=false",
                "CINATOKEN_WEB_ADMIN_RELIABILITY_ENABLED=false",
                "CINATOKEN_WEB_ADMIN_MODEL_ANALYTICS_ENABLED=false",
                "CINATOKEN_WEB_ADMIN_PROVIDER_ANALYTICS_ENABLED=false",
                "CINATOKEN_WEB_ADMIN_USER_ANALYTICS_ENABLED=false",
                "CINATOKEN_WEB_ADMIN_REQUEST_LOGS_ENABLED=false",
                "CINATOKEN_WEB_ADMIN_BUDGET_AUDIT_ENABLED=false",
                "CINATOKEN_WEB_ADMIN_TOOL_INVOCATIONS_ENABLED=false",
                "CINATOKEN_WEB_ADMIN_CONFIG_TIMEZONE_ENABLED=false",
                "CINATOKEN_WEB_ADMIN_CONFIG_ENABLED=false",
                "CINATOKEN_WEB_ADMIN_ACCESS_KEYS_ENABLED=false",
                "CINATOKEN_WEB_ADMIN_KEYS_ENABLED=false",
                "CINATOKEN_WEB_ADMIN_SHARED_KEYS_ENABLED=false",
                "CINATOKEN_WEB_ADMIN_TOOLS_ENABLED=false",
                "CINATOKEN_WEB_ADMIN_PLAYGROUND_ENABLED=false",
                "CINATOKEN_WEB_ADMIN_SIMULATOR_ENABLED=false",
                "CINATOKEN_WEB_ADMIN_WITHDRAWALS_ENABLED=false",
                "CINATOKEN_WEB_ADMIN_NFT_MINTS_ENABLED=false",
                "CINATOKEN_WEB_PROXY_ORIGINS=",
                "CINATOKEN_ADMIN_UPSTREAM=http://admin:8789"
            ],
            "Cmd": null,
            "Image": "",
            "Volumes": null,
            "WorkingDir": "/",
            "Entrypoint": [
                "/web-entrypoint.sh"
            ],
            "OnBuild": null,
            "Labels": {
                "maintainer": "NGINX Docker Maintainers <docker-maint@nginx.com>"
            },
            "StopSignal": "SIGQUIT"
        },
        "Architecture": "amd64",
        "Os": "linux",
        "Size": 71046187,
        "GraphDriver": {
            "Data": {
                "LowerDir": "/var/lib/docker/overlay2/kubsuuch27hgtqdikf4t2jtdx/diff:/var/lib/docker/overlay2/iuejg285wq3duh1jtayftr7u7/diff:/var/lib/docker/overlay2/7urcym0zxinhxqa5mbagd5khl/diff:/var/lib/docker/overlay2/ynakuuedd6sa53evh8yl5vs8q/diff:/var/lib/docker/overlay2/3m9bkoktf6yumlmhf2tear7la/diff:/var/lib/docker/overlay2/57cf4c4bb2d926e570b57c1e5f8fafbd9e95cb42c0c4ba84e8ff5a4f291b4d63/diff:/var/lib/docker/overlay2/401ace73e800c9b44047adb1d9c5b3cf372112181bead80ddff6cce8105695ca/diff:/var/lib/docker/overlay2/ca8334d6eca7422c183a4ce08f8bad3bae2b08db48df883e0c6b528e739d3d4b/diff:/var/lib/docker/overlay2/80d23161e8cc132b03aab9be981326e1930867b5598f46af757fc05b382b049a/diff:/var/lib/docker/overlay2/8435219571f763d617799ac45088aa9baa58f81323095871bda1234b7a215d44/diff:/var/lib/docker/overlay2/c2982d9b4dd806cdef3cfb1027abd7843792b04123ac35a66e7da42d146b9ddf/diff:/var/lib/docker/overlay2/95864fee6ba25eea841d79d94b9acca11e161472d81ce5e1ef4b7de31f1486e3/diff:/var/lib/docker/overlay2/2ae0b48eecfe9a6e2756191da34c38096ffcefcfe60a3735da2ca81df409a0ef/diff",
                "MergedDir": "/var/lib/docker/overlay2/wtv9xmla0mezxb3o8ltg3c3qr/merged",
                "UpperDir": "/var/lib/docker/overlay2/wtv9xmla0mezxb3o8ltg3c3qr/diff",
                "WorkDir": "/var/lib/docker/overlay2/wtv9xmla0mezxb3o8ltg3c3qr/work"
            },
            "Name": "overlay2"
        },
        "RootFS": {
            "Type": "layers",
            "Layers": [
                "sha256:74d97c428c51a828f9051a7a40a53ff1fc99e54fc30323ce36760701b0b7f711",
                "sha256:2d3fbe0ca19dd389108f7e9a1d89ec5c1f1d7dc3c11fb2123bc425fed39c5f22",
                "sha256:ed752e851ebe79a0e72be1fd48e90474d36ae2bb2ddccff2475f8e050c20a804",
                "sha256:ec2b9a359ab960e2254545e79e9bca77edaeefb652d97b26855217fb8a9c80b3",
                "sha256:267e83adf4c4e342b08cbe40814662493e030c88311c720fbce2f0d7c809f3f4",
                "sha256:8fb5da5ad6fa936ba8c24999da33095b2b6c5fd2bcf4aa22acbf299b0e7294df",
                "sha256:0d250d8db7c20b3c0bd3059b3431dd47f130cb81e7a4c7820950139daafb91d6",
                "sha256:e46f4042ccf5f36d1605617ef6912bdaac437fa0bca12530e77529b191eb02fa",
                "sha256:3579376fb0705c181b05e863d040a00798478962d7d41ac986c74f36e358c35f",
                "sha256:a2e92027f5b4d927051d864bd0b022e79d30cca38f85b000745d140c6cda85b5",
                "sha256:82b88caf9d9b9e86d1fb8f76a8bb5a23cdbfe58af15864df42d00e7db16d689c",
                "sha256:4f1ea8988fa0a36d3fa92451abc9398c20fe85e21a62f22e15238a67d148c892",
                "sha256:199b9a02d8e418ca001556f4a3a2f82e4833ef184919d1a88755297bc8cc2ea9",
                "sha256:bdd680c1ec64a406cfdca2a5c3b7223d06ac33cfc66404374e3874a35974dbf2"
            ]
        },
        "Metadata": {
            "LastTagTime": "2026-10-06T02:32:20.017002197Z"
        }
    }
]
