[
    {
        "Id": "a22525e4b09fa28a4947c5c68d9f6479a99823ceb6e39591d422c3dc86942365",
        "Created": "2026-10-06T02:32:35.179747171Z",
        "Path": "/web-entrypoint.sh",
        "Args": [],
        "State": {
            "Status": "created",
            "Running": false,
            "Paused": false,
            "Restarting": false,
            "OOMKilled": false,
            "Dead": false,
            "Pid": 0,
            "ExitCode": 0,
            "Error": "",
            "StartedAt": "0001-01-01T00:00:00Z",
            "FinishedAt": "0001-01-01T00:00:00Z"
        },
        "Image": "sha256:12dc3f164b2377eb22521b3768d4ff39e1fa953efd7557b9ab41a6e08720074e",
        "ResolvConfPath": "",
        "HostnamePath": "",
        "HostsPath": "",
        "LogPath": "",
        "Name": "/g7-8a88cf68945741d1843b63f670b4d364-web",
        "RestartCount": 0,
        "Driver": "overlay2",
        "Platform": "linux",
        "MountLabel": "",
        "ProcessLabel": "",
        "AppArmorProfile": "",
        "ExecIDs": null,
        "HostConfig": {
            "Binds": null,
            "ContainerIDFile": "",
            "LogConfig": {
                "Type": "json-file",
                "Config": {}
            },
            "NetworkMode": "g7-8a88cf68945741d1843b63f670b4d364-app",
            "PortBindings": {},
            "RestartPolicy": {
                "Name": "no",
                "MaximumRetryCount": 0
            },
            "AutoRemove": false,
            "VolumeDriver": "",
            "VolumesFrom": null,
            "ConsoleSize": [
                0,
                0
            ],
            "CapAdd": null,
            "CapDrop": null,
            "CgroupnsMode": "private",
            "Dns": [],
            "DnsOptions": [],
            "DnsSearch": [],
            "ExtraHosts": null,
            "GroupAdd": null,
            "IpcMode": "private",
            "Cgroup": "",
            "Links": null,
            "OomScoreAdj": 0,
            "PidMode": "",
            "Privileged": false,
            "PublishAllPorts": false,
            "ReadonlyRootfs": false,
            "SecurityOpt": null,
            "UTSMode": "",
            "UsernsMode": "",
            "ShmSize": 67108864,
            "Runtime": "runc",
            "Isolation": "",
            "CpuShares": 0,
            "Memory": 0,
            "NanoCpus": 0,
            "CgroupParent": "",
            "BlkioWeight": 0,
            "BlkioWeightDevice": [],
            "BlkioDeviceReadBps": [],
            "BlkioDeviceWriteBps": [],
            "BlkioDeviceReadIOps": [],
            "BlkioDeviceWriteIOps": [],
            "CpuPeriod": 0,
            "CpuQuota": 0,
            "CpuRealtimePeriod": 0,
            "CpuRealtimeRuntime": 0,
            "CpusetCpus": "",
            "CpusetMems": "",
            "Devices": [],
            "DeviceCgroupRules": null,
            "DeviceRequests": null,
            "MemoryReservation": 0,
            "MemorySwap": 0,
            "MemorySwappiness": null,
            "OomKillDisable": false,
            "PidsLimit": null,
            "Ulimits": [],
            "CpuCount": 0,
            "CpuPercent": 0,
            "IOMaximumIOps": 0,
            "IOMaximumBandwidth": 0,
            "MaskedPaths": [
                "/proc/asound",
                "/proc/acpi",
                "/proc/interrupts",
                "/proc/kcore",
                "/proc/keys",
                "/proc/latency_stats",
                "/proc/timer_list",
                "/proc/timer_stats",
                "/proc/sched_debug",
                "/proc/scsi",
                "/sys/firmware",
                "/sys/devices/virtual/powercap"
            ],
            "ReadonlyPaths": [
                "/proc/bus",
                "/proc/fs",
                "/proc/irq",
                "/proc/sys",
                "/proc/sysrq-trigger"
            ]
        },
        "GraphDriver": {
            "Data": {
                "ID": "a22525e4b09fa28a4947c5c68d9f6479a99823ceb6e39591d422c3dc86942365",
                "LowerDir": "/var/lib/docker/overlay2/332f18d4e7bf17802b5a89ba36130b64a54d87f498f9d7e3927225417cbb486d-init/diff:/var/lib/docker/overlay2/wtv9xmla0mezxb3o8ltg3c3qr/diff:/var/lib/docker/overlay2/kubsuuch27hgtqdikf4t2jtdx/diff:/var/lib/docker/overlay2/iuejg285wq3duh1jtayftr7u7/diff:/var/lib/docker/overlay2/7urcym0zxinhxqa5mbagd5khl/diff:/var/lib/docker/overlay2/ynakuuedd6sa53evh8yl5vs8q/diff:/var/lib/docker/overlay2/3m9bkoktf6yumlmhf2tear7la/diff:/var/lib/docker/overlay2/57cf4c4bb2d926e570b57c1e5f8fafbd9e95cb42c0c4ba84e8ff5a4f291b4d63/diff:/var/lib/docker/overlay2/401ace73e800c9b44047adb1d9c5b3cf372112181bead80ddff6cce8105695ca/diff:/var/lib/docker/overlay2/ca8334d6eca7422c183a4ce08f8bad3bae2b08db48df883e0c6b528e739d3d4b/diff:/var/lib/docker/overlay2/80d23161e8cc132b03aab9be981326e1930867b5598f46af757fc05b382b049a/diff:/var/lib/docker/overlay2/8435219571f763d617799ac45088aa9baa58f81323095871bda1234b7a215d44/diff:/var/lib/docker/overlay2/c2982d9b4dd806cdef3cfb1027abd7843792b04123ac35a66e7da42d146b9ddf/diff:/var/lib/docker/overlay2/95864fee6ba25eea841d79d94b9acca11e161472d81ce5e1ef4b7de31f1486e3/diff:/var/lib/docker/overlay2/2ae0b48eecfe9a6e2756191da34c38096ffcefcfe60a3735da2ca81df409a0ef/diff",
                "MergedDir": "/var/lib/docker/overlay2/332f18d4e7bf17802b5a89ba36130b64a54d87f498f9d7e3927225417cbb486d/merged",
                "UpperDir": "/var/lib/docker/overlay2/332f18d4e7bf17802b5a89ba36130b64a54d87f498f9d7e3927225417cbb486d/diff",
                "WorkDir": "/var/lib/docker/overlay2/332f18d4e7bf17802b5a89ba36130b64a54d87f498f9d7e3927225417cbb486d/work"
            },
            "Name": "overlay2"
        },
        "Mounts": [],
        "Config": {
            "Hostname": "a22525e4b09f",
            "Domainname": "",
            "User": "",
            "AttachStdin": false,
            "AttachStdout": true,
            "AttachStderr": true,
            "ExposedPorts": {
                "80/tcp": {},
                "8080/tcp": {}
            },
            "Tty": false,
            "OpenStdin": false,
            "StdinOnce": false,
            "Env": [
                "CINATOKEN_WEB_PUBLIC_ENABLED=true",
                "CINATOKEN_WEB_ACCOUNT_ENABLED=true",
                "CINATOKEN_WEB_ADMIN_DASHBOARD_ENABLED=true",
                "CINATOKEN_WEB_ADMIN_USERS_ENABLED=true",
                "CINATOKEN_WEB_ADMIN_USER_DETAIL_ENABLED=true",
                "CINATOKEN_WEB_ADMIN_PROVIDERS_ENABLED=true",
                "CINATOKEN_WEB_ADMIN_MODELS_ENABLED=true",
                "CINATOKEN_WEB_ADMIN_ENDPOINTS_ENABLED=true",
                "CINATOKEN_WEB_ADMIN_ROUTES_ENABLED=true",
                "CINATOKEN_WEB_ADMIN_DATA_POLICIES_ENABLED=true",
                "CINATOKEN_WEB_ADMIN_PRESETS_ENABLED=true",
                "CINATOKEN_WEB_ADMIN_GUARDRAILS_ENABLED=true",
                "CINATOKEN_WEB_ADMIN_RELIABILITY_ENABLED=true",
                "CINATOKEN_WEB_ADMIN_MODEL_ANALYTICS_ENABLED=true",
                "CINATOKEN_WEB_ADMIN_PROVIDER_ANALYTICS_ENABLED=true",
                "CINATOKEN_WEB_ADMIN_USER_ANALYTICS_ENABLED=true",
                "CINATOKEN_WEB_ADMIN_REQUEST_LOGS_ENABLED=true",
                "CINATOKEN_WEB_ADMIN_BUDGET_AUDIT_ENABLED=true",
                "CINATOKEN_WEB_ADMIN_TOOL_INVOCATIONS_ENABLED=true",
                "CINATOKEN_WEB_ADMIN_CONFIG_TIMEZONE_ENABLED=true",
                "CINATOKEN_WEB_ADMIN_CONFIG_ENABLED=true",
                "CINATOKEN_WEB_ADMIN_ACCESS_KEYS_ENABLED=true",
                "CINATOKEN_WEB_ADMIN_KEYS_ENABLED=true",
                "CINATOKEN_WEB_ADMIN_SHARED_KEYS_ENABLED=true",
                "CINATOKEN_WEB_ADMIN_TOOLS_ENABLED=true",
                "CINATOKEN_WEB_ADMIN_PLAYGROUND_ENABLED=true",
                "CINATOKEN_WEB_ADMIN_SIMULATOR_ENABLED=true",
                "CINATOKEN_WEB_ADMIN_WITHDRAWALS_ENABLED=true",
                "CINATOKEN_WEB_ADMIN_NFT_MINTS_ENABLED=true",
                "CINATOKEN_ADMIN_UPSTREAM=http://gateway-admin:8789",
                "CINATOKEN_WEB_SSR_UPSTREAM=http://gateway-web-ssr:8791",
                "PATH=/usr/local/sbin:/usr/local/bin:/usr/sbin:/usr/bin:/sbin:/bin",
                "NGINX_VERSION=1.30.5",
                "PKG_RELEASE=1",
                "DYNPKG_RELEASE=1",
                "NJS_VERSION=1.0.1",
                "NJS_RELEASE=1",
                "ACME_VERSION=0.4.1",
                "CINATOKEN_WEB_PROXY_ORIGINS="
            ],
            "Cmd": null,
            "Image": "sha256:12dc3f164b2377eb22521b3768d4ff39e1fa953efd7557b9ab41a6e08720074e",
            "Volumes": null,
            "WorkingDir": "/",
            "Entrypoint": [
                "/web-entrypoint.sh"
            ],
            "OnBuild": null,
            "Labels": {
                "cinatoken.g7.owner": "g7-8a88cf68945741d1843b63f670b4d364",
                "maintainer": "NGINX Docker Maintainers <docker-maint@nginx.com>"
            },
            "StopSignal": "SIGQUIT"
        },
        "NetworkSettings": {
            "Bridge": "",
            "SandboxID": "",
            "SandboxKey": "",
            "Ports": {},
            "HairpinMode": false,
            "LinkLocalIPv6Address": "",
            "LinkLocalIPv6PrefixLen": 0,
            "SecondaryIPAddresses": null,
            "SecondaryIPv6Addresses": null,
            "EndpointID": "",
            "Gateway": "",
            "GlobalIPv6Address": "",
            "GlobalIPv6PrefixLen": 0,
            "IPAddress": "",
            "IPPrefixLen": 0,
            "IPv6Gateway": "",
            "MacAddress": "",
            "Networks": {
                "g7-8a88cf68945741d1843b63f670b4d364-app": {
                    "IPAMConfig": null,
                    "Links": null,
                    "Aliases": [
                        "gateway-web"
                    ],
                    "MacAddress": "",
                    "DriverOpts": null,
                    "GwPriority": 0,
                    "NetworkID": "",
                    "EndpointID": "",
                    "Gateway": "",
                    "IPAddress": "",
                    "IPPrefixLen": 0,
                    "IPv6Gateway": "",
                    "GlobalIPv6Address": "",
                    "GlobalIPv6PrefixLen": 0,
                    "DNSNames": null
                }
            }
        }
    }
]
