[
    {
        "Id": "90dbf525c3f5dfa0228cb025c12f150d7f04c468690b01aa29a57a5079c12a5c",
        "Created": "2026-10-06T02:32:34.960515075Z",
        "Path": "docker-entrypoint.sh",
        "Args": [
            "node",
            "docker/web/public-server.mjs"
        ],
        "State": {
            "Status": "running",
            "Running": true,
            "Paused": false,
            "Restarting": false,
            "OOMKilled": false,
            "Dead": false,
            "Pid": 5957,
            "ExitCode": 0,
            "Error": "",
            "StartedAt": "2026-10-06T02:32:35.023933978Z",
            "FinishedAt": "0001-01-01T00:00:00Z"
        },
        "Image": "sha256:518268bdf478be30b9bdcf753beb314f41d2032552986b3f0f513a560365439f",
        "ResolvConfPath": "/var/lib/docker/containers/90dbf525c3f5dfa0228cb025c12f150d7f04c468690b01aa29a57a5079c12a5c/resolv.conf",
        "HostnamePath": "/var/lib/docker/containers/90dbf525c3f5dfa0228cb025c12f150d7f04c468690b01aa29a57a5079c12a5c/hostname",
        "HostsPath": "/var/lib/docker/containers/90dbf525c3f5dfa0228cb025c12f150d7f04c468690b01aa29a57a5079c12a5c/hosts",
        "LogPath": "/var/lib/docker/containers/90dbf525c3f5dfa0228cb025c12f150d7f04c468690b01aa29a57a5079c12a5c/90dbf525c3f5dfa0228cb025c12f150d7f04c468690b01aa29a57a5079c12a5c-json.log",
        "Name": "/g7-8a88cf68945741d1843b63f670b4d364-ssr",
        "RestartCount": 0,
        "Driver": "overlay2",
        "Platform": "linux",
        "MountLabel": "",
        "ProcessLabel": "",
        "AppArmorProfile": "docker-default",
        "ExecIDs": null,
        "HostConfig": {
            "Binds": null,
            "ContainerIDFile": "",
            "LogConfig": {
                "Type": "json-file",
                "Config": {}
            },
            "NetworkMode": "g7-8a88cf68945741d1843b63f670b4d364-app",
            "PortBindings": {},
            "RestartPolicy": {
                "Name": "no",
                "MaximumRetryCount": 0
            },
            "AutoRemove": false,
            "VolumeDriver": "",
            "VolumesFrom": null,
            "ConsoleSize": [
                0,
                0
            ],
            "CapAdd": null,
            "CapDrop": null,
            "CgroupnsMode": "private",
            "Dns": [],
            "DnsOptions": [],
            "DnsSearch": [],
            "ExtraHosts": null,
            "GroupAdd": null,
            "IpcMode": "private",
            "Cgroup": "",
            "Links": null,
            "OomScoreAdj": 0,
            "PidMode": "",
            "Privileged": false,
            "PublishAllPorts": false,
            "ReadonlyRootfs": false,
            "SecurityOpt": null,
            "UTSMode": "",
            "UsernsMode": "",
            "ShmSize": 67108864,
            "Runtime": "runc",
            "Isolation": "",
            "CpuShares": 0,
            "Memory": 0,
            "NanoCpus": 0,
            "CgroupParent": "",
            "BlkioWeight": 0,
            "BlkioWeightDevice": [],
            "BlkioDeviceReadBps": [],
            "BlkioDeviceWriteBps": [],
            "BlkioDeviceReadIOps": [],
            "BlkioDeviceWriteIOps": [],
            "CpuPeriod": 0,
            "CpuQuota": 0,
            "CpuRealtimePeriod": 0,
            "CpuRealtimeRuntime": 0,
            "CpusetCpus": "",
            "CpusetMems": "",
            "Devices": [],
            "DeviceCgroupRules": null,
            "DeviceRequests": null,
            "MemoryReservation": 0,
            "MemorySwap": 0,
            "MemorySwappiness": null,
            "OomKillDisable": null,
            "PidsLimit": null,
            "Ulimits": [],
            "CpuCount": 0,
            "CpuPercent": 0,
            "IOMaximumIOps": 0,
            "IOMaximumBandwidth": 0,
            "MaskedPaths": [
                "/proc/asound",
                "/proc/acpi",
                "/proc/interrupts",
                "/proc/kcore",
                "/proc/keys",
                "/proc/latency_stats",
                "/proc/timer_list",
                "/proc/timer_stats",
                "/proc/sched_debug",
                "/proc/scsi",
                "/sys/firmware",
                "/sys/devices/virtual/powercap"
            ],
            "ReadonlyPaths": [
                "/proc/bus",
                "/proc/fs",
                "/proc/irq",
                "/proc/sys",
                "/proc/sysrq-trigger"
            ]
        },
        "GraphDriver": {
            "Data": {
                "ID": "90dbf525c3f5dfa0228cb025c12f150d7f04c468690b01aa29a57a5079c12a5c",
                "LowerDir": "/var/lib/docker/overlay2/b92d0295a1aed56551981c0c2c0ce120bf0e0ef30c7c3bf7feaad92a5dfa2c9d-init/diff:/var/lib/docker/overlay2/7z35olbv2gcck0ri33a7m9yd7/diff:/var/lib/docker/overlay2/rekm25hb9hh2nrthtzs3mssek/diff:/var/lib/docker/overlay2/v9ifz0dyeq2hevs5kbmp8mobm/diff:/var/lib/docker/overlay2/zr15g9mva810tpgjxax5896r4/diff:/var/lib/docker/overlay2/hx4t58ldh19a42hnc4boe5htp/diff:/var/lib/docker/overlay2/9i27nmq4i4oz632og5dl08xux/diff:/var/lib/docker/overlay2/0dbc652ec6fab134aed8e900b6cf3c2fd9d7096109db11d2989d55bc673f88bc/diff:/var/lib/docker/overlay2/7eeb7da616888c0b14972b022038f33035f7d0bde45e4ee6dd3138022933d316/diff:/var/lib/docker/overlay2/605f0c743350fec83c89abc3a244f57465320826da8de8d6dca11988407dacb2/diff:/var/lib/docker/overlay2/b98c447331a3bd062b2486eea5c71fc91da5869987092257bc175115d784d64f/diff",
                "MergedDir": "/var/lib/docker/overlay2/b92d0295a1aed56551981c0c2c0ce120bf0e0ef30c7c3bf7feaad92a5dfa2c9d/merged",
                "UpperDir": "/var/lib/docker/overlay2/b92d0295a1aed56551981c0c2c0ce120bf0e0ef30c7c3bf7feaad92a5dfa2c9d/diff",
                "WorkDir": "/var/lib/docker/overlay2/b92d0295a1aed56551981c0c2c0ce120bf0e0ef30c7c3bf7feaad92a5dfa2c9d/work"
            },
            "Name": "overlay2"
        },
        "Mounts": [],
        "Config": {
            "Hostname": "90dbf525c3f5",
            "Domainname": "",
            "User": "node",
            "AttachStdin": false,
            "AttachStdout": true,
            "AttachStderr": true,
            "ExposedPorts": {
                "8791/tcp": {}
            },
            "Tty": false,
            "OpenStdin": false,
            "StdinOnce": false,
            "Env": [
                "CINATOKEN_WEB_PUBLIC_ENABLED=true",
                "CINATOKEN_WEB_PUBLIC_ORIGIN=https://app.test",
                "CINATOKEN_ADMIN_UPSTREAM=http://gateway-admin:8789",
                "PATH=/usr/local/sbin:/usr/local/bin:/usr/sbin:/usr/bin:/sbin:/bin",
                "NODE_VERSION=22.22.2",
                "YARN_VERSION=1.22.22",
                "CINATOKEN_WEB_SSR_PORT=8791"
            ],
            "Cmd": [
                "node",
                "docker/web/public-server.mjs"
            ],
            "Image": "sha256:518268bdf478be30b9bdcf753beb314f41d2032552986b3f0f513a560365439f",
            "Volumes": null,
            "WorkingDir": "/app",
            "Entrypoint": [
                "docker-entrypoint.sh"
            ],
            "OnBuild": null,
            "Labels": {
                "cinatoken.g7.owner": "g7-8a88cf68945741d1843b63f670b4d364"
            }
        },
        "NetworkSettings": {
            "Bridge": "",
            "SandboxID": "b5eebb0c63ba48dfbc87417dc2e8b371c542d04f31f919fbf62b51fdd380f272",
            "SandboxKey": "/var/run/docker/netns/b5eebb0c63ba",
            "Ports": {},
            "HairpinMode": false,
            "LinkLocalIPv6Address": "",
            "LinkLocalIPv6PrefixLen": 0,
            "SecondaryIPAddresses": null,
            "SecondaryIPv6Addresses": null,
            "EndpointID": "",
            "Gateway": "",
            "GlobalIPv6Address": "",
            "GlobalIPv6PrefixLen": 0,
            "IPAddress": "",
            "IPPrefixLen": 0,
            "IPv6Gateway": "",
            "MacAddress": "",
            "Networks": {
                "g7-8a88cf68945741d1843b63f670b4d364-app": {
                    "IPAMConfig": null,
                    "Links": null,
                    "Aliases": [
                        "gateway-web-ssr"
                    ],
                    "MacAddress": "06:e1:2a:25:ef:06",
                    "DriverOpts": null,
                    "GwPriority": 0,
                    "NetworkID": "6a977c3a0ce5d2508ccf8ffdd48f1453fcea5b8ba9d3b100c0d147c8b54dcd7b",
                    "EndpointID": "f590a7b85cee359a7059bd1e32a5ed865f1dc06e3494d34d87d290ba95435b55",
                    "Gateway": "",
                    "IPAddress": "172.19.0.4",
                    "IPPrefixLen": 16,
                    "IPv6Gateway": "",
                    "GlobalIPv6Address": "",
                    "GlobalIPv6PrefixLen": 0,
                    "DNSNames": [
                        "g7-8a88cf68945741d1843b63f670b4d364-ssr",
                        "gateway-web-ssr",
                        "90dbf525c3f5"
                    ]
                }
            }
        }
    }
]
