[
    {
        "Id": "a3583eee76d50fa865a7f9dd4c0b14c3b1d6ab0ee2de0906d7594a3035a35853",
        "Created": "2026-10-06T02:32:35.772273095Z",
        "Path": "/docker-entrypoint.sh",
        "Args": [
            "nginx",
            "-g",
            "daemon off;"
        ],
        "State": {
            "Status": "running",
            "Running": true,
            "Paused": false,
            "Restarting": false,
            "OOMKilled": false,
            "Dead": false,
            "Pid": 6230,
            "ExitCode": 0,
            "Error": "",
            "StartedAt": "2026-10-06T02:32:35.906376154Z",
            "FinishedAt": "0001-01-01T00:00:00Z"
        },
        "Image": "sha256:43d9d8c1f8968f09df8c1aa6c136ecc617e62d64fe4c0b24c97de4eb210bd973",
        "ResolvConfPath": "/var/lib/docker/containers/a3583eee76d50fa865a7f9dd4c0b14c3b1d6ab0ee2de0906d7594a3035a35853/resolv.conf",
        "HostnamePath": "/var/lib/docker/containers/a3583eee76d50fa865a7f9dd4c0b14c3b1d6ab0ee2de0906d7594a3035a35853/hostname",
        "HostsPath": "/var/lib/docker/containers/a3583eee76d50fa865a7f9dd4c0b14c3b1d6ab0ee2de0906d7594a3035a35853/hosts",
        "LogPath": "/var/lib/docker/containers/a3583eee76d50fa865a7f9dd4c0b14c3b1d6ab0ee2de0906d7594a3035a35853/a3583eee76d50fa865a7f9dd4c0b14c3b1d6ab0ee2de0906d7594a3035a35853-json.log",
        "Name": "/g7-8a88cf68945741d1843b63f670b4d364-ingress",
        "RestartCount": 0,
        "Driver": "overlay2",
        "Platform": "linux",
        "MountLabel": "",
        "ProcessLabel": "",
        "AppArmorProfile": "docker-default",
        "ExecIDs": null,
        "HostConfig": {
            "Binds": null,
            "ContainerIDFile": "",
            "LogConfig": {
                "Type": "json-file",
                "Config": {}
            },
            "NetworkMode": "g7-8a88cf68945741d1843b63f670b4d364-client",
            "PortBindings": {},
            "RestartPolicy": {
                "Name": "no",
                "MaximumRetryCount": 0
            },
            "AutoRemove": false,
            "VolumeDriver": "",
            "VolumesFrom": null,
            "ConsoleSize": [
                0,
                0
            ],
            "CapAdd": null,
            "CapDrop": null,
            "CgroupnsMode": "private",
            "Dns": [],
            "DnsOptions": [],
            "DnsSearch": [],
            "ExtraHosts": null,
            "GroupAdd": null,
            "IpcMode": "private",
            "Cgroup": "",
            "Links": null,
            "OomScoreAdj": 0,
            "PidMode": "",
            "Privileged": false,
            "PublishAllPorts": false,
            "ReadonlyRootfs": false,
            "SecurityOpt": null,
            "UTSMode": "",
            "UsernsMode": "",
            "ShmSize": 67108864,
            "Runtime": "runc",
            "Isolation": "",
            "CpuShares": 0,
            "Memory": 0,
            "NanoCpus": 0,
            "CgroupParent": "",
            "BlkioWeight": 0,
            "BlkioWeightDevice": [],
            "BlkioDeviceReadBps": [],
            "BlkioDeviceWriteBps": [],
            "BlkioDeviceReadIOps": [],
            "BlkioDeviceWriteIOps": [],
            "CpuPeriod": 0,
            "CpuQuota": 0,
            "CpuRealtimePeriod": 0,
            "CpuRealtimeRuntime": 0,
            "CpusetCpus": "",
            "CpusetMems": "",
            "Devices": [],
            "DeviceCgroupRules": null,
            "DeviceRequests": null,
            "MemoryReservation": 0,
            "MemorySwap": 0,
            "MemorySwappiness": null,
            "OomKillDisable": null,
            "PidsLimit": null,
            "Ulimits": [],
            "CpuCount": 0,
            "CpuPercent": 0,
            "IOMaximumIOps": 0,
            "IOMaximumBandwidth": 0,
            "Mounts": [
                {
                    "Type": "bind",
                    "Source": "/home/runner/work/cinatoken/cinatoken/scripts/verification/web-platform-g7/ingress.conf",
                    "Target": "/etc/nginx/conf.d/default.conf",
                    "ReadOnly": true
                },
                {
                    "Type": "bind",
                    "Source": "/tmp/cinatoken-g7-private-R4qOk7/tls/app.test.crt",
                    "Target": "/tls/app.test.crt",
                    "ReadOnly": true
                },
                {
                    "Type": "bind",
                    "Source": "/tmp/cinatoken-g7-private-R4qOk7/tls/app.test.key",
                    "Target": "/tls/app.test.key",
                    "ReadOnly": true
                }
            ],
            "MaskedPaths": [
                "/proc/asound",
                "/proc/acpi",
                "/proc/interrupts",
                "/proc/kcore",
                "/proc/keys",
                "/proc/latency_stats",
                "/proc/timer_list",
                "/proc/timer_stats",
                "/proc/sched_debug",
                "/proc/scsi",
                "/sys/firmware",
                "/sys/devices/virtual/powercap"
            ],
            "ReadonlyPaths": [
                "/proc/bus",
                "/proc/fs",
                "/proc/irq",
                "/proc/sys",
                "/proc/sysrq-trigger"
            ]
        },
        "GraphDriver": {
            "Data": {
                "ID": "a3583eee76d50fa865a7f9dd4c0b14c3b1d6ab0ee2de0906d7594a3035a35853",
                "LowerDir": "/var/lib/docker/overlay2/4111e449b13485bfa60902d889d250f893e485bac2fdfba0ba349ea719d48194-init/diff:/var/lib/docker/overlay2/57cf4c4bb2d926e570b57c1e5f8fafbd9e95cb42c0c4ba84e8ff5a4f291b4d63/diff:/var/lib/docker/overlay2/401ace73e800c9b44047adb1d9c5b3cf372112181bead80ddff6cce8105695ca/diff:/var/lib/docker/overlay2/ca8334d6eca7422c183a4ce08f8bad3bae2b08db48df883e0c6b528e739d3d4b/diff:/var/lib/docker/overlay2/80d23161e8cc132b03aab9be981326e1930867b5598f46af757fc05b382b049a/diff:/var/lib/docker/overlay2/8435219571f763d617799ac45088aa9baa58f81323095871bda1234b7a215d44/diff:/var/lib/docker/overlay2/c2982d9b4dd806cdef3cfb1027abd7843792b04123ac35a66e7da42d146b9ddf/diff:/var/lib/docker/overlay2/95864fee6ba25eea841d79d94b9acca11e161472d81ce5e1ef4b7de31f1486e3/diff:/var/lib/docker/overlay2/2ae0b48eecfe9a6e2756191da34c38096ffcefcfe60a3735da2ca81df409a0ef/diff",
                "MergedDir": "/var/lib/docker/overlay2/4111e449b13485bfa60902d889d250f893e485bac2fdfba0ba349ea719d48194/merged",
                "UpperDir": "/var/lib/docker/overlay2/4111e449b13485bfa60902d889d250f893e485bac2fdfba0ba349ea719d48194/diff",
                "WorkDir": "/var/lib/docker/overlay2/4111e449b13485bfa60902d889d250f893e485bac2fdfba0ba349ea719d48194/work"
            },
            "Name": "overlay2"
        },
        "Mounts": [
            {
                "Type": "bind",
                "Source": "/home/runner/work/cinatoken/cinatoken/scripts/verification/web-platform-g7/ingress.conf",
                "Destination": "/etc/nginx/conf.d/default.conf",
                "Mode": "",
                "RW": false,
                "Propagation": "rprivate"
            },
            {
                "Type": "bind",
                "Source": "/tmp/cinatoken-g7-private-R4qOk7/tls/app.test.crt",
                "Destination": "/tls/app.test.crt",
                "Mode": "",
                "RW": false,
                "Propagation": "rprivate"
            },
            {
                "Type": "bind",
                "Source": "/tmp/cinatoken-g7-private-R4qOk7/tls/app.test.key",
                "Destination": "/tls/app.test.key",
                "Mode": "",
                "RW": false,
                "Propagation": "rprivate"
            }
        ],
        "Config": {
            "Hostname": "a3583eee76d5",
            "Domainname": "",
            "User": "",
            "AttachStdin": false,
            "AttachStdout": true,
            "AttachStderr": true,
            "ExposedPorts": {
                "80/tcp": {}
            },
            "Tty": false,
            "OpenStdin": false,
            "StdinOnce": false,
            "Env": [
                "PATH=/usr/local/sbin:/usr/local/bin:/usr/sbin:/usr/bin:/sbin:/bin",
                "NGINX_VERSION=1.30.5",
                "PKG_RELEASE=1",
                "DYNPKG_RELEASE=1",
                "NJS_VERSION=1.0.1",
                "NJS_RELEASE=1",
                "ACME_VERSION=0.4.1"
            ],
            "Cmd": [
                "nginx",
                "-g",
                "daemon off;"
            ],
            "Image": "sha256:43d9d8c1f8968f09df8c1aa6c136ecc617e62d64fe4c0b24c97de4eb210bd973",
            "Volumes": null,
            "WorkingDir": "/",
            "Entrypoint": [
                "/docker-entrypoint.sh"
            ],
            "OnBuild": null,
            "Labels": {
                "cinatoken.g7.owner": "g7-8a88cf68945741d1843b63f670b4d364",
                "maintainer": "NGINX Docker Maintainers <docker-maint@nginx.com>"
            },
            "StopSignal": "SIGQUIT"
        },
        "NetworkSettings": {
            "Bridge": "",
            "SandboxID": "facfc22a9b4b8984b87a3d4ce2ac443a84efd45493120bcf392aec75bb8e00cc",
            "SandboxKey": "/var/run/docker/netns/facfc22a9b4b",
            "Ports": {},
            "HairpinMode": false,
            "LinkLocalIPv6Address": "",
            "LinkLocalIPv6PrefixLen": 0,
            "SecondaryIPAddresses": null,
            "SecondaryIPv6Addresses": null,
            "EndpointID": "",
            "Gateway": "",
            "GlobalIPv6Address": "",
            "GlobalIPv6PrefixLen": 0,
            "IPAddress": "",
            "IPPrefixLen": 0,
            "IPv6Gateway": "",
            "MacAddress": "",
            "Networks": {
                "g7-8a88cf68945741d1843b63f670b4d364-app": {
                    "IPAMConfig": {},
                    "Links": null,
                    "Aliases": [],
                    "MacAddress": "ee:6e:4e:ec:0a:50",
                    "DriverOpts": {},
                    "GwPriority": 0,
                    "NetworkID": "6a977c3a0ce5d2508ccf8ffdd48f1453fcea5b8ba9d3b100c0d147c8b54dcd7b",
                    "EndpointID": "30ca3a4fae2186de4a36c14cdb1684949fa919272dc959fe8b0ce340c6eb567c",
                    "Gateway": "",
                    "IPAddress": "172.19.0.6",
                    "IPPrefixLen": 16,
                    "IPv6Gateway": "",
                    "GlobalIPv6Address": "",
                    "GlobalIPv6PrefixLen": 0,
                    "DNSNames": [
                        "g7-8a88cf68945741d1843b63f670b4d364-ingress",
                        "a3583eee76d5"
                    ]
                },
                "g7-8a88cf68945741d1843b63f670b4d364-client": {
                    "IPAMConfig": null,
                    "Links": null,
                    "Aliases": [
                        "app.test"
                    ],
                    "MacAddress": "6e:13:9f:e7:64:97",
                    "DriverOpts": null,
                    "GwPriority": 0,
                    "NetworkID": "e292f8bd9c48488b917c9ff7806f9874630964a94e806b651cdaa87fb1be43f7",
                    "EndpointID": "66e627c06bae829a718f5e79b00de05b2f33336c0c65024b83df83c1c0a0be08",
                    "Gateway": "",
                    "IPAddress": "172.18.0.2",
                    "IPPrefixLen": 16,
                    "IPv6Gateway": "",
                    "GlobalIPv6Address": "",
                    "GlobalIPv6PrefixLen": 0,
                    "DNSNames": [
                        "g7-8a88cf68945741d1843b63f670b4d364-ingress",
                        "app.test",
                        "a3583eee76d5"
                    ]
                }
            }
        }
    }
]
