The files belonging to this database system will be owned by user "postgres".
This user must also own the server process.

The database cluster will be initialized with locale "en_US.utf8".
The default database encoding has accordingly been set to "UTF8".
The default text search configuration will be set to "english".

Data page checksums are disabled.

fixing permissions on existing directory /var/lib/postgresql/data ... ok
creating subdirectories ... ok
selecting dynamic shared memory implementation ... posix
selecting default max_connections ... 100
selecting default shared_buffers ... 128MB
selecting default time zone ... UTC
creating configuration files ... ok
running bootstrap script ... ok
performing post-bootstrap initialization ... ok
syncing data to disk ... ok


Success. You can now start the database server using:

    pg_ctl -D /var/lib/postgresql/data -l logfile start

waiting for server to start....2026-10-06 02:32:31.087 UTC [59] LOG:  starting PostgreSQL 16.15 on x86_64-pc-linux-musl, compiled by gcc (Alpine 15.2.0) 15.2.0, 64-bit
2026-10-06 02:32:31.088 UTC [59] LOG:  listening on Unix socket "/var/run/postgresql/.s.PGSQL.5432"
2026-10-06 02:32:31.090 UTC [62] LOG:  database system was shut down at 2026-10-06 02:32:30 UTC
2026-10-06 02:32:31.094 UTC [59] LOG:  database system is ready to accept connections
 done
server started
CREATE DATABASE


/usr/local/bin/docker-entrypoint.sh: ignoring /docker-entrypoint-initdb.d/*

waiting for server to shut down...2026-10-06 02:32:31.236 UTC [59] LOG:  received fast shutdown request
.2026-10-06 02:32:31.237 UTC [59] LOG:  aborting any active transactions
2026-10-06 02:32:31.240 UTC [59] LOG:  background worker "logical replication launcher" (PID 65) exited with exit code 1
2026-10-06 02:32:31.240 UTC [60] LOG:  shutting down
2026-10-06 02:32:31.241 UTC [60] LOG:  checkpoint starting: shutdown immediate
2026-10-06 02:32:31.256 UTC [60] LOG:  checkpoint complete: wrote 926 buffers (5.7%); 0 WAL file(s) added, 0 removed, 0 recycled; write=0.013 s, sync=0.002 s, total=0.017 s; sync files=301, longest=0.001 s, average=0.001 s; distance=4283 kB, estimate=4283 kB; lsn=0/1925D60, redo lsn=0/1925D60
2026-10-06 02:32:31.264 UTC [59] LOG:  database system is shut down
 done
server stopped

PostgreSQL init process complete; ready for start up.

