[
    {
        "Id": "8e4bdcfe94f575988d47d94ecfa71321c2b1ba23af78f24d37a582ad8e831f4b",
        "Created": "2026-10-06T02:32:31.60728746Z",
        "Path": "/app/docker/entrypoint.migrate.sh",
        "Args": [],
        "State": {
            "Status": "exited",
            "Running": false,
            "Paused": false,
            "Restarting": false,
            "OOMKilled": false,
            "Dead": false,
            "Pid": 0,
            "ExitCode": 0,
            "Error": "",
            "StartedAt": "2026-10-06T02:32:32.854563243Z",
            "FinishedAt": "2026-10-06T02:32:33.080709245Z"
        },
        "Image": "sha256:01797866e9000fbbd45301dcfaef959edbddf2d2ccc27eb9b65ac29829b0dca9",
        "ResolvConfPath": "/var/lib/docker/containers/8e4bdcfe94f575988d47d94ecfa71321c2b1ba23af78f24d37a582ad8e831f4b/resolv.conf",
        "HostnamePath": "/var/lib/docker/containers/8e4bdcfe94f575988d47d94ecfa71321c2b1ba23af78f24d37a582ad8e831f4b/hostname",
        "HostsPath": "/var/lib/docker/containers/8e4bdcfe94f575988d47d94ecfa71321c2b1ba23af78f24d37a582ad8e831f4b/hosts",
        "LogPath": "/var/lib/docker/containers/8e4bdcfe94f575988d47d94ecfa71321c2b1ba23af78f24d37a582ad8e831f4b/8e4bdcfe94f575988d47d94ecfa71321c2b1ba23af78f24d37a582ad8e831f4b-json.log",
        "Name": "/g7-8a88cf68945741d1843b63f670b4d364-migrate",
        "RestartCount": 0,
        "Driver": "overlay2",
        "Platform": "linux",
        "MountLabel": "",
        "ProcessLabel": "",
        "AppArmorProfile": "docker-default",
        "ExecIDs": null,
        "HostConfig": {
            "Binds": null,
            "ContainerIDFile": "",
            "LogConfig": {
                "Type": "json-file",
                "Config": {}
            },
            "NetworkMode": "g7-8a88cf68945741d1843b63f670b4d364-db",
            "PortBindings": {},
            "RestartPolicy": {
                "Name": "no",
                "MaximumRetryCount": 0
            },
            "AutoRemove": false,
            "VolumeDriver": "",
            "VolumesFrom": null,
            "ConsoleSize": [
                0,
                0
            ],
            "CapAdd": null,
            "CapDrop": null,
            "CgroupnsMode": "private",
            "Dns": [],
            "DnsOptions": [],
            "DnsSearch": [],
            "ExtraHosts": null,
            "GroupAdd": null,
            "IpcMode": "private",
            "Cgroup": "",
            "Links": null,
            "OomScoreAdj": 0,
            "PidMode": "",
            "Privileged": false,
            "PublishAllPorts": false,
            "ReadonlyRootfs": false,
            "SecurityOpt": null,
            "UTSMode": "",
            "UsernsMode": "",
            "ShmSize": 67108864,
            "Runtime": "runc",
            "Isolation": "",
            "CpuShares": 0,
            "Memory": 0,
            "NanoCpus": 0,
            "CgroupParent": "",
            "BlkioWeight": 0,
            "BlkioWeightDevice": [],
            "BlkioDeviceReadBps": [],
            "BlkioDeviceWriteBps": [],
            "BlkioDeviceReadIOps": [],
            "BlkioDeviceWriteIOps": [],
            "CpuPeriod": 0,
            "CpuQuota": 0,
            "CpuRealtimePeriod": 0,
            "CpuRealtimeRuntime": 0,
            "CpusetCpus": "",
            "CpusetMems": "",
            "Devices": [],
            "DeviceCgroupRules": null,
            "DeviceRequests": null,
            "MemoryReservation": 0,
            "MemorySwap": 0,
            "MemorySwappiness": null,
            "OomKillDisable": null,
            "PidsLimit": null,
            "Ulimits": [],
            "CpuCount": 0,
            "CpuPercent": 0,
            "IOMaximumIOps": 0,
            "IOMaximumBandwidth": 0,
            "MaskedPaths": [
                "/proc/asound",
                "/proc/acpi",
                "/proc/interrupts",
                "/proc/kcore",
                "/proc/keys",
                "/proc/latency_stats",
                "/proc/timer_list",
                "/proc/timer_stats",
                "/proc/sched_debug",
                "/proc/scsi",
                "/sys/firmware",
                "/sys/devices/virtual/powercap"
            ],
            "ReadonlyPaths": [
                "/proc/bus",
                "/proc/fs",
                "/proc/irq",
                "/proc/sys",
                "/proc/sysrq-trigger"
            ]
        },
        "GraphDriver": {
            "Data": {
                "ID": "8e4bdcfe94f575988d47d94ecfa71321c2b1ba23af78f24d37a582ad8e831f4b",
                "LowerDir": "/var/lib/docker/overlay2/8171e93c5bd3e2cf7b0404496e42f2ad7e87022c53030b9411f3e0300f2956c1-init/diff:/var/lib/docker/overlay2/6cpgleayvzeiynvnaem9fxhpr/diff:/var/lib/docker/overlay2/zku9uvuhubt7paynbn1070ex1/diff:/var/lib/docker/overlay2/3v3arjci617pvdo8620jxoccn/diff:/var/lib/docker/overlay2/bhph2hsi6q367gxw62kgwp4b7/diff:/var/lib/docker/overlay2/0rnhlqziyp2j3v5zfz2bpduuy/diff:/var/lib/docker/overlay2/tkeoqvmf1v49vuue0c8qdcu3x/diff:/var/lib/docker/overlay2/gwso1ycq8g20u65g1kpjs8qre/diff:/var/lib/docker/overlay2/zqcvl21h2375ck3sg417q6ykb/diff:/var/lib/docker/overlay2/yxy34czkxdpe45qjlstnphyb0/diff:/var/lib/docker/overlay2/9i27nmq4i4oz632og5dl08xux/diff:/var/lib/docker/overlay2/0dbc652ec6fab134aed8e900b6cf3c2fd9d7096109db11d2989d55bc673f88bc/diff:/var/lib/docker/overlay2/7eeb7da616888c0b14972b022038f33035f7d0bde45e4ee6dd3138022933d316/diff:/var/lib/docker/overlay2/605f0c743350fec83c89abc3a244f57465320826da8de8d6dca11988407dacb2/diff:/var/lib/docker/overlay2/b98c447331a3bd062b2486eea5c71fc91da5869987092257bc175115d784d64f/diff",
                "MergedDir": "/var/lib/docker/overlay2/8171e93c5bd3e2cf7b0404496e42f2ad7e87022c53030b9411f3e0300f2956c1/merged",
                "UpperDir": "/var/lib/docker/overlay2/8171e93c5bd3e2cf7b0404496e42f2ad7e87022c53030b9411f3e0300f2956c1/diff",
                "WorkDir": "/var/lib/docker/overlay2/8171e93c5bd3e2cf7b0404496e42f2ad7e87022c53030b9411f3e0300f2956c1/work"
            },
            "Name": "overlay2"
        },
        "Mounts": [],
        "Config": {
            "Hostname": "8e4bdcfe94f5",
            "Domainname": "",
            "User": "",
            "AttachStdin": false,
            "AttachStdout": true,
            "AttachStderr": true,
            "Tty": false,
            "OpenStdin": false,
            "StdinOnce": false,
            "Env": [
                "DATABASE_DRIVER=postgres",
                "DATABASE_URL=postgres://postgres:[REDACTED-G7-EPHEMERAL]@pg:5432/g7",
                "SHARED_KEY_ENCRYPTION_SECRET=[REDACTED-G7-EPHEMERAL]",
                "AUTO_MIGRATE=false",
                "PATH=/usr/local/sbin:/usr/local/bin:/usr/sbin:/usr/bin:/sbin:/bin",
                "NODE_VERSION=22.22.2",
                "YARN_VERSION=1.22.22",
                "NODE_ENV=production"
            ],
            "Cmd": null,
            "Image": "sha256:01797866e9000fbbd45301dcfaef959edbddf2d2ccc27eb9b65ac29829b0dca9",
            "Volumes": null,
            "WorkingDir": "/app",
            "Entrypoint": [
                "/app/docker/entrypoint.migrate.sh"
            ],
            "OnBuild": null,
            "Labels": {
                "cinatoken.g7.owner": "g7-8a88cf68945741d1843b63f670b4d364"
            }
        },
        "NetworkSettings": {
            "Bridge": "",
            "SandboxID": "",
            "SandboxKey": "",
            "Ports": {},
            "HairpinMode": false,
            "LinkLocalIPv6Address": "",
            "LinkLocalIPv6PrefixLen": 0,
            "SecondaryIPAddresses": null,
            "SecondaryIPv6Addresses": null,
            "EndpointID": "",
            "Gateway": "",
            "GlobalIPv6Address": "",
            "GlobalIPv6PrefixLen": 0,
            "IPAddress": "",
            "IPPrefixLen": 0,
            "IPv6Gateway": "",
            "MacAddress": "",
            "Networks": {
                "g7-8a88cf68945741d1843b63f670b4d364-db": {
                    "IPAMConfig": null,
                    "Links": null,
                    "Aliases": null,
                    "MacAddress": "",
                    "DriverOpts": null,
                    "GwPriority": 0,
                    "NetworkID": "6f810ce679f8278ca7834f8ff3a5d5b1064a83fc6f539933fb2dd13af8592df4",
                    "EndpointID": "",
                    "Gateway": "",
                    "IPAddress": "",
                    "IPPrefixLen": 0,
                    "IPv6Gateway": "",
                    "GlobalIPv6Address": "",
                    "GlobalIPv6PrefixLen": 0,
                    "DNSNames": [
                        "g7-8a88cf68945741d1843b63f670b4d364-migrate",
                        "8e4bdcfe94f5"
                    ]
                }
            }
        }
    }
]
