node:internal/modules/run_main:107
    triggerUncaughtException(
    ^

AssertionError [ERR_ASSERTION]: Expected values to be strictly equal:
+ actual - expected

+ 'Run gosu postgres env HOME=/var/lib/postgresql GATEWAY_NATIVE_PG_BIN=/usr/lib/postgresql/18/bin \\'
- null

    at file:///C:/Users/cina/AppData/Local/Temp/cinatoken-remaining-six-native-minimal-inventory-354b4a0c896f91a10fd126f8/bind-original-gh-six-metadata.mjs:4:120
    at Array.map (<anonymous>)
    at file:///C:/Users/cina/AppData/Local/Temp/cinatoken-remaining-six-native-minimal-inventory-354b4a0c896f91a10fd126f8/bind-original-gh-six-metadata.mjs:4:34
    at ModuleJob.run (node:internal/modules/esm/module_job:430:25)
    at async onImport.tracePromise.__proto__ (node:internal/modules/esm/loader:661:26)
    at async asyncRunEntryPointWithESMLoader (node:internal/modules/run_main:101:5) {
  generatedMessage: true,
  code: 'ERR_ASSERTION',
  actual: 'Run gosu postgres env HOME=/var/lib/postgresql GATEWAY_NATIVE_PG_BIN=/usr/lib/postgresql/18/bin \\',
  expected: null,
  operator: 'strictEqual',
  diff: 'simple'
}

Node.js v24.14.1
