[
    {
        "Id": "sha256:43d9d8c1f8968f09df8c1aa6c136ecc617e62d64fe4c0b24c97de4eb210bd973",
        "RepoTags": [
            "nginx:stable-alpine"
        ],
        "RepoDigests": [
            "nginx@sha256:0985e772fb9f729e6fa0980da05fca5d9c468e870eed43071545afa9d2e27d94"
        ],
        "Parent": "",
        "Comment": "buildkit.dockerfile.v0",
        "Created": "2026-09-22T22:10:35.538281979Z",
        "DockerVersion": "",
        "Author": "",
        "Config": {
            "Hostname": "",
            "Domainname": "",
            "User": "",
            "AttachStdin": false,
            "AttachStdout": false,
            "AttachStderr": false,
            "ExposedPorts": {
                "80/tcp": {}
            },
            "Tty": false,
            "OpenStdin": false,
            "StdinOnce": false,
            "Env": [
                "PATH=/usr/local/sbin:/usr/local/bin:/usr/sbin:/usr/bin:/sbin:/bin",
                "NGINX_VERSION=1.30.5",
                "PKG_RELEASE=1",
                "DYNPKG_RELEASE=1",
                "NJS_VERSION=1.0.1",
                "NJS_RELEASE=1",
                "ACME_VERSION=0.4.1"
            ],
            "Cmd": [
                "nginx",
                "-g",
                "daemon off;"
            ],
            "Image": "",
            "Volumes": null,
            "WorkingDir": "/",
            "Entrypoint": [
                "/docker-entrypoint.sh"
            ],
            "OnBuild": null,
            "Labels": {
                "maintainer": "NGINX Docker Maintainers <docker-maint@nginx.com>"
            },
            "StopSignal": "SIGQUIT"
        },
        "Architecture": "amd64",
        "Os": "linux",
        "Size": 62374029,
        "GraphDriver": {
            "Data": {
                "LowerDir": "/var/lib/docker/overlay2/9e60fb048b761d69b52429fa7167a0b4dbd35fff5bc358fcd8cf1f2fa3015a78/diff:/var/lib/docker/overlay2/9c60cc9d9a58c7c5e3542c3ab113ce0dd527d82147d41d59eee3920a359b5e61/diff:/var/lib/docker/overlay2/3a233896e626c00003785a15d76473c7af0e59c47f07d569bea807f26ff76f12/diff:/var/lib/docker/overlay2/4bbdd3620c585318185eb88bac2ff2d18b964e05692bd41be3d877a1aa0c8594/diff:/var/lib/docker/overlay2/3ca4ec2845f1bb1c763a681542d76c414a103b336b7352583494c7b3f32ae853/diff:/var/lib/docker/overlay2/cebac3982dac5480158896dc2df2edde22c37230c37e4b832e7e0e81bc3365c8/diff:/var/lib/docker/overlay2/2ae0b48eecfe9a6e2756191da34c38096ffcefcfe60a3735da2ca81df409a0ef/diff",
                "MergedDir": "/var/lib/docker/overlay2/e3411c5417e7612c6dd5d188b5ede74a8740e1bb9d637f35c53696d121275e7f/merged",
                "UpperDir": "/var/lib/docker/overlay2/e3411c5417e7612c6dd5d188b5ede74a8740e1bb9d637f35c53696d121275e7f/diff",
                "WorkDir": "/var/lib/docker/overlay2/e3411c5417e7612c6dd5d188b5ede74a8740e1bb9d637f35c53696d121275e7f/work"
            },
            "Name": "overlay2"
        },
        "RootFS": {
            "Type": "layers",
            "Layers": [
                "sha256:74d97c428c51a828f9051a7a40a53ff1fc99e54fc30323ce36760701b0b7f711",
                "sha256:2d3fbe0ca19dd389108f7e9a1d89ec5c1f1d7dc3c11fb2123bc425fed39c5f22",
                "sha256:ed752e851ebe79a0e72be1fd48e90474d36ae2bb2ddccff2475f8e050c20a804",
                "sha256:ec2b9a359ab960e2254545e79e9bca77edaeefb652d97b26855217fb8a9c80b3",
                "sha256:267e83adf4c4e342b08cbe40814662493e030c88311c720fbce2f0d7c809f3f4",
                "sha256:8fb5da5ad6fa936ba8c24999da33095b2b6c5fd2bcf4aa22acbf299b0e7294df",
                "sha256:0d250d8db7c20b3c0bd3059b3431dd47f130cb81e7a4c7820950139daafb91d6",
                "sha256:e46f4042ccf5f36d1605617ef6912bdaac437fa0bca12530e77529b191eb02fa"
            ]
        },
        "Metadata": {
            "LastTagTime": "0001-01-01T00:00:00Z"
        }
    }
]
