[
    {
        "Id": "62e37bbcaab3566835dafaf682f202a1d249e4b00d99259ebe6ea6668ae42206",
        "Created": "2026-10-06T02:10:02.733476074Z",
        "Path": "/app/docker/entrypoint.migrate.sh",
        "Args": [],
        "State": {
            "Status": "exited",
            "Running": false,
            "Paused": false,
            "Restarting": false,
            "OOMKilled": false,
            "Dead": false,
            "Pid": 0,
            "ExitCode": 0,
            "Error": "",
            "StartedAt": "2026-10-06T02:10:03.969183955Z",
            "FinishedAt": "2026-10-06T02:10:04.198775303Z"
        },
        "Image": "sha256:40d8750553426890d16c7ecf9d866fa631f5c4fdd420e5a80939280fcd8a4cdf",
        "ResolvConfPath": "/var/lib/docker/containers/62e37bbcaab3566835dafaf682f202a1d249e4b00d99259ebe6ea6668ae42206/resolv.conf",
        "HostnamePath": "/var/lib/docker/containers/62e37bbcaab3566835dafaf682f202a1d249e4b00d99259ebe6ea6668ae42206/hostname",
        "HostsPath": "/var/lib/docker/containers/62e37bbcaab3566835dafaf682f202a1d249e4b00d99259ebe6ea6668ae42206/hosts",
        "LogPath": "/var/lib/docker/containers/62e37bbcaab3566835dafaf682f202a1d249e4b00d99259ebe6ea6668ae42206/62e37bbcaab3566835dafaf682f202a1d249e4b00d99259ebe6ea6668ae42206-json.log",
        "Name": "/g7-6225aa47d5aa463cbcbb48bc4c983312-migrate",
        "RestartCount": 0,
        "Driver": "overlay2",
        "Platform": "linux",
        "MountLabel": "",
        "ProcessLabel": "",
        "AppArmorProfile": "docker-default",
        "ExecIDs": null,
        "HostConfig": {
            "Binds": null,
            "ContainerIDFile": "",
            "LogConfig": {
                "Type": "json-file",
                "Config": {}
            },
            "NetworkMode": "g7-6225aa47d5aa463cbcbb48bc4c983312-db",
            "PortBindings": {},
            "RestartPolicy": {
                "Name": "no",
                "MaximumRetryCount": 0
            },
            "AutoRemove": false,
            "VolumeDriver": "",
            "VolumesFrom": null,
            "ConsoleSize": [
                0,
                0
            ],
            "CapAdd": null,
            "CapDrop": null,
            "CgroupnsMode": "private",
            "Dns": [],
            "DnsOptions": [],
            "DnsSearch": [],
            "ExtraHosts": null,
            "GroupAdd": null,
            "IpcMode": "private",
            "Cgroup": "",
            "Links": null,
            "OomScoreAdj": 0,
            "PidMode": "",
            "Privileged": false,
            "PublishAllPorts": false,
            "ReadonlyRootfs": false,
            "SecurityOpt": null,
            "UTSMode": "",
            "UsernsMode": "",
            "ShmSize": 67108864,
            "Runtime": "runc",
            "Isolation": "",
            "CpuShares": 0,
            "Memory": 0,
            "NanoCpus": 0,
            "CgroupParent": "",
            "BlkioWeight": 0,
            "BlkioWeightDevice": [],
            "BlkioDeviceReadBps": [],
            "BlkioDeviceWriteBps": [],
            "BlkioDeviceReadIOps": [],
            "BlkioDeviceWriteIOps": [],
            "CpuPeriod": 0,
            "CpuQuota": 0,
            "CpuRealtimePeriod": 0,
            "CpuRealtimeRuntime": 0,
            "CpusetCpus": "",
            "CpusetMems": "",
            "Devices": [],
            "DeviceCgroupRules": null,
            "DeviceRequests": null,
            "MemoryReservation": 0,
            "MemorySwap": 0,
            "MemorySwappiness": null,
            "OomKillDisable": null,
            "PidsLimit": null,
            "Ulimits": [],
            "CpuCount": 0,
            "CpuPercent": 0,
            "IOMaximumIOps": 0,
            "IOMaximumBandwidth": 0,
            "MaskedPaths": [
                "/proc/asound",
                "/proc/acpi",
                "/proc/interrupts",
                "/proc/kcore",
                "/proc/keys",
                "/proc/latency_stats",
                "/proc/timer_list",
                "/proc/timer_stats",
                "/proc/sched_debug",
                "/proc/scsi",
                "/sys/firmware",
                "/sys/devices/virtual/powercap"
            ],
            "ReadonlyPaths": [
                "/proc/bus",
                "/proc/fs",
                "/proc/irq",
                "/proc/sys",
                "/proc/sysrq-trigger"
            ]
        },
        "GraphDriver": {
            "Data": {
                "ID": "62e37bbcaab3566835dafaf682f202a1d249e4b00d99259ebe6ea6668ae42206",
                "LowerDir": "/var/lib/docker/overlay2/79a1202d9031d9da89c74627e3c75aaf4970c93d896a09aa9b27e220b0ff7328-init/diff:/var/lib/docker/overlay2/rl7dan9oxwb56ltjzntmp9bnl/diff:/var/lib/docker/overlay2/j2e2eeqilz7xxnzeqo0ekk9cq/diff:/var/lib/docker/overlay2/rkw2lygrddvgyi4tfvep4oar2/diff:/var/lib/docker/overlay2/wp2z8sjnh3u7dt2qdtzguaoj3/diff:/var/lib/docker/overlay2/w08dc7lazhicv5nx8yzoqfwtv/diff:/var/lib/docker/overlay2/luujqyk56ygyd4twd0j6i5pob/diff:/var/lib/docker/overlay2/mugi3vgogbs2u67f031ci4t53/diff:/var/lib/docker/overlay2/2zglgkq3rmtcei5wshdjpyd06/diff:/var/lib/docker/overlay2/z4wh9h0z8fcinsfqk5v3yeyjx/diff:/var/lib/docker/overlay2/bv4how5eskczeb35v6ev20fc5/diff:/var/lib/docker/overlay2/f4eb7746dc843e9be00b51a55829b6fc60de7f26084cdb3d3e80a15a724f75bb/diff:/var/lib/docker/overlay2/c0a745408f5b5ea2568eae9eb382d4bce6c9600a21e2c8f895a61154f3072bf8/diff:/var/lib/docker/overlay2/5e82ec449ad38ae32c187043d6a09074d55a9cdbefc82f953a07f43505730f14/diff:/var/lib/docker/overlay2/6e8a777904560941f3a80d635a8fd7fc1331cbeedb7fe2f5258bfacec416a971/diff",
                "MergedDir": "/var/lib/docker/overlay2/79a1202d9031d9da89c74627e3c75aaf4970c93d896a09aa9b27e220b0ff7328/merged",
                "UpperDir": "/var/lib/docker/overlay2/79a1202d9031d9da89c74627e3c75aaf4970c93d896a09aa9b27e220b0ff7328/diff",
                "WorkDir": "/var/lib/docker/overlay2/79a1202d9031d9da89c74627e3c75aaf4970c93d896a09aa9b27e220b0ff7328/work"
            },
            "Name": "overlay2"
        },
        "Mounts": [],
        "Config": {
            "Hostname": "62e37bbcaab3",
            "Domainname": "",
            "User": "",
            "AttachStdin": false,
            "AttachStdout": true,
            "AttachStderr": true,
            "Tty": false,
            "OpenStdin": false,
            "StdinOnce": false,
            "Env": [
                "DATABASE_DRIVER=postgres",
                "DATABASE_URL=postgres://postgres:[REDACTED-G7-EPHEMERAL]@pg:5432/g7",
                "SHARED_KEY_ENCRYPTION_SECRET=[REDACTED-G7-EPHEMERAL]",
                "AUTO_MIGRATE=false",
                "PATH=/usr/local/sbin:/usr/local/bin:/usr/sbin:/usr/bin:/sbin:/bin",
                "NODE_VERSION=22.22.2",
                "YARN_VERSION=1.22.22",
                "NODE_ENV=production"
            ],
            "Cmd": null,
            "Image": "sha256:40d8750553426890d16c7ecf9d866fa631f5c4fdd420e5a80939280fcd8a4cdf",
            "Volumes": null,
            "WorkingDir": "/app",
            "Entrypoint": [
                "/app/docker/entrypoint.migrate.sh"
            ],
            "OnBuild": null,
            "Labels": {
                "cinatoken.g7.owner": "g7-6225aa47d5aa463cbcbb48bc4c983312"
            }
        },
        "NetworkSettings": {
            "Bridge": "",
            "SandboxID": "",
            "SandboxKey": "",
            "Ports": {},
            "HairpinMode": false,
            "LinkLocalIPv6Address": "",
            "LinkLocalIPv6PrefixLen": 0,
            "SecondaryIPAddresses": null,
            "SecondaryIPv6Addresses": null,
            "EndpointID": "",
            "Gateway": "",
            "GlobalIPv6Address": "",
            "GlobalIPv6PrefixLen": 0,
            "IPAddress": "",
            "IPPrefixLen": 0,
            "IPv6Gateway": "",
            "MacAddress": "",
            "Networks": {
                "g7-6225aa47d5aa463cbcbb48bc4c983312-db": {
                    "IPAMConfig": null,
                    "Links": null,
                    "Aliases": null,
                    "MacAddress": "",
                    "DriverOpts": null,
                    "GwPriority": 0,
                    "NetworkID": "81c31e60062b8fad8f38a136f0071debad77fe41e5eb57bd74469a7298893263",
                    "EndpointID": "",
                    "Gateway": "",
                    "IPAddress": "",
                    "IPPrefixLen": 0,
                    "IPv6Gateway": "",
                    "GlobalIPv6Address": "",
                    "GlobalIPv6PrefixLen": 0,
                    "DNSNames": [
                        "g7-6225aa47d5aa463cbcbb48bc4c983312-migrate",
                        "62e37bbcaab3"
                    ]
                }
            }
        }
    }
]
