[
    {
        "Name": "g7-6225aa47d5aa463cbcbb48bc4c983312-db",
        "Id": "81c31e60062b8fad8f38a136f0071debad77fe41e5eb57bd74469a7298893263",
        "Created": "2026-10-06T02:10:00.694107025Z",
        "Scope": "local",
        "Driver": "bridge",
        "EnableIPv4": true,
        "EnableIPv6": false,
        "IPAM": {
            "Driver": "default",
            "Options": {},
            "Config": [
                {
                    "Subnet": "172.20.0.0/16",
                    "Gateway": "172.20.0.1"
                }
            ]
        },
        "Internal": true,
        "Attachable": false,
        "Ingress": false,
        "ConfigFrom": {
            "Network": ""
        },
        "ConfigOnly": false,
        "Containers": {},
        "Options": {},
        "Labels": {
            "cinatoken.g7.owner": "g7-6225aa47d5aa463cbcbb48bc4c983312"
        }
    }
]
