node:internal/modules/run_main:107
    triggerUncaughtException(
    ^

AssertionError [ERR_ASSERTION]: Expected values to be strictly deep-equal:
+ actual - expected

+ Buffer(503) [Uint8Array] [
+   123,
+   10,
+   32,
+   32,
+   34,
+   97,
+   116,
+   34,
+   58,
+   32,
+   34,
+   50,
+   48,
+   50,
+   54,
+   45,
+   49,
+   48,
+   45,
+   48,
+   54,
+   84,
+   48,
+   49,
+   58,
+   50,
+   48,
+   58,
+   49,
+   48,
+   46,
+   56,
+   55,
+   51,
+   90,
+   34,
+   44,
+   10,
+   32,
+   32,
+   34,
+   99,
+   108,
+   111,
+   115,
+   101,
+   100,
+   34,
+   58,
+   32,
+   116,
+   114,
+   117,
+   101,
+   44,
+   10,
+   32,
+   32,
+   34,
+   97,
+   99,
+   116,
+   117,
+   97,
+   108,
+   69,
+   120,
+   105,
+   116,
+   67,
+   111,
+   100,
+   101,
+   34,
+   58,
+   32,
+   48,
+   44,
+   10,
+   32,
+   32,
+   34,
+   99,
+   111,
+   112,
+   105,
+   101,
+   100,
+   70,
+   105,
+   108,
+   101,
+   115,
+   34,
+   58,
+   32,
+   55,
+   52,
+   48,
+   44,
+   10,
+   32,
+   32,
+   34,
+   114,
+   101,
+   112,
+   111,
+   114,
+   116,
+   66,
+   121,
+   116,
+   101,
+   115,
+   34,
+   58,
+   32,
+   57,
+   53,
+   49,
+   48,
+   57,
+   57,
+   44,
+   10,
+   32,
+   32,
+   34,
+   114,
+   101,
+   112,
+   111,
+   114,
+   116,
+   83,
+   104,
+   97,
+   50,
+   53,
+   54,
+   34,
+   58,
+   32,
+   34,
+   97,
+   53,
+   57,
+   51,
+   50,
+   56,
+   52,
+   53,
+   53,
+   101,
+   100,
+   55,
+   49,
+   98,
+   48,
+   98,
+   101,
+   48,
+   56,
+   100,
+   56,
+   99,
+   52,
+   100,
+   50,
+   50,
+   101,
+   56,
+   49,
+   97,
+   48,
+   100,
+   98,
+   50,
+   49,
+   99,
+   57,
+   52,
+   99,
+   97,
+   100,
+   51,
+   100,
+   99,
+   49,
+   55,
+   57,
+   98,
+   97,
+   100,
+   56,
+   57,
+   51,
+   97,
+   54,
+   102,
+   100,
+   48,
+   51,
+   101,
+   48,
+   99,
+   101,
+   100,
+   34,
+   44,
+   10,
+   32,
+   32,
+   34,
+   115,
+   116,
+   111,
+   114,
+   101,
+   100,
+   66,
+   121,
+   116,
+   101,
+   115,
+   34,
+   58,
+   32,
+   55,
+   49,
+   48,
+   55,
+   51,
+   52,
+   55,
+   44,
+   10,
+   32,
+   32,
+   34,
+   111,
+   114,
+   105,
+   103,
+   105,
+   110,
+   97,
+   108,
+   83,
+   111,
+   117,
+   114,
+   99,
+   101,
+   69,
+   118,
+   105,
+   100,
+   101,
+   110,
+   99,
+   101,
+   78,
+   111,
+   116,
+   77,
+   111,
+   100,
+   105,
+   102,
+   105,
+   101,
+   100,
+   34,
+   58,
+   32,
+   116,
+   114,
+   117,
+   101,
+   44,
+   10,
+   32,
+   32,
+   34,
+   103,
+   97,
+   116,
+   101,
+   80,
+   97,
+   115,
+   115,
+   68,
+   101,
+   114,
+   105,
+   118,
+   101,
+   100,
+   34,
+   58,
+   32,
+   102,
+   97,
+   108,
+   115,
+   101,
+   44,
+   10,
+   32,
+   32,
+   34,
+   97,
+   116,
+   116,
+   114,
+   105,
+   98,
+   117,
+   116,
+   101,
+   115,
+   66,
+   101,
+   102,
+   111,
+   114,
+   101,
+   83,
+   104,
+   97,
+   50,
+   53,
+   54,
+   34,
+   58,
+   32,
+   34,
+   55,
+   48,
+   98,
+   54,
+   52,
+   101,
+   52,
+   99,
+   52,
+   57,
+   100,
+   97,
+   52,
+   56,
+   50,
+   54,
+   98,
+   56,
+   52,
+   54,
+   50,
+   56,
+   50,
+   56,
+   53,
+   50,
+   55,
+   100,
+   97,
+   52,
+   51,
+   100,
+   50,
+   50,
+   56,
+   52,
+   98,
+   98,
+   52,
+   98,
+   102,
+   56,
+   97,
+   98,
+   98,
+   56,
+   54,
+   52,
+   54,
+   102,
+   53,
+   55,
+   55,
+   99,
+   57,
+   48,
+   57,
+   97,
+   49,
+   101,
+   51,
+   56,
+   57,
+   100,
+   34,
+   44,
+   10,
+   32,
+   32,
+   34,
+   97,
+   116,
+   116,
+   114,
+   105,
+   98,
+   117,
+   116,
+   101,
+   115,
+   65,
+   102,
+   116,
+   101,
+   114,
+   83,
+   104,
+   97,
+   50,
+   53,
+   54,
+   34,
+   58,
+   32,
+   34,
+   56,
+   53,
+   48,
+   55,
+   54,
+   51,
+   99,
+   49,
+   48,
+   98,
+   57,
+   98,
+   97,
+   97,
+   52,
+   100,
+   51,
+   98,
+   97,
+   55,
+   56,
+   98,
+   56,
+   52,
+   57,
+   99,
+   51,
+   55,
+   102,
+   57,
+   52,
+   101,
+   57,
+   49,
+   54,
+   51,
+   52,
+   49,
+   48,
+   102,
+   52,
+   101,
+   50,
+   54,
+   57,
+   102,
+   101,
+   57,
+   55,
+   50,
+   101,
+   57,
+   99,
+   102,
+   102,
+   51,
+   98,
+   50,
+   55,
+   56,
+   57,
+   50,
+   53,
+   55,
+   34,
+   10,
+   125,
+   10
+ ]
- '{\n' +
-   '  "at": "2026-10-06T01:20:10.873Z",\n' +
-   '  "closed": true,\n' +
-   '  "actualExitCode": 0,\n' +
-   '  "copiedFiles": 740,\n' +
-   '  "reportBytes": 951099,\n' +
-   '  "reportSha256": "a59328455ed71b0be08d8c4d22e81a0db21c94cad3dc179bad893a6fd03e0ced",\n' +
-   '  "storedBytes": 7107347,\n' +
-   '  "originalSourceEvidenceNotModified": true,\n' +
-   '  "gatePassDerived": false,\n' +
-   '  "attributesBeforeSha256": "70b64e4c49da4826b8462828527da43d2284bb4bf8abb8646f577c909a1e389d",\n' +
-   '  "attributesAfterSha256": "850763c10b9baa4d3ba78b849c37f94e9163410f4e269fe972e9cff3b2789257"\n' +
-   '}\n'

    at write (file:///C:/Users/cina/AppData/Local/Temp/cinatoken-pg73-durable-meta-e44792174d9f42358287aa571b1ba35e/finalize-durable-evidence.mjs:13:109)
    at file:///C:/Users/cina/AppData/Local/Temp/cinatoken-pg73-durable-meta-e44792174d9f42358287aa571b1ba35e/finalize-durable-evidence.mjs:30:2
    at ModuleJob.run (node:internal/modules/esm/module_job:430:25)
    at async onImport.tracePromise.__proto__ (node:internal/modules/esm/loader:661:26)
    at async asyncRunEntryPointWithESMLoader (node:internal/modules/run_main:101:5) {
  generatedMessage: true,
  code: 'ERR_ASSERTION',
  actual: Buffer(503) [Uint8Array] [
    123,  10,  32,  32,  34,  97, 116,  34,  58,  32,  34,  50,
     48,  50,  54,  45,  49,  48,  45,  48,  54,  84,  48,  49,
     58,  50,  48,  58,  49,  48,  46,  56,  55,  51,  90,  34,
     44,  10,  32,  32,  34,  99, 108, 111, 115, 101, 100,  34,
     58,  32, 116, 114, 117, 101,  44,  10,  32,  32,  34,  97,
     99, 116, 117,  97, 108,  69, 120, 105, 116,  67, 111, 100,
    101,  34,  58,  32,  48,  44,  10,  32,  32,  34,  99, 111,
    112, 105, 101, 100,  70, 105, 108, 101, 115,  34,  58,  32,
     55,  52,  48,  44,
    ... 403 more items
  ],
  expected: '{\n' +
    '  "at": "2026-10-06T01:20:10.873Z",\n' +
    '  "closed": true,\n' +
    '  "actualExitCode": 0,\n' +
    '  "copiedFiles": 740,\n' +
    '  "reportBytes": 951099,\n' +
    '  "reportSha256": "a59328455ed71b0be08d8c4d22e81a0db21c94cad3dc179bad893a6fd03e0ced",\n' +
    '  "storedBytes": 7107347,\n' +
    '  "originalSourceEvidenceNotModified": true,\n' +
    '  "gatePassDerived": false,\n' +
    '  "attributesBeforeSha256": "70b64e4c49da4826b8462828527da43d2284bb4bf8abb8646f577c909a1e389d",\n' +
    '  "attributesAfterSha256": "850763c10b9baa4d3ba78b849c37f94e9163410f4e269fe972e9cff3b2789257"\n' +
    '}\n',
  operator: 'deepStrictEqual',
  diff: 'simple'
}

Node.js v24.14.1
