{"progress":"page-checked","route":"/en","kind":"public","http":200,"pagesChecked":1}
{"progress":"page-checked","route":"/en/models","kind":"public","http":200,"pagesChecked":2}
{"progress":"page-checked","route":"/en/providers","kind":"public","http":200,"pagesChecked":3}
{"progress":"page-checked","route":"/en/compare","kind":"public","http":200,"pagesChecked":4}
{"progress":"page-checked","route":"/en/chat","kind":"public","http":200,"pagesChecked":5}
{"progress":"page-checked","route":"/en/rankings","kind":"public","http":200,"pagesChecked":6}
{"progress":"page-checked","route":"/en/benchmarks","kind":"public","http":200,"pagesChecked":7}
{"progress":"page-checked","route":"/en/models/cinatoken-smoke-missing/no-such-model","kind":"missing-model","http":404,"pagesChecked":8}
{"progress":"page-checked","route":"/account","kind":"account","http":200,"pagesChecked":9}
{"progress":"page-checked","route":"/account/keys","kind":"account","http":200,"pagesChecked":10}
{"progress":"page-checked","route":"/account/byok","kind":"account","http":200,"pagesChecked":11}
{"progress":"page-checked","route":"/account/activity","kind":"account","http":200,"pagesChecked":12}
{"progress":"page-checked","route":"/account/earnings","kind":"account","http":200,"pagesChecked":13}
{"progress":"page-checked","route":"/account/nft","kind":"account","http":200,"pagesChecked":14}
{"progress":"page-checked","route":"/account/withdraw","kind":"account","http":200,"pagesChecked":15}
{"progress":"page-checked","route":"/account/presets","kind":"account","http":200,"pagesChecked":16}
{"progress":"page-checked","route":"/account/guardrails","kind":"account","http":200,"pagesChecked":17}
{"progress":"page-checked","route":"/account/settings","kind":"account","http":200,"pagesChecked":18}
{"progress":"page-checked","route":"/admin","kind":"admin","http":200,"pagesChecked":19}
{"progress":"page-checked","route":"/admin/users","kind":"admin","http":200,"pagesChecked":20}
{"progress":"page-checked","route":"/admin/users/00000000-0000-4000-8000-000000000000","kind":"admin","http":200,"pagesChecked":21}
{"progress":"page-checked","route":"/admin/providers","kind":"admin","http":200,"pagesChecked":22}
{"progress":"page-checked","route":"/admin/models","kind":"admin","http":200,"pagesChecked":23}
{"progress":"page-checked","route":"/admin/endpoints","kind":"admin","http":200,"pagesChecked":24}
{"progress":"page-checked","route":"/admin/routes","kind":"admin","http":200,"pagesChecked":25}
{"progress":"page-checked","route":"/admin/data-policies","kind":"admin","http":200,"pagesChecked":26}
{"progress":"page-checked","route":"/admin/presets","kind":"admin","http":200,"pagesChecked":27}
{"progress":"page-checked","route":"/admin/guardrails","kind":"admin","http":200,"pagesChecked":28}
{"progress":"page-checked","route":"/admin/analytics/reliability","kind":"admin","http":200,"pagesChecked":29}
{"progress":"page-checked","route":"/admin/analytics/models","kind":"admin","http":200,"pagesChecked":30}
{"progress":"page-checked","route":"/admin/analytics/providers","kind":"admin","http":200,"pagesChecked":31}
{"progress":"page-checked","route":"/admin/analytics/users","kind":"admin","http":200,"pagesChecked":32}
{"progress":"page-checked","route":"/admin/request-logs","kind":"admin","http":200,"pagesChecked":33}
{"progress":"page-checked","route":"/admin/audit-logs","kind":"admin","http":200,"pagesChecked":34}
{"progress":"page-checked","route":"/admin/tools/invocations","kind":"admin","http":200,"pagesChecked":35}
{"progress":"page-checked","route":"/admin/config/timezone","kind":"admin","http":200,"pagesChecked":36}
{"progress":"page-checked","route":"/admin/config","kind":"admin","http":200,"pagesChecked":37}
{"progress":"page-checked","route":"/admin/admin-api-keys","kind":"admin","http":200,"pagesChecked":38}
{"progress":"page-checked","route":"/admin/keys","kind":"admin","http":200,"pagesChecked":39}
{"progress":"page-checked","route":"/admin/shared-keys","kind":"admin","http":200,"pagesChecked":40}
{"progress":"page-checked","route":"/admin/tools","kind":"admin","http":200,"pagesChecked":41}
{"progress":"page-checked","route":"/admin/playground","kind":"admin","http":200,"pagesChecked":42}
{"progress":"page-checked","route":"/admin/simulator","kind":"admin","http":200,"pagesChecked":43}
{"progress":"page-checked","route":"/admin/withdrawals","kind":"admin","http":200,"pagesChecked":44}
{"progress":"page-checked","route":"/admin/nft-mints","kind":"admin","http":200,"pagesChecked":45}
{"actualExit":0,"outcome":"PASS_REAL_WEB_ENTRY_ANONYMOUS_GATES_AND_THEME_LOCALE_MOBILE","evidence":{"path":"C:\\Users\\cina\\AppData\\Local\\Temp\\cinatoken-independent-web-browser-696cc8df85ea423aa0d2545df155d197\\cutover-3847955-v2-07c0e12a.json","bytes":145742,"sha256":"9b1529f158958d33ba9c25c0987cd8c563f7c1db204c4878a871e19b11bc36c2"},"pages":45,"screenshots":[{"name":"public-1","path":"C:\\Users\\cina\\AppData\\Local\\Temp\\cinatoken-independent-web-browser-696cc8df85ea423aa0d2545df155d197\\cutover-3847955-v2-07c0e12a-public-1.png","bytes":54114,"sha256":"3c3002c14200c075db9cb4077fc6926e1543c1dbc907150ee4981237dd71fbe6"},{"name":"public-2","path":"C:\\Users\\cina\\AppData\\Local\\Temp\\cinatoken-independent-web-browser-696cc8df85ea423aa0d2545df155d197\\cutover-3847955-v2-07c0e12a-public-2.png","bytes":43244,"sha256":"5fb6d929409d6c4eb21441f7f98a937612d2c0cf85761b56a29922fd86ca7dc2"},{"name":"account-9","path":"C:\\Users\\cina\\AppData\\Local\\Temp\\cinatoken-independent-web-browser-696cc8df85ea423aa0d2545df155d197\\cutover-3847955-v2-07c0e12a-account-9.png","bytes":23753,"sha256":"a99bb9d22fd16eaebd41e31ccceef6363f27760a9d6c0d6e3e6be1c6f5c4b8fb"},{"name":"admin-19","path":"C:\\Users\\cina\\AppData\\Local\\Temp\\cinatoken-independent-web-browser-696cc8df85ea423aa0d2545df155d197\\cutover-3847955-v2-07c0e12a-admin-19.png","bytes":25449,"sha256":"3903b8a1ace00a01f66aa85758c1fdd71fd081e2d3b8b76c1967475ed3cf94f2"},{"name":"desktop-dark","path":"C:\\Users\\cina\\AppData\\Local\\Temp\\cinatoken-independent-web-browser-696cc8df85ea423aa0d2545df155d197\\cutover-3847955-v2-07c0e12a-desktop-dark.png","bytes":55028,"sha256":"0ec81d2dfcfcd8b5b473ce3dc99cdc4691e4221032efe8d179803149719665f3"},{"name":"mobile-zh-dark","path":"C:\\Users\\cina\\AppData\\Local\\Temp\\cinatoken-independent-web-browser-696cc8df85ea423aa0d2545df155d197\\cutover-3847955-v2-07c0e12a-mobile-zh-dark.png","bytes":32357,"sha256":"99d1b467918686bc194528cedcaea3af125bba176eda06fd803b050ab12c7ea6"}],"pageErrors":[],"unknownHTTPErrors":[],"unexplainedConsoleErrors":[],"expectedAnonymous401":37,"contextClosed":true,"browserClosed":true}
