warning: unable to access 'C:\Users\cina/.config/git/ignore': Permission denied
node:internal/child_process:1119
    result.error = new ErrnoException(result.error, 'spawnSync ' + options.file);
                   ^

<ref *1> Error: spawnSync C:/Program Files/Git/cmd/git.exe ENAMETOOLONG
    at Object.spawnSync (node:internal/child_process:1119:20)
    at spawnSync (node:child_process:911:24)
    at execFileSync (node:child_process:954:15)
    at file:///C:/Users/cina/AppData/Local/Temp/cinatoken-web-followup-da56f69292e44387886a9cc8ffa36638/audit-staged-fresh.mjs:17:13
    at ModuleJob.run (node:internal/modules/esm/module_job:430:25)
    at async onImport.tracePromise.__proto__ (node:internal/modules/esm/loader:661:26)
    at async asyncRunEntryPointWithESMLoader (node:internal/modules/run_main:101:5) {
  errno: -4064,
  code: 'ENAMETOOLONG',
  syscall: 'spawnSync C:/Program Files/Git/cmd/git.exe',
  path: 'C:/Program Files/Git/cmd/git.exe',
  spawnargs: [
    '-c',
    'core.longpaths=true',
    'ls-files',
    '--stage',
    '-z',
    '--',
    'docs/developers/architecture/evidence/2026-10-06-native-retention-and-http-backlog-preparation/README.md',
    'docs/developers/architecture/evidence/2026-10-06-native-retention-and-http-backlog-preparation/ci-6e2/CLOSED-byte-and-semantic-audit.json',
    'docs/developers/architecture/evidence/2026-10-06-native-retention-and-http-backlog-preparation/ci-6e2/FINAL-ci-terminal-observer.json',
    'docs/developers/architecture/evidence/2026-10-06-native-retention-and-http-backlog-preparation/ci-6e2/INITIAL-ci-state.json',
    'docs/developers/architecture/evidence/2026-10-06-native-retention-and-http-backlog-preparation/ci-6e2/TERMINAL-STOPWRITE-SEAL.json',
    'docs/developers/architecture/evidence/2026-10-06-native-retention-and-http-backlog-preparation/ci-6e2/TERMINAL-ci-collection.json',
    'docs/developers/architecture/evidence/2026-10-06-native-retention-and-http-backlog-preparation/ci-6e2/analyze-terminal.closed.json',
    'docs/developers/architecture/evidence/2026-10-06-native-retention-and-http-backlog-preparation/ci-6e2/analyze-terminal.mjs',
    'docs/developers/architecture/evidence/2026-10-06-native-retention-and-http-backlog-preparation/ci-6e2/analyze-terminal.stderr.log',
    'docs/developers/architecture/evidence/2026-10-06-native-retention-and-http-backlog-preparation/ci-6e2/analyze-terminal.stdout.log',
    'docs/developers/architecture/evidence/2026-10-06-native-retention-and-http-backlog-preparation/ci-6e2/analyze-tool-syntax.closed.json',
    'docs/developers/architecture/evidence/2026-10-06-native-retention-and-http-backlog-preparation/ci-6e2/analyze-tool-syntax.stderr.log',
    'docs/developers/architecture/evidence/2026-10-06-native-retention-and-http-backlog-preparation/ci-6e2/analyze-tool-syntax.stdout.log',
    'docs/developers/architecture/evidence/2026-10-06-native-retention-and-http-backlog-preparation/ci-6e2/capture.mjs',
    'docs/developers/architecture/evidence/2026-10-06-native-retention-and-http-backlog-preparation/ci-6e2/close-audit.closed.json',
    'docs/developers/architecture/evidence/2026-10-06-native-retention-and-http-backlog-preparation/ci-6e2/close-audit.mjs',
    'docs/developers/architecture/evidence/2026-10-06-native-retention-and-http-backlog-preparation/ci-6e2/close-audit.stderr.log',
    'docs/developers/architecture/evidence/2026-10-06-native-retention-and-http-backlog-preparation/ci-6e2/close-audit.stdout.log',
    'docs/developers/architecture/evidence/2026-10-06-native-retention-and-http-backlog-preparation/ci-6e2/collect-terminal.closed.json',
    'docs/developers/architecture/evidence/2026-10-06-native-retention-and-http-backlog-preparation/ci-6e2/collect-terminal.mjs',
    'docs/developers/architecture/evidence/2026-10-06-native-retention-and-http-backlog-preparation/ci-6e2/collect-terminal.stderr.log',
    'docs/developers/architecture/evidence/2026-10-06-native-retention-and-http-backlog-preparation/ci-6e2/collect-terminal.stdout.log',
    'docs/developers/architecture/evidence/2026-10-06-native-retention-and-http-backlog-preparation/ci-6e2/collect-tool-syntax.closed.json',
    'docs/developers/architecture/evidence/2026-10-06-native-retention-and-http-backlog-preparation/ci-6e2/collect-tool-syntax.stderr.log',
    'docs/developers/architecture/evidence/2026-10-06-native-retention-and-http-backlog-preparation/ci-6e2/collect-tool-syntax.stdout.log',
    'docs/developers/architecture/evidence/2026-10-06-native-retention-and-http-backlog-preparation/ci-6e2/commit-runs.closed.json',
    'docs/developers/architecture/evidence/2026-10-06-native-retention-and-http-backlog-preparation/ci-6e2/commit-runs.stderr.log',
    'docs/developers/architecture/evidence/2026-10-06-native-retention-and-http-backlog-preparation/ci-6e2/commit-runs.stdout.log',
    'docs/developers/architecture/evidence/2026-10-06-native-retention-and-http-backlog-preparation/ci-6e2/compose-initial.closed.json',
    'docs/developers/architecture/evidence/2026-10-06-native-retention-and-http-backlog-preparation/ci-6e2/compose-initial.stderr.log',
    'docs/developers/architecture/evidence/2026-10-06-native-retention-and-http-backlog-preparation/ci-6e2/compose-initial.stdout.log',
    'docs/developers/architecture/evidence/2026-10-06-native-retention-and-http-backlog-preparation/ci-6e2/compose-terminal.closed.json',
    'docs/developers/architecture/evidence/2026-10-06-native-retention-and-http-backlog-preparation/ci-6e2/compose-terminal.stderr.log',
    'docs/developers/architecture/evidence/2026-10-06-native-retention-and-http-backlog-preparation/ci-6e2/compose-terminal.stdout.log',
    'docs/developers/architecture/evidence/2026-10-06-native-retention-and-http-backlog-preparation/ci-6e2/dispatch-terminal.closed.json',
    'docs/developers/architecture/evidence/2026-10-06-native-retention-and-http-backlog-preparation/ci-6e2/dispatch-terminal.stderr.log',
    'docs/developers/architecture/evidence/2026-10-06-native-retention-and-http-backlog-preparation/ci-6e2/dispatch-terminal.stdout.log.gz',
    'docs/developers/architecture/evidence/2026-10-06-native-retention-and-http-backlog-preparation/ci-6e2/native-terminal.closed.json',
    'docs/developers/architecture/evidence/2026-10-06-native-retention-and-http-backlog-preparation/ci-6e2/native-terminal.stderr.log',
    'docs/developers/architecture/evidence/2026-10-06-native-retention-and-http-backlog-preparation/ci-6e2/native-terminal.stdout.log.gz',
    'docs/developers/architecture/evidence/2026-10-06-native-retention-and-http-backlog-preparation/ci-6e2/observe-initial.closed.json',
    'docs/developers/architecture/evidence/2026-10-06-native-retention-and-http-backlog-preparation/ci-6e2/observe-initial.mjs',
    'docs/developers/architecture/evidence/2026-10-06-native-retention-and-http-backlog-preparation/ci-6e2/observe-initial.stderr.log',
    'docs/developers/architecture/evidence/2026-10-06-native-retention-and-http-backlog-preparation/ci-6e2/observe-initial.stdout.log',
    'docs/developers/architecture/evidence/2026-10-06-native-retention-and-http-backlog-preparation/ci-6e2/observe-progress.closed.json',
    'docs/developers/architecture/evidence/2026-10-06-native-retention-and-http-backlog-preparation/ci-6e2/observe-progress.mjs',
    'docs/developers/architecture/evidence/2026-10-06-native-retention-and-http-backlog-preparation/ci-6e2/observe-progress.stderr.log',
    'docs/developers/architecture/evidence/2026-10-06-native-retention-and-http-backlog-preparation/ci-6e2/observe-progress.stdout.log',
    'docs/developers/architecture/evidence/2026-10-06-native-retention-and-http-backlog-preparation/ci-6e2/original-proxy-workflow.closed.json',
    'docs/developers/architecture/evidence/2026-10-06-native-retention-and-http-backlog-preparation/ci-6e2/original-proxy-workflow.stderr.log',
    'docs/developers/architecture/evidence/2026-10-06-native-retention-and-http-backlog-preparation/ci-6e2/original-proxy-workflow.stdout.log',
    'docs/developers/architecture/evidence/2026-10-06-native-retention-and-http-backlog-preparation/ci-6e2/original-workflow-map.json',
    'docs/developers/architecture/evidence/2026-10-06-native-retention-and-http-backlog-preparation/ci-6e2/prepare-map.closed.json',
    'docs/developers/architecture/evidence/2026-10-06-native-retention-and-http-backlog-preparation/ci-6e2/prepare-map.mjs',
    'docs/developers/architecture/evidence/2026-10-06-native-retention-and-http-backlog-preparation/ci-6e2/prepare-map.stderr.log',
    'docs/developers/architecture/evidence/2026-10-06-native-retention-and-http-backlog-preparation/ci-6e2/prepare-map.stdout.log',
    'docs/developers/architecture/evidence/2026-10-06-native-retention-and-http-backlog-preparation/ci-6e2/prepare-watch-recovery.closed.json',
    'docs/developers/architecture/evidence/2026-10-06-native-retention-and-http-backlog-preparation/ci-6e2/prepare-watch-recovery.mjs',
    'docs/developers/architecture/evidence/2026-10-06-native-retention-and-http-backlog-preparation/ci-6e2/prepare-watch-recovery.stderr.log',
    'docs/developers/architecture/evidence/2026-10-06-native-retention-and-http-backlog-preparation/ci-6e2/prepare-watch-recovery.stdout.log',
    'docs/developers/architecture/evidence/2026-10-06-native-retention-and-http-backlog-preparation/ci-6e2/proxy-initial.closed.json',
    'docs/developers/architecture/evidence/2026-10-06-native-retention-and-http-backlog-preparation/ci-6e2/proxy-initial.stderr.log',
    'docs/developers/architecture/evidence/2026-10-06-native-retention-and-http-backlog-preparation/ci-6e2/proxy-initial.stdout.log',
    'docs/developers/architecture/evidence/2026-10-06-native-retention-and-http-backlog-preparation/ci-6e2/proxy-progress-1.closed.json',
    'docs/developers/architecture/evidence/2026-10-06-native-retention-and-http-backlog-preparation/ci-6e2/proxy-progress-1.stderr.log',
    'docs/developers/architecture/evidence/2026-10-06-native-retention-and-http-backlog-preparation/ci-6e2/proxy-progress-1.stdout.log',
    'docs/developers/architecture/evidence/2026-10-06-native-retention-and-http-backlog-preparation/ci-6e2/proxy-terminal.closed.json',
    'docs/developers/architecture/evidence/2026-10-06-native-retention-and-http-backlog-preparation/ci-6e2/proxy-terminal.stderr.log',
    'docs/developers/architecture/evidence/2026-10-06-native-retention-and-http-backlog-preparation/ci-6e2/proxy-terminal.stdout.log',
    'docs/developers/architecture/evidence/2026-10-06-native-retention-and-http-backlog-preparation/ci-6e2/proxy-watch-1.closed.json',
    'docs/developers/architecture/evidence/2026-10-06-native-retention-and-http-backlog-preparation/ci-6e2/proxy-watch-1.stderr.log',
    'docs/developers/architecture/evidence/2026-10-06-native-retention-and-http-backlog-preparation/ci-6e2/proxy-watch-1.stdout.log',
    'docs/developers/architecture/evidence/2026-10-06-native-retention-and-http-backlog-preparation/ci-6e2/proxy-watch-2.closed.json',
    'docs/developers/architecture/evidence/2026-10-06-native-retention-and-http-backlog-preparation/ci-6e2/proxy-watch-2.stderr.log',
    'docs/developers/architecture/evidence/2026-10-06-native-retention-and-http-backlog-preparation/ci-6e2/proxy-watch-2.stdout.log.gz',
    'docs/developers/architecture/evidence/2026-10-06-native-retention-and-http-backlog-preparation/ci-6e2/release-initial.closed.json',
    'docs/developers/architecture/evidence/2026-10-06-native-retention-and-http-backlog-preparation/ci-6e2/release-initial.stderr.log',
    'docs/developers/architecture/evidence/2026-10-06-native-retention-and-http-backlog-preparation/ci-6e2/release-initial.stdout.log',
    'docs/developers/architecture/evidence/2026-10-06-native-retention-and-http-backlog-preparation/ci-6e2/run.mjs',
    'docs/developers/architecture/evidence/2026-10-06-native-retention-and-http-backlog-preparation/ci-6e2/seal-terminal.mjs',
    'docs/developers/architecture/evidence/2026-10-06-native-retention-and-http-backlog-preparation/ci-6e2/verify-initial.closed.json',
    'docs/developers/architecture/evidence/2026-10-06-native-retention-and-http-backlog-preparation/ci-6e2/verify-initial.stderr.log',
    'docs/developers/architecture/evidence/2026-10-06-native-retention-and-http-backlog-preparation/ci-6e2/verify-initial.stdout.log',
    'docs/developers/architecture/evidence/2026-10-06-native-retention-and-http-backlog-preparation/ci-6e2/watch-proxy-2.mjs',
    'docs/developers/architecture/evidence/2026-10-06-native-retention-and-http-backlog-preparation/ci-6e2/watch-proxy.mjs',
    'docs/developers/architecture/evidence/2026-10-06-native-retention-and-http-backlog-preparation/ci-6e2/web-initial.closed.json',
    'docs/developers/architecture/evidence/2026-10-06-native-retention-and-http-backlog-preparation/ci-6e2/web-initial.stderr.log',
    'docs/developers/architecture/evidence/2026-10-06-native-retention-and-http-backlog-preparation/ci-6e2/web-initial.stdout.log',
    'docs/developers/architecture/evidence/2026-10-06-native-retention-and-http-backlog-preparation/ci-6e2/web-terminal.closed.json',
    'docs/developers/architecture/evidence/2026-10-06-native-retention-and-http-backlog-preparation/ci-6e2/web-terminal.stderr.log',
    'docs/developers/architecture/evidence/2026-10-06-native-retention-and-http-backlog-preparation/ci-6e2/web-terminal.stdout.log',
    'docs/developers/architecture/evidence/2026-10-06-native-retention-and-http-backlog-preparation/collection.json',
    'docs/developers/architecture/evidence/2026-10-06-native-retention-and-http-backlog-preparation/queued-v1-owner/FINAL-queued-write-candidate-preparation.json',
    'docs/developers/architecture/evidence/2026-10-06-native-retention-and-http-backlog-preparation/queued-v1-owner/STOPWRITE.json',
    ... 167 more items
  ],
  error: [Circular *1],
  status: null,
  signal: null,
  output: null,
  pid: 0,
  stdout: undefined,
  stderr: undefined
}

Node.js v24.14.1
