[main c9fc6e7b] fix(smoke): use supported Workerd observation redirect mode
 45 files changed, 24854 insertions(+), 3 deletions(-)
 create mode 100644 docs/developers/architecture/evidence/2026-10-06-web-build-environment-and-product-sse/linux-2e-and-observer-fix/fixture-manual-observe-prepare.result.json
 create mode 100644 docs/developers/architecture/evidence/2026-10-06-web-build-environment-and-product-sse/linux-2e-and-observer-fix/fixture-manual-observe-prepare.stderr.log
 create mode 100644 docs/developers/architecture/evidence/2026-10-06-web-build-environment-and-product-sse/linux-2e-and-observer-fix/fixture-manual-observe-prepare.stdout.log
 create mode 100644 docs/developers/architecture/evidence/2026-10-06-web-build-environment-and-product-sse/linux-2e-and-observer-fix/index.json
 create mode 100644 docs/developers/architecture/evidence/2026-10-06-web-build-environment-and-product-sse/linux-2e-and-observer-fix/product-2e-download.result.json
 create mode 100644 docs/developers/architecture/evidence/2026-10-06-web-build-environment-and-product-sse/linux-2e-and-observer-fix/product-2e-download.stderr.log
 create mode 100644 docs/developers/architecture/evidence/2026-10-06-web-build-environment-and-product-sse/linux-2e-and-observer-fix/product-2e-download.stdout.log
 create mode 100644 docs/developers/architecture/evidence/2026-10-06-web-build-environment-and-product-sse/linux-2e-and-observer-fix/product-2e-full-log.result.json
 create mode 100644 docs/developers/architecture/evidence/2026-10-06-web-build-environment-and-product-sse/linux-2e-and-observer-fix/product-2e-full-log.stderr.log
 create mode 100644 docs/developers/architecture/evidence/2026-10-06-web-build-environment-and-product-sse/linux-2e-and-observer-fix/product-2e-full-log.stdout.log
 create mode 100644 docs/developers/architecture/evidence/2026-10-06-web-build-environment-and-product-sse/linux-2e-and-observer-fix/product-2e-metadata.result.json
 create mode 100644 docs/developers/architecture/evidence/2026-10-06-web-build-environment-and-product-sse/linux-2e-and-observer-fix/product-2e-metadata.stderr.log
 create mode 100644 docs/developers/architecture/evidence/2026-10-06-web-build-environment-and-product-sse/linux-2e-and-observer-fix/product-2e-metadata.stdout.log
 create mode 100644 docs/developers/architecture/evidence/2026-10-06-web-build-environment-and-product-sse/linux-2e-and-observer-fix/product-2e-terminal-watch.result.json
 create mode 100644 docs/developers/architecture/evidence/2026-10-06-web-build-environment-and-product-sse/linux-2e-and-observer-fix/product-2e-terminal-watch.stderr.log
 create mode 100644 docs/developers/architecture/evidence/2026-10-06-web-build-environment-and-product-sse/linux-2e-and-observer-fix/product-2e-terminal-watch.stdout.log
 create mode 100644 docs/developers/architecture/evidence/2026-10-06-web-build-environment-and-product-sse/linux-2e-and-observer-fix/product-artifact/product-sse-cancel-37450342919-1/executor.json
 create mode 100644 docs/developers/architecture/evidence/2026-10-06-web-build-environment-and-product-sse/linux-2e-and-observer-fix/product-artifact/product-sse-cancel-37450342919-1/fixture/bundle-metafile.json
 create mode 100644 docs/developers/architecture/evidence/2026-10-06-web-build-environment-and-product-sse/linux-2e-and-observer-fix/product-artifact/product-sse-cancel-37450342919-1/fixture/events.ndjson
 create mode 100644 docs/developers/architecture/evidence/2026-10-06-web-build-environment-and-product-sse/linux-2e-and-observer-fix/product-artifact/product-sse-cancel-37450342919-1/fixture/report.json
 create mode 100644 docs/developers/architecture/evidence/2026-10-06-web-build-environment-and-product-sse/linux-2e-and-observer-fix/product-artifact/product-sse-cancel-37450342919-1/fixture/worker-bundle.mjs
 create mode 100644 docs/developers/architecture/evidence/2026-10-06-web-build-environment-and-product-sse/linux-2e-and-observer-fix/product-artifact/product-sse-cancel-37450342919-1/fixture/worker-source.mjs
 create mode 100644 docs/developers/architecture/evidence/2026-10-06-web-build-environment-and-product-sse/linux-2e-and-observer-fix/product-artifact/product-sse-cancel-37450342919-1/stderr.log
 create mode 100644 docs/developers/architecture/evidence/2026-10-06-web-build-environment-and-product-sse/linux-2e-and-observer-fix/product-artifact/product-sse-cancel-37450342919-1/stdout.log
 create mode 100644 docs/developers/architecture/evidence/2026-10-06-web-build-environment-and-product-sse/linux-2e-and-observer-fix/product-artifact/product-sse-web-dependencies-37450342919-1.log
 create mode 100644 docs/developers/architecture/evidence/2026-10-06-web-build-environment-and-product-sse/linux-2e-and-observer-fix/push-peer-followup.result.json
 create mode 100644 docs/developers/architecture/evidence/2026-10-06-web-build-environment-and-product-sse/linux-2e-and-observer-fix/push-peer-followup.stderr.log
 create mode 100644 docs/developers/architecture/evidence/2026-10-06-web-build-environment-and-product-sse/linux-2e-and-observer-fix/push-peer-followup.stdout.log
 create mode 100644 docs/developers/architecture/evidence/2026-10-06-web-build-environment-and-product-sse/linux-2e-and-observer-fix/release-2e-verify.result.json
 create mode 100644 docs/developers/architecture/evidence/2026-10-06-web-build-environment-and-product-sse/linux-2e-and-observer-fix/release-2e-verify.stderr.log
 create mode 100644 docs/developers/architecture/evidence/2026-10-06-web-build-environment-and-product-sse/linux-2e-and-observer-fix/release-2e-verify.stdout.log
 create mode 100644 docs/developers/architecture/evidence/2026-10-06-web-build-environment-and-product-sse/linux-2e-and-observer-fix/web-2e-download.result.json
 create mode 100644 docs/developers/architecture/evidence/2026-10-06-web-build-environment-and-product-sse/linux-2e-and-observer-fix/web-2e-download.stderr.log
 create mode 100644 docs/developers/architecture/evidence/2026-10-06-web-build-environment-and-product-sse/linux-2e-and-observer-fix/web-2e-download.stdout.log
 create mode 100644 docs/developers/architecture/evidence/2026-10-06-web-build-environment-and-product-sse/linux-2e-and-observer-fix/web-2e-full-log.result.json
 create mode 100644 docs/developers/architecture/evidence/2026-10-06-web-build-environment-and-product-sse/linux-2e-and-observer-fix/web-2e-full-log.stderr.log
 create mode 100644 docs/developers/architecture/evidence/2026-10-06-web-build-environment-and-product-sse/linux-2e-and-observer-fix/web-2e-full-log.stdout.log.gz
 create mode 100644 docs/developers/architecture/evidence/2026-10-06-web-build-environment-and-product-sse/linux-2e-and-observer-fix/web-2e-metadata.result.json
 create mode 100644 docs/developers/architecture/evidence/2026-10-06-web-build-environment-and-product-sse/linux-2e-and-observer-fix/web-2e-metadata.stderr.log
 create mode 100644 docs/developers/architecture/evidence/2026-10-06-web-build-environment-and-product-sse/linux-2e-and-observer-fix/web-2e-metadata.stdout.log
 create mode 100644 docs/developers/architecture/evidence/2026-10-06-web-build-environment-and-product-sse/linux-2e-and-observer-fix/web-2e-terminal-watch.result.json
 create mode 100644 docs/developers/architecture/evidence/2026-10-06-web-build-environment-and-product-sse/linux-2e-and-observer-fix/web-2e-terminal-watch.stderr.log
 create mode 100644 docs/developers/architecture/evidence/2026-10-06-web-build-environment-and-product-sse/linux-2e-and-observer-fix/web-2e-terminal-watch.stdout.log
