
 ⛅️ wrangler 4.127.1
────────────────────

Cloudflare collects anonymous telemetry about your usage of Wrangler. Learn more at https://github.com/cloudflare/workers-sdk/tree/main/packages/wrangler/telemetry.md
Attaching additional modules:
┌───────────────────────┬──────┬──────────┐
│ Name                  │ Type │ Size     │
├───────────────────────┼──────┼──────────┤
│ index.mjs.LICENSE.txt │ text │ 2.37 KiB │
├───────────────────────┼──────┼──────────┤
│ Total (1 module)      │      │ 2.37 KiB │
└───────────────────────┴──────┴──────────┘
🌀 Building list of assets...
✨ Read 144 files from the assets directory C:\cinagroup\cinatoken\.release\web\web-2e40b9212b24-20261006-retained\assets
🌀 Starting asset upload...
🌀 Found 4 new or modified static assets to upload. Proceeding with upload...
+ /build-contract.json
+ /sources/web.8ef7f4b53718e7a13166d024c7976a4079426f66f76edccccd21134fad318d62.tar.gz
+ /sources/index.html
+ /sources/index.json
Uploaded 1 of 4 assets
Uploaded 2 of 4 assets
Uploaded 4 of 4 assets
✨ Success! Uploaded 4 files (134 already uploaded) (8.41 sec)

Total Upload: 1180.10 KiB / gzip: 366.97 KiB
Worker Startup Time: 1 ms
Your Worker has access to the following bindings:
Binding                                                                               Resource                  
env.CINATOKEN_ADMIN_SERVICE (cinatoken-admin)                                         Worker                    
env.ASSETS                                                                            Assets                    
env.CINATOKEN_WEB_PUBLIC_ENABLED ("true")                                             Environment Variable      
env.CINATOKEN_WEB_PUBLIC_ORIGIN ("https://cinatoken.com")                             Environment Variable      
env.CINATOKEN_WEB_PROXY_ORIGINS ("https://api.cinatoken.com")                         Environment Variable      
env.CINATOKEN_WEB_ACCOUNT_ENABLED ("true")                                            Environment Variable      
env.CINATOKEN_WEB_ADMIN_DASHBOARD_ENABLED ("true")                                    Environment Variable      
env.CINATOKEN_WEB_ADMIN_USERS_ENABLED ("true")                                        Environment Variable      
env.CINATOKEN_WEB_ADMIN_USER_DETAIL_ENABLED ("true")                                  Environment Variable      
env.CINATOKEN_WEB_ADMIN_PROVIDERS_ENABLED ("true")                                    Environment Variable      
env.CINATOKEN_WEB_ADMIN_MODELS_ENABLED ("true")                                       Environment Variable      
env.CINATOKEN_WEB_ADMIN_ENDPOINTS_ENABLED ("true")                                    Environment Variable      
env.CINATOKEN_WEB_ADMIN_ROUTES_ENABLED ("true")                                       Environment Variable      
env.CINATOKEN_WEB_ADMIN_DATA_POLICIES_ENABLED ("true")                                Environment Variable      
env.CINATOKEN_WEB_ADMIN_PRESETS_ENABLED ("true")                                      Environment Variable      
env.CINATOKEN_WEB_ADMIN_GUARDRAILS_ENABLED ("true")                                   Environment Variable      
env.CINATOKEN_WEB_ADMIN_RELIABILITY_ENABLED ("true")                                  Environment Variable      
env.CINATOKEN_WEB_ADMIN_MODEL_ANALYTICS_ENABLED ("true")                              Environment Variable      
env.CINATOKEN_WEB_ADMIN_PROVIDER_ANALYTICS_ENABLED ("true")                           Environment Variable      
env.CINATOKEN_WEB_ADMIN_USER_ANALYTICS_ENABLED ("true")                               Environment Variable      
env.CINATOKEN_WEB_ADMIN_REQUEST_LOGS_ENABLED ("true")                                 Environment Variable      
env.CINATOKEN_WEB_ADMIN_BUDGET_AUDIT_ENABLED ("true")                                 Environment Variable      
env.CINATOKEN_WEB_ADMIN_TOOL_INVOCATIONS_ENABLED ("true")                             Environment Variable      
env.CINATOKEN_WEB_ADMIN_CONFIG_TIMEZONE_ENABLED ("true")                              Environment Variable      
env.CINATOKEN_WEB_ADMIN_CONFIG_ENABLED ("true")                                       Environment Variable      
env.CINATOKEN_WEB_ADMIN_ACCESS_KEYS_ENABLED ("true")                                  Environment Variable      
env.CINATOKEN_WEB_ADMIN_KEYS_ENABLED ("true")                                         Environment Variable      
env.CINATOKEN_WEB_ADMIN_SHARED_KEYS_ENABLED ("true")                                  Environment Variable      
env.CINATOKEN_WEB_ADMIN_TOOLS_ENABLED ("true")                                        Environment Variable      
env.CINATOKEN_WEB_ADMIN_PLAYGROUND_ENABLED ("true")                                   Environment Variable      
env.CINATOKEN_WEB_ADMIN_SIMULATOR_ENABLED ("true")                                    Environment Variable      
env.CINATOKEN_WEB_ADMIN_WITHDRAWALS_ENABLED ("true")                                  Environment Variable      
env.CINATOKEN_WEB_ADMIN_NFT_MINTS_ENABLED ("true")                                    Environment Variable      

Uploaded cinatoken-web (22.42 sec)
No targets deployed for cinatoken-web (2.65 sec)
Current Version ID: a898c3fd-3df4-4e1d-bd97-da19936b3bfe
