2026-10-06T00:53:28.4088612Z Current runner version: '2.337.0'
2026-10-06T00:53:28.4115574Z ##[group]Runner Image Provisioner
2026-10-06T00:53:28.4116466Z Hosted Compute Agent
2026-10-06T00:53:28.4117133Z Version: 20260901.588
2026-10-06T00:53:28.4117762Z Commit: f88ec8081b781fac6c440065ac7ff9e710ce3d0b
2026-10-06T00:53:28.4118565Z Build Date: 2026-09-01T19:56:44Z
2026-10-06T00:53:28.4119573Z Worker ID: {893b1d7a-3546-4e5f-b3fc-fa85741d28cf}
2026-10-06T00:53:28.4120295Z Azure Region: eastus
2026-10-06T00:53:28.4120921Z ##[endgroup]
2026-10-06T00:53:28.4122458Z ##[group]Operating System
2026-10-06T00:53:28.4123089Z Ubuntu
2026-10-06T00:53:28.4123705Z 24.04.5
2026-10-06T00:53:28.4124244Z LTS
2026-10-06T00:53:28.4124777Z ##[endgroup]
2026-10-06T00:53:28.4125341Z ##[group]Runner Image
2026-10-06T00:53:28.4125958Z Image: ubuntu-24.04
2026-10-06T00:53:28.4126612Z Version: 20260927.320.1
2026-10-06T00:53:28.4127837Z Included Software: https://github.com/actions/runner-images/blob/ubuntu24/20260927.320/images/ubuntu/Ubuntu2404-Readme.md
2026-10-06T00:53:28.4129966Z Image Release: https://github.com/actions/runner-images/releases/tag/ubuntu24%2F20260927.320
2026-10-06T00:53:28.4131411Z ##[endgroup]
2026-10-06T00:53:28.4132581Z ##[group]GITHUB_TOKEN Permissions
2026-10-06T00:53:28.4134834Z Contents: read
2026-10-06T00:53:28.4135466Z Metadata: read
2026-10-06T00:53:28.4136021Z ##[endgroup]
2026-10-06T00:53:28.4138500Z Secret source: Actions
2026-10-06T00:53:28.4139955Z Cache mode: write
2026-10-06T00:53:28.4141028Z Prepare workflow directory
2026-10-06T00:53:28.4486319Z Prepare all required actions
2026-10-06T00:53:28.4539281Z Getting action download info
2026-10-06T00:53:28.6961815Z Download action repository 'actions/checkout@v4' (SHA:11d5960a326750d5838078e36cf38b85af677262)
2026-10-06T00:53:28.8365851Z Download action repository 'actions/setup-node@v4' (SHA:49933ea5288caeca8642d1e84afbd3f7d6820020)
2026-10-06T00:53:28.9667817Z Download action repository 'actions/upload-artifact@v4' (SHA:ea165f8d65b6e75b540449e92b4886f43607fa02)
2026-10-06T00:53:29.2295728Z Complete job name: cancellation-diagnostic
2026-10-06T00:53:29.3112784Z ##[group]Run actions/checkout@v4
2026-10-06T00:53:29.3113856Z with:
2026-10-06T00:53:29.3114329Z   persist-credentials: false
2026-10-06T00:53:29.3114861Z   repository: cinagroup/cinatoken
2026-10-06T00:53:29.3119172Z   token: ***
2026-10-06T00:53:29.3119619Z   ssh-strict: true
2026-10-06T00:53:29.3120051Z   ssh-user: git
2026-10-06T00:53:29.3120474Z   clean: true
2026-10-06T00:53:29.3120920Z   sparse-checkout-cone-mode: true
2026-10-06T00:53:29.3121450Z   fetch-depth: 1
2026-10-06T00:53:29.3121931Z   fetch-tags: false
2026-10-06T00:53:29.3122373Z   show-progress: true
2026-10-06T00:53:29.3122818Z   lfs: false
2026-10-06T00:53:29.3123228Z   submodules: false
2026-10-06T00:53:29.3123675Z   set-safe-directory: true
2026-10-06T00:53:29.3124184Z   allow-unsafe-pr-checkout: false
2026-10-06T00:53:29.3125030Z ##[endgroup]
2026-10-06T00:53:29.4263356Z Syncing repository: cinagroup/cinatoken
2026-10-06T00:53:29.4265774Z ##[group]Getting Git version info
2026-10-06T00:53:29.4266645Z Working directory is '/home/runner/work/cinatoken/cinatoken'
2026-10-06T00:53:29.4267721Z [command]/usr/bin/git version
2026-10-06T00:53:29.5216314Z git version 2.55.0
2026-10-06T00:53:29.5250494Z ##[endgroup]
2026-10-06T00:53:29.5266303Z Temporarily overriding HOME='/home/runner/work/_temp/62648116-52e0-431f-be6d-8fa821829a5e' before making global git config changes
2026-10-06T00:53:29.5269405Z Adding repository directory to the temporary git global config as a safe directory
2026-10-06T00:53:29.5271807Z [command]/usr/bin/git config --global --add safe.directory /home/runner/work/cinatoken/cinatoken
2026-10-06T00:53:29.5520277Z Deleting the contents of '/home/runner/work/cinatoken/cinatoken'
2026-10-06T00:53:29.5525345Z ##[group]Initializing the repository
2026-10-06T00:53:29.5530490Z [command]/usr/bin/git init /home/runner/work/cinatoken/cinatoken
2026-10-06T00:53:29.5979373Z hint: Using 'master' as the name for the initial branch. This default branch name
2026-10-06T00:53:29.5981632Z hint: will change to "main" in Git 3.0. To configure the initial branch name
2026-10-06T00:53:29.5983226Z hint: to use in all of your new repositories, which will suppress this warning,
2026-10-06T00:53:29.5984456Z hint: call:
2026-10-06T00:53:29.5985313Z hint:
2026-10-06T00:53:29.5986053Z hint: 	git config --global init.defaultBranch <name>
2026-10-06T00:53:29.5986925Z hint:
2026-10-06T00:53:29.5987916Z hint: Names commonly chosen instead of 'master' are 'main', 'trunk' and
2026-10-06T00:53:29.5989560Z hint: 'development'. The just-created branch can be renamed via this command:
2026-10-06T00:53:29.5990441Z hint:
2026-10-06T00:53:29.5990888Z hint: 	git branch -m <name>
2026-10-06T00:53:29.5991401Z hint:
2026-10-06T00:53:29.5992222Z hint: Disable this message with "git config set advice.defaultBranchName false"
2026-10-06T00:53:29.5993605Z Initialized empty Git repository in /home/runner/work/cinatoken/cinatoken/.git/
2026-10-06T00:53:29.5995514Z [command]/usr/bin/git remote add origin https://github.com/cinagroup/cinatoken
2026-10-06T00:53:29.6231910Z ##[endgroup]
2026-10-06T00:53:29.6234056Z ##[group]Disabling automatic garbage collection
2026-10-06T00:53:29.6237467Z [command]/usr/bin/git config --local gc.auto 0
2026-10-06T00:53:29.6276574Z ##[endgroup]
2026-10-06T00:53:29.6277924Z ##[group]Setting up auth
2026-10-06T00:53:29.6284959Z [command]/usr/bin/git config --local --name-only --get-regexp core\.sshCommand
2026-10-06T00:53:29.6323036Z [command]/usr/bin/git submodule foreach --recursive sh -c "git config --local --name-only --get-regexp 'core\.sshCommand' && git config --local --unset-all 'core.sshCommand' || :"
2026-10-06T00:53:29.8011757Z [command]/usr/bin/git config --local --name-only --get-regexp http\.https\:\/\/github\.com\/\.extraheader
2026-10-06T00:53:29.8055988Z [command]/usr/bin/git submodule foreach --recursive sh -c "git config --local --name-only --get-regexp 'http\.https\:\/\/github\.com\/\.extraheader' && git config --local --unset-all 'http.https://github.com/.extraheader' || :"
2026-10-06T00:53:29.8307147Z [command]/usr/bin/git config --local --name-only --get-regexp ^includeIf\.gitdir:
2026-10-06T00:53:29.8351834Z [command]/usr/bin/git submodule foreach --recursive git config --local --show-origin --name-only --get-regexp remote.origin.url
2026-10-06T00:53:29.8623605Z [command]/usr/bin/git config --local http.https://github.com/.extraheader AUTHORIZATION: basic ***
2026-10-06T00:53:29.8660913Z ##[endgroup]
2026-10-06T00:53:29.8661902Z ##[group]Fetching the repository
2026-10-06T00:53:29.8672050Z [command]/usr/bin/git -c protocol.version=2 fetch --no-tags --prune --no-recurse-submodules --depth=1 origin +fc17551b3016d3533c17cc4ec9b0151a4eedae44:refs/remotes/origin/main
2026-10-06T00:53:33.0561083Z From https://github.com/cinagroup/cinatoken
2026-10-06T00:53:33.0567858Z  * [new ref]         fc17551b3016d3533c17cc4ec9b0151a4eedae44 -> origin/main
2026-10-06T00:53:33.0571527Z ##[endgroup]
2026-10-06T00:53:33.0572741Z ##[group]Determining the checkout info
2026-10-06T00:53:33.0574090Z ##[endgroup]
2026-10-06T00:53:33.0577030Z [command]/usr/bin/git sparse-checkout disable
2026-10-06T00:53:33.0766516Z [command]/usr/bin/git config --local --unset-all extensions.worktreeConfig
2026-10-06T00:53:33.0819898Z ##[group]Checking out the ref
2026-10-06T00:53:33.0825584Z [command]/usr/bin/git checkout --progress --force -B main refs/remotes/origin/main
2026-10-06T00:53:34.0939050Z Updating files:  84% (5631/6649)
2026-10-06T00:53:34.0983448Z Updating files:  85% (5652/6649)
2026-10-06T00:53:34.1026850Z Updating files:  86% (5719/6649)
2026-10-06T00:53:34.1069274Z Updating files:  87% (5785/6649)
2026-10-06T00:53:34.1115501Z Updating files:  88% (5852/6649)
2026-10-06T00:53:34.1165866Z Updating files:  89% (5918/6649)
2026-10-06T00:53:34.1206010Z Updating files:  90% (5985/6649)
2026-10-06T00:53:34.1316925Z Updating files:  91% (6051/6649)
2026-10-06T00:53:34.1358413Z Updating files:  92% (6118/6649)
2026-10-06T00:53:34.1444637Z Updating files:  93% (6184/6649)
2026-10-06T00:53:34.1523065Z Updating files:  94% (6251/6649)
2026-10-06T00:53:34.1600434Z Updating files:  95% (6317/6649)
2026-10-06T00:53:34.1656139Z Updating files:  96% (6384/6649)
2026-10-06T00:53:34.1710931Z Updating files:  97% (6450/6649)
2026-10-06T00:53:34.1756868Z Updating files:  98% (6517/6649)
2026-10-06T00:53:34.1804064Z Updating files:  99% (6583/6649)
2026-10-06T00:53:34.1805244Z Updating files: 100% (6649/6649)
2026-10-06T00:53:34.1806318Z Updating files: 100% (6649/6649), done.
2026-10-06T00:53:34.1914625Z Switched to a new branch 'main'
2026-10-06T00:53:34.1919582Z branch 'main' set up to track 'origin/main'.
2026-10-06T00:53:34.1981856Z ##[endgroup]
2026-10-06T00:53:34.2032956Z [command]/usr/bin/git log -1 --format=%H
2026-10-06T00:53:34.2062416Z fc17551b3016d3533c17cc4ec9b0151a4eedae44
2026-10-06T00:53:34.2074225Z ##[group]Removing auth
2026-10-06T00:53:34.2078292Z [command]/usr/bin/git config --local --name-only --get-regexp core\.sshCommand
2026-10-06T00:53:34.2114771Z [command]/usr/bin/git submodule foreach --recursive sh -c "git config --local --name-only --get-regexp 'core\.sshCommand' && git config --local --unset-all 'core.sshCommand' || :"
2026-10-06T00:53:34.2359091Z [command]/usr/bin/git config --local --name-only --get-regexp http\.https\:\/\/github\.com\/\.extraheader
2026-10-06T00:53:34.2390024Z http.https://github.com/.extraheader
2026-10-06T00:53:34.2399686Z [command]/usr/bin/git config --local --unset-all http.https://github.com/.extraheader
2026-10-06T00:53:34.2441113Z [command]/usr/bin/git submodule foreach --recursive sh -c "git config --local --name-only --get-regexp 'http\.https\:\/\/github\.com\/\.extraheader' && git config --local --unset-all 'http.https://github.com/.extraheader' || :"
2026-10-06T00:53:34.2683480Z [command]/usr/bin/git config --local --name-only --get-regexp ^includeIf\.gitdir:
2026-10-06T00:53:34.2726875Z [command]/usr/bin/git submodule foreach --recursive git config --local --show-origin --name-only --get-regexp remote.origin.url
2026-10-06T00:53:34.2967230Z ##[endgroup]
2026-10-06T00:53:34.3306076Z ##[group]Run actions/setup-node@v4
2026-10-06T00:53:34.3306876Z with:
2026-10-06T00:53:34.3307385Z   node-version-file: .nvmrc
2026-10-06T00:53:34.3383120Z   cache: npm
2026-10-06T00:53:34.3383750Z   always-auth: false
2026-10-06T00:53:34.3384438Z   check-latest: false
2026-10-06T00:53:34.3394706Z   token: ***
2026-10-06T00:53:34.3395260Z ##[endgroup]
2026-10-06T00:53:34.4845258Z Resolved .nvmrc as 22
2026-10-06T00:53:34.5110021Z (node:2388) [DEP0040] DeprecationWarning: The `punycode` module is deprecated. Please use a userland alternative instead.
2026-10-06T00:53:34.5111858Z (Use `node --trace-deprecation ...` to show where the warning was created)
2026-10-06T00:53:34.5120705Z Found in cache @ /opt/hostedtoolcache/node/22.23.3/x64
2026-10-06T00:53:34.5121848Z ##[group]Environment details
2026-10-06T00:53:37.0083452Z node: v22.23.3
2026-10-06T00:53:37.0083792Z npm: 10.9.9
2026-10-06T00:53:37.0084280Z yarn: 1.22.22
2026-10-06T00:53:37.0086081Z ##[endgroup]
2026-10-06T00:53:37.0133782Z [command]/opt/hostedtoolcache/node/22.23.3/x64/bin/npm config get cache
2026-10-06T00:53:37.2813992Z /home/runner/.npm
2026-10-06T00:53:37.3901073Z Cache hit for: node-cache-Linux-x64-npm-75880b4bbd0ff5ec746d7c72b50f76a896a6c03c1ce6640cd295bc994cd01db2
2026-10-06T00:53:37.4014286Z (node:2388) [DEP0169] DeprecationWarning: `url.parse()` behavior is not standardized and prone to errors that have security implications. Use the WHATWG URL API instead. CVEs are not issued for `url.parse()` vulnerabilities.
2026-10-06T00:53:38.4411984Z Received 222298112 of 460488608 (48.3%), 212.0 MBs/sec
2026-10-06T00:53:39.4424179Z Received 415236096 of 460488608 (90.2%), 197.8 MBs/sec
2026-10-06T00:53:39.5433370Z Received 460488608 of 460488608 (100.0%), 208.8 MBs/sec
2026-10-06T00:53:39.5434906Z Cache Size: ~439 MB (460488608 B)
2026-10-06T00:53:39.5527931Z [command]/usr/bin/tar -xf /home/runner/work/_temp/c7f42a61-2810-46ff-95ea-09d1a1b4c81c/cache.tzst -P -C /home/runner/work/cinatoken/cinatoken --use-compress-program unzstd
2026-10-06T00:53:40.6823732Z Cache restored successfully
2026-10-06T00:53:40.8205936Z Cache restored from key: node-cache-Linux-x64-npm-75880b4bbd0ff5ec746d7c72b50f76a896a6c03c1ce6640cd295bc994cd01db2
2026-10-06T00:53:40.8806698Z ##[group]Run npm ci
2026-10-06T00:53:40.8807032Z [36;1mnpm ci[0m
2026-10-06T00:53:41.2287436Z shell: /usr/bin/bash -e {0}
2026-10-06T00:53:41.2287989Z ##[endgroup]
2026-10-06T00:53:54.4833420Z npm warn deprecated geojson-linestring-dissolve@0.0.1: Package no longer supported. Contact Support at https://www.npmjs.com/support for more info.
2026-10-06T00:53:56.1232305Z npm warn deprecated text-encoding@0.6.4: no longer maintained
2026-10-06T00:53:57.3425482Z npm warn deprecated node-domexception@1.0.0: Use your platform's native DOMException instead
2026-10-06T00:53:59.5903943Z npm warn deprecated glob@9.3.5: Old versions of glob are not supported, and contain widely publicized security vulnerabilities, which have been fixed in the current version. Please update. Support for old versions may be purchased (at exorbitant rates) by contacting i@izs.me
2026-10-06T00:54:38.7438822Z 
2026-10-06T00:54:38.7439909Z > cinatoken@2.8.0 postinstall
2026-10-06T00:54:38.7440712Z > npm run gen:wrangler
2026-10-06T00:54:38.7441045Z 
2026-10-06T00:54:38.8999469Z 
2026-10-06T00:54:38.9000324Z > cinatoken@2.8.0 gen:wrangler
2026-10-06T00:54:38.9001183Z > node scripts/deploy/gen-wrangler.mjs
2026-10-06T00:54:38.9001612Z 
2026-10-06T00:54:38.9372131Z gen-wrangler: wrote packages/proxy/wrangler.jsonc
2026-10-06T00:54:38.9382425Z gen-wrangler: wrote packages/admin/wrangler.jsonc
2026-10-06T00:54:38.9389666Z gen-wrangler: wrote packages/chain-worker/wrangler.jsonc
2026-10-06T00:54:38.9409863Z gen-wrangler: wrote packages/core/wrangler.d1.jsonc
2026-10-06T00:54:38.9411179Z gen-wrangler: proxy=cinatoken-proxy admin=cinatoken-admin chain=cinatoken-chain-worker queue=cinatoken-chain-jobs d1=cinatoken (local, no database_id) batch-infra=false
2026-10-06T00:54:38.9735610Z 
2026-10-06T00:54:38.9736565Z added 1480 packages, and audited 1487 packages in 58s
2026-10-06T00:54:38.9737087Z 
2026-10-06T00:54:38.9737399Z 450 packages are looking for funding
2026-10-06T00:54:38.9737917Z   run `npm fund` for details
2026-10-06T00:54:39.3472258Z 
2026-10-06T00:54:39.3473382Z 41 vulnerabilities (2 low, 6 moderate, 30 high, 3 critical)
2026-10-06T00:54:39.3473796Z 
2026-10-06T00:54:39.3474093Z To address issues that do not require attention, run:
2026-10-06T00:54:39.3474522Z   npm audit fix
2026-10-06T00:54:39.3474680Z 
2026-10-06T00:54:39.3474959Z To address all issues (including breaking changes), run:
2026-10-06T00:54:39.3475389Z   npm audit fix --force
2026-10-06T00:54:39.3475581Z 
2026-10-06T00:54:39.3475742Z Run `npm audit` for details.
2026-10-06T00:54:39.5863450Z ##[group]Run python3 scripts/diagnostics/v364-owned-linux/execute-owned-linux.py --repo "$GITHUB_WORKSPACE" --out "$DIAGNOSTIC_OUT" --execute-linux
2026-10-06T00:54:39.5864550Z [36;1mpython3 scripts/diagnostics/v364-owned-linux/execute-owned-linux.py --repo "$GITHUB_WORKSPACE" --out "$DIAGNOSTIC_OUT" --execute-linux[0m
2026-10-06T00:54:39.5932346Z shell: /usr/bin/bash -e {0}
2026-10-06T00:54:39.5932615Z env:
2026-10-06T00:54:39.5932934Z   DIAGNOSTIC_OUT: /home/runner/work/_temp/v364-owned-once-37396338452-1
2026-10-06T00:54:39.5933325Z ##[endgroup]
2026-10-06T00:55:12.3270791Z {"actualExit": 1, "actualProcessExit": 1, "runnerOutcomeCode": 1, "timedOut": false, "output": "/home/runner/work/_temp/v364-owned-once-37396338452-1"}
2026-10-06T00:55:12.3353906Z ##[error]Process completed with exit code 1.
2026-10-06T00:55:12.3439421Z ##[group]Run actions/upload-artifact@v4
2026-10-06T00:55:12.3439761Z with:
2026-10-06T00:55:12.3440121Z   name: v364-owned-linux-fc17551b3016d3533c17cc4ec9b0151a4eedae44-37396338452-1
2026-10-06T00:55:12.3441227Z   path: /home/runner/work/_temp/v364-owned-once-37396338452-1/
scripts/diagnostics/v364-owned-linux/sealed-package.json
scripts/diagnostics/v364-owned-linux/source-inputs.json
.github/workflows/v364-owned-linux-diagnostic.yml

2026-10-06T00:55:12.3442385Z   if-no-files-found: error
2026-10-06T00:55:12.3442634Z   retention-days: 14
2026-10-06T00:55:12.3442854Z   compression-level: 6
2026-10-06T00:55:12.3443072Z   overwrite: false
2026-10-06T00:55:12.3443286Z   include-hidden-files: false
2026-10-06T00:55:12.3443535Z ##[endgroup]
2026-10-06T00:55:12.5227135Z (node:2722) [DEP0040] DeprecationWarning: The `punycode` module is deprecated. Please use a userland alternative instead.
2026-10-06T00:55:12.5229170Z (Use `node --trace-deprecation ...` to show where the warning was created)
2026-10-06T00:55:12.5380277Z Multiple search paths detected. Calculating the least common ancestor of all paths
2026-10-06T00:55:12.5382795Z The least common ancestor is /home/runner/work. This will be the root directory of the artifact
2026-10-06T00:55:12.5383951Z With the provided path, there will be 11 files uploaded
2026-10-06T00:55:12.5384939Z Artifact name is valid!
2026-10-06T00:55:12.5385742Z Root directory input is valid!
2026-10-06T00:55:12.7467750Z Beginning upload of artifact content to blob storage
2026-10-06T00:55:12.7885273Z (node:2722) [DEP0169] DeprecationWarning: `url.parse()` behavior is not standardized and prone to errors that have security implications. Use the WHATWG URL API instead. CVEs are not issued for `url.parse()` vulnerabilities.
2026-10-06T00:55:12.8450303Z Uploaded bytes 42893
2026-10-06T00:55:12.8616803Z Finished uploading artifact content to blob storage!
2026-10-06T00:55:12.8618173Z SHA256 digest of uploaded artifact zip is d64432957231b27d3a12625b568333cf457a2bccddc7dd5edfdf5acaf43b6c89
2026-10-06T00:55:12.8619444Z Finalizing artifact upload
2026-10-06T00:55:13.0676753Z Artifact v364-owned-linux-fc17551b3016d3533c17cc4ec9b0151a4eedae44-37396338452-1.zip successfully finalized. Artifact ID 11382899477
2026-10-06T00:55:13.0680077Z Artifact v364-owned-linux-fc17551b3016d3533c17cc4ec9b0151a4eedae44-37396338452-1 has been successfully uploaded! Final size is 42893 bytes. Artifact ID is 11382899477
2026-10-06T00:55:13.0684649Z Artifact download URL: https://github.com/cinagroup/cinatoken/actions/runs/37396338452/artifacts/11382899477
2026-10-06T00:55:13.0933522Z Post job cleanup.
2026-10-06T00:55:13.1900957Z [command]/usr/bin/git version
2026-10-06T00:55:13.1950307Z git version 2.55.0
2026-10-06T00:55:13.1994514Z Temporarily overriding HOME='/home/runner/work/_temp/eef5608a-16b3-4c9d-a9c3-c251cc9de109' before making global git config changes
2026-10-06T00:55:13.1996309Z Adding repository directory to the temporary git global config as a safe directory
2026-10-06T00:55:13.2002254Z [command]/usr/bin/git config --global --add safe.directory /home/runner/work/cinatoken/cinatoken
2026-10-06T00:55:13.2046592Z [command]/usr/bin/git config --local --name-only --get-regexp core\.sshCommand
2026-10-06T00:55:13.2087342Z [command]/usr/bin/git submodule foreach --recursive sh -c "git config --local --name-only --get-regexp 'core\.sshCommand' && git config --local --unset-all 'core.sshCommand' || :"
2026-10-06T00:55:13.2372678Z [command]/usr/bin/git config --local --name-only --get-regexp http\.https\:\/\/github\.com\/\.extraheader
2026-10-06T00:55:13.2411933Z [command]/usr/bin/git submodule foreach --recursive sh -c "git config --local --name-only --get-regexp 'http\.https\:\/\/github\.com\/\.extraheader' && git config --local --unset-all 'http.https://github.com/.extraheader' || :"
2026-10-06T00:55:13.2698145Z [command]/usr/bin/git config --local --name-only --get-regexp ^includeIf\.gitdir:
2026-10-06T00:55:13.2743812Z [command]/usr/bin/git submodule foreach --recursive git config --local --show-origin --name-only --get-regexp remote.origin.url
2026-10-06T00:55:13.3226758Z Cleaning up orphan processes
2026-10-06T00:55:13.3551743Z ##[warning]Node.js 20 is deprecated. The following actions target Node.js 20 but are being forced to run on Node.js 24: actions/checkout@v4, actions/setup-node@v4, actions/upload-artifact@v4. For more information see: https://github.blog/changelog/2025-09-19-deprecation-of-node-20-on-github-actions-runners/
