dispatch-safety	Run node --import tsx --test scripts/staging/chat-holder-binding-v364.node.test.mjs scripts/staging/chat-holder-binding-v364-http-cancel-successor.test.mjs	﻿2026-10-06T03:37:16.1231153Z ##[group]Run node --import tsx --test scripts/staging/chat-holder-binding-v364.node.test.mjs scripts/staging/chat-holder-binding-v364-http-cancel-successor.test.mjs
dispatch-safety	Run node --import tsx --test scripts/staging/chat-holder-binding-v364.node.test.mjs scripts/staging/chat-holder-binding-v364-http-cancel-successor.test.mjs	2026-10-06T03:37:16.1232497Z ^[[36;1mnode --import tsx --test scripts/staging/chat-holder-binding-v364.node.test.mjs scripts/staging/chat-holder-binding-v364-http-cancel-successor.test.mjs^[[0m
dispatch-safety	Run node --import tsx --test scripts/staging/chat-holder-binding-v364.node.test.mjs scripts/staging/chat-holder-binding-v364-http-cancel-successor.test.mjs	2026-10-06T03:37:16.1301093Z shell: /usr/bin/bash -e {0}
dispatch-safety	Run node --import tsx --test scripts/staging/chat-holder-binding-v364.node.test.mjs scripts/staging/chat-holder-binding-v364-http-cancel-successor.test.mjs	2026-10-06T03:37:16.1301400Z ##[endgroup]
dispatch-safety	Run node --import tsx --test scripts/staging/chat-holder-binding-v364.node.test.mjs scripts/staging/chat-holder-binding-v364-http-cancel-successor.test.mjs	2026-10-06T03:37:16.1867435Z TAP version 13
dispatch-safety	Run node --import tsx --test scripts/staging/chat-holder-binding-v364.node.test.mjs scripts/staging/chat-holder-binding-v364-http-cancel-successor.test.mjs	2026-10-06T03:37:17.1100061Z # Subtest: v364 configs keep the synthetic holder private and bind only the named holder
dispatch-safety	Run node --import tsx --test scripts/staging/chat-holder-binding-v364.node.test.mjs scripts/staging/chat-holder-binding-v364-http-cancel-successor.test.mjs	2026-10-06T03:37:17.1109692Z ok 1 - v364 configs keep the synthetic holder private and bind only the named holder
dispatch-safety	Run node --import tsx --test scripts/staging/chat-holder-binding-v364.node.test.mjs scripts/staging/chat-holder-binding-v364-http-cancel-successor.test.mjs	2026-10-06T03:37:17.1129271Z   ---
dispatch-safety	Run node --import tsx --test scripts/staging/chat-holder-binding-v364.node.test.mjs scripts/staging/chat-holder-binding-v364-http-cancel-successor.test.mjs	2026-10-06T03:37:17.1130092Z   duration_ms: 1.618149
dispatch-safety	Run node --import tsx --test scripts/staging/chat-holder-binding-v364.node.test.mjs scripts/staging/chat-holder-binding-v364-http-cancel-successor.test.mjs	2026-10-06T03:37:17.1147382Z   type: 'test'
dispatch-safety	Run node --import tsx --test scripts/staging/chat-holder-binding-v364.node.test.mjs scripts/staging/chat-holder-binding-v364-http-cancel-successor.test.mjs	2026-10-06T03:37:17.1147684Z   ...
dispatch-safety	Run node --import tsx --test scripts/staging/chat-holder-binding-v364.node.test.mjs scripts/staging/chat-holder-binding-v364-http-cancel-successor.test.mjs	2026-10-06T03:37:17.1315217Z # Subtest: HTTP fixture cancellation closes its dedicated TCP response before completion
dispatch-safety	Run node --import tsx --test scripts/staging/chat-holder-binding-v364.node.test.mjs scripts/staging/chat-holder-binding-v364-http-cancel-successor.test.mjs	2026-10-06T03:37:17.1317196Z ok 2 - HTTP fixture cancellation closes its dedicated TCP response before completion
dispatch-safety	Run node --import tsx --test scripts/staging/chat-holder-binding-v364.node.test.mjs scripts/staging/chat-holder-binding-v364-http-cancel-successor.test.mjs	2026-10-06T03:37:17.1318067Z   ---
dispatch-safety	Run node --import tsx --test scripts/staging/chat-holder-binding-v364.node.test.mjs scripts/staging/chat-holder-binding-v364-http-cancel-successor.test.mjs	2026-10-06T03:37:17.1318553Z   duration_ms: 22.077808
dispatch-safety	Run node --import tsx --test scripts/staging/chat-holder-binding-v364.node.test.mjs scripts/staging/chat-holder-binding-v364-http-cancel-successor.test.mjs	2026-10-06T03:37:17.1319241Z   type: 'test'
dispatch-safety	Run node --import tsx --test scripts/staging/chat-holder-binding-v364.node.test.mjs scripts/staging/chat-holder-binding-v364-http-cancel-successor.test.mjs	2026-10-06T03:37:17.1319667Z   ...
dispatch-safety	Run node --import tsx --test scripts/staging/chat-holder-binding-v364.node.test.mjs scripts/staging/chat-holder-binding-v364-http-cancel-successor.test.mjs	2026-10-06T03:37:17.5704617Z # Subtest: private Worker rejects oversized, foreign, and malformed six-field requests without disclosing holder data
dispatch-safety	Run node --import tsx --test scripts/staging/chat-holder-binding-v364.node.test.mjs scripts/staging/chat-holder-binding-v364-http-cancel-successor.test.mjs	2026-10-06T03:37:17.5707917Z ok 3 - private Worker rejects oversized, foreign, and malformed six-field requests without disclosing holder data
dispatch-safety	Run node --import tsx --test scripts/staging/chat-holder-binding-v364.node.test.mjs scripts/staging/chat-holder-binding-v364-http-cancel-successor.test.mjs	2026-10-06T03:37:17.5709741Z   ---
dispatch-safety	Run node --import tsx --test scripts/staging/chat-holder-binding-v364.node.test.mjs scripts/staging/chat-holder-binding-v364-http-cancel-successor.test.mjs	2026-10-06T03:37:17.5710263Z   duration_ms: 447.785682
dispatch-safety	Run node --import tsx --test scripts/staging/chat-holder-binding-v364.node.test.mjs scripts/staging/chat-holder-binding-v364-http-cancel-successor.test.mjs	2026-10-06T03:37:17.5710859Z   type: 'test'
dispatch-safety	Run node --import tsx --test scripts/staging/chat-holder-binding-v364.node.test.mjs scripts/staging/chat-holder-binding-v364-http-cancel-successor.test.mjs	2026-10-06T03:37:17.5711201Z   ...
dispatch-safety	Run node --import tsx --test scripts/staging/chat-holder-binding-v364.node.test.mjs scripts/staging/chat-holder-binding-v364-http-cancel-successor.test.mjs	2026-10-06T03:37:17.9285652Z # Subtest: one holder Response streams through the Service Binding before its final chunk is released
dispatch-safety	Run node --import tsx --test scripts/staging/chat-holder-binding-v364.node.test.mjs scripts/staging/chat-holder-binding-v364-http-cancel-successor.test.mjs	2026-10-06T03:37:17.9295629Z ok 4 - one holder Response streams through the Service Binding before its final chunk is released
dispatch-safety	Run node --import tsx --test scripts/staging/chat-holder-binding-v364.node.test.mjs scripts/staging/chat-holder-binding-v364-http-cancel-successor.test.mjs	2026-10-06T03:37:17.9296859Z   ---
dispatch-safety	Run node --import tsx --test scripts/staging/chat-holder-binding-v364.node.test.mjs scripts/staging/chat-holder-binding-v364-http-cancel-successor.test.mjs	2026-10-06T03:37:17.9297688Z   duration_ms: 357.832774
dispatch-safety	Run node --import tsx --test scripts/staging/chat-holder-binding-v364.node.test.mjs scripts/staging/chat-holder-binding-v364-http-cancel-successor.test.mjs	2026-10-06T03:37:17.9298090Z   type: 'test'
dispatch-safety	Run node --import tsx --test scripts/staging/chat-holder-binding-v364.node.test.mjs scripts/staging/chat-holder-binding-v364-http-cancel-successor.test.mjs	2026-10-06T03:37:17.9298415Z   ...
dispatch-safety	Run node --import tsx --test scripts/staging/chat-holder-binding-v364.node.test.mjs scripts/staging/chat-holder-binding-v364-http-cancel-successor.test.mjs	2026-10-06T03:37:19.4937277Z # Subtest: response-body cancellation is observed inside the private holder
dispatch-safety	Run node --import tsx --test scripts/staging/chat-holder-binding-v364.node.test.mjs scripts/staging/chat-holder-binding-v364-http-cancel-successor.test.mjs	2026-10-06T03:37:19.4940636Z not ok 5 - response-body cancellation is observed inside the private holder
dispatch-safety	Run node --import tsx --test scripts/staging/chat-holder-binding-v364.node.test.mjs scripts/staging/chat-holder-binding-v364-http-cancel-successor.test.mjs	2026-10-06T03:37:19.4941368Z   ---
dispatch-safety	Run node --import tsx --test scripts/staging/chat-holder-binding-v364.node.test.mjs scripts/staging/chat-holder-binding-v364-http-cancel-successor.test.mjs	2026-10-06T03:37:19.4941720Z   duration_ms: 1564.67047
dispatch-safety	Run node --import tsx --test scripts/staging/chat-holder-binding-v364.node.test.mjs scripts/staging/chat-holder-binding-v364-http-cancel-successor.test.mjs	2026-10-06T03:37:19.4942010Z   type: 'test'
dispatch-safety	Run node --import tsx --test scripts/staging/chat-holder-binding-v364.node.test.mjs scripts/staging/chat-holder-binding-v364-http-cancel-successor.test.mjs	2026-10-06T03:37:19.4942748Z   location: '/home/runner/work/cinatoken/cinatoken/packages/proxy/scripts/staging/chat-holder-binding-v364-http-cancel-successor.test.mjs:260:1'
dispatch-safety	Run node --import tsx --test scripts/staging/chat-holder-binding-v364.node.test.mjs scripts/staging/chat-holder-binding-v364-http-cancel-successor.test.mjs	2026-10-06T03:37:19.4943878Z   failureType: 'testCodeFailure'
dispatch-safety	Run node --import tsx --test scripts/staging/chat-holder-binding-v364.node.test.mjs scripts/staging/chat-holder-binding-v364-http-cancel-successor.test.mjs	2026-10-06T03:37:19.4944314Z   error: |-
dispatch-safety	Run node --import tsx --test scripts/staging/chat-holder-binding-v364.node.test.mjs scripts/staging/chat-holder-binding-v364-http-cancel-successor.test.mjs	2026-10-06T03:37:19.4944724Z     Expected values to be strictly equal:
dispatch-safety	Run node --import tsx --test scripts/staging/chat-holder-binding-v364.node.test.mjs scripts/staging/chat-holder-binding-v364-http-cancel-successor.test.mjs	2026-10-06T03:37:19.4946969Z     
dispatch-safety	Run node --import tsx --test scripts/staging/chat-holder-binding-v364.node.test.mjs scripts/staging/chat-holder-binding-v364-http-cancel-successor.test.mjs	2026-10-06T03:37:19.4947361Z     null !== 'observed'
dispatch-safety	Run node --import tsx --test scripts/staging/chat-holder-binding-v364.node.test.mjs scripts/staging/chat-holder-binding-v364-http-cancel-successor.test.mjs	2026-10-06T03:37:19.4947921Z     
dispatch-safety	Run node --import tsx --test scripts/staging/chat-holder-binding-v364.node.test.mjs scripts/staging/chat-holder-binding-v364-http-cancel-successor.test.mjs	2026-10-06T03:37:19.4948309Z   code: 'ERR_ASSERTION'
dispatch-safety	Run node --import tsx --test scripts/staging/chat-holder-binding-v364.node.test.mjs scripts/staging/chat-holder-binding-v364-http-cancel-successor.test.mjs	2026-10-06T03:37:19.4948931Z   name: 'AssertionError'
dispatch-safety	Run node --import tsx --test scripts/staging/chat-holder-binding-v364.node.test.mjs scripts/staging/chat-holder-binding-v364-http-cancel-successor.test.mjs	2026-10-06T03:37:19.4949339Z   expected: 'observed'
dispatch-safety	Run node --import tsx --test scripts/staging/chat-holder-binding-v364.node.test.mjs scripts/staging/chat-holder-binding-v364-http-cancel-successor.test.mjs	2026-10-06T03:37:19.4949691Z   actual: ~
dispatch-safety	Run node --import tsx --test scripts/staging/chat-holder-binding-v364.node.test.mjs scripts/staging/chat-holder-binding-v364-http-cancel-successor.test.mjs	2026-10-06T03:37:19.4949932Z   operator: 'strictEqual'
dispatch-safety	Run node --import tsx --test scripts/staging/chat-holder-binding-v364.node.test.mjs scripts/staging/chat-holder-binding-v364-http-cancel-successor.test.mjs	2026-10-06T03:37:19.4950210Z   stack: |-
dispatch-safety	Run node --import tsx --test scripts/staging/chat-holder-binding-v364.node.test.mjs scripts/staging/chat-holder-binding-v364-http-cancel-successor.test.mjs	2026-10-06T03:37:19.4951026Z     TestContext.<anonymous> (file:///home/runner/work/cinatoken/cinatoken/packages/proxy/scripts/staging/chat-holder-binding-v364-http-cancel-successor.test.mjs:278:10)
dispatch-safety	Run node --import tsx --test scripts/staging/chat-holder-binding-v364.node.test.mjs scripts/staging/chat-holder-binding-v364-http-cancel-successor.test.mjs	2026-10-06T03:37:19.4951902Z     async Test.run (node:internal/test_runner/test:1054:7)
dispatch-safety	Run node --import tsx --test scripts/staging/chat-holder-binding-v364.node.test.mjs scripts/staging/chat-holder-binding-v364-http-cancel-successor.test.mjs	2026-10-06T03:37:19.4952418Z     async Test.processPendingSubtests (node:internal/test_runner/test:744:7)
dispatch-safety	Run node --import tsx --test scripts/staging/chat-holder-binding-v364.node.test.mjs scripts/staging/chat-holder-binding-v364-http-cancel-successor.test.mjs	2026-10-06T03:37:19.4952834Z   ...
dispatch-safety	Run node --import tsx --test scripts/staging/chat-holder-binding-v364.node.test.mjs scripts/staging/chat-holder-binding-v364-http-cancel-successor.test.mjs	2026-10-06T03:37:19.5255480Z # Subtest: v364 in-process contract: private holder bounds and validates six fields; gateway forwards no auth or provider data
dispatch-safety	Run node --import tsx --test scripts/staging/chat-holder-binding-v364.node.test.mjs scripts/staging/chat-holder-binding-v364-http-cancel-successor.test.mjs	2026-10-06T03:37:19.5257398Z ok 6 - v364 in-process contract: private holder bounds and validates six fields; gateway forwards no auth or provider data
dispatch-safety	Run node --import tsx --test scripts/staging/chat-holder-binding-v364.node.test.mjs scripts/staging/chat-holder-binding-v364-http-cancel-successor.test.mjs	2026-10-06T03:37:19.5258444Z   ---
dispatch-safety	Run node --import tsx --test scripts/staging/chat-holder-binding-v364.node.test.mjs scripts/staging/chat-holder-binding-v364-http-cancel-successor.test.mjs	2026-10-06T03:37:19.5258914Z   duration_ms: 83.339024
dispatch-safety	Run node --import tsx --test scripts/staging/chat-holder-binding-v364.node.test.mjs scripts/staging/chat-holder-binding-v364-http-cancel-successor.test.mjs	2026-10-06T03:37:19.5259707Z   type: 'test'
dispatch-safety	Run node --import tsx --test scripts/staging/chat-holder-binding-v364.node.test.mjs scripts/staging/chat-holder-binding-v364-http-cancel-successor.test.mjs	2026-10-06T03:37:19.5260034Z   ...
dispatch-safety	Run node --import tsx --test scripts/staging/chat-holder-binding-v364.node.test.mjs scripts/staging/chat-holder-binding-v364-http-cancel-successor.test.mjs	2026-10-06T03:37:19.5261125Z # Subtest: v364 in-process contract: one Response yields a first chunk before holder release and cancellation reaches source
dispatch-safety	Run node --import tsx --test scripts/staging/chat-holder-binding-v364.node.test.mjs scripts/staging/chat-holder-binding-v364-http-cancel-successor.test.mjs	2026-10-06T03:37:19.5263047Z ok 7 - v364 in-process contract: one Response yields a first chunk before holder release and cancellation reaches source
dispatch-safety	Run node --import tsx --test scripts/staging/chat-holder-binding-v364.node.test.mjs scripts/staging/chat-holder-binding-v364-http-cancel-successor.test.mjs	2026-10-06T03:37:19.5264018Z   ---
dispatch-safety	Run node --import tsx --test scripts/staging/chat-holder-binding-v364.node.test.mjs scripts/staging/chat-holder-binding-v364-http-cancel-successor.test.mjs	2026-10-06T03:37:19.5264320Z   duration_ms: 56.435516
dispatch-safety	Run node --import tsx --test scripts/staging/chat-holder-binding-v364.node.test.mjs scripts/staging/chat-holder-binding-v364-http-cancel-successor.test.mjs	2026-10-06T03:37:19.5264720Z   type: 'test'
dispatch-safety	Run node --import tsx --test scripts/staging/chat-holder-binding-v364.node.test.mjs scripts/staging/chat-holder-binding-v364-http-cancel-successor.test.mjs	2026-10-06T03:37:19.5265038Z   ...
dispatch-safety	Run node --import tsx --test scripts/staging/chat-holder-binding-v364.node.test.mjs scripts/staging/chat-holder-binding-v364-http-cancel-successor.test.mjs	2026-10-06T03:37:19.5265912Z # Subtest: v364 in-process cancellation retains the asynchronous holder observation in its request lifetime
dispatch-safety	Run node --import tsx --test scripts/staging/chat-holder-binding-v364.node.test.mjs scripts/staging/chat-holder-binding-v364-http-cancel-successor.test.mjs	2026-10-06T03:37:19.5267027Z ok 8 - v364 in-process cancellation retains the asynchronous holder observation in its request lifetime
dispatch-safety	Run node --import tsx --test scripts/staging/chat-holder-binding-v364.node.test.mjs scripts/staging/chat-holder-binding-v364-http-cancel-successor.test.mjs	2026-10-06T03:37:19.5267673Z   ---
dispatch-safety	Run node --import tsx --test scripts/staging/chat-holder-binding-v364.node.test.mjs scripts/staging/chat-holder-binding-v364-http-cancel-successor.test.mjs	2026-10-06T03:37:19.5267895Z   duration_ms: 2.780821
dispatch-safety	Run node --import tsx --test scripts/staging/chat-holder-binding-v364.node.test.mjs scripts/staging/chat-holder-binding-v364-http-cancel-successor.test.mjs	2026-10-06T03:37:19.5268179Z   type: 'test'
dispatch-safety	Run node --import tsx --test scripts/staging/chat-holder-binding-v364.node.test.mjs scripts/staging/chat-holder-binding-v364-http-cancel-successor.test.mjs	2026-10-06T03:37:19.5268429Z   ...
dispatch-safety	Run node --import tsx --test scripts/staging/chat-holder-binding-v364.node.test.mjs scripts/staging/chat-holder-binding-v364-http-cancel-successor.test.mjs	2026-10-06T03:37:19.5268852Z 1..8
dispatch-safety	Run node --import tsx --test scripts/staging/chat-holder-binding-v364.node.test.mjs scripts/staging/chat-holder-binding-v364-http-cancel-successor.test.mjs	2026-10-06T03:37:19.5269060Z # tests 8
dispatch-safety	Run node --import tsx --test scripts/staging/chat-holder-binding-v364.node.test.mjs scripts/staging/chat-holder-binding-v364-http-cancel-successor.test.mjs	2026-10-06T03:37:19.5269275Z # suites 0
dispatch-safety	Run node --import tsx --test scripts/staging/chat-holder-binding-v364.node.test.mjs scripts/staging/chat-holder-binding-v364-http-cancel-successor.test.mjs	2026-10-06T03:37:19.5269499Z # pass 7
dispatch-safety	Run node --import tsx --test scripts/staging/chat-holder-binding-v364.node.test.mjs scripts/staging/chat-holder-binding-v364-http-cancel-successor.test.mjs	2026-10-06T03:37:19.5269714Z # fail 1
dispatch-safety	Run node --import tsx --test scripts/staging/chat-holder-binding-v364.node.test.mjs scripts/staging/chat-holder-binding-v364-http-cancel-successor.test.mjs	2026-10-06T03:37:19.5269932Z # cancelled 0
dispatch-safety	Run node --import tsx --test scripts/staging/chat-holder-binding-v364.node.test.mjs scripts/staging/chat-holder-binding-v364-http-cancel-successor.test.mjs	2026-10-06T03:37:19.5270165Z # skipped 0
dispatch-safety	Run node --import tsx --test scripts/staging/chat-holder-binding-v364.node.test.mjs scripts/staging/chat-holder-binding-v364-http-cancel-successor.test.mjs	2026-10-06T03:37:19.5270387Z # todo 0
dispatch-safety	Run node --import tsx --test scripts/staging/chat-holder-binding-v364.node.test.mjs scripts/staging/chat-holder-binding-v364-http-cancel-successor.test.mjs	2026-10-06T03:37:19.5270631Z # duration_ms 3354.834341
dispatch-safety	Run node --import tsx --test scripts/staging/chat-holder-binding-v364.node.test.mjs scripts/staging/chat-holder-binding-v364-http-cancel-successor.test.mjs	2026-10-06T03:37:19.5330662Z ##[error]Process completed with exit code 1.
