Changesets	Set up job	﻿2026-10-06T04:05:42.3786499Z Current runner version: '2.337.0'
Changesets	Set up job	2026-10-06T04:05:42.3803327Z ##[group]Runner Image Provisioner
Changesets	Set up job	2026-10-06T04:05:42.3804099Z Hosted Compute Agent
Changesets	Set up job	2026-10-06T04:05:42.3804612Z Version: 20260901.588
Changesets	Set up job	2026-10-06T04:05:42.3805065Z Commit: f88ec8081b781fac6c440065ac7ff9e710ce3d0b
Changesets	Set up job	2026-10-06T04:05:42.3805553Z Build Date: 2026-09-01T19:56:44Z
Changesets	Set up job	2026-10-06T04:05:42.3806018Z Worker ID: {aa65fe4c-6a88-419f-9d8d-e83ecc1d1176}
Changesets	Set up job	2026-10-06T04:05:42.3806531Z Azure Region: centralus
Changesets	Set up job	2026-10-06T04:05:42.3806915Z ##[endgroup]
Changesets	Set up job	2026-10-06T04:05:42.3807877Z ##[group]Operating System
Changesets	Set up job	2026-10-06T04:05:42.3808321Z Ubuntu
Changesets	Set up job	2026-10-06T04:05:42.3808668Z 24.04.5
Changesets	Set up job	2026-10-06T04:05:42.3809066Z LTS
Changesets	Set up job	2026-10-06T04:05:42.3809416Z ##[endgroup]
Changesets	Set up job	2026-10-06T04:05:42.3809755Z ##[group]Runner Image
Changesets	Set up job	2026-10-06T04:05:42.3810466Z Image: ubuntu-24.04
Changesets	Set up job	2026-10-06T04:05:42.3810856Z Version: 20260927.320.1
Changesets	Set up job	2026-10-06T04:05:42.3811581Z Included Software: https://github.com/actions/runner-images/blob/ubuntu24/20260927.320/images/ubuntu/Ubuntu2404-Readme.md
Changesets	Set up job	2026-10-06T04:05:42.3812915Z Image Release: https://github.com/actions/runner-images/releases/tag/ubuntu24%2F20260927.320
Changesets	Set up job	2026-10-06T04:05:42.3813592Z ##[endgroup]
Changesets	Set up job	2026-10-06T04:05:42.3814485Z ##[group]GITHUB_TOKEN Permissions
Changesets	Set up job	2026-10-06T04:05:42.3816308Z Actions: write
Changesets	Set up job	2026-10-06T04:05:42.3816715Z Contents: write
Changesets	Set up job	2026-10-06T04:05:42.3817099Z Metadata: read
Changesets	Set up job	2026-10-06T04:05:42.3817476Z PullRequests: write
Changesets	Set up job	2026-10-06T04:05:42.3817875Z ##[endgroup]
Changesets	Set up job	2026-10-06T04:05:42.3819333Z Secret source: Actions
Changesets	Set up job	2026-10-06T04:05:42.3819924Z Cache mode: write
Changesets	Set up job	2026-10-06T04:05:42.3820384Z Prepare workflow directory
Changesets	Set up job	2026-10-06T04:05:42.4186805Z Prepare all required actions
Changesets	Set up job	2026-10-06T04:05:42.4221302Z Getting action download info
Changesets	Set up job	2026-10-06T04:05:42.6848443Z Download action repository 'actions/checkout@v4' (SHA:11d5960a326750d5838078e36cf38b85af677262)
Changesets	Set up job	2026-10-06T04:05:43.0968135Z Download action repository 'actions/setup-node@v4' (SHA:49933ea5288caeca8642d1e84afbd3f7d6820020)
Changesets	Set up job	2026-10-06T04:05:43.5446213Z Download action repository 'changesets/action@v1' (SHA:a45c4d594aa4e2c509dc14a9f2b3b67ba3780d0d)
Changesets	Set up job	2026-10-06T04:05:43.9712309Z Complete job name: Changesets
Changesets	Checkout	﻿2026-10-06T04:05:44.0245088Z ##[group]Run actions/checkout@v4
Changesets	Checkout	2026-10-06T04:05:44.0245805Z with:
Changesets	Checkout	2026-10-06T04:05:44.0246228Z   fetch-depth: 0
Changesets	Checkout	2026-10-06T04:05:44.0250168Z   token: ***
Changesets	Checkout	2026-10-06T04:05:44.0250589Z   repository: cinagroup/cinatoken
Changesets	Checkout	2026-10-06T04:05:44.0251140Z   ssh-strict: true
Changesets	Checkout	2026-10-06T04:05:44.0251537Z   ssh-user: git
Changesets	Checkout	2026-10-06T04:05:44.0251935Z   persist-credentials: true
Changesets	Checkout	2026-10-06T04:05:44.0252363Z   clean: true
Changesets	Checkout	2026-10-06T04:05:44.0252979Z   sparse-checkout-cone-mode: true
Changesets	Checkout	2026-10-06T04:05:44.0253473Z   fetch-tags: false
Changesets	Checkout	2026-10-06T04:05:44.0253873Z   show-progress: true
Changesets	Checkout	2026-10-06T04:05:44.0254282Z   lfs: false
Changesets	Checkout	2026-10-06T04:05:44.0254677Z   submodules: false
Changesets	Checkout	2026-10-06T04:05:44.0255089Z   set-safe-directory: true
Changesets	Checkout	2026-10-06T04:05:44.0255580Z   allow-unsafe-pr-checkout: false
Changesets	Checkout	2026-10-06T04:05:44.0256189Z ##[endgroup]
Changesets	Checkout	2026-10-06T04:05:44.0989953Z Syncing repository: cinagroup/cinatoken
Changesets	Checkout	2026-10-06T04:05:44.0992191Z ##[group]Getting Git version info
Changesets	Checkout	2026-10-06T04:05:44.0993506Z Working directory is '/home/runner/work/cinatoken/cinatoken'
Changesets	Checkout	2026-10-06T04:05:44.0995009Z [command]/usr/bin/git version
Changesets	Checkout	2026-10-06T04:05:44.1524907Z git version 2.55.0
Changesets	Checkout	2026-10-06T04:05:44.1534791Z ##[endgroup]
Changesets	Checkout	2026-10-06T04:05:44.1546518Z Temporarily overriding HOME='/home/runner/work/_temp/23e15a98-bc41-41b1-9e49-a9c866fd3c67' before making global git config changes
Changesets	Checkout	2026-10-06T04:05:44.1548262Z Adding repository directory to the temporary git global config as a safe directory
Changesets	Checkout	2026-10-06T04:05:44.1550389Z [command]/usr/bin/git config --global --add safe.directory /home/runner/work/cinatoken/cinatoken
Changesets	Checkout	2026-10-06T04:05:44.1613172Z Deleting the contents of '/home/runner/work/cinatoken/cinatoken'
Changesets	Checkout	2026-10-06T04:05:44.1616354Z ##[group]Initializing the repository
Changesets	Checkout	2026-10-06T04:05:44.1620367Z [command]/usr/bin/git init /home/runner/work/cinatoken/cinatoken
Changesets	Checkout	2026-10-06T04:05:44.1814708Z hint: Using 'master' as the name for the initial branch. This default branch name
Changesets	Checkout	2026-10-06T04:05:44.1816776Z hint: will change to "main" in Git 3.0. To configure the initial branch name
Changesets	Checkout	2026-10-06T04:05:44.1817832Z hint: to use in all of your new repositories, which will suppress this warning,
Changesets	Checkout	2026-10-06T04:05:44.1818607Z hint: call:
Changesets	Checkout	2026-10-06T04:05:44.1818971Z hint:
Changesets	Checkout	2026-10-06T04:05:44.1819440Z hint: 	git config --global init.defaultBranch <name>
Changesets	Checkout	2026-10-06T04:05:44.1820021Z hint:
Changesets	Checkout	2026-10-06T04:05:44.1820692Z hint: Names commonly chosen instead of 'master' are 'main', 'trunk' and
Changesets	Checkout	2026-10-06T04:05:44.1821726Z hint: 'development'. The just-created branch can be renamed via this command:
Changesets	Checkout	2026-10-06T04:05:44.1822364Z hint:
Changesets	Checkout	2026-10-06T04:05:44.1823041Z hint: 	git branch -m <name>
Changesets	Checkout	2026-10-06T04:05:44.1823523Z hint:
Changesets	Checkout	2026-10-06T04:05:44.1824072Z hint: Disable this message with "git config set advice.defaultBranchName false"
Changesets	Checkout	2026-10-06T04:05:44.1824939Z Initialized empty Git repository in /home/runner/work/cinatoken/cinatoken/.git/
Changesets	Checkout	2026-10-06T04:05:44.1827256Z [command]/usr/bin/git remote add origin https://github.com/cinagroup/cinatoken
Changesets	Checkout	2026-10-06T04:05:44.2009176Z ##[endgroup]
Changesets	Checkout	2026-10-06T04:05:44.2010317Z ##[group]Disabling automatic garbage collection
Changesets	Checkout	2026-10-06T04:05:44.2011284Z [command]/usr/bin/git config --local gc.auto 0
Changesets	Checkout	2026-10-06T04:05:44.2092351Z ##[endgroup]
Changesets	Checkout	2026-10-06T04:05:44.2093351Z ##[group]Setting up auth
Changesets	Checkout	2026-10-06T04:05:44.2097086Z [command]/usr/bin/git config --local --name-only --get-regexp core\.sshCommand
Changesets	Checkout	2026-10-06T04:05:44.2121765Z [command]/usr/bin/git submodule foreach --recursive sh -c "git config --local --name-only --get-regexp 'core\.sshCommand' && git config --local --unset-all 'core.sshCommand' || :"
Changesets	Checkout	2026-10-06T04:05:44.2388254Z [command]/usr/bin/git config --local --name-only --get-regexp http\.https\:\/\/github\.com\/\.extraheader
Changesets	Checkout	2026-10-06T04:05:44.2412847Z [command]/usr/bin/git submodule foreach --recursive sh -c "git config --local --name-only --get-regexp 'http\.https\:\/\/github\.com\/\.extraheader' && git config --local --unset-all 'http.https://github.com/.extraheader' || :"
Changesets	Checkout	2026-10-06T04:05:44.2558009Z [command]/usr/bin/git config --local --name-only --get-regexp ^includeIf\.gitdir:
Changesets	Checkout	2026-10-06T04:05:44.2580442Z [command]/usr/bin/git submodule foreach --recursive git config --local --show-origin --name-only --get-regexp remote.origin.url
Changesets	Checkout	2026-10-06T04:05:44.2727795Z [command]/usr/bin/git config --local http.https://github.com/.extraheader AUTHORIZATION: basic ***
Changesets	Checkout	2026-10-06T04:05:44.2903897Z ##[endgroup]
Changesets	Checkout	2026-10-06T04:05:44.2905537Z ##[group]Fetching the repository
Changesets	Checkout	2026-10-06T04:05:44.2911984Z [command]/usr/bin/git -c protocol.version=2 fetch --prune --no-recurse-submodules origin +refs/heads/*:refs/remotes/origin/* +refs/tags/*:refs/tags/*
Changesets	Checkout	2026-10-06T04:05:48.0756631Z From https://github.com/cinagroup/cinatoken
Changesets	Checkout	2026-10-06T04:05:48.0761082Z  * [new branch]        changeset-release/main -> origin/changeset-release/main
Changesets	Checkout	2026-10-06T04:05:48.0762898Z  * [new branch]        main                   -> origin/main
Changesets	Checkout	2026-10-06T04:05:48.0764343Z  * [new branch]        origin                 -> origin/origin
Changesets	Checkout	2026-10-06T04:05:48.0765749Z  * [new tag]           v2.6.0                 -> v2.6.0
Changesets	Checkout	2026-10-06T04:05:48.0766915Z  * [new tag]           v2.8.0                 -> v2.8.0
Changesets	Checkout	2026-10-06T04:05:48.0769538Z [command]/usr/bin/git branch --list --remote origin/main
Changesets	Checkout	2026-10-06T04:05:48.0786869Z   origin/main
Changesets	Checkout	2026-10-06T04:05:48.0792807Z [command]/usr/bin/git rev-parse refs/remotes/origin/main
Changesets	Checkout	2026-10-06T04:05:48.0810241Z dcc6ab52f21a18c5d1c02d8a4a4a390f039e61fc
Changesets	Checkout	2026-10-06T04:05:48.0814583Z ##[endgroup]
Changesets	Checkout	2026-10-06T04:05:48.0816381Z ##[group]Determining the checkout info
Changesets	Checkout	2026-10-06T04:05:48.0818101Z ##[endgroup]
Changesets	Checkout	2026-10-06T04:05:48.0825964Z [command]/usr/bin/git sparse-checkout disable
Changesets	Checkout	2026-10-06T04:05:48.0866497Z [command]/usr/bin/git config --local --unset-all extensions.worktreeConfig
Changesets	Checkout	2026-10-06T04:05:48.0890301Z ##[group]Checking out the ref
Changesets	Checkout	2026-10-06T04:05:48.0892305Z [command]/usr/bin/git checkout --progress --force -B main refs/remotes/origin/main
Changesets	Checkout	2026-10-06T04:05:49.0920815Z Switched to a new branch 'main'
Changesets	Checkout	2026-10-06T04:05:49.0924604Z branch 'main' set up to track 'origin/main'.
Changesets	Checkout	2026-10-06T04:05:49.0964554Z ##[endgroup]
Changesets	Checkout	2026-10-06T04:05:49.1001108Z [command]/usr/bin/git log -1 --format=%H
Changesets	Checkout	2026-10-06T04:05:49.1023945Z dcc6ab52f21a18c5d1c02d8a4a4a390f039e61fc
Changesets	Setup Node.js	﻿2026-10-06T04:05:49.1211831Z ##[group]Run actions/setup-node@v4
Changesets	Setup Node.js	2026-10-06T04:05:49.1212135Z with:
Changesets	Setup Node.js	2026-10-06T04:05:49.1212366Z   node-version-file: .nvmrc
Changesets	Setup Node.js	2026-10-06T04:05:49.1212832Z   cache: npm
Changesets	Setup Node.js	2026-10-06T04:05:49.1213058Z   always-auth: false
Changesets	Setup Node.js	2026-10-06T04:05:49.1213270Z   check-latest: false
Changesets	Setup Node.js	2026-10-06T04:05:49.1215264Z   token: ***
Changesets	Setup Node.js	2026-10-06T04:05:49.1215565Z ##[endgroup]
Changesets	Setup Node.js	2026-10-06T04:05:49.2165233Z Resolved .nvmrc as 22
Changesets	Setup Node.js	2026-10-06T04:05:49.2207776Z (node:2085) [DEP0040] DeprecationWarning: The `punycode` module is deprecated. Please use a userland alternative instead.
Changesets	Setup Node.js	2026-10-06T04:05:49.2208401Z (Use `node --trace-deprecation ...` to show where the warning was created)
Changesets	Setup Node.js	2026-10-06T04:05:49.2213822Z Found in cache @ /opt/hostedtoolcache/node/22.23.3/x64
Changesets	Setup Node.js	2026-10-06T04:05:49.2214522Z ##[group]Environment details
Changesets	Setup Node.js	2026-10-06T04:05:49.5210537Z node: v22.23.3
Changesets	Setup Node.js	2026-10-06T04:05:49.5210931Z npm: 10.9.9
Changesets	Setup Node.js	2026-10-06T04:05:49.5211228Z yarn: 1.22.22
Changesets	Setup Node.js	2026-10-06T04:05:49.5212044Z ##[endgroup]
Changesets	Setup Node.js	2026-10-06T04:05:49.5245524Z [command]/opt/hostedtoolcache/node/22.23.3/x64/bin/npm config get cache
Changesets	Setup Node.js	2026-10-06T04:05:49.6006582Z /home/runner/.npm
Changesets	Setup Node.js	2026-10-06T04:05:49.7278634Z Cache hit for: node-cache-Linux-x64-npm-75880b4bbd0ff5ec746d7c72b50f76a896a6c03c1ce6640cd295bc994cd01db2
Changesets	Setup Node.js	2026-10-06T04:05:49.7349615Z (node:2085) [DEP0169] DeprecationWarning: `url.parse()` behavior is not standardized and prone to errors that have security implications. Use the WHATWG URL API instead. CVEs are not issued for `url.parse()` vulnerabilities.
Changesets	Setup Node.js	2026-10-06T04:05:50.8737229Z Received 125829120 of 460488608 (27.3%), 119.9 MBs/sec
Changesets	Setup Node.js	2026-10-06T04:05:51.8740273Z Received 268435456 of 460488608 (58.3%), 127.9 MBs/sec
Changesets	Setup Node.js	2026-10-06T04:05:52.8100030Z Received 460488608 of 460488608 (100.0%), 149.5 MBs/sec
Changesets	Setup Node.js	2026-10-06T04:05:52.8100704Z Cache Size: ~439 MB (460488608 B)
Changesets	Setup Node.js	2026-10-06T04:05:52.8128684Z [command]/usr/bin/tar -xf /home/runner/work/_temp/0ddfed58-420b-4774-8456-d9d87d7e8fce/cache.tzst -P -C /home/runner/work/cinatoken/cinatoken --use-compress-program unzstd
Changesets	Setup Node.js	2026-10-06T04:05:53.5396731Z Cache restored successfully
Changesets	Setup Node.js	2026-10-06T04:05:53.5560433Z Cache restored from key: node-cache-Linux-x64-npm-75880b4bbd0ff5ec746d7c72b50f76a896a6c03c1ce6640cd295bc994cd01db2
Changesets	Install dependencies	﻿2026-10-06T04:05:53.5746476Z ##[group]Run npm ci
Changesets	Install dependencies	2026-10-06T04:05:53.5746811Z ^[[36;1mnpm ci^[[0m
Changesets	Install dependencies	2026-10-06T04:05:53.6130717Z shell: /usr/bin/bash -e {0}
Changesets	Install dependencies	2026-10-06T04:05:53.6131034Z ##[endgroup]
Changesets	Install dependencies	2026-10-06T04:06:01.7783292Z npm warn deprecated geojson-linestring-dissolve@0.0.1: Package no longer supported. Contact Support at https://www.npmjs.com/support for more info.
Changesets	Install dependencies	2026-10-06T04:06:02.8995870Z npm warn deprecated text-encoding@0.6.4: no longer maintained
Changesets	Install dependencies	2026-10-06T04:06:03.7562899Z npm warn deprecated node-domexception@1.0.0: Use your platform's native DOMException instead
Changesets	Install dependencies	2026-10-06T04:06:05.1586672Z npm warn deprecated glob@9.3.5: Old versions of glob are not supported, and contain widely publicized security vulnerabilities, which have been fixed in the current version. Please update. Support for old versions may be purchased (at exorbitant rates) by contacting i@izs.me
Changesets	Install dependencies	2026-10-06T04:06:28.8253084Z 
Changesets	Install dependencies	2026-10-06T04:06:28.8253821Z > cinatoken@2.8.0 postinstall
Changesets	Install dependencies	2026-10-06T04:06:28.8254361Z > npm run gen:wrangler
Changesets	Install dependencies	2026-10-06T04:06:28.8254687Z 
Changesets	Install dependencies	2026-10-06T04:06:28.9105567Z 
Changesets	Install dependencies	2026-10-06T04:06:28.9106198Z > cinatoken@2.8.0 gen:wrangler
Changesets	Install dependencies	2026-10-06T04:06:28.9106811Z > node scripts/deploy/gen-wrangler.mjs
Changesets	Install dependencies	2026-10-06T04:06:28.9107048Z 
Changesets	Install dependencies	2026-10-06T04:06:28.9328695Z gen-wrangler: wrote packages/proxy/wrangler.jsonc
Changesets	Install dependencies	2026-10-06T04:06:28.9335073Z gen-wrangler: wrote packages/admin/wrangler.jsonc
Changesets	Install dependencies	2026-10-06T04:06:28.9338863Z gen-wrangler: wrote packages/chain-worker/wrangler.jsonc
Changesets	Install dependencies	2026-10-06T04:06:28.9340606Z gen-wrangler: wrote packages/core/wrangler.d1.jsonc
Changesets	Install dependencies	2026-10-06T04:06:28.9341766Z gen-wrangler: proxy=cinatoken-proxy admin=cinatoken-admin chain=cinatoken-chain-worker queue=cinatoken-chain-jobs d1=cinatoken (local, no database_id) batch-infra=false
Changesets	Install dependencies	2026-10-06T04:06:28.9519754Z 
Changesets	Install dependencies	2026-10-06T04:06:28.9520391Z added 1480 packages, and audited 1487 packages in 35s
Changesets	Install dependencies	2026-10-06T04:06:28.9520742Z 
Changesets	Install dependencies	2026-10-06T04:06:28.9520885Z 450 packages are looking for funding
Changesets	Install dependencies	2026-10-06T04:06:28.9521156Z   run `npm fund` for details
Changesets	Install dependencies	2026-10-06T04:06:29.1864553Z 
Changesets	Install dependencies	2026-10-06T04:06:29.1865373Z 50 vulnerabilities (1 low, 9 moderate, 31 high, 9 critical)
Changesets	Install dependencies	2026-10-06T04:06:29.1865813Z 
Changesets	Install dependencies	2026-10-06T04:06:29.1866705Z To address issues that do not require attention, run:
Changesets	Install dependencies	2026-10-06T04:06:29.1867330Z   npm audit fix
Changesets	Install dependencies	2026-10-06T04:06:29.1867515Z 
Changesets	Install dependencies	2026-10-06T04:06:29.1867791Z To address all issues (including breaking changes), run:
Changesets	Install dependencies	2026-10-06T04:06:29.1868242Z   npm audit fix --force
Changesets	Install dependencies	2026-10-06T04:06:29.1868519Z 
Changesets	Install dependencies	2026-10-06T04:06:29.1868670Z Run `npm audit` for details.
Changesets	Verify package versions (no drift)	﻿2026-10-06T04:06:29.2713502Z ##[group]Run npm run verify:package-versions
Changesets	Verify package versions (no drift)	2026-10-06T04:06:29.2713902Z ^[[36;1mnpm run verify:package-versions^[[0m
Changesets	Verify package versions (no drift)	2026-10-06T04:06:29.2760675Z shell: /usr/bin/bash -e {0}
Changesets	Verify package versions (no drift)	2026-10-06T04:06:29.2760960Z ##[endgroup]
Changesets	Verify package versions (no drift)	2026-10-06T04:06:29.3406473Z 
Changesets	Verify package versions (no drift)	2026-10-06T04:06:29.3407076Z > cinatoken@2.8.0 verify:package-versions
Changesets	Verify package versions (no drift)	2026-10-06T04:06:29.3407607Z > node scripts/ci/verify-package-versions.mjs
Changesets	Verify package versions (no drift)	2026-10-06T04:06:29.3407806Z 
Changesets	Verify package versions (no drift)	2026-10-06T04:06:29.3625371Z OK: all package versions == 2.8.0
Changesets	Create Version PR or push tags	﻿2026-10-06T04:06:29.3735631Z ##[group]Run changesets/action@v1
Changesets	Create Version PR or push tags	2026-10-06T04:06:29.3735936Z with:
Changesets	Create Version PR or push tags	2026-10-06T04:06:29.3736164Z   title: chore: version packages
Changesets	Create Version PR or push tags	2026-10-06T04:06:29.3736460Z   commit: chore: version packages
Changesets	Create Version PR or push tags	2026-10-06T04:06:29.3736740Z   publish: npm run ci:changeset-tag-push
Changesets	Create Version PR or push tags	2026-10-06T04:06:29.3737025Z   createGithubReleases: false
Changesets	Create Version PR or push tags	2026-10-06T04:06:29.3739000Z   github-token: ***
Changesets	Create Version PR or push tags	2026-10-06T04:06:29.3739233Z   setupGitUser: true
Changesets	Create Version PR or push tags	2026-10-06T04:06:29.3739483Z   commitMode: git-cli
Changesets	Create Version PR or push tags	2026-10-06T04:06:29.3739745Z env:
Changesets	Create Version PR or push tags	2026-10-06T04:06:29.3741579Z   GITHUB_TOKEN: ***
Changesets	Create Version PR or push tags	2026-10-06T04:06:29.3741821Z ##[endgroup]
Changesets	Create Version PR or push tags	2026-10-06T04:06:29.4460481Z using resolved cwd: /home/runner/work/cinatoken/cinatoken
Changesets	Create Version PR or push tags	2026-10-06T04:06:29.4472012Z setting git user
Changesets	Create Version PR or push tags	2026-10-06T04:06:29.4494497Z [command]/usr/bin/git config user.name "github-actions[bot]"
Changesets	Create Version PR or push tags	2026-10-06T04:06:29.4545711Z [command]/usr/bin/git config user.email "41898282+github-actions[bot]@users.noreply.github.com"
Changesets	Create Version PR or push tags	2026-10-06T04:06:29.4568257Z setting GitHub credentials
Changesets	Create Version PR or push tags	2026-10-06T04:06:29.4619438Z [command]/usr/bin/git checkout changeset-release/main
Changesets	Create Version PR or push tags	2026-10-06T04:06:29.6209875Z Switched to a new branch 'changeset-release/main'
Changesets	Create Version PR or push tags	2026-10-06T04:06:29.6211102Z branch 'changeset-release/main' set up to track 'origin/changeset-release/main'.
Changesets	Create Version PR or push tags	2026-10-06T04:06:29.6225132Z [command]/usr/bin/git reset --hard dcc6ab52f21a18c5d1c02d8a4a4a390f039e61fc
Changesets	Create Version PR or push tags	2026-10-06T04:06:29.6551265Z HEAD is now at dcc6ab52 test: adapt PG73 fixtures and add direct socket diagnostics
Changesets	Create Version PR or push tags	2026-10-06T04:06:29.6679852Z [command]/opt/hostedtoolcache/node/22.23.3/x64/bin/node /home/runner/work/cinatoken/cinatoken/node_modules/@changesets/cli/bin.js version
Changesets	Create Version PR or push tags	2026-10-06T04:06:30.3809963Z 🦋  All files have been updated. Review them and commit at your leisure
Changesets	Create Version PR or push tags	2026-10-06T04:06:30.7011881Z Existing pull requests: [
Changesets	Create Version PR or push tags	2026-10-06T04:06:30.7012239Z   {
Changesets	Create Version PR or push tags	2026-10-06T04:06:30.7012835Z     "url": "https://api.github.com/repos/cinagroup/cinatoken/pulls/4",
Changesets	Create Version PR or push tags	2026-10-06T04:06:30.7013338Z     "id": 4753252927,
Changesets	Create Version PR or push tags	2026-10-06T04:06:30.7013783Z     "node_id": "PR_kwDOT-ESUs8AAAABG1DiPw",
Changesets	Create Version PR or push tags	2026-10-06T04:06:30.7014348Z     "html_url": "https://github.com/cinagroup/cinatoken/pull/4",
Changesets	Create Version PR or push tags	2026-10-06T04:06:30.7014932Z     "diff_url": "https://github.com/cinagroup/cinatoken/pull/4.diff",
Changesets	Create Version PR or push tags	2026-10-06T04:06:30.7015519Z     "patch_url": "https://github.com/cinagroup/cinatoken/pull/4.patch",
Changesets	Create Version PR or push tags	2026-10-06T04:06:30.7016074Z     "issue_url": "https://api.github.com/repos/cinagroup/cinatoken/issues/4",
Changesets	Create Version PR or push tags	2026-10-06T04:06:30.7016841Z     "number": 4,
Changesets	Create Version PR or push tags	2026-10-06T04:06:30.7017113Z     "state": "open",
Changesets	Create Version PR or push tags	2026-10-06T04:06:30.7017430Z     "locked": false,
Changesets	Create Version PR or push tags	2026-10-06T04:06:30.7017764Z     "title": "chore: version packages",
Changesets	Create Version PR or push tags	2026-10-06T04:06:30.7018191Z     "user": {
Changesets	Create Version PR or push tags	2026-10-06T04:06:30.7018461Z       "login": "cinagroup",
Changesets	Create Version PR or push tags	2026-10-06T04:06:30.7018808Z       "id": 224764184,
Changesets	Create Version PR or push tags	2026-10-06T04:06:30.7019067Z       "node_id": "U_kgDODWWhGA",
Changesets	Create Version PR or push tags	2026-10-06T04:06:30.7019411Z       "avatar_url": "https://avatars.githubusercontent.com/u/224764184?v=4",
Changesets	Create Version PR or push tags	2026-10-06T04:06:30.7019771Z       "gravatar_id": "",
Changesets	Create Version PR or push tags	2026-10-06T04:06:30.7020063Z       "url": "https://api.github.com/users/cinagroup",
Changesets	Create Version PR or push tags	2026-10-06T04:06:30.7020407Z       "html_url": "https://github.com/cinagroup",
Changesets	Create Version PR or push tags	2026-10-06T04:06:30.7020810Z       "followers_url": "https://api.github.com/users/cinagroup/followers",
Changesets	Create Version PR or push tags	2026-10-06T04:06:30.7021223Z       "following_url": "https://api.github.com/users/cinagroup/following{/other_user}",
Changesets	Create Version PR or push tags	2026-10-06T04:06:30.7021865Z       "gists_url": "https://api.github.com/users/cinagroup/gists{/gist_id}",
Changesets	Create Version PR or push tags	2026-10-06T04:06:30.7022357Z       "starred_url": "https://api.github.com/users/cinagroup/starred{/owner}{/repo}",
Changesets	Create Version PR or push tags	2026-10-06T04:06:30.7023008Z       "subscriptions_url": "https://api.github.com/users/cinagroup/subscriptions",
Changesets	Create Version PR or push tags	2026-10-06T04:06:30.7023421Z       "organizations_url": "https://api.github.com/users/cinagroup/orgs",
Changesets	Create Version PR or push tags	2026-10-06T04:06:30.7023831Z       "repos_url": "https://api.github.com/users/cinagroup/repos",
Changesets	Create Version PR or push tags	2026-10-06T04:06:30.7024235Z       "events_url": "https://api.github.com/users/cinagroup/events{/privacy}",
Changesets	Create Version PR or push tags	2026-10-06T04:06:30.7024921Z       "received_events_url": "https://api.github.com/users/cinagroup/received_events",
Changesets	Create Version PR or push tags	2026-10-06T04:06:30.7025314Z       "type": "User",
Changesets	Create Version PR or push tags	2026-10-06T04:06:30.7025590Z       "user_view_type": "public",
Changesets	Create Version PR or push tags	2026-10-06T04:06:30.7025877Z       "site_admin": false
Changesets	Create Version PR or push tags	2026-10-06T04:06:30.7026138Z     },
Changesets	Create Version PR or push tags	2026-10-06T04:06:30.7029882Z     "body": "This PR was opened by the [Changesets release](https://github.com/changesets/action) GitHub action. When you're ready to do a release, you can merge this and the packages will be published to npm automatically. If you're not ready to do a release yet, that's fine, whenever you add more changesets to main, this PR will be updated.\n\n\n# Releases\n## cinatoken@2.9.0\n\n### Minor Changes\n\n\n\n- [`7e876cf`](https://github.com/cinagroup/cinatoken/commit/7e876cfb048e98e619cbc97b5712c1d21cdb8a5b) - 启动 `cinatoken_gateway` PostgreSQL 迁移：安全改名历史 Schema，补齐门户整数账本与链上事务 Outbox 迁移，统一 PostgreSQL 运行时 search path，并将 D1→PostgreSQL ETL/对账升级为覆盖当前数据模型、源冻结、目标离线、会话失效和失败关闭的生产迁移流程。Proxy、Admin/Portal 与 Chain Worker 现可通过同一个 Cloudflare Hyperdrive 绑定显式切换到 PostgreSQL；默认仍保持 D1，缺失或不一致的切换配置会失败关闭。\n## @octafuse/admin@2.9.0\n\n### Patch Changes\n\n- Updated dependencies []:\n  - @octafuse/core@2.9.0\n  - @octafuse/tool-engines@2.9.0\n  - @cinatoken/web@2.9.0\n## @octafuse/proxy@2.9.0\n\n### Patch Changes\n\n- Updated dependencies []:\n  - @octafuse/core@2.9.0\n  - @octafuse/tool-engines@2.9.0\n## @octafuse/tool-engines@2.9.0\n\n### Patch Changes\n\n- Updated dependencies []:\n  - @octafuse/core@2.9.0\n## @octafuse/core@2.9.0\n\n\n## @cinatoken/web@2.9.0\n\n",
Changesets	Create Version PR or push tags	2026-10-06T04:06:30.7032916Z     "created_at": "2026-10-06T02:19:18Z",
Changesets	Create Version PR or push tags	2026-10-06T04:06:30.7033825Z     "updated_at": "2026-10-06T03:33:38Z",
Changesets	Create Version PR or push tags	2026-10-06T04:06:30.7034099Z     "closed_at": null,
Changesets	Create Version PR or push tags	2026-10-06T04:06:30.7034340Z     "merged_at": null,
Changesets	Create Version PR or push tags	2026-10-06T04:06:30.7034699Z     "merge_commit_sha": "74776b870a5c26f28a52efc0a367036f20e51804",
Changesets	Create Version PR or push tags	2026-10-06T04:06:30.7035002Z     "assignees": [],
Changesets	Create Version PR or push tags	2026-10-06T04:06:30.7035305Z     "requested_reviewers": [],
Changesets	Create Version PR or push tags	2026-10-06T04:06:30.7035615Z     "requested_teams": [],
Changesets	Create Version PR or push tags	2026-10-06T04:06:30.7035873Z     "labels": [],
Changesets	Create Version PR or push tags	2026-10-06T04:06:30.7036098Z     "milestone": null,
Changesets	Create Version PR or push tags	2026-10-06T04:06:30.7036362Z     "draft": true,
Changesets	Create Version PR or push tags	2026-10-06T04:06:30.7036784Z     "commits_url": "https://api.github.com/repos/cinagroup/cinatoken/pulls/4/commits",
Changesets	Create Version PR or push tags	2026-10-06T04:06:30.7037339Z     "review_comments_url": "https://api.github.com/repos/cinagroup/cinatoken/pulls/4/comments",
Changesets	Create Version PR or push tags	2026-10-06T04:06:30.7038064Z     "review_comment_url": "https://api.github.com/repos/cinagroup/cinatoken/pulls/comments{/number}",
Changesets	Create Version PR or push tags	2026-10-06T04:06:30.7038582Z     "comments_url": "https://api.github.com/repos/cinagroup/cinatoken/issues/4/comments",
Changesets	Create Version PR or push tags	2026-10-06T04:06:30.7039178Z     "statuses_url": "https://api.github.com/repos/cinagroup/cinatoken/statuses/8efb511abd83a8cb89f82e141423723ccc02d2a3",
Changesets	Create Version PR or push tags	2026-10-06T04:06:30.7039664Z     "head": {
Changesets	Create Version PR or push tags	2026-10-06T04:06:30.7039929Z       "label": "cinagroup:changeset-release/main",
Changesets	Create Version PR or push tags	2026-10-06T04:06:30.7040306Z       "ref": "changeset-release/main",
Changesets	Create Version PR or push tags	2026-10-06T04:06:30.7040669Z       "sha": "8efb511abd83a8cb89f82e141423723ccc02d2a3",
Changesets	Create Version PR or push tags	2026-10-06T04:06:30.7040979Z       "user": {
Changesets	Create Version PR or push tags	2026-10-06T04:06:30.7041214Z         "login": "cinagroup",
Changesets	Create Version PR or push tags	2026-10-06T04:06:30.7041513Z         "id": 224764184,
Changesets	Create Version PR or push tags	2026-10-06T04:06:30.7041787Z         "node_id": "U_kgDODWWhGA",
Changesets	Create Version PR or push tags	2026-10-06T04:06:30.7042173Z         "avatar_url": "https://avatars.githubusercontent.com/u/224764184?v=4",
Changesets	Create Version PR or push tags	2026-10-06T04:06:30.7042717Z         "gravatar_id": "",
Changesets	Create Version PR or push tags	2026-10-06T04:06:30.7043094Z         "url": "https://api.github.com/users/cinagroup",
Changesets	Create Version PR or push tags	2026-10-06T04:06:30.7043531Z         "html_url": "https://github.com/cinagroup",
Changesets	Create Version PR or push tags	2026-10-06T04:06:30.7044096Z         "followers_url": "https://api.github.com/users/cinagroup/followers",
Changesets	Create Version PR or push tags	2026-10-06T04:06:30.7044587Z         "following_url": "https://api.github.com/users/cinagroup/following{/other_user}",
Changesets	Create Version PR or push tags	2026-10-06T04:06:30.7045216Z         "gists_url": "https://api.github.com/users/cinagroup/gists{/gist_id}",
Changesets	Create Version PR or push tags	2026-10-06T04:06:30.7045689Z         "starred_url": "https://api.github.com/users/cinagroup/starred{/owner}{/repo}",
Changesets	Create Version PR or push tags	2026-10-06T04:06:30.7046350Z         "subscriptions_url": "https://api.github.com/users/cinagroup/subscriptions",
Changesets	Create Version PR or push tags	2026-10-06T04:06:30.7046816Z         "organizations_url": "https://api.github.com/users/cinagroup/orgs",
Changesets	Create Version PR or push tags	2026-10-06T04:06:30.7047224Z         "repos_url": "https://api.github.com/users/cinagroup/repos",
Changesets	Create Version PR or push tags	2026-10-06T04:06:30.7047684Z         "events_url": "https://api.github.com/users/cinagroup/events{/privacy}",
Changesets	Create Version PR or push tags	2026-10-06T04:06:30.7048126Z         "received_events_url": "https://api.github.com/users/cinagroup/received_events",
Changesets	Create Version PR or push tags	2026-10-06T04:06:30.7048519Z         "type": "User",
Changesets	Create Version PR or push tags	2026-10-06T04:06:30.7048824Z         "user_view_type": "public",
Changesets	Create Version PR or push tags	2026-10-06T04:06:30.7049099Z         "site_admin": false
Changesets	Create Version PR or push tags	2026-10-06T04:06:30.7049340Z       },
Changesets	Create Version PR or push tags	2026-10-06T04:06:30.7049582Z       "repo": {
Changesets	Create Version PR or push tags	2026-10-06T04:06:30.7049831Z         "id": 1340150354,
Changesets	Create Version PR or push tags	2026-10-06T04:06:30.7050098Z         "node_id": "R_kgDOT-ESUg",
Changesets	Create Version PR or push tags	2026-10-06T04:06:30.7050402Z         "name": "cinatoken",
Changesets	Create Version PR or push tags	2026-10-06T04:06:30.7050737Z         "full_name": "cinagroup/cinatoken",
Changesets	Create Version PR or push tags	2026-10-06T04:06:30.7051015Z         "private": false,
Changesets	Create Version PR or push tags	2026-10-06T04:06:30.7051307Z         "owner": {
Changesets	Create Version PR or push tags	2026-10-06T04:06:30.7051544Z           "login": "cinagroup",
Changesets	Create Version PR or push tags	2026-10-06T04:06:30.7051819Z           "id": 224764184,
Changesets	Create Version PR or push tags	2026-10-06T04:06:30.7052079Z           "node_id": "U_kgDODWWhGA",
Changesets	Create Version PR or push tags	2026-10-06T04:06:30.7052658Z           "avatar_url": "https://avatars.githubusercontent.com/u/224764184?v=4",
Changesets	Create Version PR or push tags	2026-10-06T04:06:30.7053048Z           "gravatar_id": "",
Changesets	Create Version PR or push tags	2026-10-06T04:06:30.7053389Z           "url": "https://api.github.com/users/cinagroup",
Changesets	Create Version PR or push tags	2026-10-06T04:06:30.7053739Z           "html_url": "https://github.com/cinagroup",
Changesets	Create Version PR or push tags	2026-10-06T04:06:30.7054123Z           "followers_url": "https://api.github.com/users/cinagroup/followers",
Changesets	Create Version PR or push tags	2026-10-06T04:06:30.7054641Z           "following_url": "https://api.github.com/users/cinagroup/following{/other_user}",
Changesets	Create Version PR or push tags	2026-10-06T04:06:30.7055095Z           "gists_url": "https://api.github.com/users/cinagroup/gists{/gist_id}",
Changesets	Create Version PR or push tags	2026-10-06T04:06:30.7055549Z           "starred_url": "https://api.github.com/users/cinagroup/starred{/owner}{/repo}",
Changesets	Create Version PR or push tags	2026-10-06T04:06:30.7056059Z           "subscriptions_url": "https://api.github.com/users/cinagroup/subscriptions",
Changesets	Create Version PR or push tags	2026-10-06T04:06:30.7056497Z           "organizations_url": "https://api.github.com/users/cinagroup/orgs",
Changesets	Create Version PR or push tags	2026-10-06T04:06:30.7057035Z           "repos_url": "https://api.github.com/users/cinagroup/repos",
Changesets	Create Version PR or push tags	2026-10-06T04:06:30.7057491Z           "events_url": "https://api.github.com/users/cinagroup/events{/privacy}",
Changesets	Create Version PR or push tags	2026-10-06T04:06:30.7057970Z           "received_events_url": "https://api.github.com/users/cinagroup/received_events",
Changesets	Create Version PR or push tags	2026-10-06T04:06:30.7058355Z           "type": "User",
Changesets	Create Version PR or push tags	2026-10-06T04:06:30.7058642Z           "user_view_type": "public",
Changesets	Create Version PR or push tags	2026-10-06T04:06:30.7058923Z           "site_admin": false
Changesets	Create Version PR or push tags	2026-10-06T04:06:30.7059164Z         },
Changesets	Create Version PR or push tags	2026-10-06T04:06:30.7059488Z         "html_url": "https://github.com/cinagroup/cinatoken",
Changesets	Create Version PR or push tags	2026-10-06T04:06:30.7060265Z         "description": "Cinatoken是可自托管的开源 AI Gateway：把多供应商、多账号、多 API Key 收成一个 Base URL、一个 API Key，并带路由、预算、计费与审计。",
Changesets	Create Version PR or push tags	2026-10-06T04:06:30.7060735Z         "fork": true,
Changesets	Create Version PR or push tags	2026-10-06T04:06:30.7061049Z         "url": "https://api.github.com/repos/cinagroup/cinatoken",
Changesets	Create Version PR or push tags	2026-10-06T04:06:30.7061439Z         "forks_url": "https://api.github.com/repos/cinagroup/cinatoken/forks",
Changesets	Create Version PR or push tags	2026-10-06T04:06:30.7061947Z         "keys_url": "https://api.github.com/repos/cinagroup/cinatoken/keys{/key_id}",
Changesets	Create Version PR or push tags	2026-10-06T04:06:30.7062823Z         "collaborators_url": "https://api.github.com/repos/cinagroup/cinatoken/collaborators{/collaborator}",
Changesets	Create Version PR or push tags	2026-10-06T04:06:30.7063616Z         "teams_url": "https://api.github.com/repos/cinagroup/cinatoken/teams",
Changesets	Create Version PR or push tags	2026-10-06T04:06:30.7064258Z         "hooks_url": "https://api.github.com/repos/cinagroup/cinatoken/hooks",
Changesets	Create Version PR or push tags	2026-10-06T04:06:30.7064796Z         "issue_events_url": "https://api.github.com/repos/cinagroup/cinatoken/issues/events{/number}",
Changesets	Create Version PR or push tags	2026-10-06T04:06:30.7065426Z         "events_url": "https://api.github.com/repos/cinagroup/cinatoken/events",
Changesets	Create Version PR or push tags	2026-10-06T04:06:30.7065956Z         "assignees_url": "https://api.github.com/repos/cinagroup/cinatoken/assignees{/user}",
Changesets	Create Version PR or push tags	2026-10-06T04:06:30.7066505Z         "branches_url": "https://api.github.com/repos/cinagroup/cinatoken/branches{/branch}",
Changesets	Create Version PR or push tags	2026-10-06T04:06:30.7066997Z         "tags_url": "https://api.github.com/repos/cinagroup/cinatoken/tags",
Changesets	Create Version PR or push tags	2026-10-06T04:06:30.7067509Z         "blobs_url": "https://api.github.com/repos/cinagroup/cinatoken/git/blobs{/sha}",
Changesets	Create Version PR or push tags	2026-10-06T04:06:30.7067995Z         "git_tags_url": "https://api.github.com/repos/cinagroup/cinatoken/git/tags{/sha}",
Changesets	Create Version PR or push tags	2026-10-06T04:06:30.7068539Z         "git_refs_url": "https://api.github.com/repos/cinagroup/cinatoken/git/refs{/sha}",
Changesets	Create Version PR or push tags	2026-10-06T04:06:30.7069040Z         "trees_url": "https://api.github.com/repos/cinagroup/cinatoken/git/trees{/sha}",
Changesets	Create Version PR or push tags	2026-10-06T04:06:30.7069519Z         "statuses_url": "https://api.github.com/repos/cinagroup/cinatoken/statuses/{sha}",
Changesets	Create Version PR or push tags	2026-10-06T04:06:30.7070058Z         "languages_url": "https://api.github.com/repos/cinagroup/cinatoken/languages",
Changesets	Create Version PR or push tags	2026-10-06T04:06:30.7070569Z         "stargazers_url": "https://api.github.com/repos/cinagroup/cinatoken/stargazers",
Changesets	Create Version PR or push tags	2026-10-06T04:06:30.7071106Z         "contributors_url": "https://api.github.com/repos/cinagroup/cinatoken/contributors",
Changesets	Create Version PR or push tags	2026-10-06T04:06:30.7071686Z         "subscribers_url": "https://api.github.com/repos/cinagroup/cinatoken/subscribers",
Changesets	Create Version PR or push tags	2026-10-06T04:06:30.7072176Z         "subscription_url": "https://api.github.com/repos/cinagroup/cinatoken/subscription",
Changesets	Create Version PR or push tags	2026-10-06T04:06:30.7072928Z         "commits_url": "https://api.github.com/repos/cinagroup/cinatoken/commits{/sha}",
Changesets	Create Version PR or push tags	2026-10-06T04:06:30.7073466Z         "git_commits_url": "https://api.github.com/repos/cinagroup/cinatoken/git/commits{/sha}",
Changesets	Create Version PR or push tags	2026-10-06T04:06:30.7074523Z         "comments_url": "https://api.github.com/repos/cinagroup/cinatoken/comments{/number}",
Changesets	Create Version PR or push tags	2026-10-06T04:06:30.7075211Z         "issue_comment_url": "https://api.github.com/repos/cinagroup/cinatoken/issues/comments{/number}",
Changesets	Create Version PR or push tags	2026-10-06T04:06:30.7075954Z         "contents_url": "https://api.github.com/repos/cinagroup/cinatoken/contents/{+path}",
Changesets	Create Version PR or push tags	2026-10-06T04:06:30.7076727Z         "compare_url": "https://api.github.com/repos/cinagroup/cinatoken/compare/{base}...{head}",
Changesets	Create Version PR or push tags	2026-10-06T04:06:30.7077366Z         "merges_url": "https://api.github.com/repos/cinagroup/cinatoken/merges",
Changesets	Create Version PR or push tags	2026-10-06T04:06:30.7078232Z         "archive_url": "https://api.github.com/repos/cinagroup/cinatoken/{archive_format}{/ref}",
Changesets	Create Version PR or push tags	2026-10-06T04:06:30.7078918Z         "downloads_url": "https://api.github.com/repos/cinagroup/cinatoken/downloads",
Changesets	Create Version PR or push tags	2026-10-06T04:06:30.7079553Z         "issues_url": "https://api.github.com/repos/cinagroup/cinatoken/issues{/number}",
Changesets	Create Version PR or push tags	2026-10-06T04:06:30.7080052Z         "pulls_url": "https://api.github.com/repos/cinagroup/cinatoken/pulls{/number}",
Changesets	Create Version PR or push tags	2026-10-06T04:06:30.7080522Z         "milestones_url": "https://api.github.com/repos/cinagroup/cinatoken/milestones{/number}",
Changesets	Create Version PR or push tags	2026-10-06T04:06:30.7081258Z         "notifications_url": "https://api.github.com/repos/cinagroup/cinatoken/notifications{?since,all,participating}",
Changesets	Create Version PR or push tags	2026-10-06T04:06:30.7082043Z         "labels_url": "https://api.github.com/repos/cinagroup/cinatoken/labels{/name}",
Changesets	Create Version PR or push tags	2026-10-06T04:06:30.7082930Z         "releases_url": "https://api.github.com/repos/cinagroup/cinatoken/releases{/id}",
Changesets	Create Version PR or push tags	2026-10-06T04:06:30.7083661Z         "deployments_url": "https://api.github.com/repos/cinagroup/cinatoken/deployments",
Changesets	Create Version PR or push tags	2026-10-06T04:06:30.7084234Z         "created_at": "2026-08-20T00:53:28Z",
Changesets	Create Version PR or push tags	2026-10-06T04:06:30.7084615Z         "updated_at": "2026-10-06T04:05:40Z",
Changesets	Create Version PR or push tags	2026-10-06T04:06:30.7085049Z         "pushed_at": "2026-10-06T04:05:36Z",
Changesets	Create Version PR or push tags	2026-10-06T04:06:30.7085522Z         "git_url": "git://github.com/cinagroup/cinatoken.git",
Changesets	Create Version PR or push tags	2026-10-06T04:06:30.7085991Z         "ssh_url": "git@github.com:cinagroup/cinatoken.git",
Changesets	Create Version PR or push tags	2026-10-06T04:06:30.7086584Z         "clone_url": "https://github.com/cinagroup/cinatoken.git",
Changesets	Create Version PR or push tags	2026-10-06T04:06:30.7087315Z         "svn_url": "https://github.com/cinagroup/cinatoken",
Changesets	Create Version PR or push tags	2026-10-06T04:06:30.7087821Z         "homepage": "https://cinatoken.com",
Changesets	Create Version PR or push tags	2026-10-06T04:06:30.7088274Z         "size": 109920,
Changesets	Create Version PR or push tags	2026-10-06T04:06:30.7088615Z         "stargazers_count": 0,
Changesets	Create Version PR or push tags	2026-10-06T04:06:30.7089010Z         "watchers_count": 0,
Changesets	Create Version PR or push tags	2026-10-06T04:06:30.7089433Z         "language": "TypeScript",
Changesets	Create Version PR or push tags	2026-10-06T04:06:30.7089888Z         "has_issues": false,
Changesets	Create Version PR or push tags	2026-10-06T04:06:30.7090283Z         "has_projects": true,
Changesets	Create Version PR or push tags	2026-10-06T04:06:30.7090658Z         "has_downloads": false,
Changesets	Create Version PR or push tags	2026-10-06T04:06:30.7090977Z         "has_wiki": true,
Changesets	Create Version PR or push tags	2026-10-06T04:06:30.7091355Z         "has_pages": false,
Changesets	Create Version PR or push tags	2026-10-06T04:06:30.7091691Z         "has_discussions": false,
Changesets	Create Version PR or push tags	2026-10-06T04:06:30.7092039Z         "forks_count": 0,
Changesets	Create Version PR or push tags	2026-10-06T04:06:30.7092320Z         "mirror_url": null,
Changesets	Create Version PR or push tags	2026-10-06T04:06:30.7092912Z         "archived": false,
Changesets	Create Version PR or push tags	2026-10-06T04:06:30.7093224Z         "disabled": false,
Changesets	Create Version PR or push tags	2026-10-06T04:06:30.7093537Z         "open_issues_count": 1,
Changesets	Create Version PR or push tags	2026-10-06T04:06:30.7093810Z         "license": {
Changesets	Create Version PR or push tags	2026-10-06T04:06:30.7094135Z           "key": "agpl-3.0",
Changesets	Create Version PR or push tags	2026-10-06T04:06:30.7094499Z           "name": "GNU Affero General Public License v3.0",
Changesets	Create Version PR or push tags	2026-10-06T04:06:30.7094928Z           "spdx_id": "AGPL-3.0",
Changesets	Create Version PR or push tags	2026-10-06T04:06:30.7095393Z           "url": "https://api.github.com/licenses/agpl-3.0",
Changesets	Create Version PR or push tags	2026-10-06T04:06:30.7095778Z           "node_id": "MDc6TGljZW5zZTE="
Changesets	Create Version PR or push tags	2026-10-06T04:06:30.7096089Z         },
Changesets	Create Version PR or push tags	2026-10-06T04:06:30.7096407Z         "allow_forking": true,
Changesets	Create Version PR or push tags	2026-10-06T04:06:30.7096730Z         "is_template": false,
Changesets	Create Version PR or push tags	2026-10-06T04:06:30.7097051Z         "web_commit_signoff_required": false,
Changesets	Create Version PR or push tags	2026-10-06T04:06:30.7097403Z         "has_pull_requests": true,
Changesets	Create Version PR or push tags	2026-10-06T04:06:30.7097919Z         "pull_request_creation_policy": "all",
Changesets	Create Version PR or push tags	2026-10-06T04:06:30.7098438Z         "topics": [],
Changesets	Create Version PR or push tags	2026-10-06T04:06:30.7098908Z         "visibility": "public",
Changesets	Create Version PR or push tags	2026-10-06T04:06:30.7099314Z         "forks": 0,
Changesets	Create Version PR or push tags	2026-10-06T04:06:30.7099612Z         "open_issues": 1,
Changesets	Create Version PR or push tags	2026-10-06T04:06:30.7100025Z         "watchers": 0,
Changesets	Create Version PR or push tags	2026-10-06T04:06:30.7100402Z         "default_branch": "main"
Changesets	Create Version PR or push tags	2026-10-06T04:06:30.7100763Z       }
Changesets	Create Version PR or push tags	2026-10-06T04:06:30.7101041Z     },
Changesets	Create Version PR or push tags	2026-10-06T04:06:30.7101371Z     "base": {
Changesets	Create Version PR or push tags	2026-10-06T04:06:30.7101748Z       "label": "cinagroup:main",
Changesets	Create Version PR or push tags	2026-10-06T04:06:30.7102100Z       "ref": "main",
Changesets	Create Version PR or push tags	2026-10-06T04:06:30.7102841Z       "sha": "473de5fc520fc7d64db700db88a76c7a6b45c241",
Changesets	Create Version PR or push tags	2026-10-06T04:06:30.7103447Z       "user": {
Changesets	Create Version PR or push tags	2026-10-06T04:06:30.7103779Z         "login": "cinagroup",
Changesets	Create Version PR or push tags	2026-10-06T04:06:30.7104224Z         "id": 224764184,
Changesets	Create Version PR or push tags	2026-10-06T04:06:30.7104701Z         "node_id": "U_kgDODWWhGA",
Changesets	Create Version PR or push tags	2026-10-06T04:06:30.7105232Z         "avatar_url": "https://avatars.githubusercontent.com/u/224764184?v=4",
Changesets	Create Version PR or push tags	2026-10-06T04:06:30.7105732Z         "gravatar_id": "",
Changesets	Create Version PR or push tags	2026-10-06T04:06:30.7106263Z         "url": "https://api.github.com/users/cinagroup",
Changesets	Create Version PR or push tags	2026-10-06T04:06:30.7106748Z         "html_url": "https://github.com/cinagroup",
Changesets	Create Version PR or push tags	2026-10-06T04:06:30.7107311Z         "followers_url": "https://api.github.com/users/cinagroup/followers",
Changesets	Create Version PR or push tags	2026-10-06T04:06:30.7107887Z         "following_url": "https://api.github.com/users/cinagroup/following{/other_user}",
Changesets	Create Version PR or push tags	2026-10-06T04:06:30.7108302Z         "gists_url": "https://api.github.com/users/cinagroup/gists{/gist_id}",
Changesets	Create Version PR or push tags	2026-10-06T04:06:30.7108796Z         "starred_url": "https://api.github.com/users/cinagroup/starred{/owner}{/repo}",
Changesets	Create Version PR or push tags	2026-10-06T04:06:30.7109409Z         "subscriptions_url": "https://api.github.com/users/cinagroup/subscriptions",
Changesets	Create Version PR or push tags	2026-10-06T04:06:30.7110016Z         "organizations_url": "https://api.github.com/users/cinagroup/orgs",
Changesets	Create Version PR or push tags	2026-10-06T04:06:30.7110566Z         "repos_url": "https://api.github.com/users/cinagroup/repos",
Changesets	Create Version PR or push tags	2026-10-06T04:06:30.7111137Z         "events_url": "https://api.github.com/users/cinagroup/events{/privacy}",
Changesets	Create Version PR or push tags	2026-10-06T04:06:30.7111600Z         "received_events_url": "https://api.github.com/users/cinagroup/received_events",
Changesets	Create Version PR or push tags	2026-10-06T04:06:30.7111951Z         "type": "User",
Changesets	Create Version PR or push tags	2026-10-06T04:06:30.7112349Z         "user_view_type": "public",
Changesets	Create Version PR or push tags	2026-10-06T04:06:30.7112752Z         "site_admin": false
Changesets	Create Version PR or push tags	2026-10-06T04:06:30.7113050Z       },
Changesets	Create Version PR or push tags	2026-10-06T04:06:30.7113254Z       "repo": {
Changesets	Create Version PR or push tags	2026-10-06T04:06:30.7113458Z         "id": 1340150354,
Changesets	Create Version PR or push tags	2026-10-06T04:06:30.7113729Z         "node_id": "R_kgDOT-ESUg",
Changesets	Create Version PR or push tags	2026-10-06T04:06:30.7114021Z         "name": "cinatoken",
Changesets	Create Version PR or push tags	2026-10-06T04:06:30.7114305Z         "full_name": "cinagroup/cinatoken",
Changesets	Create Version PR or push tags	2026-10-06T04:06:30.7114565Z         "private": false,
Changesets	Create Version PR or push tags	2026-10-06T04:06:30.7114820Z         "owner": {
Changesets	Create Version PR or push tags	2026-10-06T04:06:30.7115060Z           "login": "cinagroup",
Changesets	Create Version PR or push tags	2026-10-06T04:06:30.7115310Z           "id": 224764184,
Changesets	Create Version PR or push tags	2026-10-06T04:06:30.7115596Z           "node_id": "U_kgDODWWhGA",
Changesets	Create Version PR or push tags	2026-10-06T04:06:30.7115944Z           "avatar_url": "https://avatars.githubusercontent.com/u/224764184?v=4",
Changesets	Create Version PR or push tags	2026-10-06T04:06:30.7116269Z           "gravatar_id": "",
Changesets	Create Version PR or push tags	2026-10-06T04:06:30.7116593Z           "url": "https://api.github.com/users/cinagroup",
Changesets	Create Version PR or push tags	2026-10-06T04:06:30.7116923Z           "html_url": "https://github.com/cinagroup",
Changesets	Create Version PR or push tags	2026-10-06T04:06:30.7117305Z           "followers_url": "https://api.github.com/users/cinagroup/followers",
Changesets	Create Version PR or push tags	2026-10-06T04:06:30.7117758Z           "following_url": "https://api.github.com/users/cinagroup/following{/other_user}",
Changesets	Create Version PR or push tags	2026-10-06T04:06:30.7118206Z           "gists_url": "https://api.github.com/users/cinagroup/gists{/gist_id}",
Changesets	Create Version PR or push tags	2026-10-06T04:06:30.7118686Z           "starred_url": "https://api.github.com/users/cinagroup/starred{/owner}{/repo}",
Changesets	Create Version PR or push tags	2026-10-06T04:06:30.7119135Z           "subscriptions_url": "https://api.github.com/users/cinagroup/subscriptions",
Changesets	Create Version PR or push tags	2026-10-06T04:06:30.7119567Z           "organizations_url": "https://api.github.com/users/cinagroup/orgs",
Changesets	Create Version PR or push tags	2026-10-06T04:06:30.7119968Z           "repos_url": "https://api.github.com/users/cinagroup/repos",
Changesets	Create Version PR or push tags	2026-10-06T04:06:30.7120386Z           "events_url": "https://api.github.com/users/cinagroup/events{/privacy}",
Changesets	Create Version PR or push tags	2026-10-06T04:06:30.7120840Z           "received_events_url": "https://api.github.com/users/cinagroup/received_events",
Changesets	Create Version PR or push tags	2026-10-06T04:06:30.7121224Z           "type": "User",
Changesets	Create Version PR or push tags	2026-10-06T04:06:30.7121478Z           "user_view_type": "public",
Changesets	Create Version PR or push tags	2026-10-06T04:06:30.7121721Z           "site_admin": false
Changesets	Create Version PR or push tags	2026-10-06T04:06:30.7122020Z         },
Changesets	Create Version PR or push tags	2026-10-06T04:06:30.7122286Z         "html_url": "https://github.com/cinagroup/cinatoken",
Changesets	Create Version PR or push tags	2026-10-06T04:06:30.7123156Z         "description": "Cinatoken是可自托管的开源 AI Gateway：把多供应商、多账号、多 API Key 收成一个 Base URL、一个 API Key，并带路由、预算、计费与审计。",
Changesets	Create Version PR or push tags	2026-10-06T04:06:30.7123648Z         "fork": true,
Changesets	Create Version PR or push tags	2026-10-06T04:06:30.7123943Z         "url": "https://api.github.com/repos/cinagroup/cinatoken",
Changesets	Create Version PR or push tags	2026-10-06T04:06:30.7124364Z         "forks_url": "https://api.github.com/repos/cinagroup/cinatoken/forks",
Changesets	Create Version PR or push tags	2026-10-06T04:06:30.7124801Z         "keys_url": "https://api.github.com/repos/cinagroup/cinatoken/keys{/key_id}",
Changesets	Create Version PR or push tags	2026-10-06T04:06:30.7125316Z         "collaborators_url": "https://api.github.com/repos/cinagroup/cinatoken/collaborators{/collaborator}",
Changesets	Create Version PR or push tags	2026-10-06T04:06:30.7125821Z         "teams_url": "https://api.github.com/repos/cinagroup/cinatoken/teams",
Changesets	Create Version PR or push tags	2026-10-06T04:06:30.7126246Z         "hooks_url": "https://api.github.com/repos/cinagroup/cinatoken/hooks",
Changesets	Create Version PR or push tags	2026-10-06T04:06:30.7126690Z         "issue_events_url": "https://api.github.com/repos/cinagroup/cinatoken/issues/events{/number}",
Changesets	Create Version PR or push tags	2026-10-06T04:06:30.7127174Z         "events_url": "https://api.github.com/repos/cinagroup/cinatoken/events",
Changesets	Create Version PR or push tags	2026-10-06T04:06:30.7127627Z         "assignees_url": "https://api.github.com/repos/cinagroup/cinatoken/assignees{/user}",
Changesets	Create Version PR or push tags	2026-10-06T04:06:30.7128087Z         "branches_url": "https://api.github.com/repos/cinagroup/cinatoken/branches{/branch}",
Changesets	Create Version PR or push tags	2026-10-06T04:06:30.7128567Z         "tags_url": "https://api.github.com/repos/cinagroup/cinatoken/tags",
Changesets	Create Version PR or push tags	2026-10-06T04:06:30.7128985Z         "blobs_url": "https://api.github.com/repos/cinagroup/cinatoken/git/blobs{/sha}",
Changesets	Create Version PR or push tags	2026-10-06T04:06:30.7129608Z         "git_tags_url": "https://api.github.com/repos/cinagroup/cinatoken/git/tags{/sha}",
Changesets	Create Version PR or push tags	2026-10-06T04:06:30.7130357Z         "git_refs_url": "https://api.github.com/repos/cinagroup/cinatoken/git/refs{/sha}",
Changesets	Create Version PR or push tags	2026-10-06T04:06:30.7130885Z         "trees_url": "https://api.github.com/repos/cinagroup/cinatoken/git/trees{/sha}",
Changesets	Create Version PR or push tags	2026-10-06T04:06:30.7131513Z         "statuses_url": "https://api.github.com/repos/cinagroup/cinatoken/statuses/{sha}",
Changesets	Create Version PR or push tags	2026-10-06T04:06:30.7132060Z         "languages_url": "https://api.github.com/repos/cinagroup/cinatoken/languages",
Changesets	Create Version PR or push tags	2026-10-06T04:06:30.7132784Z         "stargazers_url": "https://api.github.com/repos/cinagroup/cinatoken/stargazers",
Changesets	Create Version PR or push tags	2026-10-06T04:06:30.7133410Z         "contributors_url": "https://api.github.com/repos/cinagroup/cinatoken/contributors",
Changesets	Create Version PR or push tags	2026-10-06T04:06:30.7134047Z         "subscribers_url": "https://api.github.com/repos/cinagroup/cinatoken/subscribers",
Changesets	Create Version PR or push tags	2026-10-06T04:06:30.7134682Z         "subscription_url": "https://api.github.com/repos/cinagroup/cinatoken/subscription",
Changesets	Create Version PR or push tags	2026-10-06T04:06:30.7135257Z         "commits_url": "https://api.github.com/repos/cinagroup/cinatoken/commits{/sha}",
Changesets	Create Version PR or push tags	2026-10-06T04:06:30.7135892Z         "git_commits_url": "https://api.github.com/repos/cinagroup/cinatoken/git/commits{/sha}",
Changesets	Create Version PR or push tags	2026-10-06T04:06:30.7136560Z         "comments_url": "https://api.github.com/repos/cinagroup/cinatoken/comments{/number}",
Changesets	Create Version PR or push tags	2026-10-06T04:06:30.7137227Z         "issue_comment_url": "https://api.github.com/repos/cinagroup/cinatoken/issues/comments{/number}",
Changesets	Create Version PR or push tags	2026-10-06T04:06:30.7137825Z         "contents_url": "https://api.github.com/repos/cinagroup/cinatoken/contents/{+path}",
Changesets	Create Version PR or push tags	2026-10-06T04:06:30.7138294Z         "compare_url": "https://api.github.com/repos/cinagroup/cinatoken/compare/{base}...{head}",
Changesets	Create Version PR or push tags	2026-10-06T04:06:30.7138745Z         "merges_url": "https://api.github.com/repos/cinagroup/cinatoken/merges",
Changesets	Create Version PR or push tags	2026-10-06T04:06:30.7139225Z         "archive_url": "https://api.github.com/repos/cinagroup/cinatoken/{archive_format}{/ref}",
Changesets	Create Version PR or push tags	2026-10-06T04:06:30.7139834Z         "downloads_url": "https://api.github.com/repos/cinagroup/cinatoken/downloads",
Changesets	Create Version PR or push tags	2026-10-06T04:06:30.7149106Z         "issues_url": "https://api.github.com/repos/cinagroup/cinatoken/issues{/number}",
Changesets	Create Version PR or push tags	2026-10-06T04:06:30.7149824Z         "pulls_url": "https://api.github.com/repos/cinagroup/cinatoken/pulls{/number}",
Changesets	Create Version PR or push tags	2026-10-06T04:06:30.7150422Z         "milestones_url": "https://api.github.com/repos/cinagroup/cinatoken/milestones{/number}",
Changesets	Create Version PR or push tags	2026-10-06T04:06:30.7151354Z         "notifications_url": "https://api.github.com/repos/cinagroup/cinatoken/notifications{?since,all,participating}",
Changesets	Create Version PR or push tags	2026-10-06T04:06:30.7152031Z         "labels_url": "https://api.github.com/repos/cinagroup/cinatoken/labels{/name}",
Changesets	Create Version PR or push tags	2026-10-06T04:06:30.7186766Z         "releases_url": "https://api.github.com/repos/cinagroup/cinatoken/releases{/id}",
Changesets	Create Version PR or push tags	2026-10-06T04:06:30.7187488Z         "deployments_url": "https://api.github.com/repos/cinagroup/cinatoken/deployments",
Changesets	Create Version PR or push tags	2026-10-06T04:06:30.7187876Z         "created_at": "2026-08-20T00:53:28Z",
Changesets	Create Version PR or push tags	2026-10-06T04:06:30.7188167Z         "updated_at": "2026-10-06T04:05:40Z",
Changesets	Create Version PR or push tags	2026-10-06T04:06:30.7188513Z         "pushed_at": "2026-10-06T04:05:36Z",
Changesets	Create Version PR or push tags	2026-10-06T04:06:30.7188818Z         "git_url": "git://github.com/cinagroup/cinatoken.git",
Changesets	Create Version PR or push tags	2026-10-06T04:06:30.7189197Z         "ssh_url": "git@github.com:cinagroup/cinatoken.git",
Changesets	Create Version PR or push tags	2026-10-06T04:06:30.7189575Z         "clone_url": "https://github.com/cinagroup/cinatoken.git",
Changesets	Create Version PR or push tags	2026-10-06T04:06:30.7189934Z         "svn_url": "https://github.com/cinagroup/cinatoken",
Changesets	Create Version PR or push tags	2026-10-06T04:06:30.7190273Z         "homepage": "https://cinatoken.com",
Changesets	Create Version PR or push tags	2026-10-06T04:06:30.7190542Z         "size": 109920,
Changesets	Create Version PR or push tags	2026-10-06T04:06:30.7190812Z         "stargazers_count": 0,
Changesets	Create Version PR or push tags	2026-10-06T04:06:30.7191057Z         "watchers_count": 0,
Changesets	Create Version PR or push tags	2026-10-06T04:06:30.7191346Z         "language": "TypeScript",
Changesets	Create Version PR or push tags	2026-10-06T04:06:30.7191593Z         "has_issues": false,
Changesets	Create Version PR or push tags	2026-10-06T04:06:30.7191848Z         "has_projects": true,
Changesets	Create Version PR or push tags	2026-10-06T04:06:30.7192139Z         "has_downloads": false,
Changesets	Create Version PR or push tags	2026-10-06T04:06:30.7192370Z         "has_wiki": true,
Changesets	Create Version PR or push tags	2026-10-06T04:06:30.7193114Z         "has_pages": false,
Changesets	Create Version PR or push tags	2026-10-06T04:06:30.7193416Z         "has_discussions": false,
Changesets	Create Version PR or push tags	2026-10-06T04:06:30.7193664Z         "forks_count": 0,
Changesets	Create Version PR or push tags	2026-10-06T04:06:30.7193890Z         "mirror_url": null,
Changesets	Create Version PR or push tags	2026-10-06T04:06:30.7194143Z         "archived": false,
Changesets	Create Version PR or push tags	2026-10-06T04:06:30.7194378Z         "disabled": false,
Changesets	Create Version PR or push tags	2026-10-06T04:06:30.7194637Z         "open_issues_count": 1,
Changesets	Create Version PR or push tags	2026-10-06T04:06:30.7194917Z         "license": {
Changesets	Create Version PR or push tags	2026-10-06T04:06:30.7195143Z           "key": "agpl-3.0",
Changesets	Create Version PR or push tags	2026-10-06T04:06:30.7195429Z           "name": "GNU Affero General Public License v3.0",
Changesets	Create Version PR or push tags	2026-10-06T04:06:30.7195763Z           "spdx_id": "AGPL-3.0",
Changesets	Create Version PR or push tags	2026-10-06T04:06:30.7196072Z           "url": "https://api.github.com/licenses/agpl-3.0",
Changesets	Create Version PR or push tags	2026-10-06T04:06:30.7196448Z           "node_id": "MDc6TGljZW5zZTE="
Changesets	Create Version PR or push tags	2026-10-06T04:06:30.7196726Z         },
Changesets	Create Version PR or push tags	2026-10-06T04:06:30.7196957Z         "allow_forking": true,
Changesets	Create Version PR or push tags	2026-10-06T04:06:30.7197196Z         "is_template": false,
Changesets	Create Version PR or push tags	2026-10-06T04:06:30.7197502Z         "web_commit_signoff_required": false,
Changesets	Create Version PR or push tags	2026-10-06T04:06:30.7197805Z         "has_pull_requests": true,
Changesets	Create Version PR or push tags	2026-10-06T04:06:30.7198085Z         "pull_request_creation_policy": "all",
Changesets	Create Version PR or push tags	2026-10-06T04:06:30.7198388Z         "topics": [],
Changesets	Create Version PR or push tags	2026-10-06T04:06:30.7198646Z         "visibility": "public",
Changesets	Create Version PR or push tags	2026-10-06T04:06:30.7198883Z         "forks": 0,
Changesets	Create Version PR or push tags	2026-10-06T04:06:30.7199107Z         "open_issues": 1,
Changesets	Create Version PR or push tags	2026-10-06T04:06:30.7199345Z         "watchers": 0,
Changesets	Create Version PR or push tags	2026-10-06T04:06:30.7199609Z         "default_branch": "main"
Changesets	Create Version PR or push tags	2026-10-06T04:06:30.7199863Z       }
Changesets	Create Version PR or push tags	2026-10-06T04:06:30.7200097Z     },
Changesets	Create Version PR or push tags	2026-10-06T04:06:30.7200297Z     "_links": {
Changesets	Create Version PR or push tags	2026-10-06T04:06:30.7200489Z       "self": {
Changesets	Create Version PR or push tags	2026-10-06T04:06:30.7200860Z         "href": "https://api.github.com/repos/cinagroup/cinatoken/pulls/4"
Changesets	Create Version PR or push tags	2026-10-06T04:06:30.7201166Z       },
Changesets	Create Version PR or push tags	2026-10-06T04:06:30.7201377Z       "html": {
Changesets	Create Version PR or push tags	2026-10-06T04:06:30.7201674Z         "href": "https://github.com/cinagroup/cinatoken/pull/4"
Changesets	Create Version PR or push tags	2026-10-06T04:06:30.7201951Z       },
Changesets	Create Version PR or push tags	2026-10-06T04:06:30.7202175Z       "issue": {
Changesets	Create Version PR or push tags	2026-10-06T04:06:30.7202675Z         "href": "https://api.github.com/repos/cinagroup/cinatoken/issues/4"
Changesets	Create Version PR or push tags	2026-10-06T04:06:30.7203128Z       },
Changesets	Create Version PR or push tags	2026-10-06T04:06:30.7203389Z       "comments": {
Changesets	Create Version PR or push tags	2026-10-06T04:06:30.7203851Z         "href": "https://api.github.com/repos/cinagroup/cinatoken/issues/4/comments"
Changesets	Create Version PR or push tags	2026-10-06T04:06:30.7204185Z       },
Changesets	Create Version PR or push tags	2026-10-06T04:06:30.7204379Z       "review_comments": {
Changesets	Create Version PR or push tags	2026-10-06T04:06:30.7205114Z         "href": "https://api.github.com/repos/cinagroup/cinatoken/pulls/4/comments"
Changesets	Create Version PR or push tags	2026-10-06T04:06:30.7205431Z       },
Changesets	Create Version PR or push tags	2026-10-06T04:06:30.7205669Z       "review_comment": {
Changesets	Create Version PR or push tags	2026-10-06T04:06:30.7206044Z         "href": "https://api.github.com/repos/cinagroup/cinatoken/pulls/comments{/number}"
Changesets	Create Version PR or push tags	2026-10-06T04:06:30.7206370Z       },
Changesets	Create Version PR or push tags	2026-10-06T04:06:30.7206583Z       "commits": {
Changesets	Create Version PR or push tags	2026-10-06T04:06:30.7206896Z         "href": "https://api.github.com/repos/cinagroup/cinatoken/pulls/4/commits"
Changesets	Create Version PR or push tags	2026-10-06T04:06:30.7207329Z       },
Changesets	Create Version PR or push tags	2026-10-06T04:06:30.7207527Z       "statuses": {
Changesets	Create Version PR or push tags	2026-10-06T04:06:30.7207978Z         "href": "https://api.github.com/repos/cinagroup/cinatoken/statuses/8efb511abd83a8cb89f82e141423723ccc02d2a3"
Changesets	Create Version PR or push tags	2026-10-06T04:06:30.7208368Z       }
Changesets	Create Version PR or push tags	2026-10-06T04:06:30.7208549Z     },
Changesets	Create Version PR or push tags	2026-10-06T04:06:30.7208886Z     "author_association": "OWNER",
Changesets	Create Version PR or push tags	2026-10-06T04:06:30.7209169Z     "auto_merge": null,
Changesets	Create Version PR or push tags	2026-10-06T04:06:30.7209401Z     "assignee": null,
Changesets	Create Version PR or push tags	2026-10-06T04:06:30.7209636Z     "active_lock_reason": null
Changesets	Create Version PR or push tags	2026-10-06T04:06:30.7209918Z   }
Changesets	Create Version PR or push tags	2026-10-06T04:06:30.7210124Z ]
Changesets	Create Version PR or push tags	2026-10-06T04:06:30.7210387Z [command]/usr/bin/git status --porcelain
Changesets	Create Version PR or push tags	2026-10-06T04:06:30.7472846Z  D .changeset/cinatoken-gateway-postgres.md
Changesets	Create Version PR or push tags	2026-10-06T04:06:30.7473266Z  M CHANGELOG.md
Changesets	Create Version PR or push tags	2026-10-06T04:06:30.7473625Z  M package.json
Changesets	Create Version PR or push tags	2026-10-06T04:06:30.7473957Z  M packages/admin/CHANGELOG.md
Changesets	Create Version PR or push tags	2026-10-06T04:06:30.7474354Z  M packages/admin/package.json
Changesets	Create Version PR or push tags	2026-10-06T04:06:30.7474686Z  M packages/core/CHANGELOG.md
Changesets	Create Version PR or push tags	2026-10-06T04:06:30.7475076Z  M packages/core/package.json
Changesets	Create Version PR or push tags	2026-10-06T04:06:30.7475440Z  M packages/proxy/CHANGELOG.md
Changesets	Create Version PR or push tags	2026-10-06T04:06:30.7475987Z  M packages/proxy/package.json
Changesets	Create Version PR or push tags	2026-10-06T04:06:30.7476372Z  M packages/tool-engines/CHANGELOG.md
Changesets	Create Version PR or push tags	2026-10-06T04:06:30.7476730Z  M packages/tool-engines/package.json
Changesets	Create Version PR or push tags	2026-10-06T04:06:30.7477135Z  M packages/web/package.json
Changesets	Create Version PR or push tags	2026-10-06T04:06:30.7477555Z ?? packages/web/CHANGELOG.md
Changesets	Create Version PR or push tags	2026-10-06T04:06:30.7500002Z [command]/usr/bin/git add .
Changesets	Create Version PR or push tags	2026-10-06T04:06:30.7741682Z [command]/usr/bin/git commit -m chore: version packages
Changesets	Create Version PR or push tags	2026-10-06T04:06:30.7900415Z [changeset-release/main 112d6b6c] chore: version packages
Changesets	Create Version PR or push tags	2026-10-06T04:06:30.7901036Z  13 files changed, 39 insertions(+), 11 deletions(-)
Changesets	Create Version PR or push tags	2026-10-06T04:06:30.7901404Z  delete mode 100644 .changeset/cinatoken-gateway-postgres.md
Changesets	Create Version PR or push tags	2026-10-06T04:06:30.7901749Z  create mode 100644 packages/web/CHANGELOG.md
Changesets	Create Version PR or push tags	2026-10-06T04:06:30.7911259Z [command]/usr/bin/git push origin HEAD:changeset-release/main --force
Changesets	Create Version PR or push tags	2026-10-06T04:06:32.0663858Z To https://github.com/cinagroup/cinatoken
Changesets	Create Version PR or push tags	2026-10-06T04:06:32.0664705Z  + 8efb511a...112d6b6c HEAD -> changeset-release/main (forced update)
Changesets	Create Version PR or push tags	2026-10-06T04:06:32.0695502Z updating found pull request #4
Changesets	Dispatch Docker images workflow when tag did not chain-trigger	﻿2026-10-06T04:06:33.2485333Z ##[group]Run set -euo pipefail
Changesets	Dispatch Docker images workflow when tag did not chain-trigger	2026-10-06T04:06:33.2485719Z ^[[36;1mset -euo pipefail^[[0m
Changesets	Dispatch Docker images workflow when tag did not chain-trigger	2026-10-06T04:06:33.2485966Z ^[[36;1mif [ -n "${CHANGESETS_PAT}" ]; then^[[0m
Changesets	Dispatch Docker images workflow when tag did not chain-trigger	2026-10-06T04:06:33.2486388Z ^[[36;1m  echo "PAT mode detected; expecting tag push to chain-trigger Docker — skip dispatch."^[[0m
Changesets	Dispatch Docker images workflow when tag did not chain-trigger	2026-10-06T04:06:33.2486753Z ^[[36;1m  exit 0^[[0m
Changesets	Dispatch Docker images workflow when tag did not chain-trigger	2026-10-06T04:06:33.2486992Z ^[[36;1mfi^[[0m
Changesets	Dispatch Docker images workflow when tag did not chain-trigger	2026-10-06T04:06:33.2487320Z ^[[36;1mPKG_VERSION="$(node -p "JSON.parse(require('fs').readFileSync('package.json','utf8')).version")"^[[0m
Changesets	Dispatch Docker images workflow when tag did not chain-trigger	2026-10-06T04:06:33.2487681Z ^[[36;1mEXPECTED_TAG="v${PKG_VERSION}"^[[0m
Changesets	Dispatch Docker images workflow when tag did not chain-trigger	2026-10-06T04:06:33.2488141Z ^[[36;1mecho "Root package.json version: ${PKG_VERSION} (expected release tag: ${EXPECTED_TAG})"^[[0m
Changesets	Dispatch Docker images workflow when tag did not chain-trigger	2026-10-06T04:06:33.2488504Z ^[[36;1mecho "GITHUB_SHA: ${GITHUB_SHA}"^[[0m
Changesets	Dispatch Docker images workflow when tag did not chain-trigger	2026-10-06T04:06:33.2488769Z ^[[36;1mgit fetch origin --tags^[[0m
Changesets	Dispatch Docker images workflow when tag did not chain-trigger	2026-10-06T04:06:33.2489075Z ^[[36;1m# 防御性切回 GITHUB_SHA（changesets/action 通常不改本地 HEAD，但保险）。^[[0m
Changesets	Dispatch Docker images workflow when tag did not chain-trigger	2026-10-06T04:06:33.2489414Z ^[[36;1mgit checkout "${GITHUB_SHA}"^[[0m
Changesets	Dispatch Docker images workflow when tag did not chain-trigger	2026-10-06T04:06:33.2489831Z ^[[36;1mTAG=$(git describe --tags --exact-match HEAD 2>/dev/null || true)^[[0m
Changesets	Dispatch Docker images workflow when tag did not chain-trigger	2026-10-06T04:06:33.2490145Z ^[[36;1mif [ -z "${TAG}" ]; then^[[0m
Changesets	Dispatch Docker images workflow when tag did not chain-trigger	2026-10-06T04:06:33.2490472Z ^[[36;1m  if git ls-remote --tags origin -l "${EXPECTED_TAG}" | grep -q .; then^[[0m
Changesets	Dispatch Docker images workflow when tag did not chain-trigger	2026-10-06T04:06:33.2491348Z ^[[36;1m    echo "::notice::No tag on HEAD, but origin already has ${EXPECTED_TAG}. \`changeset tag\` skips when the tag exists remotely (even on another commit) — **优先**用新 changeset bump 版本再走 Version PR；**勿**轻易删除远端公共 tag；确需修复远端 tag 后再重跑 Release。"^[[0m
Changesets	Dispatch Docker images workflow when tag did not chain-trigger	2026-10-06T04:06:33.2491968Z ^[[36;1m  else^[[0m
Changesets	Dispatch Docker images workflow when tag did not chain-trigger	2026-10-06T04:06:33.2492444Z ^[[36;1m    echo "::notice::No exact tag on ${GITHUB_SHA}. Often: changesets/action only opened a Version PR (unreleased .changeset/*.md still on main), or \`changeset tag\` did not push."^[[0m
Changesets	Dispatch Docker images workflow when tag did not chain-trigger	2026-10-06T04:06:33.2493185Z ^[[36;1m  fi^[[0m
Changesets	Dispatch Docker images workflow when tag did not chain-trigger	2026-10-06T04:06:33.2493411Z ^[[36;1m  echo "Nothing to dispatch."^[[0m
Changesets	Dispatch Docker images workflow when tag did not chain-trigger	2026-10-06T04:06:33.2493658Z ^[[36;1m  exit 0^[[0m
Changesets	Dispatch Docker images workflow when tag did not chain-trigger	2026-10-06T04:06:33.2493874Z ^[[36;1mfi^[[0m
Changesets	Dispatch Docker images workflow when tag did not chain-trigger	2026-10-06T04:06:33.2494097Z ^[[36;1mcase "${TAG}" in^[[0m
Changesets	Dispatch Docker images workflow when tag did not chain-trigger	2026-10-06T04:06:33.2494345Z ^[[36;1m  v*) ;;^[[0m
Changesets	Dispatch Docker images workflow when tag did not chain-trigger	2026-10-06T04:06:33.2494547Z ^[[36;1m  *)^[[0m
Changesets	Dispatch Docker images workflow when tag did not chain-trigger	2026-10-06T04:06:33.2494841Z ^[[36;1m    echo "Tag ${TAG} is not a v* release tag — skip."^[[0m
Changesets	Dispatch Docker images workflow when tag did not chain-trigger	2026-10-06T04:06:33.2495315Z ^[[36;1m    exit 0^[[0m
Changesets	Dispatch Docker images workflow when tag did not chain-trigger	2026-10-06T04:06:33.2495528Z ^[[36;1m    ;;^[[0m
Changesets	Dispatch Docker images workflow when tag did not chain-trigger	2026-10-06T04:06:33.2495744Z ^[[36;1mesac^[[0m
Changesets	Dispatch Docker images workflow when tag did not chain-trigger	2026-10-06T04:06:33.2496033Z ^[[36;1mecho "Dispatching cinatoken Docker Images workflow for ref ${TAG}"^[[0m
Changesets	Dispatch Docker images workflow when tag did not chain-trigger	2026-10-06T04:06:33.2496508Z ^[[36;1mgh workflow run cinatoken-docker-images.yml --ref "${TAG}" -R "${GITHUB_REPOSITORY}"^[[0m
Changesets	Dispatch Docker images workflow when tag did not chain-trigger	2026-10-06T04:06:33.2531147Z shell: /usr/bin/bash -e {0}
Changesets	Dispatch Docker images workflow when tag did not chain-trigger	2026-10-06T04:06:33.2531513Z env:
Changesets	Dispatch Docker images workflow when tag did not chain-trigger	2026-10-06T04:06:33.2533667Z   GH_TOKEN: ***
Changesets	Dispatch Docker images workflow when tag did not chain-trigger	2026-10-06T04:06:33.2533906Z   CHANGESETS_PAT: 
Changesets	Dispatch Docker images workflow when tag did not chain-trigger	2026-10-06T04:06:33.2534127Z ##[endgroup]
Changesets	Dispatch Docker images workflow when tag did not chain-trigger	2026-10-06T04:06:33.2797005Z Root package.json version: 2.9.0 (expected release tag: v2.9.0)
Changesets	Dispatch Docker images workflow when tag did not chain-trigger	2026-10-06T04:06:33.2797611Z GITHUB_SHA: dcc6ab52f21a18c5d1c02d8a4a4a390f039e61fc
Changesets	Dispatch Docker images workflow when tag did not chain-trigger	2026-10-06T04:06:33.5994294Z Note: switching to 'dcc6ab52f21a18c5d1c02d8a4a4a390f039e61fc'.
Changesets	Dispatch Docker images workflow when tag did not chain-trigger	2026-10-06T04:06:33.5994635Z 
Changesets	Dispatch Docker images workflow when tag did not chain-trigger	2026-10-06T04:06:33.5994878Z You are in 'detached HEAD' state. You can look around, make experimental
Changesets	Dispatch Docker images workflow when tag did not chain-trigger	2026-10-06T04:06:33.5995375Z changes and commit them, and you can discard any commits you make in this
Changesets	Dispatch Docker images workflow when tag did not chain-trigger	2026-10-06T04:06:33.5995892Z state without impacting any branches by switching back to a branch.
Changesets	Dispatch Docker images workflow when tag did not chain-trigger	2026-10-06T04:06:33.5996091Z 
Changesets	Dispatch Docker images workflow when tag did not chain-trigger	2026-10-06T04:06:33.5996318Z If you want to create a new branch to retain commits you create, you may
Changesets	Dispatch Docker images workflow when tag did not chain-trigger	2026-10-06T04:06:33.5996869Z do so (now or later) by using -c with the switch command. Example:
Changesets	Dispatch Docker images workflow when tag did not chain-trigger	2026-10-06T04:06:33.5997142Z 
Changesets	Dispatch Docker images workflow when tag did not chain-trigger	2026-10-06T04:06:33.5997316Z   git switch -c <new-branch-name>
Changesets	Dispatch Docker images workflow when tag did not chain-trigger	2026-10-06T04:06:33.5997573Z 
Changesets	Dispatch Docker images workflow when tag did not chain-trigger	2026-10-06T04:06:33.5997699Z Or undo this operation with:
Changesets	Dispatch Docker images workflow when tag did not chain-trigger	2026-10-06T04:06:33.5997890Z 
Changesets	Dispatch Docker images workflow when tag did not chain-trigger	2026-10-06T04:06:33.5998024Z   git switch -
Changesets	Dispatch Docker images workflow when tag did not chain-trigger	2026-10-06T04:06:33.5998146Z 
Changesets	Dispatch Docker images workflow when tag did not chain-trigger	2026-10-06T04:06:33.5998480Z Turn off this advice by setting config variable advice.detachedHead to false
Changesets	Dispatch Docker images workflow when tag did not chain-trigger	2026-10-06T04:06:33.5998993Z 
Changesets	Dispatch Docker images workflow when tag did not chain-trigger	2026-10-06T04:06:33.5999218Z HEAD is now at dcc6ab52 test: adapt PG73 fixtures and add direct socket diagnostics
Changesets	Dispatch Docker images workflow when tag did not chain-trigger	2026-10-06T04:06:33.8912829Z ##[notice]No exact tag on dcc6ab52f21a18c5d1c02d8a4a4a390f039e61fc. Often: changesets/action only opened a Version PR (unreleased .changeset/*.md still on main), or `changeset tag` did not push.
Changesets	Dispatch Docker images workflow when tag did not chain-trigger	2026-10-06T04:06:33.8918468Z Nothing to dispatch.
Changesets	Post Setup Node.js	﻿2026-10-06T04:06:33.8988460Z Post job cleanup.
Changesets	Post Setup Node.js	2026-10-06T04:06:33.9863475Z (node:2521) [DEP0040] DeprecationWarning: The `punycode` module is deprecated. Please use a userland alternative instead.
Changesets	Post Setup Node.js	2026-10-06T04:06:33.9864148Z (Use `node --trace-deprecation ...` to show where the warning was created)
Changesets	Post Setup Node.js	2026-10-06T04:06:33.9865441Z Cache hit occurred on the primary key node-cache-Linux-x64-npm-75880b4bbd0ff5ec746d7c72b50f76a896a6c03c1ce6640cd295bc994cd01db2, not saving cache.
Changesets	Post Checkout	﻿2026-10-06T04:06:33.9959331Z Post job cleanup.
Changesets	Post Checkout	2026-10-06T04:06:34.0527728Z [command]/usr/bin/git version
Changesets	Post Checkout	2026-10-06T04:06:34.0553224Z git version 2.55.0
Changesets	Post Checkout	2026-10-06T04:06:34.0579748Z Temporarily overriding HOME='/home/runner/work/_temp/a9a3ec55-c3fd-41d9-bc85-26b9348d6ab9' before making global git config changes
Changesets	Post Checkout	2026-10-06T04:06:34.0580993Z Adding repository directory to the temporary git global config as a safe directory
Changesets	Post Checkout	2026-10-06T04:06:34.0582361Z [command]/usr/bin/git config --global --add safe.directory /home/runner/work/cinatoken/cinatoken
Changesets	Post Checkout	2026-10-06T04:06:34.0608120Z [command]/usr/bin/git config --local --name-only --get-regexp core\.sshCommand
Changesets	Post Checkout	2026-10-06T04:06:34.0630176Z [command]/usr/bin/git submodule foreach --recursive sh -c "git config --local --name-only --get-regexp 'core\.sshCommand' && git config --local --unset-all 'core.sshCommand' || :"
Changesets	Post Checkout	2026-10-06T04:06:34.0806280Z [command]/usr/bin/git config --local --name-only --get-regexp http\.https\:\/\/github\.com\/\.extraheader
Changesets	Post Checkout	2026-10-06T04:06:34.0826880Z http.https://github.com/.extraheader
Changesets	Post Checkout	2026-10-06T04:06:34.0832446Z [command]/usr/bin/git config --local --unset-all http.https://github.com/.extraheader
Changesets	Post Checkout	2026-10-06T04:06:34.0856868Z [command]/usr/bin/git submodule foreach --recursive sh -c "git config --local --name-only --get-regexp 'http\.https\:\/\/github\.com\/\.extraheader' && git config --local --unset-all 'http.https://github.com/.extraheader' || :"
Changesets	Post Checkout	2026-10-06T04:06:34.1029012Z [command]/usr/bin/git config --local --name-only --get-regexp ^includeIf\.gitdir:
Changesets	Post Checkout	2026-10-06T04:06:34.1054732Z [command]/usr/bin/git submodule foreach --recursive git config --local --show-origin --name-only --get-regexp remote.origin.url
Changesets	Complete job	﻿2026-10-06T04:06:34.1340234Z Cleaning up orphan processes
Changesets	Complete job	2026-10-06T04:06:34.1552944Z ##[warning]Node.js 20 is deprecated. The following actions target Node.js 20 but are being forced to run on Node.js 24: actions/checkout@v4, actions/setup-node@v4. For more information see: https://github.blog/changelog/2025-09-19-deprecation-of-node-20-on-github-actions-runners/
