Changesets	Set up job	﻿2026-10-06T03:32:37.5538341Z Current runner version: '2.337.0'
Changesets	Set up job	2026-10-06T03:32:37.5564595Z ##[group]Runner Image Provisioner
Changesets	Set up job	2026-10-06T03:32:37.5565502Z Hosted Compute Agent
Changesets	Set up job	2026-10-06T03:32:37.5566180Z Version: 20260901.588
Changesets	Set up job	2026-10-06T03:32:37.5566734Z Commit: f88ec8081b781fac6c440065ac7ff9e710ce3d0b
Changesets	Set up job	2026-10-06T03:32:37.5567434Z Build Date: 2026-09-01T19:56:44Z
Changesets	Set up job	2026-10-06T03:32:37.5568067Z Worker ID: {3feef03b-4f54-49b4-b09b-218c2a47606e}
Changesets	Set up job	2026-10-06T03:32:37.5568714Z Azure Region: westus3
Changesets	Set up job	2026-10-06T03:32:37.5569259Z ##[endgroup]
Changesets	Set up job	2026-10-06T03:32:37.5570719Z ##[group]Operating System
Changesets	Set up job	2026-10-06T03:32:37.5571378Z Ubuntu
Changesets	Set up job	2026-10-06T03:32:37.5571848Z 24.04.5
Changesets	Set up job	2026-10-06T03:32:37.5572325Z LTS
Changesets	Set up job	2026-10-06T03:32:37.5572798Z ##[endgroup]
Changesets	Set up job	2026-10-06T03:32:37.5573287Z ##[group]Runner Image
Changesets	Set up job	2026-10-06T03:32:37.5574218Z Image: ubuntu-24.04
Changesets	Set up job	2026-10-06T03:32:37.5574739Z Version: 20260927.320.1
Changesets	Set up job	2026-10-06T03:32:37.5575683Z Included Software: https://github.com/actions/runner-images/blob/ubuntu24/20260927.320/images/ubuntu/Ubuntu2404-Readme.md
Changesets	Set up job	2026-10-06T03:32:37.5577675Z Image Release: https://github.com/actions/runner-images/releases/tag/ubuntu24%2F20260927.320
Changesets	Set up job	2026-10-06T03:32:37.5578610Z ##[endgroup]
Changesets	Set up job	2026-10-06T03:32:37.5579811Z ##[group]GITHUB_TOKEN Permissions
Changesets	Set up job	2026-10-06T03:32:37.5582091Z Actions: write
Changesets	Set up job	2026-10-06T03:32:37.5582728Z Contents: write
Changesets	Set up job	2026-10-06T03:32:37.5583288Z Metadata: read
Changesets	Set up job	2026-10-06T03:32:37.5583805Z PullRequests: write
Changesets	Set up job	2026-10-06T03:32:37.5584314Z ##[endgroup]
Changesets	Set up job	2026-10-06T03:32:37.5586621Z Secret source: Actions
Changesets	Set up job	2026-10-06T03:32:37.5587483Z Cache mode: write
Changesets	Set up job	2026-10-06T03:32:37.5588159Z Prepare workflow directory
Changesets	Set up job	2026-10-06T03:32:37.5959181Z Prepare all required actions
Changesets	Set up job	2026-10-06T03:32:37.6007244Z Getting action download info
Changesets	Set up job	2026-10-06T03:32:37.9013996Z Download action repository 'actions/checkout@v4' (SHA:11d5960a326750d5838078e36cf38b85af677262)
Changesets	Set up job	2026-10-06T03:32:38.0126282Z Download action repository 'actions/setup-node@v4' (SHA:49933ea5288caeca8642d1e84afbd3f7d6820020)
Changesets	Set up job	2026-10-06T03:32:38.0869484Z Download action repository 'changesets/action@v1' (SHA:a45c4d594aa4e2c509dc14a9f2b3b67ba3780d0d)
Changesets	Set up job	2026-10-06T03:32:38.6684140Z Complete job name: Changesets
Changesets	Checkout	﻿2026-10-06T03:32:38.7540167Z ##[group]Run actions/checkout@v4
Changesets	Checkout	2026-10-06T03:32:38.7540951Z with:
Changesets	Checkout	2026-10-06T03:32:38.7541330Z   fetch-depth: 0
Changesets	Checkout	2026-10-06T03:32:38.7544794Z   token: ***
Changesets	Checkout	2026-10-06T03:32:38.7545203Z   repository: cinagroup/cinatoken
Changesets	Checkout	2026-10-06T03:32:38.7545666Z   ssh-strict: true
Changesets	Checkout	2026-10-06T03:32:38.7546188Z   ssh-user: git
Changesets	Checkout	2026-10-06T03:32:38.7546585Z   persist-credentials: true
Changesets	Checkout	2026-10-06T03:32:38.7547000Z   clean: true
Changesets	Checkout	2026-10-06T03:32:38.7547380Z   sparse-checkout-cone-mode: true
Changesets	Checkout	2026-10-06T03:32:38.7547843Z   fetch-tags: false
Changesets	Checkout	2026-10-06T03:32:38.7548234Z   show-progress: true
Changesets	Checkout	2026-10-06T03:32:38.7548623Z   lfs: false
Changesets	Checkout	2026-10-06T03:32:38.7548974Z   submodules: false
Changesets	Checkout	2026-10-06T03:32:38.7549362Z   set-safe-directory: true
Changesets	Checkout	2026-10-06T03:32:38.7549796Z   allow-unsafe-pr-checkout: false
Changesets	Checkout	2026-10-06T03:32:38.7550456Z ##[endgroup]
Changesets	Checkout	2026-10-06T03:32:38.8514082Z Syncing repository: cinagroup/cinatoken
Changesets	Checkout	2026-10-06T03:32:38.8519101Z ##[group]Getting Git version info
Changesets	Checkout	2026-10-06T03:32:38.8520627Z Working directory is '/home/runner/work/cinatoken/cinatoken'
Changesets	Checkout	2026-10-06T03:32:38.8521741Z [command]/usr/bin/git version
Changesets	Checkout	2026-10-06T03:32:38.8608501Z git version 2.55.0
Changesets	Checkout	2026-10-06T03:32:38.8641315Z ##[endgroup]
Changesets	Checkout	2026-10-06T03:32:38.8661798Z Temporarily overriding HOME='/home/runner/work/_temp/45970568-fff1-4b30-8a0b-018dddd364d9' before making global git config changes
Changesets	Checkout	2026-10-06T03:32:38.8664198Z Adding repository directory to the temporary git global config as a safe directory
Changesets	Checkout	2026-10-06T03:32:38.8673271Z [command]/usr/bin/git config --global --add safe.directory /home/runner/work/cinatoken/cinatoken
Changesets	Checkout	2026-10-06T03:32:38.8723849Z Deleting the contents of '/home/runner/work/cinatoken/cinatoken'
Changesets	Checkout	2026-10-06T03:32:38.8731136Z ##[group]Initializing the repository
Changesets	Checkout	2026-10-06T03:32:38.8736252Z [command]/usr/bin/git init /home/runner/work/cinatoken/cinatoken
Changesets	Checkout	2026-10-06T03:32:38.8848587Z hint: Using 'master' as the name for the initial branch. This default branch name
Changesets	Checkout	2026-10-06T03:32:38.8849998Z hint: will change to "main" in Git 3.0. To configure the initial branch name
Changesets	Checkout	2026-10-06T03:32:38.8850880Z hint: to use in all of your new repositories, which will suppress this warning,
Changesets	Checkout	2026-10-06T03:32:38.8851556Z hint: call:
Changesets	Checkout	2026-10-06T03:32:38.8851949Z hint:
Changesets	Checkout	2026-10-06T03:32:38.8852427Z hint: 	git config --global init.defaultBranch <name>
Changesets	Checkout	2026-10-06T03:32:38.8852984Z hint:
Changesets	Checkout	2026-10-06T03:32:38.8853512Z hint: Names commonly chosen instead of 'master' are 'main', 'trunk' and
Changesets	Checkout	2026-10-06T03:32:38.8854351Z hint: 'development'. The just-created branch can be renamed via this command:
Changesets	Checkout	2026-10-06T03:32:38.8854999Z hint:
Changesets	Checkout	2026-10-06T03:32:38.8859866Z hint: 	git branch -m <name>
Changesets	Checkout	2026-10-06T03:32:38.8860705Z hint:
Changesets	Checkout	2026-10-06T03:32:38.8861715Z hint: Disable this message with "git config set advice.defaultBranchName false"
Changesets	Checkout	2026-10-06T03:32:38.8863240Z Initialized empty Git repository in /home/runner/work/cinatoken/cinatoken/.git/
Changesets	Checkout	2026-10-06T03:32:38.8872969Z [command]/usr/bin/git remote add origin https://github.com/cinagroup/cinatoken
Changesets	Checkout	2026-10-06T03:32:38.8920144Z ##[endgroup]
Changesets	Checkout	2026-10-06T03:32:38.8921482Z ##[group]Disabling automatic garbage collection
Changesets	Checkout	2026-10-06T03:32:38.8924323Z [command]/usr/bin/git config --local gc.auto 0
Changesets	Checkout	2026-10-06T03:32:38.8952136Z ##[endgroup]
Changesets	Checkout	2026-10-06T03:32:38.8953328Z ##[group]Setting up auth
Changesets	Checkout	2026-10-06T03:32:38.8959945Z [command]/usr/bin/git config --local --name-only --get-regexp core\.sshCommand
Changesets	Checkout	2026-10-06T03:32:38.8994432Z [command]/usr/bin/git submodule foreach --recursive sh -c "git config --local --name-only --get-regexp 'core\.sshCommand' && git config --local --unset-all 'core.sshCommand' || :"
Changesets	Checkout	2026-10-06T03:32:38.9349772Z [command]/usr/bin/git config --local --name-only --get-regexp http\.https\:\/\/github\.com\/\.extraheader
Changesets	Checkout	2026-10-06T03:32:38.9365783Z [command]/usr/bin/git submodule foreach --recursive sh -c "git config --local --name-only --get-regexp 'http\.https\:\/\/github\.com\/\.extraheader' && git config --local --unset-all 'http.https://github.com/.extraheader' || :"
Changesets	Checkout	2026-10-06T03:32:38.9557319Z [command]/usr/bin/git config --local --name-only --get-regexp ^includeIf\.gitdir:
Changesets	Checkout	2026-10-06T03:32:38.9586972Z [command]/usr/bin/git submodule foreach --recursive git config --local --show-origin --name-only --get-regexp remote.origin.url
Changesets	Checkout	2026-10-06T03:32:38.9762415Z [command]/usr/bin/git config --local http.https://github.com/.extraheader AUTHORIZATION: basic ***
Changesets	Checkout	2026-10-06T03:32:38.9797035Z ##[endgroup]
Changesets	Checkout	2026-10-06T03:32:38.9797837Z ##[group]Fetching the repository
Changesets	Checkout	2026-10-06T03:32:38.9806886Z [command]/usr/bin/git -c protocol.version=2 fetch --prune --no-recurse-submodules origin +refs/heads/*:refs/remotes/origin/* +refs/tags/*:refs/tags/*
Changesets	Checkout	2026-10-06T03:32:43.4753991Z From https://github.com/cinagroup/cinatoken
Changesets	Checkout	2026-10-06T03:32:43.4757101Z  * [new branch]        changeset-release/main -> origin/changeset-release/main
Changesets	Checkout	2026-10-06T03:32:43.4759851Z  * [new branch]        main                   -> origin/main
Changesets	Checkout	2026-10-06T03:32:43.4762195Z  * [new branch]        origin                 -> origin/origin
Changesets	Checkout	2026-10-06T03:32:43.4764155Z  * [new tag]           v2.6.0                 -> v2.6.0
Changesets	Checkout	2026-10-06T03:32:43.4766405Z  * [new tag]           v2.8.0                 -> v2.8.0
Changesets	Checkout	2026-10-06T03:32:43.4771324Z [command]/usr/bin/git branch --list --remote origin/main
Changesets	Checkout	2026-10-06T03:32:43.4792622Z   origin/main
Changesets	Checkout	2026-10-06T03:32:43.4801022Z [command]/usr/bin/git rev-parse refs/remotes/origin/main
Changesets	Checkout	2026-10-06T03:32:43.4823115Z 473de5fc520fc7d64db700db88a76c7a6b45c241
Changesets	Checkout	2026-10-06T03:32:43.4828695Z ##[endgroup]
Changesets	Checkout	2026-10-06T03:32:43.4831345Z ##[group]Determining the checkout info
Changesets	Checkout	2026-10-06T03:32:43.4834112Z ##[endgroup]
Changesets	Checkout	2026-10-06T03:32:43.4835894Z [command]/usr/bin/git sparse-checkout disable
Changesets	Checkout	2026-10-06T03:32:43.4890264Z [command]/usr/bin/git config --local --unset-all extensions.worktreeConfig
Changesets	Checkout	2026-10-06T03:32:43.4916182Z ##[group]Checking out the ref
Changesets	Checkout	2026-10-06T03:32:43.4918488Z [command]/usr/bin/git checkout --progress --force -B main refs/remotes/origin/main
Changesets	Checkout	2026-10-06T03:32:44.5038198Z Updating files:  80% (7891/9775)
Changesets	Checkout	2026-10-06T03:32:44.5075490Z Updating files:  81% (7918/9775)
Changesets	Checkout	2026-10-06T03:32:44.5116377Z Updating files:  82% (8016/9775)
Changesets	Checkout	2026-10-06T03:32:44.5157853Z Updating files:  83% (8114/9775)
Changesets	Checkout	2026-10-06T03:32:44.5199689Z Updating files:  84% (8211/9775)
Changesets	Checkout	2026-10-06T03:32:44.5240554Z Updating files:  85% (8309/9775)
Changesets	Checkout	2026-10-06T03:32:44.5278801Z Updating files:  86% (8407/9775)
Changesets	Checkout	2026-10-06T03:32:44.5314400Z Updating files:  87% (8505/9775)
Changesets	Checkout	2026-10-06T03:32:44.5366857Z Updating files:  88% (8602/9775)
Changesets	Checkout	2026-10-06T03:32:44.5410214Z Updating files:  89% (8700/9775)
Changesets	Checkout	2026-10-06T03:32:44.5453143Z Updating files:  90% (8798/9775)
Changesets	Checkout	2026-10-06T03:32:44.5494567Z Updating files:  91% (8896/9775)
Changesets	Checkout	2026-10-06T03:32:44.5548371Z Updating files:  92% (8993/9775)
Changesets	Checkout	2026-10-06T03:32:44.5662462Z Updating files:  93% (9091/9775)
Changesets	Checkout	2026-10-06T03:32:44.5693488Z Updating files:  94% (9189/9775)
Changesets	Checkout	2026-10-06T03:32:44.5790087Z Updating files:  95% (9287/9775)
Changesets	Checkout	2026-10-06T03:32:44.5870609Z Updating files:  96% (9384/9775)
Changesets	Checkout	2026-10-06T03:32:44.5937696Z Updating files:  97% (9482/9775)
Changesets	Checkout	2026-10-06T03:32:44.5991341Z Updating files:  98% (9580/9775)
Changesets	Checkout	2026-10-06T03:32:44.6038779Z Updating files:  99% (9678/9775)
Changesets	Checkout	2026-10-06T03:32:44.6039374Z Updating files: 100% (9775/9775)
Changesets	Checkout	2026-10-06T03:32:44.6039940Z Updating files: 100% (9775/9775), done.
Changesets	Checkout	2026-10-06T03:32:44.6160328Z Switched to a new branch 'main'
Changesets	Checkout	2026-10-06T03:32:44.6172600Z branch 'main' set up to track 'origin/main'.
Changesets	Checkout	2026-10-06T03:32:44.6203437Z ##[endgroup]
Changesets	Checkout	2026-10-06T03:32:44.6255957Z [command]/usr/bin/git log -1 --format=%H
Changesets	Checkout	2026-10-06T03:32:44.6280388Z 473de5fc520fc7d64db700db88a76c7a6b45c241
Changesets	Setup Node.js	﻿2026-10-06T03:32:44.6522808Z ##[group]Run actions/setup-node@v4
Changesets	Setup Node.js	2026-10-06T03:32:44.6523165Z with:
Changesets	Setup Node.js	2026-10-06T03:32:44.6523417Z   node-version-file: .nvmrc
Changesets	Setup Node.js	2026-10-06T03:32:44.6523686Z   cache: npm
Changesets	Setup Node.js	2026-10-06T03:32:44.6523916Z   always-auth: false
Changesets	Setup Node.js	2026-10-06T03:32:44.6524164Z   check-latest: false
Changesets	Setup Node.js	2026-10-06T03:32:44.6526758Z   token: ***
Changesets	Setup Node.js	2026-10-06T03:32:44.6527000Z ##[endgroup]
Changesets	Setup Node.js	2026-10-06T03:32:44.7812189Z Resolved .nvmrc as 22
Changesets	Setup Node.js	2026-10-06T03:32:44.7870267Z Found in cache @ /opt/hostedtoolcache/node/22.23.3/x64
Changesets	Setup Node.js	2026-10-06T03:32:44.7875470Z (node:2242) [DEP0040] DeprecationWarning: The `punycode` module is deprecated. Please use a userland alternative instead.
Changesets	Setup Node.js	2026-10-06T03:32:44.7877082Z (Use `node --trace-deprecation ...` to show where the warning was created)
Changesets	Setup Node.js	2026-10-06T03:32:44.7879171Z ##[group]Environment details
Changesets	Setup Node.js	2026-10-06T03:32:45.1923518Z node: v22.23.3
Changesets	Setup Node.js	2026-10-06T03:32:45.1923972Z npm: 10.9.9
Changesets	Setup Node.js	2026-10-06T03:32:45.1924178Z yarn: 1.22.22
Changesets	Setup Node.js	2026-10-06T03:32:45.1924772Z ##[endgroup]
Changesets	Setup Node.js	2026-10-06T03:32:45.1984719Z [command]/opt/hostedtoolcache/node/22.23.3/x64/bin/npm config get cache
Changesets	Setup Node.js	2026-10-06T03:32:45.3086708Z /home/runner/.npm
Changesets	Setup Node.js	2026-10-06T03:32:45.5349795Z Cache hit for: node-cache-Linux-x64-npm-75880b4bbd0ff5ec746d7c72b50f76a896a6c03c1ce6640cd295bc994cd01db2
Changesets	Setup Node.js	2026-10-06T03:32:45.5451866Z (node:2242) [DEP0169] DeprecationWarning: `url.parse()` behavior is not standardized and prone to errors that have security implications. Use the WHATWG URL API instead. CVEs are not issued for `url.parse()` vulnerabilities.
Changesets	Setup Node.js	2026-10-06T03:32:46.7478350Z Received 29360128 of 460488608 (6.4%), 28.0 MBs/sec
Changesets	Setup Node.js	2026-10-06T03:32:47.7460717Z Received 167772160 of 460488608 (36.4%), 80.0 MBs/sec
Changesets	Setup Node.js	2026-10-06T03:32:48.7469158Z Received 314572800 of 460488608 (68.3%), 99.9 MBs/sec
Changesets	Setup Node.js	2026-10-06T03:32:49.7120116Z Received 460488608 of 460488608 (100.0%), 110.7 MBs/sec
Changesets	Setup Node.js	2026-10-06T03:32:49.7121569Z Cache Size: ~439 MB (460488608 B)
Changesets	Setup Node.js	2026-10-06T03:32:49.7188011Z [command]/usr/bin/tar -xf /home/runner/work/_temp/8c9ccb5d-91f3-486f-bc7c-c1a3e8edbedb/cache.tzst -P -C /home/runner/work/cinatoken/cinatoken --use-compress-program unzstd
Changesets	Setup Node.js	2026-10-06T03:32:50.3969854Z Cache restored successfully
Changesets	Setup Node.js	2026-10-06T03:32:50.7009071Z Cache restored from key: node-cache-Linux-x64-npm-75880b4bbd0ff5ec746d7c72b50f76a896a6c03c1ce6640cd295bc994cd01db2
Changesets	Install dependencies	﻿2026-10-06T03:32:50.7157051Z ##[group]Run npm ci
Changesets	Install dependencies	2026-10-06T03:32:50.7157657Z ^[[36;1mnpm ci^[[0m
Changesets	Install dependencies	2026-10-06T03:32:50.7677003Z shell: /usr/bin/bash -e {0}
Changesets	Install dependencies	2026-10-06T03:32:50.7677356Z ##[endgroup]
Changesets	Install dependencies	2026-10-06T03:33:01.6176237Z npm warn deprecated geojson-linestring-dissolve@0.0.1: Package no longer supported. Contact Support at https://www.npmjs.com/support for more info.
Changesets	Install dependencies	2026-10-06T03:33:02.9750984Z npm warn deprecated text-encoding@0.6.4: no longer maintained
Changesets	Install dependencies	2026-10-06T03:33:03.7861684Z npm warn deprecated node-domexception@1.0.0: Use your platform's native DOMException instead
Changesets	Install dependencies	2026-10-06T03:33:05.3776841Z npm warn deprecated glob@9.3.5: Old versions of glob are not supported, and contain widely publicized security vulnerabilities, which have been fixed in the current version. Please update. Support for old versions may be purchased (at exorbitant rates) by contacting i@izs.me
Changesets	Install dependencies	2026-10-06T03:33:32.9816346Z 
Changesets	Install dependencies	2026-10-06T03:33:32.9817161Z > cinatoken@2.8.0 postinstall
Changesets	Install dependencies	2026-10-06T03:33:32.9817766Z > npm run gen:wrangler
Changesets	Install dependencies	2026-10-06T03:33:32.9818125Z 
Changesets	Install dependencies	2026-10-06T03:33:33.1004837Z 
Changesets	Install dependencies	2026-10-06T03:33:33.1005672Z > cinatoken@2.8.0 gen:wrangler
Changesets	Install dependencies	2026-10-06T03:33:33.1006567Z > node scripts/deploy/gen-wrangler.mjs
Changesets	Install dependencies	2026-10-06T03:33:33.1006905Z 
Changesets	Install dependencies	2026-10-06T03:33:33.1314825Z gen-wrangler: wrote packages/proxy/wrangler.jsonc
Changesets	Install dependencies	2026-10-06T03:33:33.1323798Z gen-wrangler: wrote packages/admin/wrangler.jsonc
Changesets	Install dependencies	2026-10-06T03:33:33.1329752Z gen-wrangler: wrote packages/chain-worker/wrangler.jsonc
Changesets	Install dependencies	2026-10-06T03:33:33.1331859Z gen-wrangler: wrote packages/core/wrangler.d1.jsonc
Changesets	Install dependencies	2026-10-06T03:33:33.1333728Z gen-wrangler: proxy=cinatoken-proxy admin=cinatoken-admin chain=cinatoken-chain-worker queue=cinatoken-chain-jobs d1=cinatoken (local, no database_id) batch-infra=false
Changesets	Install dependencies	2026-10-06T03:33:33.1600350Z 
Changesets	Install dependencies	2026-10-06T03:33:33.1601268Z added 1480 packages, and audited 1487 packages in 42s
Changesets	Install dependencies	2026-10-06T03:33:33.1601647Z 
Changesets	Install dependencies	2026-10-06T03:33:33.1601814Z 450 packages are looking for funding
Changesets	Install dependencies	2026-10-06T03:33:33.1602117Z   run `npm fund` for details
Changesets	Install dependencies	2026-10-06T03:33:33.4931517Z 
Changesets	Install dependencies	2026-10-06T03:33:33.4932636Z 50 vulnerabilities (1 low, 9 moderate, 31 high, 9 critical)
Changesets	Install dependencies	2026-10-06T03:33:33.4933006Z 
Changesets	Install dependencies	2026-10-06T03:33:33.4933250Z To address issues that do not require attention, run:
Changesets	Install dependencies	2026-10-06T03:33:33.4933623Z   npm audit fix
Changesets	Install dependencies	2026-10-06T03:33:33.4933779Z 
Changesets	Install dependencies	2026-10-06T03:33:33.4934022Z To address all issues (including breaking changes), run:
Changesets	Install dependencies	2026-10-06T03:33:33.4934415Z   npm audit fix --force
Changesets	Install dependencies	2026-10-06T03:33:33.4934578Z 
Changesets	Install dependencies	2026-10-06T03:33:33.4934720Z Run `npm audit` for details.
Changesets	Verify package versions (no drift)	﻿2026-10-06T03:33:33.6183218Z ##[group]Run npm run verify:package-versions
Changesets	Verify package versions (no drift)	2026-10-06T03:33:33.6183797Z ^[[36;1mnpm run verify:package-versions^[[0m
Changesets	Verify package versions (no drift)	2026-10-06T03:33:33.6227818Z shell: /usr/bin/bash -e {0}
Changesets	Verify package versions (no drift)	2026-10-06T03:33:33.6228100Z ##[endgroup]
Changesets	Verify package versions (no drift)	2026-10-06T03:33:33.7144874Z 
Changesets	Verify package versions (no drift)	2026-10-06T03:33:33.7145704Z > cinatoken@2.8.0 verify:package-versions
Changesets	Verify package versions (no drift)	2026-10-06T03:33:33.7146658Z > node scripts/ci/verify-package-versions.mjs
Changesets	Verify package versions (no drift)	2026-10-06T03:33:33.7147026Z 
Changesets	Verify package versions (no drift)	2026-10-06T03:33:33.7436425Z OK: all package versions == 2.8.0
Changesets	Create Version PR or push tags	﻿2026-10-06T03:33:33.7585995Z ##[group]Run changesets/action@v1
Changesets	Create Version PR or push tags	2026-10-06T03:33:33.7586570Z with:
Changesets	Create Version PR or push tags	2026-10-06T03:33:33.7586788Z   title: chore: version packages
Changesets	Create Version PR or push tags	2026-10-06T03:33:33.7587042Z   commit: chore: version packages
Changesets	Create Version PR or push tags	2026-10-06T03:33:33.7587302Z   publish: npm run ci:changeset-tag-push
Changesets	Create Version PR or push tags	2026-10-06T03:33:33.7587574Z   createGithubReleases: false
Changesets	Create Version PR or push tags	2026-10-06T03:33:33.7590064Z   github-token: ***
Changesets	Create Version PR or push tags	2026-10-06T03:33:33.7590282Z   setupGitUser: true
Changesets	Create Version PR or push tags	2026-10-06T03:33:33.7590498Z   commitMode: git-cli
Changesets	Create Version PR or push tags	2026-10-06T03:33:33.7590705Z env:
Changesets	Create Version PR or push tags	2026-10-06T03:33:33.7592885Z   GITHUB_TOKEN: ***
Changesets	Create Version PR or push tags	2026-10-06T03:33:33.7593096Z ##[endgroup]
Changesets	Create Version PR or push tags	2026-10-06T03:33:33.8584219Z using resolved cwd: /home/runner/work/cinatoken/cinatoken
Changesets	Create Version PR or push tags	2026-10-06T03:33:33.8601274Z setting git user
Changesets	Create Version PR or push tags	2026-10-06T03:33:33.8667348Z [command]/usr/bin/git config user.name "github-actions[bot]"
Changesets	Create Version PR or push tags	2026-10-06T03:33:33.8738751Z [command]/usr/bin/git config user.email "41898282+github-actions[bot]@users.noreply.github.com"
Changesets	Create Version PR or push tags	2026-10-06T03:33:33.8770905Z setting GitHub credentials
Changesets	Create Version PR or push tags	2026-10-06T03:33:33.8869728Z [command]/usr/bin/git checkout changeset-release/main
Changesets	Create Version PR or push tags	2026-10-06T03:33:34.9436544Z Switched to a new branch 'changeset-release/main'
Changesets	Create Version PR or push tags	2026-10-06T03:33:34.9440267Z branch 'changeset-release/main' set up to track 'origin/changeset-release/main'.
Changesets	Create Version PR or push tags	2026-10-06T03:33:34.9471303Z [command]/usr/bin/git reset --hard 473de5fc520fc7d64db700db88a76c7a6b45c241
Changesets	Create Version PR or push tags	2026-10-06T03:33:35.0024398Z HEAD is now at 473de5fc fix(test): preserve PG73 fixtures and isolate Web database observations
Changesets	Create Version PR or push tags	2026-10-06T03:33:35.0247666Z [command]/opt/hostedtoolcache/node/22.23.3/x64/bin/node /home/runner/work/cinatoken/cinatoken/node_modules/@changesets/cli/bin.js version
Changesets	Create Version PR or push tags	2026-10-06T03:33:35.8270164Z 🦋  All files have been updated. Review them and commit at your leisure
Changesets	Create Version PR or push tags	2026-10-06T03:33:36.3787692Z Existing pull requests: [
Changesets	Create Version PR or push tags	2026-10-06T03:33:36.3788197Z   {
Changesets	Create Version PR or push tags	2026-10-06T03:33:36.3788906Z     "url": "https://api.github.com/repos/cinagroup/cinatoken/pulls/4",
Changesets	Create Version PR or push tags	2026-10-06T03:33:36.3789678Z     "id": 4753252927,
Changesets	Create Version PR or push tags	2026-10-06T03:33:36.3790164Z     "node_id": "PR_kwDOT-ESUs8AAAABG1DiPw",
Changesets	Create Version PR or push tags	2026-10-06T03:33:36.3790814Z     "html_url": "https://github.com/cinagroup/cinatoken/pull/4",
Changesets	Create Version PR or push tags	2026-10-06T03:33:36.3791557Z     "diff_url": "https://github.com/cinagroup/cinatoken/pull/4.diff",
Changesets	Create Version PR or push tags	2026-10-06T03:33:36.3792361Z     "patch_url": "https://github.com/cinagroup/cinatoken/pull/4.patch",
Changesets	Create Version PR or push tags	2026-10-06T03:33:36.3793219Z     "issue_url": "https://api.github.com/repos/cinagroup/cinatoken/issues/4",
Changesets	Create Version PR or push tags	2026-10-06T03:33:36.3793842Z     "number": 4,
Changesets	Create Version PR or push tags	2026-10-06T03:33:36.3794199Z     "state": "open",
Changesets	Create Version PR or push tags	2026-10-06T03:33:36.3794551Z     "locked": false,
Changesets	Create Version PR or push tags	2026-10-06T03:33:36.3794986Z     "title": "chore: version packages",
Changesets	Create Version PR or push tags	2026-10-06T03:33:36.3795546Z     "user": {
Changesets	Create Version PR or push tags	2026-10-06T03:33:36.3795896Z       "login": "cinagroup",
Changesets	Create Version PR or push tags	2026-10-06T03:33:36.3796446Z       "id": 224764184,
Changesets	Create Version PR or push tags	2026-10-06T03:33:36.3796845Z       "node_id": "U_kgDODWWhGA",
Changesets	Create Version PR or push tags	2026-10-06T03:33:36.3797502Z       "avatar_url": "https://avatars.githubusercontent.com/u/224764184?v=4",
Changesets	Create Version PR or push tags	2026-10-06T03:33:36.3798164Z       "gravatar_id": "",
Changesets	Create Version PR or push tags	2026-10-06T03:33:36.3798717Z       "url": "https://api.github.com/users/cinagroup",
Changesets	Create Version PR or push tags	2026-10-06T03:33:36.3799367Z       "html_url": "https://github.com/cinagroup",
Changesets	Create Version PR or push tags	2026-10-06T03:33:36.3800075Z       "followers_url": "https://api.github.com/users/cinagroup/followers",
Changesets	Create Version PR or push tags	2026-10-06T03:33:36.3800990Z       "following_url": "https://api.github.com/users/cinagroup/following{/other_user}",
Changesets	Create Version PR or push tags	2026-10-06T03:33:36.3802198Z       "gists_url": "https://api.github.com/users/cinagroup/gists{/gist_id}",
Changesets	Create Version PR or push tags	2026-10-06T03:33:36.3803122Z       "starred_url": "https://api.github.com/users/cinagroup/starred{/owner}{/repo}",
Changesets	Create Version PR or push tags	2026-10-06T03:33:36.3804046Z       "subscriptions_url": "https://api.github.com/users/cinagroup/subscriptions",
Changesets	Create Version PR or push tags	2026-10-06T03:33:36.3804896Z       "organizations_url": "https://api.github.com/users/cinagroup/orgs",
Changesets	Create Version PR or push tags	2026-10-06T03:33:36.3805705Z       "repos_url": "https://api.github.com/users/cinagroup/repos",
Changesets	Create Version PR or push tags	2026-10-06T03:33:36.3806692Z       "events_url": "https://api.github.com/users/cinagroup/events{/privacy}",
Changesets	Create Version PR or push tags	2026-10-06T03:33:36.3808243Z       "received_events_url": "https://api.github.com/users/cinagroup/received_events",
Changesets	Create Version PR or push tags	2026-10-06T03:33:36.3808971Z       "type": "User",
Changesets	Create Version PR or push tags	2026-10-06T03:33:36.3809420Z       "user_view_type": "public",
Changesets	Create Version PR or push tags	2026-10-06T03:33:36.3809879Z       "site_admin": false
Changesets	Create Version PR or push tags	2026-10-06T03:33:36.3810250Z     },
Changesets	Create Version PR or push tags	2026-10-06T03:33:36.3818933Z     "body": "This PR was opened by the [Changesets release](https://github.com/changesets/action) GitHub action. When you're ready to do a release, you can merge this and the packages will be published to npm automatically. If you're not ready to do a release yet, that's fine, whenever you add more changesets to main, this PR will be updated.\n\n\n# Releases\n## cinatoken@2.9.0\n\n### Minor Changes\n\n\n\n- [`7e876cf`](https://github.com/cinagroup/cinatoken/commit/7e876cfb048e98e619cbc97b5712c1d21cdb8a5b) - 启动 `cinatoken_gateway` PostgreSQL 迁移：安全改名历史 Schema，补齐门户整数账本与链上事务 Outbox 迁移，统一 PostgreSQL 运行时 search path，并将 D1→PostgreSQL ETL/对账升级为覆盖当前数据模型、源冻结、目标离线、会话失效和失败关闭的生产迁移流程。Proxy、Admin/Portal 与 Chain Worker 现可通过同一个 Cloudflare Hyperdrive 绑定显式切换到 PostgreSQL；默认仍保持 D1，缺失或不一致的切换配置会失败关闭。\n## @octafuse/admin@2.9.0\n\n### Patch Changes\n\n- Updated dependencies []:\n  - @octafuse/core@2.9.0\n  - @octafuse/tool-engines@2.9.0\n  - @cinatoken/web@2.9.0\n## @octafuse/proxy@2.9.0\n\n### Patch Changes\n\n- Updated dependencies []:\n  - @octafuse/core@2.9.0\n  - @octafuse/tool-engines@2.9.0\n## @octafuse/tool-engines@2.9.0\n\n### Patch Changes\n\n- Updated dependencies []:\n  - @octafuse/core@2.9.0\n## @octafuse/core@2.9.0\n\n\n## @cinatoken/web@2.9.0\n\n",
Changesets	Create Version PR or push tags	2026-10-06T03:33:36.3825617Z     "created_at": "2026-10-06T02:19:18Z",
Changesets	Create Version PR or push tags	2026-10-06T03:33:36.3825933Z     "updated_at": "2026-10-06T03:13:40Z",
Changesets	Create Version PR or push tags	2026-10-06T03:33:36.3826432Z     "closed_at": null,
Changesets	Create Version PR or push tags	2026-10-06T03:33:36.3826667Z     "merged_at": null,
Changesets	Create Version PR or push tags	2026-10-06T03:33:36.3826997Z     "merge_commit_sha": "22a5f4e2ee83afa5728c132886a6997777c730ee",
Changesets	Create Version PR or push tags	2026-10-06T03:33:36.3827352Z     "assignees": [],
Changesets	Create Version PR or push tags	2026-10-06T03:33:36.3827597Z     "requested_reviewers": [],
Changesets	Create Version PR or push tags	2026-10-06T03:33:36.3827875Z     "requested_teams": [],
Changesets	Create Version PR or push tags	2026-10-06T03:33:36.3828101Z     "labels": [],
Changesets	Create Version PR or push tags	2026-10-06T03:33:36.3828301Z     "milestone": null,
Changesets	Create Version PR or push tags	2026-10-06T03:33:36.3828507Z     "draft": true,
Changesets	Create Version PR or push tags	2026-10-06T03:33:36.3828896Z     "commits_url": "https://api.github.com/repos/cinagroup/cinatoken/pulls/4/commits",
Changesets	Create Version PR or push tags	2026-10-06T03:33:36.3829490Z     "review_comments_url": "https://api.github.com/repos/cinagroup/cinatoken/pulls/4/comments",
Changesets	Create Version PR or push tags	2026-10-06T03:33:36.3830129Z     "review_comment_url": "https://api.github.com/repos/cinagroup/cinatoken/pulls/comments{/number}",
Changesets	Create Version PR or push tags	2026-10-06T03:33:36.3830742Z     "comments_url": "https://api.github.com/repos/cinagroup/cinatoken/issues/4/comments",
Changesets	Create Version PR or push tags	2026-10-06T03:33:36.3831429Z     "statuses_url": "https://api.github.com/repos/cinagroup/cinatoken/statuses/78a61d41ce80bdffc79c6ed141a3e262197411bd",
Changesets	Create Version PR or push tags	2026-10-06T03:33:36.3831924Z     "head": {
Changesets	Create Version PR or push tags	2026-10-06T03:33:36.3832180Z       "label": "cinagroup:changeset-release/main",
Changesets	Create Version PR or push tags	2026-10-06T03:33:36.3832506Z       "ref": "changeset-release/main",
Changesets	Create Version PR or push tags	2026-10-06T03:33:36.3832835Z       "sha": "78a61d41ce80bdffc79c6ed141a3e262197411bd",
Changesets	Create Version PR or push tags	2026-10-06T03:33:36.3833124Z       "user": {
Changesets	Create Version PR or push tags	2026-10-06T03:33:36.3833340Z         "login": "cinagroup",
Changesets	Create Version PR or push tags	2026-10-06T03:33:36.3833577Z         "id": 224764184,
Changesets	Create Version PR or push tags	2026-10-06T03:33:36.3833828Z         "node_id": "U_kgDODWWhGA",
Changesets	Create Version PR or push tags	2026-10-06T03:33:36.3834220Z         "avatar_url": "https://avatars.githubusercontent.com/u/224764184?v=4",
Changesets	Create Version PR or push tags	2026-10-06T03:33:36.3834591Z         "gravatar_id": "",
Changesets	Create Version PR or push tags	2026-10-06T03:33:36.3834896Z         "url": "https://api.github.com/users/cinagroup",
Changesets	Create Version PR or push tags	2026-10-06T03:33:36.3835245Z         "html_url": "https://github.com/cinagroup",
Changesets	Create Version PR or push tags	2026-10-06T03:33:36.3835666Z         "followers_url": "https://api.github.com/users/cinagroup/followers",
Changesets	Create Version PR or push tags	2026-10-06T03:33:36.3836279Z         "following_url": "https://api.github.com/users/cinagroup/following{/other_user}",
Changesets	Create Version PR or push tags	2026-10-06T03:33:36.3837099Z         "gists_url": "https://api.github.com/users/cinagroup/gists{/gist_id}",
Changesets	Create Version PR or push tags	2026-10-06T03:33:36.3837925Z         "starred_url": "https://api.github.com/users/cinagroup/starred{/owner}{/repo}",
Changesets	Create Version PR or push tags	2026-10-06T03:33:36.3838731Z         "subscriptions_url": "https://api.github.com/users/cinagroup/subscriptions",
Changesets	Create Version PR or push tags	2026-10-06T03:33:36.3839549Z         "organizations_url": "https://api.github.com/users/cinagroup/orgs",
Changesets	Create Version PR or push tags	2026-10-06T03:33:36.3840406Z         "repos_url": "https://api.github.com/users/cinagroup/repos",
Changesets	Create Version PR or push tags	2026-10-06T03:33:36.3841180Z         "events_url": "https://api.github.com/users/cinagroup/events{/privacy}",
Changesets	Create Version PR or push tags	2026-10-06T03:33:36.3841800Z         "received_events_url": "https://api.github.com/users/cinagroup/received_events",
Changesets	Create Version PR or push tags	2026-10-06T03:33:36.3842197Z         "type": "User",
Changesets	Create Version PR or push tags	2026-10-06T03:33:36.3842452Z         "user_view_type": "public",
Changesets	Create Version PR or push tags	2026-10-06T03:33:36.3842709Z         "site_admin": false
Changesets	Create Version PR or push tags	2026-10-06T03:33:36.3842939Z       },
Changesets	Create Version PR or push tags	2026-10-06T03:33:36.3843120Z       "repo": {
Changesets	Create Version PR or push tags	2026-10-06T03:33:36.3843318Z         "id": 1340150354,
Changesets	Create Version PR or push tags	2026-10-06T03:33:36.3843563Z         "node_id": "R_kgDOT-ESUg",
Changesets	Create Version PR or push tags	2026-10-06T03:33:36.3843990Z         "name": "cinatoken",
Changesets	Create Version PR or push tags	2026-10-06T03:33:36.3844277Z         "full_name": "cinagroup/cinatoken",
Changesets	Create Version PR or push tags	2026-10-06T03:33:36.3844543Z         "private": false,
Changesets	Create Version PR or push tags	2026-10-06T03:33:36.3844765Z         "owner": {
Changesets	Create Version PR or push tags	2026-10-06T03:33:36.3844991Z           "login": "cinagroup",
Changesets	Create Version PR or push tags	2026-10-06T03:33:36.3845220Z           "id": 224764184,
Changesets	Create Version PR or push tags	2026-10-06T03:33:36.3845472Z           "node_id": "U_kgDODWWhGA",
Changesets	Create Version PR or push tags	2026-10-06T03:33:36.3845871Z           "avatar_url": "https://avatars.githubusercontent.com/u/224764184?v=4",
Changesets	Create Version PR or push tags	2026-10-06T03:33:36.3846451Z           "gravatar_id": "",
Changesets	Create Version PR or push tags	2026-10-06T03:33:36.3846774Z           "url": "https://api.github.com/users/cinagroup",
Changesets	Create Version PR or push tags	2026-10-06T03:33:36.3847135Z           "html_url": "https://github.com/cinagroup",
Changesets	Create Version PR or push tags	2026-10-06T03:33:36.3847555Z           "followers_url": "https://api.github.com/users/cinagroup/followers",
Changesets	Create Version PR or push tags	2026-10-06T03:33:36.3848086Z           "following_url": "https://api.github.com/users/cinagroup/following{/other_user}",
Changesets	Create Version PR or push tags	2026-10-06T03:33:36.3848602Z           "gists_url": "https://api.github.com/users/cinagroup/gists{/gist_id}",
Changesets	Create Version PR or push tags	2026-10-06T03:33:36.3849117Z           "starred_url": "https://api.github.com/users/cinagroup/starred{/owner}{/repo}",
Changesets	Create Version PR or push tags	2026-10-06T03:33:36.3849653Z           "subscriptions_url": "https://api.github.com/users/cinagroup/subscriptions",
Changesets	Create Version PR or push tags	2026-10-06T03:33:36.3850160Z           "organizations_url": "https://api.github.com/users/cinagroup/orgs",
Changesets	Create Version PR or push tags	2026-10-06T03:33:36.3850613Z           "repos_url": "https://api.github.com/users/cinagroup/repos",
Changesets	Create Version PR or push tags	2026-10-06T03:33:36.3851088Z           "events_url": "https://api.github.com/users/cinagroup/events{/privacy}",
Changesets	Create Version PR or push tags	2026-10-06T03:33:36.3851613Z           "received_events_url": "https://api.github.com/users/cinagroup/received_events",
Changesets	Create Version PR or push tags	2026-10-06T03:33:36.3852001Z           "type": "User",
Changesets	Create Version PR or push tags	2026-10-06T03:33:36.3852259Z           "user_view_type": "public",
Changesets	Create Version PR or push tags	2026-10-06T03:33:36.3852519Z           "site_admin": false
Changesets	Create Version PR or push tags	2026-10-06T03:33:36.3852742Z         },
Changesets	Create Version PR or push tags	2026-10-06T03:33:36.3853020Z         "html_url": "https://github.com/cinagroup/cinatoken",
Changesets	Create Version PR or push tags	2026-10-06T03:33:36.3853881Z         "description": "Cinatoken是可自托管的开源 AI Gateway：把多供应商、多账号、多 API Key 收成一个 Base URL、一个 API Key，并带路由、预算、计费与审计。",
Changesets	Create Version PR or push tags	2026-10-06T03:33:36.3854326Z         "fork": true,
Changesets	Create Version PR or push tags	2026-10-06T03:33:36.3854649Z         "url": "https://api.github.com/repos/cinagroup/cinatoken",
Changesets	Create Version PR or push tags	2026-10-06T03:33:36.3855099Z         "forks_url": "https://api.github.com/repos/cinagroup/cinatoken/forks",
Changesets	Create Version PR or push tags	2026-10-06T03:33:36.3855606Z         "keys_url": "https://api.github.com/repos/cinagroup/cinatoken/keys{/key_id}",
Changesets	Create Version PR or push tags	2026-10-06T03:33:36.3856417Z         "collaborators_url": "https://api.github.com/repos/cinagroup/cinatoken/collaborators{/collaborator}",
Changesets	Create Version PR or push tags	2026-10-06T03:33:36.3857012Z         "teams_url": "https://api.github.com/repos/cinagroup/cinatoken/teams",
Changesets	Create Version PR or push tags	2026-10-06T03:33:36.3857528Z         "hooks_url": "https://api.github.com/repos/cinagroup/cinatoken/hooks",
Changesets	Create Version PR or push tags	2026-10-06T03:33:36.3858085Z         "issue_events_url": "https://api.github.com/repos/cinagroup/cinatoken/issues/events{/number}",
Changesets	Create Version PR or push tags	2026-10-06T03:33:36.3858850Z         "events_url": "https://api.github.com/repos/cinagroup/cinatoken/events",
Changesets	Create Version PR or push tags	2026-10-06T03:33:36.3859413Z         "assignees_url": "https://api.github.com/repos/cinagroup/cinatoken/assignees{/user}",
Changesets	Create Version PR or push tags	2026-10-06T03:33:36.3859994Z         "branches_url": "https://api.github.com/repos/cinagroup/cinatoken/branches{/branch}",
Changesets	Create Version PR or push tags	2026-10-06T03:33:36.3860523Z         "tags_url": "https://api.github.com/repos/cinagroup/cinatoken/tags",
Changesets	Create Version PR or push tags	2026-10-06T03:33:36.3861050Z         "blobs_url": "https://api.github.com/repos/cinagroup/cinatoken/git/blobs{/sha}",
Changesets	Create Version PR or push tags	2026-10-06T03:33:36.3861594Z         "git_tags_url": "https://api.github.com/repos/cinagroup/cinatoken/git/tags{/sha}",
Changesets	Create Version PR or push tags	2026-10-06T03:33:36.3862135Z         "git_refs_url": "https://api.github.com/repos/cinagroup/cinatoken/git/refs{/sha}",
Changesets	Create Version PR or push tags	2026-10-06T03:33:36.3862680Z         "trees_url": "https://api.github.com/repos/cinagroup/cinatoken/git/trees{/sha}",
Changesets	Create Version PR or push tags	2026-10-06T03:33:36.3863218Z         "statuses_url": "https://api.github.com/repos/cinagroup/cinatoken/statuses/{sha}",
Changesets	Create Version PR or push tags	2026-10-06T03:33:36.3863833Z         "languages_url": "https://api.github.com/repos/cinagroup/cinatoken/languages",
Changesets	Create Version PR or push tags	2026-10-06T03:33:36.3864366Z         "stargazers_url": "https://api.github.com/repos/cinagroup/cinatoken/stargazers",
Changesets	Create Version PR or push tags	2026-10-06T03:33:36.3864924Z         "contributors_url": "https://api.github.com/repos/cinagroup/cinatoken/contributors",
Changesets	Create Version PR or push tags	2026-10-06T03:33:36.3865494Z         "subscribers_url": "https://api.github.com/repos/cinagroup/cinatoken/subscribers",
Changesets	Create Version PR or push tags	2026-10-06T03:33:36.3866214Z         "subscription_url": "https://api.github.com/repos/cinagroup/cinatoken/subscription",
Changesets	Create Version PR or push tags	2026-10-06T03:33:36.3866835Z         "commits_url": "https://api.github.com/repos/cinagroup/cinatoken/commits{/sha}",
Changesets	Create Version PR or push tags	2026-10-06T03:33:36.3867418Z         "git_commits_url": "https://api.github.com/repos/cinagroup/cinatoken/git/commits{/sha}",
Changesets	Create Version PR or push tags	2026-10-06T03:33:36.3867999Z         "comments_url": "https://api.github.com/repos/cinagroup/cinatoken/comments{/number}",
Changesets	Create Version PR or push tags	2026-10-06T03:33:36.3868633Z         "issue_comment_url": "https://api.github.com/repos/cinagroup/cinatoken/issues/comments{/number}",
Changesets	Create Version PR or push tags	2026-10-06T03:33:36.3869249Z         "contents_url": "https://api.github.com/repos/cinagroup/cinatoken/contents/{+path}",
Changesets	Create Version PR or push tags	2026-10-06T03:33:36.3869836Z         "compare_url": "https://api.github.com/repos/cinagroup/cinatoken/compare/{base}...{head}",
Changesets	Create Version PR or push tags	2026-10-06T03:33:36.3870418Z         "merges_url": "https://api.github.com/repos/cinagroup/cinatoken/merges",
Changesets	Create Version PR or push tags	2026-10-06T03:33:36.3871317Z         "archive_url": "https://api.github.com/repos/cinagroup/cinatoken/{archive_format}{/ref}",
Changesets	Create Version PR or push tags	2026-10-06T03:33:36.3872295Z         "downloads_url": "https://api.github.com/repos/cinagroup/cinatoken/downloads",
Changesets	Create Version PR or push tags	2026-10-06T03:33:36.3885301Z         "issues_url": "https://api.github.com/repos/cinagroup/cinatoken/issues{/number}",
Changesets	Create Version PR or push tags	2026-10-06T03:33:36.3886527Z         "pulls_url": "https://api.github.com/repos/cinagroup/cinatoken/pulls{/number}",
Changesets	Create Version PR or push tags	2026-10-06T03:33:36.3887726Z         "milestones_url": "https://api.github.com/repos/cinagroup/cinatoken/milestones{/number}",
Changesets	Create Version PR or push tags	2026-10-06T03:33:36.3889116Z         "notifications_url": "https://api.github.com/repos/cinagroup/cinatoken/notifications{?since,all,participating}",
Changesets	Create Version PR or push tags	2026-10-06T03:33:36.3890370Z         "labels_url": "https://api.github.com/repos/cinagroup/cinatoken/labels{/name}",
Changesets	Create Version PR or push tags	2026-10-06T03:33:36.3891408Z         "releases_url": "https://api.github.com/repos/cinagroup/cinatoken/releases{/id}",
Changesets	Create Version PR or push tags	2026-10-06T03:33:36.3892484Z         "deployments_url": "https://api.github.com/repos/cinagroup/cinatoken/deployments",
Changesets	Create Version PR or push tags	2026-10-06T03:33:36.3893286Z         "created_at": "2026-08-20T00:53:28Z",
Changesets	Create Version PR or push tags	2026-10-06T03:33:36.3893839Z         "updated_at": "2026-10-06T03:32:35Z",
Changesets	Create Version PR or push tags	2026-10-06T03:33:36.3894375Z         "pushed_at": "2026-10-06T03:32:31Z",
Changesets	Create Version PR or push tags	2026-10-06T03:33:36.3894979Z         "git_url": "git://github.com/cinagroup/cinatoken.git",
Changesets	Create Version PR or push tags	2026-10-06T03:33:36.3895688Z         "ssh_url": "git@github.com:cinagroup/cinatoken.git",
Changesets	Create Version PR or push tags	2026-10-06T03:33:36.3896525Z         "clone_url": "https://github.com/cinagroup/cinatoken.git",
Changesets	Create Version PR or push tags	2026-10-06T03:33:36.3897464Z         "svn_url": "https://github.com/cinagroup/cinatoken",
Changesets	Create Version PR or push tags	2026-10-06T03:33:36.3898120Z         "homepage": "https://cinatoken.com",
Changesets	Create Version PR or push tags	2026-10-06T03:33:36.3898611Z         "size": 109920,
Changesets	Create Version PR or push tags	2026-10-06T03:33:36.3899044Z         "stargazers_count": 0,
Changesets	Create Version PR or push tags	2026-10-06T03:33:36.3899485Z         "watchers_count": 0,
Changesets	Create Version PR or push tags	2026-10-06T03:33:36.3899946Z         "language": "TypeScript",
Changesets	Create Version PR or push tags	2026-10-06T03:33:36.3981224Z         "has_issues": false,
Changesets	Create Version PR or push tags	2026-10-06T03:33:36.3981776Z         "has_projects": true,
Changesets	Create Version PR or push tags	2026-10-06T03:33:36.3982242Z         "has_downloads": false,
Changesets	Create Version PR or push tags	2026-10-06T03:33:36.3982624Z         "has_wiki": true,
Changesets	Create Version PR or push tags	2026-10-06T03:33:36.3982984Z         "has_pages": false,
Changesets	Create Version PR or push tags	2026-10-06T03:33:36.3983407Z         "has_discussions": false,
Changesets	Create Version PR or push tags	2026-10-06T03:33:36.3983784Z         "forks_count": 0,
Changesets	Create Version PR or push tags	2026-10-06T03:33:36.3984115Z         "mirror_url": null,
Changesets	Create Version PR or push tags	2026-10-06T03:33:36.3984460Z         "archived": false,
Changesets	Create Version PR or push tags	2026-10-06T03:33:36.3984857Z         "disabled": false,
Changesets	Create Version PR or push tags	2026-10-06T03:33:36.3985606Z         "open_issues_count": 1,
Changesets	Create Version PR or push tags	2026-10-06T03:33:36.3985951Z         "license": {
Changesets	Create Version PR or push tags	2026-10-06T03:33:36.3986515Z           "key": "agpl-3.0",
Changesets	Create Version PR or push tags	2026-10-06T03:33:36.3987083Z           "name": "GNU Affero General Public License v3.0",
Changesets	Create Version PR or push tags	2026-10-06T03:33:36.3987585Z           "spdx_id": "AGPL-3.0",
Changesets	Create Version PR or push tags	2026-10-06T03:33:36.3988108Z           "url": "https://api.github.com/licenses/agpl-3.0",
Changesets	Create Version PR or push tags	2026-10-06T03:33:36.3988612Z           "node_id": "MDc6TGljZW5zZTE="
Changesets	Create Version PR or push tags	2026-10-06T03:33:36.3988999Z         },
Changesets	Create Version PR or push tags	2026-10-06T03:33:36.3989308Z         "allow_forking": true,
Changesets	Create Version PR or push tags	2026-10-06T03:33:36.3989716Z         "is_template": false,
Changesets	Create Version PR or push tags	2026-10-06T03:33:36.3990178Z         "web_commit_signoff_required": false,
Changesets	Create Version PR or push tags	2026-10-06T03:33:36.3990639Z         "has_pull_requests": true,
Changesets	Create Version PR or push tags	2026-10-06T03:33:36.3991126Z         "pull_request_creation_policy": "all",
Changesets	Create Version PR or push tags	2026-10-06T03:33:36.3991572Z         "topics": [],
Changesets	Create Version PR or push tags	2026-10-06T03:33:36.3992061Z         "visibility": "public",
Changesets	Create Version PR or push tags	2026-10-06T03:33:36.3992485Z         "forks": 0,
Changesets	Create Version PR or push tags	2026-10-06T03:33:36.3992839Z         "open_issues": 1,
Changesets	Create Version PR or push tags	2026-10-06T03:33:36.3993206Z         "watchers": 0,
Changesets	Create Version PR or push tags	2026-10-06T03:33:36.3993636Z         "default_branch": "main"
Changesets	Create Version PR or push tags	2026-10-06T03:33:36.3994051Z       }
Changesets	Create Version PR or push tags	2026-10-06T03:33:36.3994370Z     },
Changesets	Create Version PR or push tags	2026-10-06T03:33:36.3994673Z     "base": {
Changesets	Create Version PR or push tags	2026-10-06T03:33:36.3995090Z       "label": "cinagroup:main",
Changesets	Create Version PR or push tags	2026-10-06T03:33:36.3995512Z       "ref": "main",
Changesets	Create Version PR or push tags	2026-10-06T03:33:36.3996001Z       "sha": "702c4d71379acb697024ef846725871582bff94f",
Changesets	Create Version PR or push tags	2026-10-06T03:33:36.3996672Z       "user": {
Changesets	Create Version PR or push tags	2026-10-06T03:33:36.3997072Z         "login": "cinagroup",
Changesets	Create Version PR or push tags	2026-10-06T03:33:36.3997529Z         "id": 224764184,
Changesets	Create Version PR or push tags	2026-10-06T03:33:36.3998018Z         "node_id": "U_kgDODWWhGA",
Changesets	Create Version PR or push tags	2026-10-06T03:33:36.3998753Z         "avatar_url": "https://avatars.githubusercontent.com/u/224764184?v=4",
Changesets	Create Version PR or push tags	2026-10-06T03:33:36.3999429Z         "gravatar_id": "",
Changesets	Create Version PR or push tags	2026-10-06T03:33:36.3999997Z         "url": "https://api.github.com/users/cinagroup",
Changesets	Create Version PR or push tags	2026-10-06T03:33:36.4000625Z         "html_url": "https://github.com/cinagroup",
Changesets	Create Version PR or push tags	2026-10-06T03:33:36.4001366Z         "followers_url": "https://api.github.com/users/cinagroup/followers",
Changesets	Create Version PR or push tags	2026-10-06T03:33:36.4002231Z         "following_url": "https://api.github.com/users/cinagroup/following{/other_user}",
Changesets	Create Version PR or push tags	2026-10-06T03:33:36.4003141Z         "gists_url": "https://api.github.com/users/cinagroup/gists{/gist_id}",
Changesets	Create Version PR or push tags	2026-10-06T03:33:36.4004062Z         "starred_url": "https://api.github.com/users/cinagroup/starred{/owner}{/repo}",
Changesets	Create Version PR or push tags	2026-10-06T03:33:36.4005125Z         "subscriptions_url": "https://api.github.com/users/cinagroup/subscriptions",
Changesets	Create Version PR or push tags	2026-10-06T03:33:36.4006401Z         "organizations_url": "https://api.github.com/users/cinagroup/orgs",
Changesets	Create Version PR or push tags	2026-10-06T03:33:36.4007159Z         "repos_url": "https://api.github.com/users/cinagroup/repos",
Changesets	Create Version PR or push tags	2026-10-06T03:33:36.4008019Z         "events_url": "https://api.github.com/users/cinagroup/events{/privacy}",
Changesets	Create Version PR or push tags	2026-10-06T03:33:36.4008850Z         "received_events_url": "https://api.github.com/users/cinagroup/received_events",
Changesets	Create Version PR or push tags	2026-10-06T03:33:36.4009260Z         "type": "User",
Changesets	Create Version PR or push tags	2026-10-06T03:33:36.4009714Z         "user_view_type": "public",
Changesets	Create Version PR or push tags	2026-10-06T03:33:36.4009983Z         "site_admin": false
Changesets	Create Version PR or push tags	2026-10-06T03:33:36.4010206Z       },
Changesets	Create Version PR or push tags	2026-10-06T03:33:36.4010401Z       "repo": {
Changesets	Create Version PR or push tags	2026-10-06T03:33:36.4010607Z         "id": 1340150354,
Changesets	Create Version PR or push tags	2026-10-06T03:33:36.4010859Z         "node_id": "R_kgDOT-ESUg",
Changesets	Create Version PR or push tags	2026-10-06T03:33:36.4011114Z         "name": "cinatoken",
Changesets	Create Version PR or push tags	2026-10-06T03:33:36.4011387Z         "full_name": "cinagroup/cinatoken",
Changesets	Create Version PR or push tags	2026-10-06T03:33:36.4011665Z         "private": false,
Changesets	Create Version PR or push tags	2026-10-06T03:33:36.4011895Z         "owner": {
Changesets	Create Version PR or push tags	2026-10-06T03:33:36.4012121Z           "login": "cinagroup",
Changesets	Create Version PR or push tags	2026-10-06T03:33:36.4012368Z           "id": 224764184,
Changesets	Create Version PR or push tags	2026-10-06T03:33:36.4012617Z           "node_id": "U_kgDODWWhGA",
Changesets	Create Version PR or push tags	2026-10-06T03:33:36.4013015Z           "avatar_url": "https://avatars.githubusercontent.com/u/224764184?v=4",
Changesets	Create Version PR or push tags	2026-10-06T03:33:36.4013398Z           "gravatar_id": "",
Changesets	Create Version PR or push tags	2026-10-06T03:33:36.4013704Z           "url": "https://api.github.com/users/cinagroup",
Changesets	Create Version PR or push tags	2026-10-06T03:33:36.4014154Z           "html_url": "https://github.com/cinagroup",
Changesets	Create Version PR or push tags	2026-10-06T03:33:36.4014583Z           "followers_url": "https://api.github.com/users/cinagroup/followers",
Changesets	Create Version PR or push tags	2026-10-06T03:33:36.4015106Z           "following_url": "https://api.github.com/users/cinagroup/following{/other_user}",
Changesets	Create Version PR or push tags	2026-10-06T03:33:36.4015629Z           "gists_url": "https://api.github.com/users/cinagroup/gists{/gist_id}",
Changesets	Create Version PR or push tags	2026-10-06T03:33:36.4016396Z           "starred_url": "https://api.github.com/users/cinagroup/starred{/owner}{/repo}",
Changesets	Create Version PR or push tags	2026-10-06T03:33:36.4016945Z           "subscriptions_url": "https://api.github.com/users/cinagroup/subscriptions",
Changesets	Create Version PR or push tags	2026-10-06T03:33:36.4017468Z           "organizations_url": "https://api.github.com/users/cinagroup/orgs",
Changesets	Create Version PR or push tags	2026-10-06T03:33:36.4017936Z           "repos_url": "https://api.github.com/users/cinagroup/repos",
Changesets	Create Version PR or push tags	2026-10-06T03:33:36.4018416Z           "events_url": "https://api.github.com/users/cinagroup/events{/privacy}",
Changesets	Create Version PR or push tags	2026-10-06T03:33:36.4018954Z           "received_events_url": "https://api.github.com/users/cinagroup/received_events",
Changesets	Create Version PR or push tags	2026-10-06T03:33:36.4019367Z           "type": "User",
Changesets	Create Version PR or push tags	2026-10-06T03:33:36.4019624Z           "user_view_type": "public",
Changesets	Create Version PR or push tags	2026-10-06T03:33:36.4019884Z           "site_admin": false
Changesets	Create Version PR or push tags	2026-10-06T03:33:36.4020114Z         },
Changesets	Create Version PR or push tags	2026-10-06T03:33:36.4020389Z         "html_url": "https://github.com/cinagroup/cinatoken",
Changesets	Create Version PR or push tags	2026-10-06T03:33:36.4021298Z         "description": "Cinatoken是可自托管的开源 AI Gateway：把多供应商、多账号、多 API Key 收成一个 Base URL、一个 API Key，并带路由、预算、计费与审计。",
Changesets	Create Version PR or push tags	2026-10-06T03:33:36.4021812Z         "fork": true,
Changesets	Create Version PR or push tags	2026-10-06T03:33:36.4022125Z         "url": "https://api.github.com/repos/cinagroup/cinatoken",
Changesets	Create Version PR or push tags	2026-10-06T03:33:36.4022576Z         "forks_url": "https://api.github.com/repos/cinagroup/cinatoken/forks",
Changesets	Create Version PR or push tags	2026-10-06T03:33:36.4023086Z         "keys_url": "https://api.github.com/repos/cinagroup/cinatoken/keys{/key_id}",
Changesets	Create Version PR or push tags	2026-10-06T03:33:36.4023699Z         "collaborators_url": "https://api.github.com/repos/cinagroup/cinatoken/collaborators{/collaborator}",
Changesets	Create Version PR or push tags	2026-10-06T03:33:36.4024308Z         "teams_url": "https://api.github.com/repos/cinagroup/cinatoken/teams",
Changesets	Create Version PR or push tags	2026-10-06T03:33:36.4024793Z         "hooks_url": "https://api.github.com/repos/cinagroup/cinatoken/hooks",
Changesets	Create Version PR or push tags	2026-10-06T03:33:36.4025357Z         "issue_events_url": "https://api.github.com/repos/cinagroup/cinatoken/issues/events{/number}",
Changesets	Create Version PR or push tags	2026-10-06T03:33:36.4025930Z         "events_url": "https://api.github.com/repos/cinagroup/cinatoken/events",
Changesets	Create Version PR or push tags	2026-10-06T03:33:36.4026615Z         "assignees_url": "https://api.github.com/repos/cinagroup/cinatoken/assignees{/user}",
Changesets	Create Version PR or push tags	2026-10-06T03:33:36.4027198Z         "branches_url": "https://api.github.com/repos/cinagroup/cinatoken/branches{/branch}",
Changesets	Create Version PR or push tags	2026-10-06T03:33:36.4027723Z         "tags_url": "https://api.github.com/repos/cinagroup/cinatoken/tags",
Changesets	Create Version PR or push tags	2026-10-06T03:33:36.4028223Z         "blobs_url": "https://api.github.com/repos/cinagroup/cinatoken/git/blobs{/sha}",
Changesets	Create Version PR or push tags	2026-10-06T03:33:36.4028763Z         "git_tags_url": "https://api.github.com/repos/cinagroup/cinatoken/git/tags{/sha}",
Changesets	Create Version PR or push tags	2026-10-06T03:33:36.4029480Z         "git_refs_url": "https://api.github.com/repos/cinagroup/cinatoken/git/refs{/sha}",
Changesets	Create Version PR or push tags	2026-10-06T03:33:36.4030014Z         "trees_url": "https://api.github.com/repos/cinagroup/cinatoken/git/trees{/sha}",
Changesets	Create Version PR or push tags	2026-10-06T03:33:36.4030555Z         "statuses_url": "https://api.github.com/repos/cinagroup/cinatoken/statuses/{sha}",
Changesets	Create Version PR or push tags	2026-10-06T03:33:36.4031109Z         "languages_url": "https://api.github.com/repos/cinagroup/cinatoken/languages",
Changesets	Create Version PR or push tags	2026-10-06T03:33:36.4031651Z         "stargazers_url": "https://api.github.com/repos/cinagroup/cinatoken/stargazers",
Changesets	Create Version PR or push tags	2026-10-06T03:33:36.4032224Z         "contributors_url": "https://api.github.com/repos/cinagroup/cinatoken/contributors",
Changesets	Create Version PR or push tags	2026-10-06T03:33:36.4032797Z         "subscribers_url": "https://api.github.com/repos/cinagroup/cinatoken/subscribers",
Changesets	Create Version PR or push tags	2026-10-06T03:33:36.4033363Z         "subscription_url": "https://api.github.com/repos/cinagroup/cinatoken/subscription",
Changesets	Create Version PR or push tags	2026-10-06T03:33:36.4033934Z         "commits_url": "https://api.github.com/repos/cinagroup/cinatoken/commits{/sha}",
Changesets	Create Version PR or push tags	2026-10-06T03:33:36.4034568Z         "git_commits_url": "https://api.github.com/repos/cinagroup/cinatoken/git/commits{/sha}",
Changesets	Create Version PR or push tags	2026-10-06T03:33:36.4035143Z         "comments_url": "https://api.github.com/repos/cinagroup/cinatoken/comments{/number}",
Changesets	Create Version PR or push tags	2026-10-06T03:33:36.4035763Z         "issue_comment_url": "https://api.github.com/repos/cinagroup/cinatoken/issues/comments{/number}",
Changesets	Create Version PR or push tags	2026-10-06T03:33:36.4036560Z         "contents_url": "https://api.github.com/repos/cinagroup/cinatoken/contents/{+path}",
Changesets	Create Version PR or push tags	2026-10-06T03:33:36.4037143Z         "compare_url": "https://api.github.com/repos/cinagroup/cinatoken/compare/{base}...{head}",
Changesets	Create Version PR or push tags	2026-10-06T03:33:36.4037699Z         "merges_url": "https://api.github.com/repos/cinagroup/cinatoken/merges",
Changesets	Create Version PR or push tags	2026-10-06T03:33:36.4038248Z         "archive_url": "https://api.github.com/repos/cinagroup/cinatoken/{archive_format}{/ref}",
Changesets	Create Version PR or push tags	2026-10-06T03:33:36.4038820Z         "downloads_url": "https://api.github.com/repos/cinagroup/cinatoken/downloads",
Changesets	Create Version PR or push tags	2026-10-06T03:33:36.4039368Z         "issues_url": "https://api.github.com/repos/cinagroup/cinatoken/issues{/number}",
Changesets	Create Version PR or push tags	2026-10-06T03:33:36.4039903Z         "pulls_url": "https://api.github.com/repos/cinagroup/cinatoken/pulls{/number}",
Changesets	Create Version PR or push tags	2026-10-06T03:33:36.4040505Z         "milestones_url": "https://api.github.com/repos/cinagroup/cinatoken/milestones{/number}",
Changesets	Create Version PR or push tags	2026-10-06T03:33:36.4041206Z         "notifications_url": "https://api.github.com/repos/cinagroup/cinatoken/notifications{?since,all,participating}",
Changesets	Create Version PR or push tags	2026-10-06T03:33:36.4041850Z         "labels_url": "https://api.github.com/repos/cinagroup/cinatoken/labels{/name}",
Changesets	Create Version PR or push tags	2026-10-06T03:33:36.4042435Z         "releases_url": "https://api.github.com/repos/cinagroup/cinatoken/releases{/id}",
Changesets	Create Version PR or push tags	2026-10-06T03:33:36.4042988Z         "deployments_url": "https://api.github.com/repos/cinagroup/cinatoken/deployments",
Changesets	Create Version PR or push tags	2026-10-06T03:33:36.4043432Z         "created_at": "2026-08-20T00:53:28Z",
Changesets	Create Version PR or push tags	2026-10-06T03:33:36.4043736Z         "updated_at": "2026-10-06T03:32:35Z",
Changesets	Create Version PR or push tags	2026-10-06T03:33:36.4044039Z         "pushed_at": "2026-10-06T03:32:31Z",
Changesets	Create Version PR or push tags	2026-10-06T03:33:36.4044391Z         "git_url": "git://github.com/cinagroup/cinatoken.git",
Changesets	Create Version PR or push tags	2026-10-06T03:33:36.4044825Z         "ssh_url": "git@github.com:cinagroup/cinatoken.git",
Changesets	Create Version PR or push tags	2026-10-06T03:33:36.4045214Z         "clone_url": "https://github.com/cinagroup/cinatoken.git",
Changesets	Create Version PR or push tags	2026-10-06T03:33:36.4045617Z         "svn_url": "https://github.com/cinagroup/cinatoken",
Changesets	Create Version PR or push tags	2026-10-06T03:33:36.4045956Z         "homepage": "https://cinatoken.com",
Changesets	Create Version PR or push tags	2026-10-06T03:33:36.4046439Z         "size": 109920,
Changesets	Create Version PR or push tags	2026-10-06T03:33:36.4046681Z         "stargazers_count": 0,
Changesets	Create Version PR or push tags	2026-10-06T03:33:36.4046931Z         "watchers_count": 0,
Changesets	Create Version PR or push tags	2026-10-06T03:33:36.4047187Z         "language": "TypeScript",
Changesets	Create Version PR or push tags	2026-10-06T03:33:36.4047436Z         "has_issues": false,
Changesets	Create Version PR or push tags	2026-10-06T03:33:36.4047686Z         "has_projects": true,
Changesets	Create Version PR or push tags	2026-10-06T03:33:36.4047948Z         "has_downloads": false,
Changesets	Create Version PR or push tags	2026-10-06T03:33:36.4048187Z         "has_wiki": true,
Changesets	Create Version PR or push tags	2026-10-06T03:33:36.4048545Z         "has_pages": false,
Changesets	Create Version PR or push tags	2026-10-06T03:33:36.4048809Z         "has_discussions": false,
Changesets	Create Version PR or push tags	2026-10-06T03:33:36.4049064Z         "forks_count": 0,
Changesets	Create Version PR or push tags	2026-10-06T03:33:36.4049301Z         "mirror_url": null,
Changesets	Create Version PR or push tags	2026-10-06T03:33:36.4049536Z         "archived": false,
Changesets	Create Version PR or push tags	2026-10-06T03:33:36.4049765Z         "disabled": false,
Changesets	Create Version PR or push tags	2026-10-06T03:33:36.4050005Z         "open_issues_count": 1,
Changesets	Create Version PR or push tags	2026-10-06T03:33:36.4050245Z         "license": {
Changesets	Create Version PR or push tags	2026-10-06T03:33:36.4050461Z           "key": "agpl-3.0",
Changesets	Create Version PR or push tags	2026-10-06T03:33:36.4050780Z           "name": "GNU Affero General Public License v3.0",
Changesets	Create Version PR or push tags	2026-10-06T03:33:36.4051106Z           "spdx_id": "AGPL-3.0",
Changesets	Create Version PR or push tags	2026-10-06T03:33:36.4051419Z           "url": "https://api.github.com/licenses/agpl-3.0",
Changesets	Create Version PR or push tags	2026-10-06T03:33:36.4051749Z           "node_id": "MDc6TGljZW5zZTE="
Changesets	Create Version PR or push tags	2026-10-06T03:33:36.4052008Z         },
Changesets	Create Version PR or push tags	2026-10-06T03:33:36.4052216Z         "allow_forking": true,
Changesets	Create Version PR or push tags	2026-10-06T03:33:36.4052447Z         "is_template": false,
Changesets	Create Version PR or push tags	2026-10-06T03:33:36.4052729Z         "web_commit_signoff_required": false,
Changesets	Create Version PR or push tags	2026-10-06T03:33:36.4053122Z         "has_pull_requests": true,
Changesets	Create Version PR or push tags	2026-10-06T03:33:36.4053417Z         "pull_request_creation_policy": "all",
Changesets	Create Version PR or push tags	2026-10-06T03:33:36.4053699Z         "topics": [],
Changesets	Create Version PR or push tags	2026-10-06T03:33:36.4053926Z         "visibility": "public",
Changesets	Create Version PR or push tags	2026-10-06T03:33:36.4054158Z         "forks": 0,
Changesets	Create Version PR or push tags	2026-10-06T03:33:36.4054363Z         "open_issues": 1,
Changesets	Create Version PR or push tags	2026-10-06T03:33:36.4054596Z         "watchers": 0,
Changesets	Create Version PR or push tags	2026-10-06T03:33:36.4054830Z         "default_branch": "main"
Changesets	Create Version PR or push tags	2026-10-06T03:33:36.4055059Z       }
Changesets	Create Version PR or push tags	2026-10-06T03:33:36.4055240Z     },
Changesets	Create Version PR or push tags	2026-10-06T03:33:36.4055423Z     "_links": {
Changesets	Create Version PR or push tags	2026-10-06T03:33:36.4055616Z       "self": {
Changesets	Create Version PR or push tags	2026-10-06T03:33:36.4055933Z         "href": "https://api.github.com/repos/cinagroup/cinatoken/pulls/4"
Changesets	Create Version PR or push tags	2026-10-06T03:33:36.4056513Z       },
Changesets	Create Version PR or push tags	2026-10-06T03:33:36.4056701Z       "html": {
Changesets	Create Version PR or push tags	2026-10-06T03:33:36.4056989Z         "href": "https://github.com/cinagroup/cinatoken/pull/4"
Changesets	Create Version PR or push tags	2026-10-06T03:33:36.4057324Z       },
Changesets	Create Version PR or push tags	2026-10-06T03:33:36.4057558Z       "issue": {
Changesets	Create Version PR or push tags	2026-10-06T03:33:36.4057895Z         "href": "https://api.github.com/repos/cinagroup/cinatoken/issues/4"
Changesets	Create Version PR or push tags	2026-10-06T03:33:36.4058236Z       },
Changesets	Create Version PR or push tags	2026-10-06T03:33:36.4058413Z       "comments": {
Changesets	Create Version PR or push tags	2026-10-06T03:33:36.4058774Z         "href": "https://api.github.com/repos/cinagroup/cinatoken/issues/4/comments"
Changesets	Create Version PR or push tags	2026-10-06T03:33:36.4059144Z       },
Changesets	Create Version PR or push tags	2026-10-06T03:33:36.4059329Z       "review_comments": {
Changesets	Create Version PR or push tags	2026-10-06T03:33:36.4059695Z         "href": "https://api.github.com/repos/cinagroup/cinatoken/pulls/4/comments"
Changesets	Create Version PR or push tags	2026-10-06T03:33:36.4060049Z       },
Changesets	Create Version PR or push tags	2026-10-06T03:33:36.4060232Z       "review_comment": {
Changesets	Create Version PR or push tags	2026-10-06T03:33:36.4060617Z         "href": "https://api.github.com/repos/cinagroup/cinatoken/pulls/comments{/number}"
Changesets	Create Version PR or push tags	2026-10-06T03:33:36.4060992Z       },
Changesets	Create Version PR or push tags	2026-10-06T03:33:36.4061169Z       "commits": {
Changesets	Create Version PR or push tags	2026-10-06T03:33:36.4061508Z         "href": "https://api.github.com/repos/cinagroup/cinatoken/pulls/4/commits"
Changesets	Create Version PR or push tags	2026-10-06T03:33:36.4061858Z       },
Changesets	Create Version PR or push tags	2026-10-06T03:33:36.4062045Z       "statuses": {
Changesets	Create Version PR or push tags	2026-10-06T03:33:36.4062523Z         "href": "https://api.github.com/repos/cinagroup/cinatoken/statuses/78a61d41ce80bdffc79c6ed141a3e262197411bd"
Changesets	Create Version PR or push tags	2026-10-06T03:33:36.4062991Z       }
Changesets	Create Version PR or push tags	2026-10-06T03:33:36.4063171Z     },
Changesets	Create Version PR or push tags	2026-10-06T03:33:36.4063384Z     "author_association": "OWNER",
Changesets	Create Version PR or push tags	2026-10-06T03:33:36.4063627Z     "auto_merge": null,
Changesets	Create Version PR or push tags	2026-10-06T03:33:36.4063845Z     "assignee": null,
Changesets	Create Version PR or push tags	2026-10-06T03:33:36.4064072Z     "active_lock_reason": null
Changesets	Create Version PR or push tags	2026-10-06T03:33:36.4064290Z   }
Changesets	Create Version PR or push tags	2026-10-06T03:33:36.4064471Z ]
Changesets	Create Version PR or push tags	2026-10-06T03:33:36.4064734Z [command]/usr/bin/git status --porcelain
Changesets	Create Version PR or push tags	2026-10-06T03:33:36.4241915Z  D .changeset/cinatoken-gateway-postgres.md
Changesets	Create Version PR or push tags	2026-10-06T03:33:36.4242315Z  M CHANGELOG.md
Changesets	Create Version PR or push tags	2026-10-06T03:33:36.4242524Z  M package.json
Changesets	Create Version PR or push tags	2026-10-06T03:33:36.4242759Z  M packages/admin/CHANGELOG.md
Changesets	Create Version PR or push tags	2026-10-06T03:33:36.4243061Z  M packages/admin/package.json
Changesets	Create Version PR or push tags	2026-10-06T03:33:36.4243321Z  M packages/core/CHANGELOG.md
Changesets	Create Version PR or push tags	2026-10-06T03:33:36.4243570Z  M packages/core/package.json
Changesets	Create Version PR or push tags	2026-10-06T03:33:36.4243825Z  M packages/proxy/CHANGELOG.md
Changesets	Create Version PR or push tags	2026-10-06T03:33:36.4244347Z  M packages/proxy/package.json
Changesets	Create Version PR or push tags	2026-10-06T03:33:36.4244754Z  M packages/tool-engines/CHANGELOG.md
Changesets	Create Version PR or push tags	2026-10-06T03:33:36.4245207Z  M packages/tool-engines/package.json
Changesets	Create Version PR or push tags	2026-10-06T03:33:36.4245624Z  M packages/web/package.json
Changesets	Create Version PR or push tags	2026-10-06T03:33:36.4246259Z ?? packages/web/CHANGELOG.md
Changesets	Create Version PR or push tags	2026-10-06T03:33:36.4275059Z [command]/usr/bin/git add .
Changesets	Create Version PR or push tags	2026-10-06T03:33:36.4593083Z [command]/usr/bin/git commit -m chore: version packages
Changesets	Create Version PR or push tags	2026-10-06T03:33:36.4795647Z [changeset-release/main 8efb511a] chore: version packages
Changesets	Create Version PR or push tags	2026-10-06T03:33:36.4796599Z  13 files changed, 39 insertions(+), 11 deletions(-)
Changesets	Create Version PR or push tags	2026-10-06T03:33:36.4797248Z  delete mode 100644 .changeset/cinatoken-gateway-postgres.md
Changesets	Create Version PR or push tags	2026-10-06T03:33:36.4797832Z  create mode 100644 packages/web/CHANGELOG.md
Changesets	Create Version PR or push tags	2026-10-06T03:33:36.4813244Z [command]/usr/bin/git push origin HEAD:changeset-release/main --force
Changesets	Create Version PR or push tags	2026-10-06T03:33:37.6473213Z To https://github.com/cinagroup/cinatoken
Changesets	Create Version PR or push tags	2026-10-06T03:33:37.6518476Z  + 78a61d41...8efb511a HEAD -> changeset-release/main (forced update)
Changesets	Create Version PR or push tags	2026-10-06T03:33:37.6519802Z updating found pull request #4
Changesets	Dispatch Docker images workflow when tag did not chain-trigger	﻿2026-10-06T03:33:38.2319755Z ##[group]Run set -euo pipefail
Changesets	Dispatch Docker images workflow when tag did not chain-trigger	2026-10-06T03:33:38.2320092Z ^[[36;1mset -euo pipefail^[[0m
Changesets	Dispatch Docker images workflow when tag did not chain-trigger	2026-10-06T03:33:38.2320366Z ^[[36;1mif [ -n "${CHANGESETS_PAT}" ]; then^[[0m
Changesets	Dispatch Docker images workflow when tag did not chain-trigger	2026-10-06T03:33:38.2320817Z ^[[36;1m  echo "PAT mode detected; expecting tag push to chain-trigger Docker — skip dispatch."^[[0m
Changesets	Dispatch Docker images workflow when tag did not chain-trigger	2026-10-06T03:33:38.2321235Z ^[[36;1m  exit 0^[[0m
Changesets	Dispatch Docker images workflow when tag did not chain-trigger	2026-10-06T03:33:38.2321426Z ^[[36;1mfi^[[0m
Changesets	Dispatch Docker images workflow when tag did not chain-trigger	2026-10-06T03:33:38.2321819Z ^[[36;1mPKG_VERSION="$(node -p "JSON.parse(require('fs').readFileSync('package.json','utf8')).version")"^[[0m
Changesets	Dispatch Docker images workflow when tag did not chain-trigger	2026-10-06T03:33:38.2322274Z ^[[36;1mEXPECTED_TAG="v${PKG_VERSION}"^[[0m
Changesets	Dispatch Docker images workflow when tag did not chain-trigger	2026-10-06T03:33:38.2322691Z ^[[36;1mecho "Root package.json version: ${PKG_VERSION} (expected release tag: ${EXPECTED_TAG})"^[[0m
Changesets	Dispatch Docker images workflow when tag did not chain-trigger	2026-10-06T03:33:38.2323117Z ^[[36;1mecho "GITHUB_SHA: ${GITHUB_SHA}"^[[0m
Changesets	Dispatch Docker images workflow when tag did not chain-trigger	2026-10-06T03:33:38.2323394Z ^[[36;1mgit fetch origin --tags^[[0m
Changesets	Dispatch Docker images workflow when tag did not chain-trigger	2026-10-06T03:33:38.2323713Z ^[[36;1m# 防御性切回 GITHUB_SHA（changesets/action 通常不改本地 HEAD，但保险）。^[[0m
Changesets	Dispatch Docker images workflow when tag did not chain-trigger	2026-10-06T03:33:38.2324055Z ^[[36;1mgit checkout "${GITHUB_SHA}"^[[0m
Changesets	Dispatch Docker images workflow when tag did not chain-trigger	2026-10-06T03:33:38.2324453Z ^[[36;1mTAG=$(git describe --tags --exact-match HEAD 2>/dev/null || true)^[[0m
Changesets	Dispatch Docker images workflow when tag did not chain-trigger	2026-10-06T03:33:38.2324805Z ^[[36;1mif [ -z "${TAG}" ]; then^[[0m
Changesets	Dispatch Docker images workflow when tag did not chain-trigger	2026-10-06T03:33:38.2325161Z ^[[36;1m  if git ls-remote --tags origin -l "${EXPECTED_TAG}" | grep -q .; then^[[0m
Changesets	Dispatch Docker images workflow when tag did not chain-trigger	2026-10-06T03:33:38.2326379Z ^[[36;1m    echo "::notice::No tag on HEAD, but origin already has ${EXPECTED_TAG}. \`changeset tag\` skips when the tag exists remotely (even on another commit) — **优先**用新 changeset bump 版本再走 Version PR；**勿**轻易删除远端公共 tag；确需修复远端 tag 后再重跑 Release。"^[[0m
Changesets	Dispatch Docker images workflow when tag did not chain-trigger	2026-10-06T03:33:38.2327183Z ^[[36;1m  else^[[0m
Changesets	Dispatch Docker images workflow when tag did not chain-trigger	2026-10-06T03:33:38.2327807Z ^[[36;1m    echo "::notice::No exact tag on ${GITHUB_SHA}. Often: changesets/action only opened a Version PR (unreleased .changeset/*.md still on main), or \`changeset tag\` did not push."^[[0m
Changesets	Dispatch Docker images workflow when tag did not chain-trigger	2026-10-06T03:33:38.2328458Z ^[[36;1m  fi^[[0m
Changesets	Dispatch Docker images workflow when tag did not chain-trigger	2026-10-06T03:33:38.2328682Z ^[[36;1m  echo "Nothing to dispatch."^[[0m
Changesets	Dispatch Docker images workflow when tag did not chain-trigger	2026-10-06T03:33:38.2328931Z ^[[36;1m  exit 0^[[0m
Changesets	Dispatch Docker images workflow when tag did not chain-trigger	2026-10-06T03:33:38.2329128Z ^[[36;1mfi^[[0m
Changesets	Dispatch Docker images workflow when tag did not chain-trigger	2026-10-06T03:33:38.2329322Z ^[[36;1mcase "${TAG}" in^[[0m
Changesets	Dispatch Docker images workflow when tag did not chain-trigger	2026-10-06T03:33:38.2329538Z ^[[36;1m  v*) ;;^[[0m
Changesets	Dispatch Docker images workflow when tag did not chain-trigger	2026-10-06T03:33:38.2329721Z ^[[36;1m  *)^[[0m
Changesets	Dispatch Docker images workflow when tag did not chain-trigger	2026-10-06T03:33:38.2329962Z ^[[36;1m    echo "Tag ${TAG} is not a v* release tag — skip."^[[0m
Changesets	Dispatch Docker images workflow when tag did not chain-trigger	2026-10-06T03:33:38.2330265Z ^[[36;1m    exit 0^[[0m
Changesets	Dispatch Docker images workflow when tag did not chain-trigger	2026-10-06T03:33:38.2330460Z ^[[36;1m    ;;^[[0m
Changesets	Dispatch Docker images workflow when tag did not chain-trigger	2026-10-06T03:33:38.2330643Z ^[[36;1mesac^[[0m
Changesets	Dispatch Docker images workflow when tag did not chain-trigger	2026-10-06T03:33:38.2330939Z ^[[36;1mecho "Dispatching cinatoken Docker Images workflow for ref ${TAG}"^[[0m
Changesets	Dispatch Docker images workflow when tag did not chain-trigger	2026-10-06T03:33:38.2331477Z ^[[36;1mgh workflow run cinatoken-docker-images.yml --ref "${TAG}" -R "${GITHUB_REPOSITORY}"^[[0m
Changesets	Dispatch Docker images workflow when tag did not chain-trigger	2026-10-06T03:33:38.2368938Z shell: /usr/bin/bash -e {0}
Changesets	Dispatch Docker images workflow when tag did not chain-trigger	2026-10-06T03:33:38.2369214Z env:
Changesets	Dispatch Docker images workflow when tag did not chain-trigger	2026-10-06T03:33:38.2371660Z   GH_TOKEN: ***
Changesets	Dispatch Docker images workflow when tag did not chain-trigger	2026-10-06T03:33:38.2371876Z   CHANGESETS_PAT: 
Changesets	Dispatch Docker images workflow when tag did not chain-trigger	2026-10-06T03:33:38.2372099Z ##[endgroup]
Changesets	Dispatch Docker images workflow when tag did not chain-trigger	2026-10-06T03:33:38.2692902Z Root package.json version: 2.9.0 (expected release tag: v2.9.0)
Changesets	Dispatch Docker images workflow when tag did not chain-trigger	2026-10-06T03:33:38.2693636Z GITHUB_SHA: 473de5fc520fc7d64db700db88a76c7a6b45c241
Changesets	Dispatch Docker images workflow when tag did not chain-trigger	2026-10-06T03:33:38.6488289Z Note: switching to '473de5fc520fc7d64db700db88a76c7a6b45c241'.
Changesets	Dispatch Docker images workflow when tag did not chain-trigger	2026-10-06T03:33:38.6488737Z 
Changesets	Dispatch Docker images workflow when tag did not chain-trigger	2026-10-06T03:33:38.6489023Z You are in 'detached HEAD' state. You can look around, make experimental
Changesets	Dispatch Docker images workflow when tag did not chain-trigger	2026-10-06T03:33:38.6489548Z changes and commit them, and you can discard any commits you make in this
Changesets	Dispatch Docker images workflow when tag did not chain-trigger	2026-10-06T03:33:38.6490062Z state without impacting any branches by switching back to a branch.
Changesets	Dispatch Docker images workflow when tag did not chain-trigger	2026-10-06T03:33:38.6490331Z 
Changesets	Dispatch Docker images workflow when tag did not chain-trigger	2026-10-06T03:33:38.6490582Z If you want to create a new branch to retain commits you create, you may
Changesets	Dispatch Docker images workflow when tag did not chain-trigger	2026-10-06T03:33:38.6491100Z do so (now or later) by using -c with the switch command. Example:
Changesets	Dispatch Docker images workflow when tag did not chain-trigger	2026-10-06T03:33:38.6491351Z 
Changesets	Dispatch Docker images workflow when tag did not chain-trigger	2026-10-06T03:33:38.6491479Z   git switch -c <new-branch-name>
Changesets	Dispatch Docker images workflow when tag did not chain-trigger	2026-10-06T03:33:38.6491656Z 
Changesets	Dispatch Docker images workflow when tag did not chain-trigger	2026-10-06T03:33:38.6491779Z Or undo this operation with:
Changesets	Dispatch Docker images workflow when tag did not chain-trigger	2026-10-06T03:33:38.6491936Z 
Changesets	Dispatch Docker images workflow when tag did not chain-trigger	2026-10-06T03:33:38.6492320Z   git switch -
Changesets	Dispatch Docker images workflow when tag did not chain-trigger	2026-10-06T03:33:38.6492456Z 
Changesets	Dispatch Docker images workflow when tag did not chain-trigger	2026-10-06T03:33:38.6492730Z Turn off this advice by setting config variable advice.detachedHead to false
Changesets	Dispatch Docker images workflow when tag did not chain-trigger	2026-10-06T03:33:38.6493232Z 
Changesets	Dispatch Docker images workflow when tag did not chain-trigger	2026-10-06T03:33:38.6493629Z HEAD is now at 473de5fc fix(test): preserve PG73 fixtures and isolate Web database observations
Changesets	Dispatch Docker images workflow when tag did not chain-trigger	2026-10-06T03:33:39.1037557Z ##[notice]No exact tag on 473de5fc520fc7d64db700db88a76c7a6b45c241. Often: changesets/action only opened a Version PR (unreleased .changeset/*.md still on main), or `changeset tag` did not push.
Changesets	Dispatch Docker images workflow when tag did not chain-trigger	2026-10-06T03:33:39.1045754Z Nothing to dispatch.
Changesets	Post Setup Node.js	﻿2026-10-06T03:33:39.1131492Z Post job cleanup.
Changesets	Post Setup Node.js	2026-10-06T03:33:39.2372459Z (node:2680) [DEP0040] DeprecationWarning: The `punycode` module is deprecated. Please use a userland alternative instead.
Changesets	Post Setup Node.js	2026-10-06T03:33:39.2373682Z (Use `node --trace-deprecation ...` to show where the warning was created)
Changesets	Post Setup Node.js	2026-10-06T03:33:39.2375894Z Cache hit occurred on the primary key node-cache-Linux-x64-npm-75880b4bbd0ff5ec746d7c72b50f76a896a6c03c1ce6640cd295bc994cd01db2, not saving cache.
Changesets	Post Checkout	﻿2026-10-06T03:33:39.2498653Z Post job cleanup.
Changesets	Post Checkout	2026-10-06T03:33:39.3336646Z [command]/usr/bin/git version
Changesets	Post Checkout	2026-10-06T03:33:39.3376996Z git version 2.55.0
Changesets	Post Checkout	2026-10-06T03:33:39.3413602Z Temporarily overriding HOME='/home/runner/work/_temp/7d110940-cd2c-46cc-8e1f-dbff1dd70491' before making global git config changes
Changesets	Post Checkout	2026-10-06T03:33:39.3415188Z Adding repository directory to the temporary git global config as a safe directory
Changesets	Post Checkout	2026-10-06T03:33:39.3419291Z [command]/usr/bin/git config --global --add safe.directory /home/runner/work/cinatoken/cinatoken
Changesets	Post Checkout	2026-10-06T03:33:39.3458599Z [command]/usr/bin/git config --local --name-only --get-regexp core\.sshCommand
Changesets	Post Checkout	2026-10-06T03:33:39.3491513Z [command]/usr/bin/git submodule foreach --recursive sh -c "git config --local --name-only --get-regexp 'core\.sshCommand' && git config --local --unset-all 'core.sshCommand' || :"
Changesets	Post Checkout	2026-10-06T03:33:39.3708503Z [command]/usr/bin/git config --local --name-only --get-regexp http\.https\:\/\/github\.com\/\.extraheader
Changesets	Post Checkout	2026-10-06T03:33:39.3732957Z http.https://github.com/.extraheader
Changesets	Post Checkout	2026-10-06T03:33:39.3743736Z [command]/usr/bin/git config --local --unset-all http.https://github.com/.extraheader
Changesets	Post Checkout	2026-10-06T03:33:39.3781003Z [command]/usr/bin/git submodule foreach --recursive sh -c "git config --local --name-only --get-regexp 'http\.https\:\/\/github\.com\/\.extraheader' && git config --local --unset-all 'http.https://github.com/.extraheader' || :"
Changesets	Post Checkout	2026-10-06T03:33:39.4009745Z [command]/usr/bin/git config --local --name-only --get-regexp ^includeIf\.gitdir:
Changesets	Post Checkout	2026-10-06T03:33:39.4051355Z [command]/usr/bin/git submodule foreach --recursive git config --local --show-origin --name-only --get-regexp remote.origin.url
Changesets	Complete job	﻿2026-10-06T03:33:39.4492598Z Cleaning up orphan processes
Changesets	Complete job	2026-10-06T03:33:39.4770313Z ##[warning]Node.js 20 is deprecated. The following actions target Node.js 20 but are being forced to run on Node.js 24: actions/checkout@v4, actions/setup-node@v4. For more information see: https://github.blog/changelog/2025-09-19-deprecation-of-node-20-on-github-actions-runners/
