node:internal/modules/run_main:107
    triggerUncaughtException(
    ^

AssertionError [ERR_ASSERTION]: Expected values to be strictly equal:
+ actual - expected

+ undefined
- 'observed'

    at file:///C:/Users/cina/AppData/Local/Temp/cinatoken-v364-request-signal-readonly-yCKd6V/inspect-static-signal.mjs:100:10
    at verified (file:///C:/Users/cina/AppData/Local/Temp/cinatoken-v364-request-signal-readonly-yCKd6V/inspect-static-signal.mjs:20:34)
    at file:///C:/Users/cina/AppData/Local/Temp/cinatoken-v364-request-signal-readonly-yCKd6V/inspect-static-signal.mjs:93:1
    at ModuleJob.run (node:internal/modules/esm/module_job:430:25)
    at async onImport.tracePromise.__proto__ (node:internal/modules/esm/loader:661:26)
    at async asyncRunEntryPointWithESMLoader (node:internal/modules/run_main:101:5) {
  generatedMessage: true,
  code: 'ERR_ASSERTION',
  actual: undefined,
  expected: 'observed',
  operator: 'strictEqual',
  diff: 'simple'
}

Node.js v24.14.1
