[main c13a64b9] fix(web): retain published source downloads across releases
 74 files changed, 5867 insertions(+), 13 deletions(-)
 create mode 100644 docs/operators/deployment/releases/2026-10-05-web-resource-retention-local.json
 create mode 100644 docs/operators/deployment/releases/2026-10-05-web-resource-retention/inventory.FINAL-native-ci-inventory-v2.json
 create mode 100644 docs/operators/deployment/releases/2026-10-05-web-resource-retention/local.FINAL-source-archive-retention-STOP-v1.json
 create mode 100644 docs/operators/deployment/releases/2026-10-05-web-resource-retention/local.baseline.closed.json
 create mode 100644 docs/operators/deployment/releases/2026-10-05-web-resource-retention/local.baseline.stderr.txt
 create mode 100644 docs/operators/deployment/releases/2026-10-05-web-resource-retention/local.baseline.stdout.txt
 create mode 100644 docs/operators/deployment/releases/2026-10-05-web-resource-retention/local.diff-check.closed.json
 create mode 100644 docs/operators/deployment/releases/2026-10-05-web-resource-retention/local.diff-check.stderr.txt
 create mode 100644 docs/operators/deployment/releases/2026-10-05-web-resource-retention/local.diff-check.stdout.txt
 create mode 100644 docs/operators/deployment/releases/2026-10-05-web-resource-retention/local.final-seal.closed.json
 create mode 100644 docs/operators/deployment/releases/2026-10-05-web-resource-retention/local.final-seal.stderr.txt
 create mode 100644 docs/operators/deployment/releases/2026-10-05-web-resource-retention/local.final-seal.stdout.txt
 create mode 100644 docs/operators/deployment/releases/2026-10-05-web-resource-retention/local.fixed.closed.json
 create mode 100644 docs/operators/deployment/releases/2026-10-05-web-resource-retention/local.fixed.stderr.txt
 create mode 100644 docs/operators/deployment/releases/2026-10-05-web-resource-retention/local.fixed.stdout.txt
 create mode 100644 docs/operators/deployment/releases/2026-10-05-web-resource-retention/local.format-write-corrected.closed.json
 create mode 100644 docs/operators/deployment/releases/2026-10-05-web-resource-retention/local.format-write-corrected.stderr.txt
 create mode 100644 docs/operators/deployment/releases/2026-10-05-web-resource-retention/local.format-write-corrected.stdout.txt
 create mode 100644 docs/operators/deployment/releases/2026-10-05-web-resource-retention/local.format-write-web.closed.json
 create mode 100644 docs/operators/deployment/releases/2026-10-05-web-resource-retention/local.format-write-web.stderr.txt
 create mode 100644 docs/operators/deployment/releases/2026-10-05-web-resource-retention/local.format-write-web.stdout.txt
 create mode 100644 docs/operators/deployment/releases/2026-10-05-web-resource-retention/local.format-write.closed.json
 create mode 100644 docs/operators/deployment/releases/2026-10-05-web-resource-retention/local.format-write.stderr.txt
 create mode 100644 docs/operators/deployment/releases/2026-10-05-web-resource-retention/local.format-write.stdout.txt
 create mode 100644 docs/operators/deployment/releases/2026-10-05-web-resource-retention/local.full-web-format.closed.json
 create mode 100644 docs/operators/deployment/releases/2026-10-05-web-resource-retention/local.full-web-format.stderr.txt
 create mode 100644 docs/operators/deployment/releases/2026-10-05-web-resource-retention/local.full-web-format.stdout.txt
 create mode 100644 docs/operators/deployment/releases/2026-10-05-web-resource-retention/local.full-web-lint.closed.json
 create mode 100644 docs/operators/deployment/releases/2026-10-05-web-resource-retention/local.full-web-lint.stderr.txt
 create mode 100644 docs/operators/deployment/releases/2026-10-05-web-resource-retention/local.full-web-lint.stdout.txt
 create mode 100644 docs/operators/deployment/releases/2026-10-05-web-resource-retention/local.full-web-types.closed.json
 create mode 100644 docs/operators/deployment/releases/2026-10-05-web-resource-retention/local.full-web-types.stderr.txt
 create mode 100644 docs/operators/deployment/releases/2026-10-05-web-resource-retention/local.full-web-types.stdout.txt
 create mode 100644 docs/operators/deployment/releases/2026-10-05-web-resource-retention/local.full-web-unit.closed.json
 create mode 100644 docs/operators/deployment/releases/2026-10-05-web-resource-retention/local.full-web-unit.stderr.txt
 create mode 100644 docs/operators/deployment/releases/2026-10-05-web-resource-retention/local.full-web-unit.stdout.txt
 create mode 100644 docs/operators/deployment/releases/2026-10-05-web-resource-retention/local.owned-diff.closed.json
 create mode 100644 docs/operators/deployment/releases/2026-10-05-web-resource-retention/local.owned-diff.stderr.txt
 create mode 100644 docs/operators/deployment/releases/2026-10-05-web-resource-retention/local.owned-diff.stdout.txt
 create mode 100644 docs/operators/deployment/releases/2026-10-05-web-resource-retention/local.run-web.mjs
 create mode 100644 docs/operators/deployment/releases/2026-10-05-web-resource-retention/local.run.mjs
 create mode 100644 docs/operators/deployment/releases/2026-10-05-web-resource-retention/local.seal.mjs
 create mode 100644 docs/operators/deployment/releases/2026-10-05-web-resource-retention/operator.compose-production-release.mjs
 create mode 100644 docs/operators/deployment/releases/2026-10-05-web-resource-retention/operator.old-source-before.proof.json
 create mode 100644 docs/operators/deployment/releases/2026-10-05-web-resource-retention/operator.old-source-before.result.json
 create mode 100644 docs/operators/deployment/releases/2026-10-05-web-resource-retention/operator.old-source-before.stderr.log
 create mode 100644 docs/operators/deployment/releases/2026-10-05-web-resource-retention/operator.old-source-before.stdout.log
 create mode 100644 docs/operators/deployment/releases/2026-10-05-web-resource-retention/operator.probe-source-archives.mjs
 create mode 100644 docs/operators/deployment/releases/2026-10-05-web-resource-retention/operator.production-before.deployment-guard.json
 create mode 100644 docs/operators/deployment/releases/2026-10-05-web-resource-retention/operator.production-before.result.json
 create mode 100644 docs/operators/deployment/releases/2026-10-05-web-resource-retention/operator.production-before.stderr.log
 create mode 100644 docs/operators/deployment/releases/2026-10-05-web-resource-retention/operator.production-before.stdout.log
 create mode 100644 docs/operators/deployment/releases/2026-10-05-web-resource-retention/operator.run-command.mjs
 create mode 100644 docs/operators/deployment/releases/2026-10-05-web-resource-retention/operator.scope-before-ci-corrected.result.json
 create mode 100644 docs/operators/deployment/releases/2026-10-05-web-resource-retention/operator.scope-before-ci-corrected.stderr.log
 create mode 100644 docs/operators/deployment/releases/2026-10-05-web-resource-retention/operator.scope-before-ci-corrected.stdout.log
 create mode 100644 docs/operators/deployment/releases/2026-10-05-web-resource-retention/operator.scope-before-ci-final.result.json
 create mode 100644 docs/operators/deployment/releases/2026-10-05-web-resource-retention/operator.scope-before-ci-final.stderr.log
 create mode 100644 docs/operators/deployment/releases/2026-10-05-web-resource-retention/operator.scope-before-ci-final.stdout.log
 create mode 100644 docs/operators/deployment/releases/2026-10-05-web-resource-retention/operator.scope-before-ci-verified.result.json
 create mode 100644 docs/operators/deployment/releases/2026-10-05-web-resource-retention/operator.scope-before-ci-verified.stderr.log
 create mode 100644 docs/operators/deployment/releases/2026-10-05-web-resource-retention/operator.scope-before-ci-verified.stdout.log
 create mode 100644 docs/operators/deployment/releases/2026-10-05-web-resource-retention/operator.scope-before-ci.result.json
 create mode 100644 docs/operators/deployment/releases/2026-10-05-web-resource-retention/operator.scope-before-ci.stderr.log
 create mode 100644 docs/operators/deployment/releases/2026-10-05-web-resource-retention/operator.scope-before-ci.stdout.log
 create mode 100644 docs/operators/deployment/releases/2026-10-05-web-resource-retention/operator.seal-local-evidence.mjs
 create mode 100644 docs/operators/deployment/releases/2026-10-05-web-resource-retention/operator.verify-assets.mjs
 create mode 100644 docs/operators/deployment/releases/2026-10-05-web-resource-retention/operator.verify-checklist-scope.mjs
