{"progress":"page-checked","shard":"admin-a","route":"/admin","kind":"admin","http":200,"pagesChecked":1,"shardPagesChecked":1}
{"progress":"page-checked","shard":"public","route":"/en","kind":"public","http":200,"pagesChecked":2,"shardPagesChecked":1}
{"progress":"page-checked","shard":"account","route":"/account","kind":"account","http":200,"pagesChecked":3,"shardPagesChecked":1}
{"progress":"page-checked","shard":"admin-a","route":"/admin/users","kind":"admin","http":200,"pagesChecked":4,"shardPagesChecked":2}
{"progress":"page-checked","shard":"admin-b","route":"/admin/request-logs","kind":"admin","http":200,"pagesChecked":5,"shardPagesChecked":1}
{"progress":"page-checked","shard":"public","route":"/en/models","kind":"public","http":200,"pagesChecked":6,"shardPagesChecked":2}
{"progress":"page-checked","shard":"admin-a","route":"/admin/users/00000000-0000-4000-8000-000000000000","kind":"admin","http":200,"pagesChecked":7,"shardPagesChecked":3}
{"progress":"page-checked","shard":"account","route":"/account/keys","kind":"account","http":200,"pagesChecked":8,"shardPagesChecked":2}
{"progress":"page-checked","shard":"public","route":"/en/providers","kind":"public","http":200,"pagesChecked":9,"shardPagesChecked":3}
{"progress":"page-checked","shard":"admin-b","route":"/admin/audit-logs","kind":"admin","http":200,"pagesChecked":10,"shardPagesChecked":2}
{"progress":"page-checked","shard":"admin-a","route":"/admin/providers","kind":"admin","http":200,"pagesChecked":11,"shardPagesChecked":4}
{"progress":"page-checked","shard":"public","route":"/en/compare","kind":"public","http":200,"pagesChecked":12,"shardPagesChecked":4}
{"progress":"page-checked","shard":"admin-a","route":"/admin/models","kind":"admin","http":200,"pagesChecked":13,"shardPagesChecked":5}
{"progress":"page-checked","shard":"public","route":"/en/chat","kind":"public","http":200,"pagesChecked":14,"shardPagesChecked":5}
{"progress":"page-checked","shard":"admin-a","route":"/admin/endpoints","kind":"admin","http":200,"pagesChecked":15,"shardPagesChecked":6}
{"progress":"page-checked","shard":"account","route":"/account/byok","kind":"account","http":200,"pagesChecked":16,"shardPagesChecked":3}
{"progress":"page-checked","shard":"public","route":"/en/rankings","kind":"public","http":200,"pagesChecked":17,"shardPagesChecked":6}
{"progress":"page-checked","shard":"admin-b","route":"/admin/tools/invocations","kind":"admin","http":200,"pagesChecked":18,"shardPagesChecked":3}
{"progress":"page-checked","shard":"public","route":"/en/benchmarks","kind":"public","http":200,"pagesChecked":19,"shardPagesChecked":7}
{"progress":"page-checked","shard":"admin-a","route":"/admin/routes","kind":"admin","http":200,"pagesChecked":20,"shardPagesChecked":7}
{"progress":"page-checked","shard":"public","route":"/en/models/cinatoken-smoke-missing/no-such-model","kind":"missing-model","http":404,"pagesChecked":21,"shardPagesChecked":8}
{"progress":"page-checked","shard":"account","route":"/account/activity","kind":"account","http":200,"pagesChecked":22,"shardPagesChecked":4}
{"progress":"page-checked","shard":"admin-a","route":"/admin/data-policies","kind":"admin","http":200,"pagesChecked":23,"shardPagesChecked":8}
{"progress":"page-checked","shard":"admin-a","route":"/admin/presets","kind":"admin","http":200,"pagesChecked":24,"shardPagesChecked":9}
{"progress":"page-checked","shard":"admin-a","route":"/admin/guardrails","kind":"admin","http":200,"pagesChecked":25,"shardPagesChecked":10}
{"progress":"page-checked","shard":"account","route":"/account/earnings","kind":"account","http":200,"pagesChecked":26,"shardPagesChecked":5}
{"progress":"page-checked","shard":"admin-a","route":"/admin/analytics/reliability","kind":"admin","http":200,"pagesChecked":27,"shardPagesChecked":11}
{"progress":"page-checked","shard":"admin-a","route":"/admin/analytics/models","kind":"admin","http":200,"pagesChecked":28,"shardPagesChecked":12}
{"progress":"page-checked","shard":"account","route":"/account/nft","kind":"account","http":200,"pagesChecked":29,"shardPagesChecked":6}
{"progress":"page-checked","shard":"admin-a","route":"/admin/analytics/providers","kind":"admin","http":200,"pagesChecked":30,"shardPagesChecked":13}
{"progress":"page-checked","shard":"admin-a","route":"/admin/analytics/users","kind":"admin","http":200,"pagesChecked":31,"shardPagesChecked":14}
{"actualExit":1,"outcome":"FAILED","failure":{"name":"TimeoutError","message":"page.goto: Timeout 45000ms exceeded.\nCall log:\n\u001b[2m  - navigating to \"https://cinatoken.com/account/withdraw\", waiting until \"networkidle\"\u001b[22m\n","stack":"page.goto: Timeout 45000ms exceeded.\nCall log:\n\u001b[2m  - navigating to \"https://cinatoken.com/account/withdraw\", waiting until \"networkidle\"\u001b[22m\n\n    at checkPage (C:\\Users\\cina\\AppData\\Local\\Temp\\cinatoken-independent-web-browser-v3-56686244d1194d108aad8107f6374be2\\production-web-browser-observe-v3.mjs:102:31)\n    at runGroup (C:\\Users\\cina\\AppData\\Local\\Temp\\cinatoken-independent-web-browser-v3-56686244d1194d108aad8107f6374be2\\production-web-browser-observe-v3.mjs:224:13)\n    at async file:///C:/Users/cina/AppData/Local/Temp/cinatoken-independent-web-browser-v3-56686244d1194d108aad8107f6374be2/production-web-browser-observe-v3.mjs:254:25"},"evidence":{"path":"C:\\Users\\cina\\AppData\\Local\\Temp\\cinatoken-independent-web-browser-v3-56686244d1194d108aad8107f6374be2\\retention-c13a64b9-v3.json","bytes":258217,"sha256":"3c0e86227908a771ae8463bd7de714664f444e8f6a474c98ad7eb77c93febb2f"},"pages":31,"screenshots":[{"name":"admin-a-1","path":"C:\\Users\\cina\\AppData\\Local\\Temp\\cinatoken-independent-web-browser-v3-56686244d1194d108aad8107f6374be2\\retention-c13a64b9-v3-admin-a-1.png","bytes":25449,"sha256":"3903b8a1ace00a01f66aa85758c1fdd71fd081e2d3b8b76c1967475ed3cf94f2"},{"name":"public-1","path":"C:\\Users\\cina\\AppData\\Local\\Temp\\cinatoken-independent-web-browser-v3-56686244d1194d108aad8107f6374be2\\retention-c13a64b9-v3-public-1.png","bytes":54114,"sha256":"3c3002c14200c075db9cb4077fc6926e1543c1dbc907150ee4981237dd71fbe6"},{"name":"account-1","path":"C:\\Users\\cina\\AppData\\Local\\Temp\\cinatoken-independent-web-browser-v3-56686244d1194d108aad8107f6374be2\\retention-c13a64b9-v3-account-1.png","bytes":23753,"sha256":"a99bb9d22fd16eaebd41e31ccceef6363f27760a9d6c0d6e3e6be1c6f5c4b8fb"},{"name":"admin-b-1","path":"C:\\Users\\cina\\AppData\\Local\\Temp\\cinatoken-independent-web-browser-v3-56686244d1194d108aad8107f6374be2\\retention-c13a64b9-v3-admin-b-1.png","bytes":25449,"sha256":"3903b8a1ace00a01f66aa85758c1fdd71fd081e2d3b8b76c1967475ed3cf94f2"},{"name":"public-2","path":"C:\\Users\\cina\\AppData\\Local\\Temp\\cinatoken-independent-web-browser-v3-56686244d1194d108aad8107f6374be2\\retention-c13a64b9-v3-public-2.png","bytes":43315,"sha256":"36f44da96422631f4d7bbb68395840ae4c3e2784d4375cbedc6c62be1094bcdf"},{"name":"desktop-dark","path":"C:\\Users\\cina\\AppData\\Local\\Temp\\cinatoken-independent-web-browser-v3-56686244d1194d108aad8107f6374be2\\retention-c13a64b9-v3-desktop-dark.png","bytes":55028,"sha256":"0ec81d2dfcfcd8b5b473ce3dc99cdc4691e4221032efe8d179803149719665f3"},{"name":"admin-b-failure","path":"C:\\Users\\cina\\AppData\\Local\\Temp\\cinatoken-independent-web-browser-v3-56686244d1194d108aad8107f6374be2\\retention-c13a64b9-v3-admin-b-failure.png","bytes":25449,"sha256":"3903b8a1ace00a01f66aa85758c1fdd71fd081e2d3b8b76c1967475ed3cf94f2"},{"name":"mobile-zh-dark","path":"C:\\Users\\cina\\AppData\\Local\\Temp\\cinatoken-independent-web-browser-v3-56686244d1194d108aad8107f6374be2\\retention-c13a64b9-v3-mobile-zh-dark.png","bytes":32357,"sha256":"99d1b467918686bc194528cedcaea3af125bba176eda06fd803b050ab12c7ea6"},{"name":"account-failure","path":"C:\\Users\\cina\\AppData\\Local\\Temp\\cinatoken-independent-web-browser-v3-56686244d1194d108aad8107f6374be2\\retention-c13a64b9-v3-account-failure.png","bytes":23753,"sha256":"a99bb9d22fd16eaebd41e31ccceef6363f27760a9d6c0d6e3e6be1c6f5c4b8fb"}],"pageErrors":[],"unknownHTTPErrors":[],"unexplainedConsoleErrors":[],"expectedAnonymous401":25,"expectedMissingModel404":1,"contextClosed":true,"browserClosed":true,"shards":[{"name":"public","pages":8,"status":"fulfilled","contextClosed":true},{"name":"account","pages":6,"status":"rejected","contextClosed":true},{"name":"admin-a","pages":14,"status":"fulfilled","contextClosed":true},{"name":"admin-b","pages":3,"status":"rejected","contextClosed":true}]}
