
 ⛅️ wrangler 4.127.1
────────────────────
Attaching additional modules:
┌───────────────────────┬──────┬──────────┐
│ Name                  │ Type │ Size     │
├───────────────────────┼──────┼──────────┤
│ index.mjs.LICENSE.txt │ text │ 2.37 KiB │
├───────────────────────┼──────┼──────────┤
│ Total (1 module)      │      │ 2.37 KiB │
└───────────────────────┴──────┴──────────┘
🌀 Building list of assets...
✨ Read 143 files from the assets directory C:\cinagroup\cinatoken\.release\web\web-c13a64b9c3b2-20261005-retained\assets
🌀 Starting asset upload...
🌀 Found 4 new or modified static assets to upload. Proceeding with upload...
+ /build-contract.json
+ /sources/web.0cf38aa7a814fb6c5333187afe977a3236a82fceaa3f68126552e6627a0963fb.tar.gz
+ /sources/index.html
+ /sources/index.json
Uploaded 1 of 4 assets
Uploaded 2 of 4 assets
Uploaded 4 of 4 assets
✨ Success! Uploaded 4 files (133 already uploaded) (73.84 sec)

Total Upload: 1180.10 KiB / gzip: 366.97 KiB
Worker Startup Time: 2 ms
Your Worker has access to the following bindings:
Binding                                                                               Resource                  
env.CINATOKEN_ADMIN_SERVICE (cinatoken-admin)                                         Worker                    
env.ASSETS                                                                            Assets                    
env.CINATOKEN_WEB_PUBLIC_ENABLED ("true")                                             Environment Variable      
env.CINATOKEN_WEB_PUBLIC_ORIGIN ("https://cinatoken.com")                             Environment Variable      
env.CINATOKEN_WEB_PROXY_ORIGINS ("https://api.cinatoken.com")                         Environment Variable      
env.CINATOKEN_WEB_ACCOUNT_ENABLED ("true")                                            Environment Variable      
env.CINATOKEN_WEB_ADMIN_DASHBOARD_ENABLED ("true")                                    Environment Variable      
env.CINATOKEN_WEB_ADMIN_USERS_ENABLED ("true")                                        Environment Variable      
env.CINATOKEN_WEB_ADMIN_USER_DETAIL_ENABLED ("true")                                  Environment Variable      
env.CINATOKEN_WEB_ADMIN_PROVIDERS_ENABLED ("true")                                    Environment Variable      
env.CINATOKEN_WEB_ADMIN_MODELS_ENABLED ("true")                                       Environment Variable      
env.CINATOKEN_WEB_ADMIN_ENDPOINTS_ENABLED ("true")                                    Environment Variable      
env.CINATOKEN_WEB_ADMIN_ROUTES_ENABLED ("true")                                       Environment Variable      
env.CINATOKEN_WEB_ADMIN_DATA_POLICIES_ENABLED ("true")                                Environment Variable      
env.CINATOKEN_WEB_ADMIN_PRESETS_ENABLED ("true")                                      Environment Variable      
env.CINATOKEN_WEB_ADMIN_GUARDRAILS_ENABLED ("true")                                   Environment Variable      
env.CINATOKEN_WEB_ADMIN_RELIABILITY_ENABLED ("true")                                  Environment Variable      
env.CINATOKEN_WEB_ADMIN_MODEL_ANALYTICS_ENABLED ("true")                              Environment Variable      
env.CINATOKEN_WEB_ADMIN_PROVIDER_ANALYTICS_ENABLED ("true")                           Environment Variable      
env.CINATOKEN_WEB_ADMIN_USER_ANALYTICS_ENABLED ("true")                               Environment Variable      
env.CINATOKEN_WEB_ADMIN_REQUEST_LOGS_ENABLED ("true")                                 Environment Variable      
env.CINATOKEN_WEB_ADMIN_BUDGET_AUDIT_ENABLED ("true")                                 Environment Variable      
env.CINATOKEN_WEB_ADMIN_TOOL_INVOCATIONS_ENABLED ("true")                             Environment Variable      
env.CINATOKEN_WEB_ADMIN_CONFIG_TIMEZONE_ENABLED ("true")                              Environment Variable      
env.CINATOKEN_WEB_ADMIN_CONFIG_ENABLED ("true")                                       Environment Variable      
env.CINATOKEN_WEB_ADMIN_ACCESS_KEYS_ENABLED ("true")                                  Environment Variable      
env.CINATOKEN_WEB_ADMIN_KEYS_ENABLED ("true")                                         Environment Variable      
env.CINATOKEN_WEB_ADMIN_SHARED_KEYS_ENABLED ("true")                                  Environment Variable      
env.CINATOKEN_WEB_ADMIN_TOOLS_ENABLED ("true")                                        Environment Variable      
env.CINATOKEN_WEB_ADMIN_PLAYGROUND_ENABLED ("true")                                   Environment Variable      
env.CINATOKEN_WEB_ADMIN_SIMULATOR_ENABLED ("true")                                    Environment Variable      
env.CINATOKEN_WEB_ADMIN_WITHDRAWALS_ENABLED ("true")                                  Environment Variable      
env.CINATOKEN_WEB_ADMIN_NFT_MINTS_ENABLED ("true")                                    Environment Variable      

Uploaded cinatoken-web (107.45 sec)
No targets deployed for cinatoken-web (3.14 sec)
Current Version ID: 2a0a2777-d3b1-47f0-a0a7-88e701b4d2d9
