Refreshing run status every 20 seconds. Press Ctrl+C to quit.

* main Product text SSE Workerd cancellation · 37448535797
Triggered via workflow_dispatch about 1 minute ago

JOBS
X product-transport in 54s (ID 112219137145)
  ✓ Set up job
  ✓ Run actions/checkout@v4
  ✓ Run actions/setup-node@v4
  ✓ Run npm ci --ignore-scripts
  X Verify real ingress RST and separate native source cancel
  X Verify clean Web dependency and peer tree
  ✓ Run actions/upload-artifact@v4
  - Post Run actions/setup-node@v4
  ✓ Post Run actions/checkout@v4
  ✓ Complete job

ANNOTATIONS
! Node.js 20 is deprecated. The following actions target Node.js 20 but are being forced to run on Node.js 24: actions/checkout@v4, actions/setup-node@v4, actions/upload-artifact@v4. For more information see: https://github.blog/changelog/2025-09-19-deprecation-of-node-20-on-github-actions-runners/
product-transport: .github#2

X Process completed with exit code 1.
product-transport: .github#5

X Process completed with exit code 1.
product-transport: .github#8

X main Product text SSE Workerd cancellation · 37448535797
Triggered via workflow_dispatch about 1 minute ago

JOBS
X product-transport in 54s (ID 112219137145)
  ✓ Set up job
  ✓ Run actions/checkout@v4
  ✓ Run actions/setup-node@v4
  ✓ Run npm ci --ignore-scripts
  X Verify real ingress RST and separate native source cancel
  X Verify clean Web dependency and peer tree
  ✓ Run actions/upload-artifact@v4
  - Post Run actions/setup-node@v4
  ✓ Post Run actions/checkout@v4
  ✓ Complete job

ANNOTATIONS
! Node.js 20 is deprecated. The following actions target Node.js 20 but are being forced to run on Node.js 24: actions/checkout@v4, actions/setup-node@v4, actions/upload-artifact@v4. For more information see: https://github.blog/changelog/2025-09-19-deprecation-of-node-20-on-github-actions-runners/
product-transport: .github#2

X Process completed with exit code 1.
product-transport: .github#5

X Process completed with exit code 1.
product-transport: .github#8

