npm error code ELSPROBLEMS
npm error extraneous: @ant-design/colors@8.0.1 C:\cinagroup\cinatoken\node_modules\@ant-design\colors
npm error extraneous: @ant-design/cssinjs-utils@2.1.2 C:\cinagroup\cinatoken\node_modules\@ant-design\cssinjs-utils
npm error extraneous: @ant-design/cssinjs@2.1.2 C:\cinagroup\cinatoken\node_modules\@ant-design\cssinjs
npm error extraneous: @ant-design/fast-color@3.0.1 C:\cinagroup\cinatoken\node_modules\@ant-design\fast-color
npm error extraneous: @ant-design/icons-svg@4.6.0 C:\cinagroup\cinatoken\node_modules\@ant-design\icons-svg
npm error extraneous: @ant-design/icons@6.3.4 C:\cinagroup\cinatoken\node_modules\@ant-design\icons
npm error extraneous: @ant-design/react-slick@2.0.0 C:\cinagroup\cinatoken\node_modules\@ant-design\react-slick
npm error extraneous: @dnd-kit/accessibility@3.1.1 C:\cinagroup\cinatoken\node_modules\@dnd-kit\accessibility
npm error extraneous: @dnd-kit/core@6.3.1 C:\cinagroup\cinatoken\node_modules\@dnd-kit\core
npm error extraneous: @dnd-kit/modifiers@9.0.0 C:\cinagroup\cinatoken\node_modules\@dnd-kit\modifiers
npm error extraneous: @dnd-kit/sortable@10.0.0 C:\cinagroup\cinatoken\node_modules\@dnd-kit\sortable
npm error extraneous: @dnd-kit/utilities@3.2.2 C:\cinagroup\cinatoken\node_modules\@dnd-kit\utilities
npm error extraneous: @emnapi/core@1.11.3 C:\cinagroup\cinatoken\node_modules\@emnapi\core
npm error extraneous: @emnapi/runtime@1.11.3 C:\cinagroup\cinatoken\node_modules\@emnapi\runtime
npm error extraneous: @emnapi/wasi-threads@1.2.3 C:\cinagroup\cinatoken\node_modules\@emnapi\wasi-threads
npm error extraneous: @emoji-mart/data@1.2.1 C:\cinagroup\cinatoken\node_modules\@emoji-mart\data
npm error extraneous: @emoji-mart/react@1.1.1 C:\cinagroup\cinatoken\node_modules\@emoji-mart\react
npm error extraneous: @emotion/babel-plugin@11.13.5 C:\cinagroup\cinatoken\node_modules\@emotion\babel-plugin
npm error extraneous: @emotion/cache@11.14.0 C:\cinagroup\cinatoken\node_modules\@emotion\cache
npm error extraneous: @emotion/css@11.13.5 C:\cinagroup\cinatoken\node_modules\@emotion\css
npm error extraneous: @emotion/hash@0.8.0 C:\cinagroup\cinatoken\node_modules\@emotion\hash
npm error extraneous: @emotion/react@11.14.0 C:\cinagroup\cinatoken\node_modules\@emotion\react
npm error extraneous: @emotion/serialize@1.3.3 C:\cinagroup\cinatoken\node_modules\@emotion\serialize
npm error extraneous: @emotion/sheet@1.4.0 C:\cinagroup\cinatoken\node_modules\@emotion\sheet
npm error extraneous: @emotion/unitless@0.7.5 C:\cinagroup\cinatoken\node_modules\@emotion\unitless
npm error extraneous: @emotion/use-insertion-effect-with-fallbacks@1.2.0 C:\cinagroup\cinatoken\node_modules\@emotion\use-insertion-effect-with-fallbacks
npm error extraneous: @emotion/utils@1.4.2 C:\cinagroup\cinatoken\node_modules\@emotion\utils
npm error extraneous: @emotion/weak-memoize@0.4.0 C:\cinagroup\cinatoken\node_modules\@emotion\weak-memoize
npm error extraneous: @floating-ui/react@0.27.20 C:\cinagroup\cinatoken\node_modules\@floating-ui\react
npm error extraneous: @giscus/react@3.1.0 C:\cinagroup\cinatoken\node_modules\@giscus\react
npm error extraneous: @lit-labs/ssr-dom-shim@1.6.0 C:\cinagroup\cinatoken\node_modules\@lit-labs\ssr-dom-shim
npm error extraneous: @lit/reactive-element@2.1.2 C:\cinagroup\cinatoken\node_modules\@lit\reactive-element
npm error extraneous: @lobehub/emojilib@1.0.0 C:\cinagroup\cinatoken\node_modules\@lobehub\emojilib
npm error extraneous: @lobehub/fluent-emoji@4.1.1 C:\cinagroup\cinatoken\node_modules\@lobehub\fluent-emoji
npm error extraneous: @lobehub/icons@5.21.0 C:\cinagroup\cinatoken\node_modules\@lobehub\icons
npm error extraneous: @lobehub/streamdown@1.4.0 C:\cinagroup\cinatoken\node_modules\@lobehub\streamdown
npm error extraneous: @lobehub/ui@5.50.2 C:\cinagroup\cinatoken\node_modules\@lobehub\ui
npm error extraneous: @mdx-js/mdx@3.1.1 C:\cinagroup\cinatoken\node_modules\@mdx-js\mdx
npm error extraneous: @mdx-js/react@3.1.1 C:\cinagroup\cinatoken\node_modules\@mdx-js\react
npm error extraneous: @napi-rs/wasm-runtime@0.2.12 C:\cinagroup\cinatoken\node_modules\@napi-rs\wasm-runtime
npm error extraneous: @pierre/diffs@1.2.12 C:\cinagroup\cinatoken\node_modules\@pierre\diffs
npm error extraneous: @pierre/theme@1.1.0 C:\cinagroup\cinatoken\node_modules\@pierre\theme
npm error extraneous: @pierre/theming@0.0.2 C:\cinagroup\cinatoken\node_modules\@pierre\theming
npm error extraneous: @primer/octicons@19.38.0 C:\cinagroup\cinatoken\node_modules\@primer\octicons
npm error extraneous: @radix-ui/react-arrow@1.1.15 C:\cinagroup\cinatoken\node_modules\@radix-ui\react-arrow
npm error extraneous: @radix-ui/react-popper@1.3.7 C:\cinagroup\cinatoken\node_modules\@radix-ui\react-popper
npm error extraneous: @radix-ui/react-tooltip@1.2.16 C:\cinagroup\cinatoken\node_modules\@radix-ui\react-tooltip
npm error extraneous: @radix-ui/react-use-rect@1.1.4 C:\cinagroup\cinatoken\node_modules\@radix-ui\react-use-rect
npm error extraneous: @radix-ui/react-use-size@1.1.4 C:\cinagroup\cinatoken\node_modules\@radix-ui\react-use-size
npm error extraneous: @radix-ui/react-visually-hidden@1.2.11 C:\cinagroup\cinatoken\node_modules\@radix-ui\react-visually-hidden
npm error extraneous: @radix-ui/rect@1.1.3 C:\cinagroup\cinatoken\node_modules\@radix-ui\rect
npm error extraneous: @rc-component/async-validator@6.0.0 C:\cinagroup\cinatoken\node_modules\@rc-component\async-validator
npm error extraneous: @rc-component/cascader@1.22.0 C:\cinagroup\cinatoken\node_modules\@rc-component\cascader
npm error extraneous: @rc-component/checkbox@2.0.0 C:\cinagroup\cinatoken\node_modules\@rc-component\checkbox
npm error extraneous: @rc-component/collapse@1.2.0 C:\cinagroup\cinatoken\node_modules\@rc-component\collapse
npm error extraneous: @rc-component/color-picker@3.1.1 C:\cinagroup\cinatoken\node_modules\@rc-component\color-picker
npm error extraneous: @rc-component/context@2.0.2 C:\cinagroup\cinatoken\node_modules\@rc-component\context
npm error extraneous: @rc-component/dialog@1.10.0 C:\cinagroup\cinatoken\node_modules\@rc-component\dialog
npm error extraneous: @rc-component/drawer@1.4.2 C:\cinagroup\cinatoken\node_modules\@rc-component\drawer
npm error extraneous: @rc-component/dropdown@1.0.3 C:\cinagroup\cinatoken\node_modules\@rc-component\dropdown
npm error extraneous: @rc-component/form@1.8.6 C:\cinagroup\cinatoken\node_modules\@rc-component\form
npm error extraneous: @rc-component/image@1.10.0 C:\cinagroup\cinatoken\node_modules\@rc-component\image
npm error extraneous: @rc-component/input-number@1.6.2 C:\cinagroup\cinatoken\node_modules\@rc-component\input-number
npm error extraneous: @rc-component/input@1.3.1 C:\cinagroup\cinatoken\node_modules\@rc-component\input
npm error extraneous: @rc-component/listy@1.2.3 C:\cinagroup\cinatoken\node_modules\@rc-component\listy
npm error extraneous: @rc-component/mentions@1.12.0 C:\cinagroup\cinatoken\node_modules\@rc-component\mentions
npm error extraneous: @rc-component/menu@1.5.0 C:\cinagroup\cinatoken\node_modules\@rc-component\menu
npm error extraneous: @rc-component/mini-decimal@1.1.4 C:\cinagroup\cinatoken\node_modules\@rc-component\mini-decimal
npm error extraneous: @rc-component/motion@1.3.3 C:\cinagroup\cinatoken\node_modules\@rc-component\motion
npm error extraneous: @rc-component/mutate-observer@2.0.1 C:\cinagroup\cinatoken\node_modules\@rc-component\mutate-observer
npm error extraneous: @rc-component/notification@2.0.8 C:\cinagroup\cinatoken\node_modules\@rc-component\notification
npm error extraneous: @rc-component/overflow@1.0.1 C:\cinagroup\cinatoken\node_modules\@rc-component\overflow
npm error extraneous: @rc-component/pagination@1.4.0 C:\cinagroup\cinatoken\node_modules\@rc-component\pagination
npm error extraneous: @rc-component/picker@1.12.2 C:\cinagroup\cinatoken\node_modules\@rc-component\picker
npm error extraneous: @rc-component/portal@2.2.1 C:\cinagroup\cinatoken\node_modules\@rc-component\portal
npm error extraneous: @rc-component/progress@1.0.3 C:\cinagroup\cinatoken\node_modules\@rc-component\progress
npm error extraneous: @rc-component/qrcode@2.0.0 C:\cinagroup\cinatoken\node_modules\@rc-component\qrcode
npm error extraneous: @rc-component/rate@1.0.1 C:\cinagroup\cinatoken\node_modules\@rc-component\rate
npm error extraneous: @rc-component/resize-observer@1.1.2 C:\cinagroup\cinatoken\node_modules\@rc-component\resize-observer
npm error extraneous: @rc-component/segmented@1.4.0 C:\cinagroup\cinatoken\node_modules\@rc-component\segmented
npm error extraneous: @rc-component/select@1.10.1 C:\cinagroup\cinatoken\node_modules\@rc-component\select
npm error extraneous: @rc-component/slider@1.1.1 C:\cinagroup\cinatoken\node_modules\@rc-component\slider
npm error extraneous: @rc-component/steps@1.2.3 C:\cinagroup\cinatoken\node_modules\@rc-component\steps
npm error extraneous: @rc-component/switch@1.0.3 C:\cinagroup\cinatoken\node_modules\@rc-component\switch
npm error extraneous: @rc-component/table@1.11.1 C:\cinagroup\cinatoken\node_modules\@rc-component\table
npm error extraneous: @rc-component/tabs@1.13.0 C:\cinagroup\cinatoken\node_modules\@rc-component\tabs
npm error extraneous: @rc-component/tooltip@1.5.2 C:\cinagroup\cinatoken\node_modules\@rc-component\tooltip
npm error extraneous: @rc-component/tour@2.4.0 C:\cinagroup\cinatoken\node_modules\@rc-component\tour
npm error extraneous: @rc-component/tree-select@1.16.1 C:\cinagroup\cinatoken\node_modules\@rc-component\tree-select
npm error extraneous: @rc-component/tree@1.4.0 C:\cinagroup\cinatoken\node_modules\@rc-component\tree
npm error extraneous: @rc-component/trigger@3.10.1 C:\cinagroup\cinatoken\node_modules\@rc-component\trigger
npm error extraneous: @rc-component/upload@1.1.1 C:\cinagroup\cinatoken\node_modules\@rc-component\upload
npm error extraneous: @rc-component/util@1.13.0 C:\cinagroup\cinatoken\node_modules\@rc-component\util
npm error extraneous: @rc-component/virtual-list@1.5.2 C:\cinagroup\cinatoken\node_modules\@rc-component\virtual-list
npm error extraneous: @shikijs/stream@4.4.3 C:\cinagroup\cinatoken\node_modules\@shikijs\stream
npm error extraneous: @shikijs/transformers@4.4.3 C:\cinagroup\cinatoken\node_modules\@shikijs\transformers
npm error extraneous: @splinetool/runtime@1.12.98 C:\cinagroup\cinatoken\node_modules\@splinetool\runtime
npm error extraneous: @stitches/react@1.2.8 C:\cinagroup\cinatoken\node_modules\@stitches\react
npm error extraneous: @tybys/wasm-util@0.10.4 C:\cinagroup\cinatoken\node_modules\@tybys\wasm-util
npm error extraneous: @types/katex@0.16.8 C:\cinagroup\cinatoken\node_modules\@types\katex
npm error extraneous: @types/mdx@2.0.14 C:\cinagroup\cinatoken\node_modules\@types\mdx
npm error extraneous: @types/trusted-types@2.0.7 C:\cinagroup\cinatoken\node_modules\@types\trusted-types
npm error extraneous: @use-gesture/core@10.3.1 C:\cinagroup\cinatoken\node_modules\@use-gesture\core
npm error extraneous: @use-gesture/react@10.3.1 C:\cinagroup\cinatoken\node_modules\@use-gesture\react
npm error extraneous: ahooks@3.10.0 C:\cinagroup\cinatoken\node_modules\ahooks
npm error extraneous: antd-style@4.1.0 C:\cinagroup\cinatoken\node_modules\antd-style
npm error extraneous: antd@6.6.5 C:\cinagroup\cinatoken\node_modules\antd
npm error extraneous: assign-symbols@1.0.0 C:\cinagroup\cinatoken\node_modules\assign-symbols
npm error extraneous: astring@1.9.0 C:\cinagroup\cinatoken\node_modules\astring
npm error extraneous: attr-accept@2.2.5 C:\cinagroup\cinatoken\node_modules\attr-accept
npm error extraneous: beautiful-mermaid@1.1.3 C:\cinagroup\cinatoken\node_modules\beautiful-mermaid
npm error extraneous: chroma-js@3.2.0 C:\cinagroup\cinatoken\node_modules\chroma-js
npm error extraneous: classnames@2.5.1 C:\cinagroup\cinatoken\node_modules\classnames
npm error extraneous: collapse-white-space@2.1.0 C:\cinagroup\cinatoken\node_modules\collapse-white-space
npm error extraneous: colord@2.10.0 C:\cinagroup\cinatoken\node_modules\colord
npm error extraneous: compute-scroll-into-view@3.1.1 C:\cinagroup\cinatoken\node_modules\compute-scroll-into-view
npm error extraneous: decode-uri-component@0.5.0 C:\cinagroup\cinatoken\node_modules\decode-uri-component
npm error extraneous: diff@9.0.0 C:\cinagroup\cinatoken\node_modules\diff
npm error extraneous: elkjs@0.11.1 C:\cinagroup\cinatoken\node_modules\elkjs
npm error extraneous: emoji-mart@5.6.0 C:\cinagroup\cinatoken\node_modules\emoji-mart
npm error extraneous: entities@7.0.1 C:\cinagroup\cinatoken\node_modules\entities
npm error extraneous: esast-util-from-estree@2.0.0 C:\cinagroup\cinatoken\node_modules\esast-util-from-estree
npm error extraneous: esast-util-from-js@2.0.1 C:\cinagroup\cinatoken\node_modules\esast-util-from-js
npm error extraneous: estree-util-attach-comments@3.0.0 C:\cinagroup\cinatoken\node_modules\estree-util-attach-comments
npm error extraneous: estree-util-build-jsx@3.0.1 C:\cinagroup\cinatoken\node_modules\estree-util-build-jsx
npm error extraneous: estree-util-scope@1.0.1 C:\cinagroup\cinatoken\node_modules\estree-util-scope
npm error extraneous: estree-util-to-js@2.0.0 C:\cinagroup\cinatoken\node_modules\estree-util-to-js
npm error extraneous: estree-util-visit@2.0.0 C:\cinagroup\cinatoken\node_modules\estree-util-visit
npm error extraneous: estree-walker@3.0.3 C:\cinagroup\cinatoken\node_modules\estree-walker
npm error extraneous: extend-shallow@2.0.1 C:\cinagroup\cinatoken\node_modules\extend-shallow
npm error extraneous: file-selector@0.5.0 C:\cinagroup\cinatoken\node_modules\file-selector
npm error extraneous: filter-obj@5.1.0 C:\cinagroup\cinatoken\node_modules\filter-obj
npm error extraneous: find-root@1.1.0 C:\cinagroup\cinatoken\node_modules\find-root
npm error extraneous: for-in@1.0.2 C:\cinagroup\cinatoken\node_modules\for-in
npm error extraneous: get-value@2.0.6 C:\cinagroup\cinatoken\node_modules\get-value
npm error extraneous: giscus@1.6.0 C:\cinagroup\cinatoken\node_modules\giscus
npm error extraneous: hast-util-from-dom@5.0.1 C:\cinagroup\cinatoken\node_modules\hast-util-from-dom
npm error extraneous: hast-util-from-html-isomorphic@2.0.0 C:\cinagroup\cinatoken\node_modules\hast-util-from-html-isomorphic
npm error extraneous: hast-util-from-html@2.0.3 C:\cinagroup\cinatoken\node_modules\hast-util-from-html
npm error extraneous: hast-util-is-element@3.0.0 C:\cinagroup\cinatoken\node_modules\hast-util-is-element
npm error extraneous: hast-util-to-estree@3.1.3 C:\cinagroup\cinatoken\node_modules\hast-util-to-estree
npm error extraneous: hast-util-to-text@4.0.2 C:\cinagroup\cinatoken\node_modules\hast-util-to-text
npm error extraneous: hoist-non-react-statics@3.3.2 C:\cinagroup\cinatoken\node_modules\hoist-non-react-statics
npm error extraneous: is-extendable@1.0.1 C:\cinagroup\cinatoken\node_modules\is-extendable
npm error extraneous: is-mobile@5.0.0 C:\cinagroup\cinatoken\node_modules\is-mobile
npm error extraneous: is-plain-object@2.0.4 C:\cinagroup\cinatoken\node_modules\is-plain-object
npm error extraneous: isobject@3.0.1 C:\cinagroup\cinatoken\node_modules\isobject
npm error extraneous: js-cookie@3.0.8 C:\cinagroup\cinatoken\node_modules\js-cookie
npm error extraneous: json2mq@0.2.0 C:\cinagroup\cinatoken\node_modules\json2mq
npm error extraneous: katex@0.18.9 C:\cinagroup\cinatoken\node_modules\katex
npm error extraneous: leva@0.10.1 C:\cinagroup\cinatoken\node_modules\leva
npm error extraneous: lit-element@4.2.2 C:\cinagroup\cinatoken\node_modules\lit-element
npm error extraneous: lit-html@3.3.3 C:\cinagroup\cinatoken\node_modules\lit-html
npm error extraneous: lit@3.3.3 C:\cinagroup\cinatoken\node_modules\lit
npm error extraneous: lru_map@0.4.1 C:\cinagroup\cinatoken\node_modules\lru_map
npm error extraneous: markdown-extensions@2.0.0 C:\cinagroup\cinatoken\node_modules\markdown-extensions
npm error extraneous: marked@18.0.14 C:\cinagroup\cinatoken\node_modules\marked
npm error extraneous: mdast-util-math@3.0.0 C:\cinagroup\cinatoken\node_modules\mdast-util-math
npm error extraneous: mdast-util-mdx@3.0.0 C:\cinagroup\cinatoken\node_modules\mdast-util-mdx
npm error extraneous: mdast-util-newline-to-break@2.0.0 C:\cinagroup\cinatoken\node_modules\mdast-util-newline-to-break
npm error extraneous: mdast-util-to-markdown-cjk-friendly@1.0.0 C:\cinagroup\cinatoken\node_modules\mdast-util-to-markdown-cjk-friendly
npm error extraneous: merge-value@1.0.0 C:\cinagroup\cinatoken\node_modules\merge-value
npm error extraneous: micromark-extension-cjk-friendly-util@3.0.1 C:\cinagroup\cinatoken\node_modules\micromark-extension-cjk-friendly-util
npm error extraneous: micromark-extension-cjk-friendly@2.0.1 C:\cinagroup\cinatoken\node_modules\micromark-extension-cjk-friendly
npm error extraneous: micromark-extension-math@3.1.0 C:\cinagroup\cinatoken\node_modules\micromark-extension-math
npm error extraneous: micromark-extension-mdx-expression@3.0.1 C:\cinagroup\cinatoken\node_modules\micromark-extension-mdx-expression
npm error extraneous: micromark-extension-mdx-jsx@3.0.2 C:\cinagroup\cinatoken\node_modules\micromark-extension-mdx-jsx
npm error extraneous: micromark-extension-mdx-md@2.0.0 C:\cinagroup\cinatoken\node_modules\micromark-extension-mdx-md
npm error extraneous: micromark-extension-mdxjs-esm@3.0.0 C:\cinagroup\cinatoken\node_modules\micromark-extension-mdxjs-esm
npm error extraneous: micromark-extension-mdxjs@3.0.0 C:\cinagroup\cinatoken\node_modules\micromark-extension-mdxjs
npm error extraneous: micromark-factory-mdx-expression@2.0.3 C:\cinagroup\cinatoken\node_modules\micromark-factory-mdx-expression
npm error extraneous: micromark-util-events-to-acorn@2.0.3 C:\cinagroup\cinatoken\node_modules\micromark-util-events-to-acorn
npm error extraneous: mixin-deep@1.3.2 C:\cinagroup\cinatoken\node_modules\mixin-deep
npm error extraneous: numeral@2.0.6 C:\cinagroup\cinatoken\node_modules\numeral
npm error extraneous: on-change@4.0.0 C:\cinagroup\cinatoken\node_modules\on-change
npm error extraneous: polished@4.3.1 C:\cinagroup\cinatoken\node_modules\polished
npm error extraneous: query-string@9.5.1 C:\cinagroup\cinatoken\node_modules\query-string
npm error extraneous: rc-collapse@4.0.0 C:\cinagroup\cinatoken\node_modules\rc-collapse
npm error extraneous: rc-dialog@9.6.0 C:\cinagroup\cinatoken\node_modules\rc-dialog
npm error extraneous: rc-footer@0.6.8 C:\cinagroup\cinatoken\node_modules\rc-footer
npm error extraneous: rc-image@7.12.0 C:\cinagroup\cinatoken\node_modules\rc-image
npm error extraneous: rc-input-number@9.5.0 C:\cinagroup\cinatoken\node_modules\rc-input-number
npm error extraneous: rc-input@1.8.0 C:\cinagroup\cinatoken\node_modules\rc-input
npm error extraneous: rc-menu@9.16.1 C:\cinagroup\cinatoken\node_modules\rc-menu
npm error extraneous: rc-motion@2.9.5 C:\cinagroup\cinatoken\node_modules\rc-motion
npm error extraneous: rc-overflow@1.5.0 C:\cinagroup\cinatoken\node_modules\rc-overflow
npm error extraneous: rc-resize-observer@1.4.3 C:\cinagroup\cinatoken\node_modules\rc-resize-observer
npm error extraneous: rc-util@5.44.4 C:\cinagroup\cinatoken\node_modules\rc-util
npm error extraneous: re-resizable@6.11.2 C:\cinagroup\cinatoken\node_modules\re-resizable
npm error extraneous: react-avatar-editor@15.1.0 C:\cinagroup\cinatoken\node_modules\react-avatar-editor
npm error extraneous: react-colorful@5.8.1 C:\cinagroup\cinatoken\node_modules\react-colorful
npm error extraneous: react-draggable@4.7.2 C:\cinagroup\cinatoken\node_modules\react-draggable
npm error extraneous: react-dropzone@12.1.0 C:\cinagroup\cinatoken\node_modules\react-dropzone
npm error extraneous: react-error-boundary@6.1.6 C:\cinagroup\cinatoken\node_modules\react-error-boundary
npm error extraneous: react-fast-compare@3.2.2 C:\cinagroup\cinatoken\node_modules\react-fast-compare
npm error extraneous: react-hotkeys-hook@5.3.3 C:\cinagroup\cinatoken\node_modules\react-hotkeys-hook
npm error extraneous: react-merge-refs@3.0.2 C:\cinagroup\cinatoken\node_modules\react-merge-refs
npm error extraneous: react-rnd@10.5.3 C:\cinagroup\cinatoken\node_modules\react-rnd
npm error extraneous: react-zoom-pan-pinch@4.2.0 C:\cinagroup\cinatoken\node_modules\react-zoom-pan-pinch
npm error extraneous: recma-build-jsx@1.0.0 C:\cinagroup\cinatoken\node_modules\recma-build-jsx
npm error extraneous: recma-jsx@1.0.1 C:\cinagroup\cinatoken\node_modules\recma-jsx
npm error extraneous: recma-parse@1.0.0 C:\cinagroup\cinatoken\node_modules\recma-parse
npm error extraneous: recma-stringify@1.0.0 C:\cinagroup\cinatoken\node_modules\recma-stringify
npm error extraneous: rehype-github-alerts@4.2.0 C:\cinagroup\cinatoken\node_modules\rehype-github-alerts
npm error extraneous: rehype-recma@1.0.0 C:\cinagroup\cinatoken\node_modules\rehype-recma
npm error extraneous: remark-breaks@4.0.0 C:\cinagroup\cinatoken\node_modules\remark-breaks
npm error extraneous: remark-cjk-friendly@2.3.1 C:\cinagroup\cinatoken\node_modules\remark-cjk-friendly
npm error extraneous: remark-github@12.0.0 C:\cinagroup\cinatoken\node_modules\remark-github
npm error extraneous: remark-math@6.0.0 C:\cinagroup\cinatoken\node_modules\remark-math
npm error extraneous: remark-mdx@3.1.1 C:\cinagroup\cinatoken\node_modules\remark-mdx
npm error extraneous: resize-observer-polyfill@1.5.1 C:\cinagroup\cinatoken\node_modules\resize-observer-polyfill
npm error extraneous: screenfull@5.2.0 C:\cinagroup\cinatoken\node_modules\screenfull
npm error extraneous: scroll-into-view-if-needed@3.1.0 C:\cinagroup\cinatoken\node_modules\scroll-into-view-if-needed
npm error extraneous: semver-compare@1.0.0 C:\cinagroup\cinatoken\node_modules\semver-compare
npm error extraneous: set-value@2.0.1 C:\cinagroup\cinatoken\node_modules\set-value
npm error extraneous: split-on-first@3.0.0 C:\cinagroup\cinatoken\node_modules\split-on-first
npm error extraneous: split-string@3.1.0 C:\cinagroup\cinatoken\node_modules\split-string
npm error extraneous: string-convert@0.2.1 C:\cinagroup\cinatoken\node_modules\string-convert
npm error extraneous: stylis@4.4.0 C:\cinagroup\cinatoken\node_modules\stylis
npm error extraneous: swr@2.5.1 C:\cinagroup\cinatoken\node_modules\swr
npm error extraneous: tabbable@6.5.0 C:\cinagroup\cinatoken\node_modules\tabbable
npm error extraneous: throttle-debounce@5.0.2 C:\cinagroup\cinatoken\node_modules\throttle-debounce
npm error extraneous: to-vfile@8.0.0 C:\cinagroup\cinatoken\node_modules\to-vfile
npm error extraneous: ts-md5@2.0.1 C:\cinagroup\cinatoken\node_modules\ts-md5
npm error extraneous: unist-util-find-after@5.0.0 C:\cinagroup\cinatoken\node_modules\unist-util-find-after
npm error extraneous: unist-util-position-from-estree@2.0.0 C:\cinagroup\cinatoken\node_modules\unist-util-position-from-estree
npm error extraneous: unist-util-remove-position@5.0.0 C:\cinagroup\cinatoken\node_modules\unist-util-remove-position
npm error extraneous: url-join@5.0.0 C:\cinagroup\cinatoken\node_modules\url-join
npm error extraneous: use-merge-value@1.2.0 C:\cinagroup\cinatoken\node_modules\use-merge-value
npm error extraneous: uuid@14.0.2 C:\cinagroup\cinatoken\node_modules\uuid
npm error extraneous: v8n@1.5.1 C:\cinagroup\cinatoken\node_modules\v8n
npm error extraneous: virtua@0.52.7 C:\cinagroup\cinatoken\node_modules\virtua
npm error invalid: react@19.3.0 C:\cinagroup\cinatoken\node_modules\react
npm error extraneous: @emotion/hash@0.9.2 C:\cinagroup\cinatoken\node_modules\@emotion\babel-plugin\node_modules\@emotion\hash
npm error missing: @emotion/memoize@^0.9.0, required by @emotion/babel-plugin@11.13.5
npm error missing: babel-plugin-macros@^3.1.0, required by @emotion/babel-plugin@11.13.5
npm error extraneous: convert-source-map@1.9.0 C:\cinagroup\cinatoken\node_modules\@emotion\babel-plugin\node_modules\convert-source-map
npm error extraneous: source-map@0.5.7 C:\cinagroup\cinatoken\node_modules\@emotion\babel-plugin\node_modules\source-map
npm error extraneous: stylis@4.2.0 C:\cinagroup\cinatoken\node_modules\@emotion\babel-plugin\node_modules\stylis
npm error missing: @emotion/memoize@^0.9.0, required by @emotion/cache@11.14.0
npm error extraneous: stylis@4.2.0 C:\cinagroup\cinatoken\node_modules\@emotion\cache\node_modules\stylis
npm error extraneous: @emotion/hash@0.9.2 C:\cinagroup\cinatoken\node_modules\@emotion\serialize\node_modules\@emotion\hash
npm error missing: @emotion/memoize@^0.9.0, required by @emotion/serialize@1.3.3
npm error extraneous: @emotion/unitless@0.10.0 C:\cinagroup\cinatoken\node_modules\@emotion\serialize\node_modules\@emotion\unitless
npm error extraneous: emoji-regex@10.6.0 C:\cinagroup\cinatoken\node_modules\@lobehub\fluent-emoji\node_modules\emoji-regex
npm error extraneous: lucide-react@0.562.0 C:\cinagroup\cinatoken\node_modules\@lobehub\fluent-emoji\node_modules\lucide-react
npm error extraneous: lucide-react@0.469.0 C:\cinagroup\cinatoken\node_modules\@lobehub\icons\node_modules\lucide-react
npm error missing: @emotion/is-prop-valid@^1.4.0, required by @lobehub/ui@5.50.2
npm error extraneous: source-map@0.7.6 C:\cinagroup\cinatoken\node_modules\@mdx-js\mdx\node_modules\source-map
npm error extraneous: @babel/runtime@8.0.5 C:\cinagroup\cinatoken\node_modules\@rc-component\segmented\node_modules\@babel\runtime
npm error extraneous: react-is@19.3.0 C:\cinagroup\cinatoken\node_modules\@rc-component\util\node_modules\react-is
npm error extraneous: @babel/runtime@8.0.5 C:\cinagroup\cinatoken\node_modules\@rc-component\virtual-list\node_modules\@babel\runtime
npm error extraneous: source-map@0.7.6 C:\cinagroup\cinatoken\node_modules\estree-util-to-js\node_modules\source-map
npm error extraneous: is-extendable@0.1.1 C:\cinagroup\cinatoken\node_modules\extend-shallow\node_modules\is-extendable
npm error extraneous: commander@15.0.0 C:\cinagroup\cinatoken\node_modules\katex\node_modules\commander
npm error extraneous: zustand@3.7.2 C:\cinagroup\cinatoken\node_modules\leva\node_modules\zustand
npm error extraneous: commander@8.3.0 C:\cinagroup\cinatoken\node_modules\micromark-extension-math\node_modules\commander
npm error extraneous: katex@0.16.47 C:\cinagroup\cinatoken\node_modules\micromark-extension-math\node_modules\katex
npm error extraneous: @rc-component/portal@1.1.2 C:\cinagroup\cinatoken\node_modules\rc-dialog\node_modules\@rc-component\portal
npm error extraneous: @rc-component/portal@1.1.2 C:\cinagroup\cinatoken\node_modules\rc-image\node_modules\@rc-component\portal
npm error extraneous: @rc-component/portal@1.1.2 C:\cinagroup\cinatoken\node_modules\rc-menu\node_modules\@rc-component\portal
npm error extraneous: @rc-component/trigger@2.3.1 C:\cinagroup\cinatoken\node_modules\rc-menu\node_modules\@rc-component\trigger
npm error extraneous: react-is@18.3.1 C:\cinagroup\cinatoken\node_modules\rc-util\node_modules\react-is
npm error extraneous: tslib@2.6.2 C:\cinagroup\cinatoken\node_modules\react-rnd\node_modules\tslib
npm error extraneous: is-extendable@0.1.1 C:\cinagroup\cinatoken\node_modules\set-value\node_modules\is-extendable
npm error extraneous: extend-shallow@3.0.2 C:\cinagroup\cinatoken\node_modules\split-string\node_modules\extend-shallow
npm error Log files were not written due to an error writing to the directory: C:\Users\cina\AppData\Local\npm-cache\_logs
npm error You can rerun the command with `--loglevel=verbose` to see the logs in your terminal
