[main 75749018] fix(test): preserve receipt cutoff precision and diagnose queued cancellation
 305 files changed, 38431 insertions(+), 14 deletions(-)
 create mode 100644 docs/developers/architecture/evidence/2026-10-06-native-retention-and-http-backlog-preparation/README.md
 create mode 100644 docs/developers/architecture/evidence/2026-10-06-native-retention-and-http-backlog-preparation/ci-6e2/CLOSED-byte-and-semantic-audit.json
 create mode 100644 docs/developers/architecture/evidence/2026-10-06-native-retention-and-http-backlog-preparation/ci-6e2/FINAL-ci-terminal-observer.json
 create mode 100644 docs/developers/architecture/evidence/2026-10-06-native-retention-and-http-backlog-preparation/ci-6e2/INITIAL-ci-state.json
 create mode 100644 docs/developers/architecture/evidence/2026-10-06-native-retention-and-http-backlog-preparation/ci-6e2/TERMINAL-STOPWRITE-SEAL.json
 create mode 100644 docs/developers/architecture/evidence/2026-10-06-native-retention-and-http-backlog-preparation/ci-6e2/TERMINAL-ci-collection.json
 create mode 100644 docs/developers/architecture/evidence/2026-10-06-native-retention-and-http-backlog-preparation/ci-6e2/analyze-terminal.closed.json
 create mode 100644 docs/developers/architecture/evidence/2026-10-06-native-retention-and-http-backlog-preparation/ci-6e2/analyze-terminal.mjs
 create mode 100644 docs/developers/architecture/evidence/2026-10-06-native-retention-and-http-backlog-preparation/ci-6e2/analyze-terminal.stderr.log
 create mode 100644 docs/developers/architecture/evidence/2026-10-06-native-retention-and-http-backlog-preparation/ci-6e2/analyze-terminal.stdout.log
 create mode 100644 docs/developers/architecture/evidence/2026-10-06-native-retention-and-http-backlog-preparation/ci-6e2/analyze-tool-syntax.closed.json
 create mode 100644 docs/developers/architecture/evidence/2026-10-06-native-retention-and-http-backlog-preparation/ci-6e2/analyze-tool-syntax.stderr.log
 create mode 100644 docs/developers/architecture/evidence/2026-10-06-native-retention-and-http-backlog-preparation/ci-6e2/analyze-tool-syntax.stdout.log
 create mode 100644 docs/developers/architecture/evidence/2026-10-06-native-retention-and-http-backlog-preparation/ci-6e2/capture.mjs
 create mode 100644 docs/developers/architecture/evidence/2026-10-06-native-retention-and-http-backlog-preparation/ci-6e2/close-audit.closed.json
 create mode 100644 docs/developers/architecture/evidence/2026-10-06-native-retention-and-http-backlog-preparation/ci-6e2/close-audit.mjs
 create mode 100644 docs/developers/architecture/evidence/2026-10-06-native-retention-and-http-backlog-preparation/ci-6e2/close-audit.stderr.log
 create mode 100644 docs/developers/architecture/evidence/2026-10-06-native-retention-and-http-backlog-preparation/ci-6e2/close-audit.stdout.log
 create mode 100644 docs/developers/architecture/evidence/2026-10-06-native-retention-and-http-backlog-preparation/ci-6e2/collect-terminal.closed.json
 create mode 100644 docs/developers/architecture/evidence/2026-10-06-native-retention-and-http-backlog-preparation/ci-6e2/collect-terminal.mjs
 create mode 100644 docs/developers/architecture/evidence/2026-10-06-native-retention-and-http-backlog-preparation/ci-6e2/collect-terminal.stderr.log
 create mode 100644 docs/developers/architecture/evidence/2026-10-06-native-retention-and-http-backlog-preparation/ci-6e2/collect-terminal.stdout.log
 create mode 100644 docs/developers/architecture/evidence/2026-10-06-native-retention-and-http-backlog-preparation/ci-6e2/collect-tool-syntax.closed.json
 create mode 100644 docs/developers/architecture/evidence/2026-10-06-native-retention-and-http-backlog-preparation/ci-6e2/collect-tool-syntax.stderr.log
 create mode 100644 docs/developers/architecture/evidence/2026-10-06-native-retention-and-http-backlog-preparation/ci-6e2/collect-tool-syntax.stdout.log
 create mode 100644 docs/developers/architecture/evidence/2026-10-06-native-retention-and-http-backlog-preparation/ci-6e2/commit-runs.closed.json
 create mode 100644 docs/developers/architecture/evidence/2026-10-06-native-retention-and-http-backlog-preparation/ci-6e2/commit-runs.stderr.log
 create mode 100644 docs/developers/architecture/evidence/2026-10-06-native-retention-and-http-backlog-preparation/ci-6e2/commit-runs.stdout.log
 create mode 100644 docs/developers/architecture/evidence/2026-10-06-native-retention-and-http-backlog-preparation/ci-6e2/compose-initial.closed.json
 create mode 100644 docs/developers/architecture/evidence/2026-10-06-native-retention-and-http-backlog-preparation/ci-6e2/compose-initial.stderr.log
 create mode 100644 docs/developers/architecture/evidence/2026-10-06-native-retention-and-http-backlog-preparation/ci-6e2/compose-initial.stdout.log
 create mode 100644 docs/developers/architecture/evidence/2026-10-06-native-retention-and-http-backlog-preparation/ci-6e2/compose-terminal.closed.json
 create mode 100644 docs/developers/architecture/evidence/2026-10-06-native-retention-and-http-backlog-preparation/ci-6e2/compose-terminal.stderr.log
 create mode 100644 docs/developers/architecture/evidence/2026-10-06-native-retention-and-http-backlog-preparation/ci-6e2/compose-terminal.stdout.log
 create mode 100644 docs/developers/architecture/evidence/2026-10-06-native-retention-and-http-backlog-preparation/ci-6e2/dispatch-terminal.closed.json
 create mode 100644 docs/developers/architecture/evidence/2026-10-06-native-retention-and-http-backlog-preparation/ci-6e2/dispatch-terminal.stderr.log
 create mode 100644 docs/developers/architecture/evidence/2026-10-06-native-retention-and-http-backlog-preparation/ci-6e2/dispatch-terminal.stdout.log.gz
 create mode 100644 docs/developers/architecture/evidence/2026-10-06-native-retention-and-http-backlog-preparation/ci-6e2/native-terminal.closed.json
 create mode 100644 docs/developers/architecture/evidence/2026-10-06-native-retention-and-http-backlog-preparation/ci-6e2/native-terminal.stderr.log
 create mode 100644 docs/developers/architecture/evidence/2026-10-06-native-retention-and-http-backlog-preparation/ci-6e2/native-terminal.stdout.log.gz
 create mode 100644 docs/developers/architecture/evidence/2026-10-06-native-retention-and-http-backlog-preparation/ci-6e2/observe-initial.closed.json
 create mode 100644 docs/developers/architecture/evidence/2026-10-06-native-retention-and-http-backlog-preparation/ci-6e2/observe-initial.mjs
 create mode 100644 docs/developers/architecture/evidence/2026-10-06-native-retention-and-http-backlog-preparation/ci-6e2/observe-initial.stderr.log
 create mode 100644 docs/developers/architecture/evidence/2026-10-06-native-retention-and-http-backlog-preparation/ci-6e2/observe-initial.stdout.log
 create mode 100644 docs/developers/architecture/evidence/2026-10-06-native-retention-and-http-backlog-preparation/ci-6e2/observe-progress.closed.json
 create mode 100644 docs/developers/architecture/evidence/2026-10-06-native-retention-and-http-backlog-preparation/ci-6e2/observe-progress.mjs
 create mode 100644 docs/developers/architecture/evidence/2026-10-06-native-retention-and-http-backlog-preparation/ci-6e2/observe-progress.stderr.log
 create mode 100644 docs/developers/architecture/evidence/2026-10-06-native-retention-and-http-backlog-preparation/ci-6e2/observe-progress.stdout.log
 create mode 100644 docs/developers/architecture/evidence/2026-10-06-native-retention-and-http-backlog-preparation/ci-6e2/original-proxy-workflow.closed.json
 create mode 100644 docs/developers/architecture/evidence/2026-10-06-native-retention-and-http-backlog-preparation/ci-6e2/original-proxy-workflow.stderr.log
 create mode 100644 docs/developers/architecture/evidence/2026-10-06-native-retention-and-http-backlog-preparation/ci-6e2/original-proxy-workflow.stdout.log
 create mode 100644 docs/developers/architecture/evidence/2026-10-06-native-retention-and-http-backlog-preparation/ci-6e2/original-workflow-map.json
 create mode 100644 docs/developers/architecture/evidence/2026-10-06-native-retention-and-http-backlog-preparation/ci-6e2/prepare-map.closed.json
 create mode 100644 docs/developers/architecture/evidence/2026-10-06-native-retention-and-http-backlog-preparation/ci-6e2/prepare-map.mjs
 create mode 100644 docs/developers/architecture/evidence/2026-10-06-native-retention-and-http-backlog-preparation/ci-6e2/prepare-map.stderr.log
 create mode 100644 docs/developers/architecture/evidence/2026-10-06-native-retention-and-http-backlog-preparation/ci-6e2/prepare-map.stdout.log
 create mode 100644 docs/developers/architecture/evidence/2026-10-06-native-retention-and-http-backlog-preparation/ci-6e2/prepare-watch-recovery.closed.json
 create mode 100644 docs/developers/architecture/evidence/2026-10-06-native-retention-and-http-backlog-preparation/ci-6e2/prepare-watch-recovery.mjs
 create mode 100644 docs/developers/architecture/evidence/2026-10-06-native-retention-and-http-backlog-preparation/ci-6e2/prepare-watch-recovery.stderr.log
 create mode 100644 docs/developers/architecture/evidence/2026-10-06-native-retention-and-http-backlog-preparation/ci-6e2/prepare-watch-recovery.stdout.log
 create mode 100644 docs/developers/architecture/evidence/2026-10-06-native-retention-and-http-backlog-preparation/ci-6e2/proxy-initial.closed.json
 create mode 100644 docs/developers/architecture/evidence/2026-10-06-native-retention-and-http-backlog-preparation/ci-6e2/proxy-initial.stderr.log
 create mode 100644 docs/developers/architecture/evidence/2026-10-06-native-retention-and-http-backlog-preparation/ci-6e2/proxy-initial.stdout.log
 create mode 100644 docs/developers/architecture/evidence/2026-10-06-native-retention-and-http-backlog-preparation/ci-6e2/proxy-progress-1.closed.json
 create mode 100644 docs/developers/architecture/evidence/2026-10-06-native-retention-and-http-backlog-preparation/ci-6e2/proxy-progress-1.stderr.log
 create mode 100644 docs/developers/architecture/evidence/2026-10-06-native-retention-and-http-backlog-preparation/ci-6e2/proxy-progress-1.stdout.log
 create mode 100644 docs/developers/architecture/evidence/2026-10-06-native-retention-and-http-backlog-preparation/ci-6e2/proxy-terminal.closed.json
 create mode 100644 docs/developers/architecture/evidence/2026-10-06-native-retention-and-http-backlog-preparation/ci-6e2/proxy-terminal.stderr.log
 create mode 100644 docs/developers/architecture/evidence/2026-10-06-native-retention-and-http-backlog-preparation/ci-6e2/proxy-terminal.stdout.log
 create mode 100644 docs/developers/architecture/evidence/2026-10-06-native-retention-and-http-backlog-preparation/ci-6e2/proxy-watch-1.closed.json
 create mode 100644 docs/developers/architecture/evidence/2026-10-06-native-retention-and-http-backlog-preparation/ci-6e2/proxy-watch-1.stderr.log
 create mode 100644 docs/developers/architecture/evidence/2026-10-06-native-retention-and-http-backlog-preparation/ci-6e2/proxy-watch-1.stdout.log
 create mode 100644 docs/developers/architecture/evidence/2026-10-06-native-retention-and-http-backlog-preparation/ci-6e2/proxy-watch-2.closed.json
 create mode 100644 docs/developers/architecture/evidence/2026-10-06-native-retention-and-http-backlog-preparation/ci-6e2/proxy-watch-2.stderr.log
 create mode 100644 docs/developers/architecture/evidence/2026-10-06-native-retention-and-http-backlog-preparation/ci-6e2/proxy-watch-2.stdout.log.gz
 create mode 100644 docs/developers/architecture/evidence/2026-10-06-native-retention-and-http-backlog-preparation/ci-6e2/release-initial.closed.json
 create mode 100644 docs/developers/architecture/evidence/2026-10-06-native-retention-and-http-backlog-preparation/ci-6e2/release-initial.stderr.log
 create mode 100644 docs/developers/architecture/evidence/2026-10-06-native-retention-and-http-backlog-preparation/ci-6e2/release-initial.stdout.log
 create mode 100644 docs/developers/architecture/evidence/2026-10-06-native-retention-and-http-backlog-preparation/ci-6e2/run.mjs
 create mode 100644 docs/developers/architecture/evidence/2026-10-06-native-retention-and-http-backlog-preparation/ci-6e2/seal-terminal.mjs
 create mode 100644 docs/developers/architecture/evidence/2026-10-06-native-retention-and-http-backlog-preparation/ci-6e2/verify-initial.closed.json
 create mode 100644 docs/developers/architecture/evidence/2026-10-06-native-retention-and-http-backlog-preparation/ci-6e2/verify-initial.stderr.log
 create mode 100644 docs/developers/architecture/evidence/2026-10-06-native-retention-and-http-backlog-preparation/ci-6e2/verify-initial.stdout.log
 create mode 100644 docs/developers/architecture/evidence/2026-10-06-native-retention-and-http-backlog-preparation/ci-6e2/watch-proxy-2.mjs
 create mode 100644 docs/developers/architecture/evidence/2026-10-06-native-retention-and-http-backlog-preparation/ci-6e2/watch-proxy.mjs
 create mode 100644 docs/developers/architecture/evidence/2026-10-06-native-retention-and-http-backlog-preparation/ci-6e2/web-initial.closed.json
 create mode 100644 docs/developers/architecture/evidence/2026-10-06-native-retention-and-http-backlog-preparation/ci-6e2/web-initial.stderr.log
 create mode 100644 docs/developers/architecture/evidence/2026-10-06-native-retention-and-http-backlog-preparation/ci-6e2/web-initial.stdout.log
 create mode 100644 docs/developers/architecture/evidence/2026-10-06-native-retention-and-http-backlog-preparation/ci-6e2/web-terminal.closed.json
 create mode 100644 docs/developers/architecture/evidence/2026-10-06-native-retention-and-http-backlog-preparation/ci-6e2/web-terminal.stderr.log
 create mode 100644 docs/developers/architecture/evidence/2026-10-06-native-retention-and-http-backlog-preparation/ci-6e2/web-terminal.stdout.log
 create mode 100644 docs/developers/architecture/evidence/2026-10-06-native-retention-and-http-backlog-preparation/collection.json
 create mode 100644 docs/developers/architecture/evidence/2026-10-06-native-retention-and-http-backlog-preparation/post-collection/README.md
 create mode 100644 docs/developers/architecture/evidence/2026-10-06-native-retention-and-http-backlog-preparation/post-collection/independent-packet-peer/FINAL-retention-backlog-packet-independent-peer.json
 create mode 100644 docs/developers/architecture/evidence/2026-10-06-native-retention-and-http-backlog-preparation/post-collection/independent-packet-peer/STOPWRITE-peer-seal.json
 create mode 100644 docs/developers/architecture/evidence/2026-10-06-native-retention-and-http-backlog-preparation/post-collection/independent-packet-peer/audit-retention-packet-v2.mjs
 create mode 100644 docs/developers/architecture/evidence/2026-10-06-native-retention-and-http-backlog-preparation/post-collection/independent-packet-peer/audit-retention-packet-v3.mjs
 create mode 100644 docs/developers/architecture/evidence/2026-10-06-native-retention-and-http-backlog-preparation/post-collection/independent-packet-peer/audit-retention-packet.mjs
 create mode 100644 docs/developers/architecture/evidence/2026-10-06-native-retention-and-http-backlog-preparation/post-collection/independent-packet-peer/capture-readonly.mjs
 create mode 100644 docs/developers/architecture/evidence/2026-10-06-native-retention-and-http-backlog-preparation/post-collection/independent-packet-peer/final-retention-packet-audit-v2.closed.json
 create mode 100644 docs/developers/architecture/evidence/2026-10-06-native-retention-and-http-backlog-preparation/post-collection/independent-packet-peer/final-retention-packet-audit-v2.stderr.log
 create mode 100644 docs/developers/architecture/evidence/2026-10-06-native-retention-and-http-backlog-preparation/post-collection/independent-packet-peer/final-retention-packet-audit-v2.stdout.log
 create mode 100644 docs/developers/architecture/evidence/2026-10-06-native-retention-and-http-backlog-preparation/post-collection/independent-packet-peer/final-retention-packet-audit-v3.closed.json
 create mode 100644 docs/developers/architecture/evidence/2026-10-06-native-retention-and-http-backlog-preparation/post-collection/independent-packet-peer/final-retention-packet-audit-v3.stderr.log
 create mode 100644 docs/developers/architecture/evidence/2026-10-06-native-retention-and-http-backlog-preparation/post-collection/independent-packet-peer/final-retention-packet-audit-v3.stdout.log
 create mode 100644 docs/developers/architecture/evidence/2026-10-06-native-retention-and-http-backlog-preparation/post-collection/independent-packet-peer/final-retention-packet-audit.closed.json
 create mode 100644 docs/developers/architecture/evidence/2026-10-06-native-retention-and-http-backlog-preparation/post-collection/independent-packet-peer/final-retention-packet-audit.stderr.log
 create mode 100644 docs/developers/architecture/evidence/2026-10-06-native-retention-and-http-backlog-preparation/post-collection/independent-packet-peer/final-retention-packet-audit.stdout.log
 create mode 100644 docs/developers/architecture/evidence/2026-10-06-native-retention-and-http-backlog-preparation/post-collection/independent-packet-peer/read-setup-observation.json
 create mode 100644 docs/developers/architecture/evidence/2026-10-06-native-retention-and-http-backlog-preparation/post-collection/index.json
 create mode 100644 docs/developers/architecture/evidence/2026-10-06-native-retention-and-http-backlog-preparation/post-collection/root/audit-staged-fresh-v2.mjs
 create mode 100644 docs/developers/architecture/evidence/2026-10-06-native-retention-and-http-backlog-preparation/post-collection/root/audit-staged-fresh-v2.result.json
 create mode 100644 docs/developers/architecture/evidence/2026-10-06-native-retention-and-http-backlog-preparation/post-collection/root/audit-staged-fresh-v2.stderr.log
 create mode 100644 docs/developers/architecture/evidence/2026-10-06-native-retention-and-http-backlog-preparation/post-collection/root/audit-staged-fresh-v2.stdout.log
 create mode 100644 docs/developers/architecture/evidence/2026-10-06-native-retention-and-http-backlog-preparation/post-collection/root/audit-staged-fresh-v3.mjs
 create mode 100644 docs/developers/architecture/evidence/2026-10-06-native-retention-and-http-backlog-preparation/post-collection/root/audit-staged-fresh.result.json
 create mode 100644 docs/developers/architecture/evidence/2026-10-06-native-retention-and-http-backlog-preparation/post-collection/root/audit-staged-fresh.stderr.log
 create mode 100644 docs/developers/architecture/evidence/2026-10-06-native-retention-and-http-backlog-preparation/post-collection/root/audit-staged-fresh.stdout.log
 create mode 100644 docs/developers/architecture/evidence/2026-10-06-native-retention-and-http-backlog-preparation/post-collection/root/collect-fresh-evidence.result.json
 create mode 100644 docs/developers/architecture/evidence/2026-10-06-native-retention-and-http-backlog-preparation/post-collection/root/collect-fresh-evidence.stderr.log
 create mode 100644 docs/developers/architecture/evidence/2026-10-06-native-retention-and-http-backlog-preparation/post-collection/root/collect-fresh-evidence.stdout.log
 create mode 100644 docs/developers/architecture/evidence/2026-10-06-native-retention-and-http-backlog-preparation/post-collection/root/configure-evidence.result.json
 create mode 100644 docs/developers/architecture/evidence/2026-10-06-native-retention-and-http-backlog-preparation/post-collection/root/configure-evidence.stderr.log
 create mode 100644 docs/developers/architecture/evidence/2026-10-06-native-retention-and-http-backlog-preparation/post-collection/root/configure-evidence.stdout.log
 create mode 100644 docs/developers/architecture/evidence/2026-10-06-native-retention-and-http-backlog-preparation/post-collection/root/evidence-config.json
 create mode 100644 docs/developers/architecture/evidence/2026-10-06-native-retention-and-http-backlog-preparation/post-collection/root/observed-tool-parse-error.json
 create mode 100644 docs/developers/architecture/evidence/2026-10-06-native-retention-and-http-backlog-preparation/post-collection/root/owned-staged-diff-check.result.json
 create mode 100644 docs/developers/architecture/evidence/2026-10-06-native-retention-and-http-backlog-preparation/post-collection/root/owned-staged-diff-check.stderr.log
 create mode 100644 docs/developers/architecture/evidence/2026-10-06-native-retention-and-http-backlog-preparation/post-collection/root/owned-staged-diff-check.stdout.log
 create mode 100644 docs/developers/architecture/evidence/2026-10-06-native-retention-and-http-backlog-preparation/post-collection/root/save-post-collection-proof.mjs
 create mode 100644 docs/developers/architecture/evidence/2026-10-06-native-retention-and-http-backlog-preparation/post-collection/root/stage-fresh-batch.result.json
 create mode 100644 docs/developers/architecture/evidence/2026-10-06-native-retention-and-http-backlog-preparation/post-collection/root/stage-fresh-batch.stderr.log
 create mode 100644 docs/developers/architecture/evidence/2026-10-06-native-retention-and-http-backlog-preparation/post-collection/root/stage-fresh-batch.stdout.log
 create mode 100644 docs/developers/architecture/evidence/2026-10-06-native-retention-and-http-backlog-preparation/post-collection/root/staged-diff-check.result.json
 create mode 100644 docs/developers/architecture/evidence/2026-10-06-native-retention-and-http-backlog-preparation/post-collection/root/staged-diff-check.stderr.log
 create mode 100644 docs/developers/architecture/evidence/2026-10-06-native-retention-and-http-backlog-preparation/post-collection/root/staged-diff-check.stdout.log
 create mode 100644 docs/developers/architecture/evidence/2026-10-06-native-retention-and-http-backlog-preparation/queued-v1-owner/FINAL-queued-write-candidate-preparation.json
 create mode 100644 docs/developers/architecture/evidence/2026-10-06-native-retention-and-http-backlog-preparation/queued-v1-owner/STOPWRITE.json
 create mode 100644 docs/developers/architecture/evidence/2026-10-06-native-retention-and-http-backlog-preparation/queued-v1-owner/actual-preparation-tool-receipts.json
 create mode 100644 docs/developers/architecture/evidence/2026-10-06-native-retention-and-http-backlog-preparation/queued-v1-owner/build-candidate.mjs
 create mode 100644 docs/developers/architecture/evidence/2026-10-06-native-retention-and-http-backlog-preparation/queued-v1-owner/build-candidate.result.json
 create mode 100644 docs/developers/architecture/evidence/2026-10-06-native-retention-and-http-backlog-preparation/queued-v1-owner/build-candidate.stderr.log
 create mode 100644 docs/developers/architecture/evidence/2026-10-06-native-retention-and-http-backlog-preparation/queued-v1-owner/build-candidate.stdout.log
 create mode 100644 docs/developers/architecture/evidence/2026-10-06-native-retention-and-http-backlog-preparation/queued-v1-owner/candidate-edit-index.json
 create mode 100644 docs/developers/architecture/evidence/2026-10-06-native-retention-and-http-backlog-preparation/queued-v1-owner/candidate-static-protection-proof.json
 create mode 100644 docs/developers/architecture/evidence/2026-10-06-native-retention-and-http-backlog-preparation/queued-v1-owner/freeze-candidate-root.mjs
 create mode 100644 docs/developers/architecture/evidence/2026-10-06-native-retention-and-http-backlog-preparation/queued-v1-owner/node-check-queued-pressure-extension-snippet-mjs.result.json
 create mode 100644 docs/developers/architecture/evidence/2026-10-06-native-retention-and-http-backlog-preparation/queued-v1-owner/node-check-queued-pressure-extension-snippet-mjs.stderr.log
 create mode 100644 docs/developers/architecture/evidence/2026-10-06-native-retention-and-http-backlog-preparation/queued-v1-owner/node-check-queued-pressure-extension-snippet-mjs.stdout.log
 create mode 100644 docs/developers/architecture/evidence/2026-10-06-native-retention-and-http-backlog-preparation/queued-v1-owner/node-check-queued-write-source-mjs.result.json
 create mode 100644 docs/developers/architecture/evidence/2026-10-06-native-retention-and-http-backlog-preparation/queued-v1-owner/node-check-queued-write-source-mjs.stderr.log
 create mode 100644 docs/developers/architecture/evidence/2026-10-06-native-retention-and-http-backlog-preparation/queued-v1-owner/node-check-queued-write-source-mjs.stdout.log
 create mode 100644 docs/developers/architecture/evidence/2026-10-06-native-retention-and-http-backlog-preparation/queued-v1-owner/node-check-run-direct-socket-candidate-mjs.result.json
 create mode 100644 docs/developers/architecture/evidence/2026-10-06-native-retention-and-http-backlog-preparation/queued-v1-owner/node-check-run-direct-socket-candidate-mjs.stderr.log
 create mode 100644 docs/developers/architecture/evidence/2026-10-06-native-retention-and-http-backlog-preparation/queued-v1-owner/node-check-run-direct-socket-candidate-mjs.stdout.log
 create mode 100644 docs/developers/architecture/evidence/2026-10-06-native-retention-and-http-backlog-preparation/queued-v1-owner/protected-inputs/packages__proxy__scripts__staging__wrangler.chat-holder-gateway-v364.jsonc
 create mode 100644 docs/developers/architecture/evidence/2026-10-06-native-retention-and-http-backlog-preparation/queued-v1-owner/protected-inputs/packages__proxy__scripts__staging__wrangler.chat-holder-private-v364.jsonc
 create mode 100644 docs/developers/architecture/evidence/2026-10-06-native-retention-and-http-backlog-preparation/queued-v1-owner/protected-inputs/scripts__diagnostics__v364-direct-socket__native-reader-calibration.mjs
 create mode 100644 docs/developers/architecture/evidence/2026-10-06-native-retention-and-http-backlog-preparation/queued-v1-owner/protected-inputs/scripts__diagnostics__v364-owned-linux-boundary__bare-async-source.mjs
 create mode 100644 docs/developers/architecture/evidence/2026-10-06-native-retention-and-http-backlog-preparation/queued-v1-owner/protected-inputs/scripts__diagnostics__v364-owned-linux-boundary__proc-census.mjs
 create mode 100644 docs/developers/architecture/evidence/2026-10-06-native-retention-and-http-backlog-preparation/queued-v1-owner/protected-inputs/scripts__diagnostics__v364-owned-linux__holder-observer.mjs
 create mode 100644 docs/developers/architecture/evidence/2026-10-06-native-retention-and-http-backlog-preparation/queued-v1-owner/queued-pressure-extension.snippet.mjs
 create mode 100644 docs/developers/architecture/evidence/2026-10-06-native-retention-and-http-backlog-preparation/queued-v1-owner/queued-write-source.mjs
 create mode 100644 docs/developers/architecture/evidence/2026-10-06-native-retention-and-http-backlog-preparation/queued-v1-owner/run-direct-socket.before.mjs
 create mode 100644 docs/developers/architecture/evidence/2026-10-06-native-retention-and-http-backlog-preparation/queued-v1-owner/run-direct-socket.candidate.mjs
 create mode 100644 docs/developers/architecture/evidence/2026-10-06-native-retention-and-http-backlog-preparation/queued-v1-owner/run-owned-prepare-command.mjs
 create mode 100644 docs/developers/architecture/evidence/2026-10-06-native-retention-and-http-backlog-preparation/queued-v1-owner/seal-candidate.mjs
 create mode 100644 docs/developers/architecture/evidence/2026-10-06-native-retention-and-http-backlog-preparation/queued-v1-owner/seal-candidate.result.json
 create mode 100644 docs/developers/architecture/evidence/2026-10-06-native-retention-and-http-backlog-preparation/queued-v1-owner/seal-candidate.stderr.log
 create mode 100644 docs/developers/architecture/evidence/2026-10-06-native-retention-and-http-backlog-preparation/queued-v1-owner/seal-candidate.stdout.log
 create mode 100644 docs/developers/architecture/evidence/2026-10-06-native-retention-and-http-backlog-preparation/queued-v1-owner/verify-candidate.mjs
 create mode 100644 docs/developers/architecture/evidence/2026-10-06-native-retention-and-http-backlog-preparation/queued-v1-owner/verify-candidate.result.json
 create mode 100644 docs/developers/architecture/evidence/2026-10-06-native-retention-and-http-backlog-preparation/queued-v1-owner/verify-candidate.stderr.log
 create mode 100644 docs/developers/architecture/evidence/2026-10-06-native-retention-and-http-backlog-preparation/queued-v1-owner/verify-candidate.stdout.log
 create mode 100644 docs/developers/architecture/evidence/2026-10-06-native-retention-and-http-backlog-preparation/queued-v1-peer/FINAL-queued-write-source-independent-peer.json
 create mode 100644 docs/developers/architecture/evidence/2026-10-06-native-retention-and-http-backlog-preparation/queued-v1-peer/STOPWRITE-peer-seal.json
 create mode 100644 docs/developers/architecture/evidence/2026-10-06-native-retention-and-http-backlog-preparation/queued-v1-peer/audit-source-and-package.mjs
 create mode 100644 docs/developers/architecture/evidence/2026-10-06-native-retention-and-http-backlog-preparation/queued-v1-peer/candidate-edit-index.json.snapshot
 create mode 100644 docs/developers/architecture/evidence/2026-10-06-native-retention-and-http-backlog-preparation/queued-v1-peer/capture-readonly.mjs
 create mode 100644 docs/developers/architecture/evidence/2026-10-06-native-retention-and-http-backlog-preparation/queued-v1-peer/queued-write-source.mjs.snapshot
 create mode 100644 docs/developers/architecture/evidence/2026-10-06-native-retention-and-http-backlog-preparation/queued-v1-peer/read-inputs.json
 create mode 100644 docs/developers/architecture/evidence/2026-10-06-native-retention-and-http-backlog-preparation/queued-v1-peer/run-direct-socket.candidate.mjs.snapshot
 create mode 100644 docs/developers/architecture/evidence/2026-10-06-native-retention-and-http-backlog-preparation/queued-v1-peer/run-direct-socket.original.snapshot.mjs
 create mode 100644 docs/developers/architecture/evidence/2026-10-06-native-retention-and-http-backlog-preparation/queued-v1-peer/seal-peer.mjs
 create mode 100644 docs/developers/architecture/evidence/2026-10-06-native-retention-and-http-backlog-preparation/queued-v1-peer/source-package-review.closed.json
 create mode 100644 docs/developers/architecture/evidence/2026-10-06-native-retention-and-http-backlog-preparation/queued-v1-peer/source-package-review.stderr.log
 create mode 100644 docs/developers/architecture/evidence/2026-10-06-native-retention-and-http-backlog-preparation/queued-v1-peer/source-package-review.stdout.log
 create mode 100644 docs/developers/architecture/evidence/2026-10-06-native-retention-and-http-backlog-preparation/queued-v2-owner/FINAL-queued-write-v2-timestamp-candidate.json
 create mode 100644 docs/developers/architecture/evidence/2026-10-06-native-retention-and-http-backlog-preparation/queued-v2-owner/STOPWRITE.json
 create mode 100644 docs/developers/architecture/evidence/2026-10-06-native-retention-and-http-backlog-preparation/queued-v2-owner/actual-preparation-tool-receipts.json
 create mode 100644 docs/developers/architecture/evidence/2026-10-06-native-retention-and-http-backlog-preparation/queued-v2-owner/freeze-v2-root.mjs
 create mode 100644 docs/developers/architecture/evidence/2026-10-06-native-retention-and-http-backlog-preparation/queued-v2-owner/node-check.result.json
 create mode 100644 docs/developers/architecture/evidence/2026-10-06-native-retention-and-http-backlog-preparation/queued-v2-owner/node-check.stderr.log
 create mode 100644 docs/developers/architecture/evidence/2026-10-06-native-retention-and-http-backlog-preparation/queued-v2-owner/node-check.stdout.log
 create mode 100644 docs/developers/architecture/evidence/2026-10-06-native-retention-and-http-backlog-preparation/queued-v2-owner/prepare-v2.mjs
 create mode 100644 docs/developers/architecture/evidence/2026-10-06-native-retention-and-http-backlog-preparation/queued-v2-owner/prepare-v2.result.json
 create mode 100644 docs/developers/architecture/evidence/2026-10-06-native-retention-and-http-backlog-preparation/queued-v2-owner/prepare-v2.stderr.log
 create mode 100644 docs/developers/architecture/evidence/2026-10-06-native-retention-and-http-backlog-preparation/queued-v2-owner/prepare-v2.stdout.log
 create mode 100644 docs/developers/architecture/evidence/2026-10-06-native-retention-and-http-backlog-preparation/queued-v2-owner/prepare-v2b.mjs
 create mode 100644 docs/developers/architecture/evidence/2026-10-06-native-retention-and-http-backlog-preparation/queued-v2-owner/prepare-v2b.result.json
 create mode 100644 docs/developers/architecture/evidence/2026-10-06-native-retention-and-http-backlog-preparation/queued-v2-owner/prepare-v2b.stderr.log
 create mode 100644 docs/developers/architecture/evidence/2026-10-06-native-retention-and-http-backlog-preparation/queued-v2-owner/prepare-v2b.stdout.log
 create mode 100644 docs/developers/architecture/evidence/2026-10-06-native-retention-and-http-backlog-preparation/queued-v2-owner/run-direct-socket.candidate-v2.mjs
 create mode 100644 docs/developers/architecture/evidence/2026-10-06-native-retention-and-http-backlog-preparation/queued-v2-owner/run-owned-command-v2b.mjs
 create mode 100644 docs/developers/architecture/evidence/2026-10-06-native-retention-and-http-backlog-preparation/queued-v2-owner/run-owned-command.mjs
 create mode 100644 docs/developers/architecture/evidence/2026-10-06-native-retention-and-http-backlog-preparation/queued-v2-peer/FINAL-queued-v2-local-independent-peer.json
 create mode 100644 docs/developers/architecture/evidence/2026-10-06-native-retention-and-http-backlog-preparation/queued-v2-peer/STOPWRITE-peer-seal.json
 create mode 100644 docs/developers/architecture/evidence/2026-10-06-native-retention-and-http-backlog-preparation/queued-v2-peer/audit-v2-delta.mjs
 create mode 100644 docs/developers/architecture/evidence/2026-10-06-native-retention-and-http-backlog-preparation/queued-v2-peer/capture-readonly.mjs
 create mode 100644 docs/developers/architecture/evidence/2026-10-06-native-retention-and-http-backlog-preparation/queued-v2-peer/reviewed-v2-source.snapshot.mjs
 create mode 100644 docs/developers/architecture/evidence/2026-10-06-native-retention-and-http-backlog-preparation/queued-v2-peer/source-coordinate-check.json
 create mode 100644 docs/developers/architecture/evidence/2026-10-06-native-retention-and-http-backlog-preparation/queued-v2-peer/v2-local-review.closed.json
 create mode 100644 docs/developers/architecture/evidence/2026-10-06-native-retention-and-http-backlog-preparation/queued-v2-peer/v2-local-review.stderr.log
 create mode 100644 docs/developers/architecture/evidence/2026-10-06-native-retention-and-http-backlog-preparation/queued-v2-peer/v2-local-review.stdout.log
 create mode 100644 docs/developers/architecture/evidence/2026-10-06-native-retention-and-http-backlog-preparation/retention-owner/FINAL-retention-seven-time-input-candidate.json
 create mode 100644 docs/developers/architecture/evidence/2026-10-06-native-retention-and-http-backlog-preparation/retention-owner/STOPWRITE.json
 create mode 100644 docs/developers/architecture/evidence/2026-10-06-native-retention-and-http-backlog-preparation/retention-owner/baseline-git.closed.json
 create mode 100644 docs/developers/architecture/evidence/2026-10-06-native-retention-and-http-backlog-preparation/retention-owner/baseline-git.stderr.log
 create mode 100644 docs/developers/architecture/evidence/2026-10-06-native-retention-and-http-backlog-preparation/retention-owner/baseline-git.stdout.log
 create mode 100644 docs/developers/architecture/evidence/2026-10-06-native-retention-and-http-backlog-preparation/retention-owner/candidate-retention-time-text.native.test.mjs
 create mode 100644 docs/developers/architecture/evidence/2026-10-06-native-retention-and-http-backlog-preparation/retention-owner/candidate-writer.closed.json
 create mode 100644 docs/developers/architecture/evidence/2026-10-06-native-retention-and-http-backlog-preparation/retention-owner/candidate-writer.stderr.log
 create mode 100644 docs/developers/architecture/evidence/2026-10-06-native-retention-and-http-backlog-preparation/retention-owner/candidate-writer.stdout.log
 create mode 100644 docs/developers/architecture/evidence/2026-10-06-native-retention-and-http-backlog-preparation/retention-owner/original-failure-group-derived-byte-excerpt.txt
 create mode 100644 docs/developers/architecture/evidence/2026-10-06-native-retention-and-http-backlog-preparation/retention-owner/prepare-seven-time-input-candidate.mjs
 create mode 100644 docs/developers/architecture/evidence/2026-10-06-native-retention-and-http-backlog-preparation/retention-owner/run-candidate-close-and-seal.mjs
 create mode 100644 docs/developers/architecture/evidence/2026-10-06-native-retention-and-http-backlog-preparation/retention-owner/source-original-6e2.snapshot.txt
 create mode 100644 docs/developers/architecture/evidence/2026-10-06-native-retention-and-http-backlog-preparation/retention-peer/FINAL-independent-retention-review.json
 create mode 100644 docs/developers/architecture/evidence/2026-10-06-native-retention-and-http-backlog-preparation/retention-peer/STOPWRITE-seal.json
 create mode 100644 docs/developers/architecture/evidence/2026-10-06-native-retention-and-http-backlog-preparation/retention-peer/candidate-review.native.test.mjs
 create mode 100644 docs/developers/architecture/evidence/2026-10-06-native-retention-and-http-backlog-preparation/retention-peer/independent-audit-v2.closed.json
 create mode 100644 docs/developers/architecture/evidence/2026-10-06-native-retention-and-http-backlog-preparation/retention-peer/independent-audit-v2.stderr.log
 create mode 100644 docs/developers/architecture/evidence/2026-10-06-native-retention-and-http-backlog-preparation/retention-peer/independent-audit-v2.stdout.log
 create mode 100644 docs/developers/architecture/evidence/2026-10-06-native-retention-and-http-backlog-preparation/retention-peer/independent-audit.closed.json
 create mode 100644 docs/developers/architecture/evidence/2026-10-06-native-retention-and-http-backlog-preparation/retention-peer/independent-audit.stderr.log
 create mode 100644 docs/developers/architecture/evidence/2026-10-06-native-retention-and-http-backlog-preparation/retention-peer/independent-audit.stdout.log
 create mode 100644 docs/developers/architecture/evidence/2026-10-06-native-retention-and-http-backlog-preparation/retention-peer/independent-review-v2.mjs
 create mode 100644 docs/developers/architecture/evidence/2026-10-06-native-retention-and-http-backlog-preparation/retention-peer/independent-review.mjs
 create mode 100644 docs/developers/architecture/evidence/2026-10-06-native-retention-and-http-backlog-preparation/retention-peer/node-check.closed.json
 create mode 100644 docs/developers/architecture/evidence/2026-10-06-native-retention-and-http-backlog-preparation/retention-peer/node-check.stderr.log
 create mode 100644 docs/developers/architecture/evidence/2026-10-06-native-retention-and-http-backlog-preparation/retention-peer/node-check.stdout.log
 create mode 100644 docs/developers/architecture/evidence/2026-10-06-native-retention-and-http-backlog-preparation/retention-peer/source-before.snapshot.txt
 create mode 100644 docs/developers/architecture/evidence/2026-10-06-native-retention-and-http-backlog-preparation/root/applied-source-pins.json
 create mode 100644 docs/developers/architecture/evidence/2026-10-06-native-retention-and-http-backlog-preparation/root/apply-prepared-candidates.mjs
 create mode 100644 docs/developers/architecture/evidence/2026-10-06-native-retention-and-http-backlog-preparation/root/apply-prepared-candidates.result.json
 create mode 100644 docs/developers/architecture/evidence/2026-10-06-native-retention-and-http-backlog-preparation/root/apply-prepared-candidates.stderr.log
 create mode 100644 docs/developers/architecture/evidence/2026-10-06-native-retention-and-http-backlog-preparation/root/apply-prepared-candidates.stdout.log
 create mode 100644 docs/developers/architecture/evidence/2026-10-06-native-retention-and-http-backlog-preparation/root/audit-staged-fresh.mjs
 create mode 100644 docs/developers/architecture/evidence/2026-10-06-native-retention-and-http-backlog-preparation/root/checklist-before.md.gz
 create mode 100644 docs/developers/architecture/evidence/2026-10-06-native-retention-and-http-backlog-preparation/root/collect-fresh-evidence.mjs
 create mode 100644 docs/developers/architecture/evidence/2026-10-06-native-retention-and-http-backlog-preparation/root/configure-evidence.mjs
 create mode 100644 docs/developers/architecture/evidence/2026-10-06-native-retention-and-http-backlog-preparation/root/current-head.result.json
 create mode 100644 docs/developers/architecture/evidence/2026-10-06-native-retention-and-http-backlog-preparation/root/current-head.stderr.log
 create mode 100644 docs/developers/architecture/evidence/2026-10-06-native-retention-and-http-backlog-preparation/root/current-head.stdout.log
 create mode 100644 docs/developers/architecture/evidence/2026-10-06-native-retention-and-http-backlog-preparation/root/guard-live-cutover.mjs
 create mode 100644 docs/developers/architecture/evidence/2026-10-06-native-retention-and-http-backlog-preparation/root/guard-web-current.deployment-guard.json
 create mode 100644 docs/developers/architecture/evidence/2026-10-06-native-retention-and-http-backlog-preparation/root/guard-web-current.result.json
 create mode 100644 docs/developers/architecture/evidence/2026-10-06-native-retention-and-http-backlog-preparation/root/guard-web-current.stderr.log
 create mode 100644 docs/developers/architecture/evidence/2026-10-06-native-retention-and-http-backlog-preparation/root/guard-web-current.stdout.log
 create mode 100644 docs/developers/architecture/evidence/2026-10-06-native-retention-and-http-backlog-preparation/root/integrate-v2-package.mjs
 create mode 100644 docs/developers/architecture/evidence/2026-10-06-native-retention-and-http-backlog-preparation/root/integrate-v2-package.result.json
 create mode 100644 docs/developers/architecture/evidence/2026-10-06-native-retention-and-http-backlog-preparation/root/integrate-v2-package.stderr.log
 create mode 100644 docs/developers/architecture/evidence/2026-10-06-native-retention-and-http-backlog-preparation/root/integrate-v2-package.stdout.log
 create mode 100644 docs/developers/architecture/evidence/2026-10-06-native-retention-and-http-backlog-preparation/root/normalize-package-candidate.mjs
 create mode 100644 docs/developers/architecture/evidence/2026-10-06-native-retention-and-http-backlog-preparation/root/normalize-package-candidate.result.json
 create mode 100644 docs/developers/architecture/evidence/2026-10-06-native-retention-and-http-backlog-preparation/root/normalize-package-candidate.stderr.log
 create mode 100644 docs/developers/architecture/evidence/2026-10-06-native-retention-and-http-backlog-preparation/root/normalize-package-candidate.stdout.log
 create mode 100644 docs/developers/architecture/evidence/2026-10-06-native-retention-and-http-backlog-preparation/root/package-byte-attributes.result.json
 create mode 100644 docs/developers/architecture/evidence/2026-10-06-native-retention-and-http-backlog-preparation/root/package-byte-attributes.stderr.log
 create mode 100644 docs/developers/architecture/evidence/2026-10-06-native-retention-and-http-backlog-preparation/root/package-byte-attributes.stdout.log
 create mode 100644 docs/developers/architecture/evidence/2026-10-06-native-retention-and-http-backlog-preparation/root/package-candidate-v2-lf/README.md
 create mode 100644 docs/developers/architecture/evidence/2026-10-06-native-retention-and-http-backlog-preparation/root/package-candidate-v2-lf/queued-write-source.mjs
 create mode 100644 docs/developers/architecture/evidence/2026-10-06-native-retention-and-http-backlog-preparation/root/package-candidate-v2-lf/run-direct-socket.mjs
 create mode 100644 docs/developers/architecture/evidence/2026-10-06-native-retention-and-http-backlog-preparation/root/package-candidate-v2-lf/sealed-package.json
 create mode 100644 docs/developers/architecture/evidence/2026-10-06-native-retention-and-http-backlog-preparation/root/package-candidate/README.md
 create mode 100644 docs/developers/architecture/evidence/2026-10-06-native-retention-and-http-backlog-preparation/root/package-candidate/sealed-package.json
 create mode 100644 docs/developers/architecture/evidence/2026-10-06-native-retention-and-http-backlog-preparation/root/prepare-diagnostic-bundles.result.json
 create mode 100644 docs/developers/architecture/evidence/2026-10-06-native-retention-and-http-backlog-preparation/root/prepare-diagnostic-bundles.stderr.log
 create mode 100644 docs/developers/architecture/evidence/2026-10-06-native-retention-and-http-backlog-preparation/root/prepare-diagnostic-bundles.stdout.log
 create mode 100644 docs/developers/architecture/evidence/2026-10-06-native-retention-and-http-backlog-preparation/root/prepare-package-integration.mjs
 create mode 100644 docs/developers/architecture/evidence/2026-10-06-native-retention-and-http-backlog-preparation/root/prepare-package-integration.result.json
 create mode 100644 docs/developers/architecture/evidence/2026-10-06-native-retention-and-http-backlog-preparation/root/prepare-package-integration.stderr.log
 create mode 100644 docs/developers/architecture/evidence/2026-10-06-native-retention-and-http-backlog-preparation/root/prepare-package-integration.stdout.log
 create mode 100644 docs/developers/architecture/evidence/2026-10-06-native-retention-and-http-backlog-preparation/root/prepared-bundles/prepare-only.json
 create mode 100644 docs/developers/architecture/evidence/2026-10-06-native-retention-and-http-backlog-preparation/root/retention-syntax.result.json
 create mode 100644 docs/developers/architecture/evidence/2026-10-06-native-retention-and-http-backlog-preparation/root/retention-syntax.stderr.log
 create mode 100644 docs/developers/architecture/evidence/2026-10-06-native-retention-and-http-backlog-preparation/root/retention-syntax.stdout.log
 create mode 100644 docs/developers/architecture/evidence/2026-10-06-native-retention-and-http-backlog-preparation/root/run-closed-compact.mjs
 create mode 100644 docs/developers/architecture/evidence/2026-10-06-native-retention-and-http-backlog-preparation/root/source-diff-check.result.json
 create mode 100644 docs/developers/architecture/evidence/2026-10-06-native-retention-and-http-backlog-preparation/root/source-diff-check.stderr.log
 create mode 100644 docs/developers/architecture/evidence/2026-10-06-native-retention-and-http-backlog-preparation/root/source-diff-check.stdout.log
 create mode 100644 docs/developers/architecture/evidence/2026-10-06-native-retention-and-http-backlog-preparation/root/sources-before/README.md
 create mode 100644 docs/developers/architecture/evidence/2026-10-06-native-retention-and-http-backlog-preparation/root/sources-before/retention.before.native.test.mjs
 create mode 100644 docs/developers/architecture/evidence/2026-10-06-native-retention-and-http-backlog-preparation/root/sources-before/run-direct-socket.mjs
 create mode 100644 docs/developers/architecture/evidence/2026-10-06-native-retention-and-http-backlog-preparation/root/sources-before/sealed-package.json
 create mode 100644 docs/developers/architecture/evidence/2026-10-06-native-retention-and-http-backlog-preparation/root/update-checklist-retention.mjs
 create mode 100644 docs/developers/architecture/evidence/2026-10-06-native-retention-and-http-backlog-preparation/root/update-checklist-retention.result.json
 create mode 100644 docs/developers/architecture/evidence/2026-10-06-native-retention-and-http-backlog-preparation/root/update-checklist-retention.stderr.log
 create mode 100644 docs/developers/architecture/evidence/2026-10-06-native-retention-and-http-backlog-preparation/root/update-checklist-retention.stdout.log
 create mode 100644 scripts/diagnostics/v364-direct-socket/queued-write-source.mjs
