[main 67f8b3df] test: execute isolated Web platform and cancellation boundary checks
 19 files changed, 3453 insertions(+)
 create mode 100644 .github/workflows/v364-owned-linux-boundary.yml
 create mode 100644 .github/workflows/web-platform-g7.yml
 create mode 100644 scripts/diagnostics/v364-owned-linux-boundary/README.md
 create mode 100644 scripts/diagnostics/v364-owned-linux-boundary/bare-async-source.mjs
 create mode 100644 scripts/diagnostics/v364-owned-linux-boundary/direct-holder.mjs
 create mode 100644 scripts/diagnostics/v364-owned-linux-boundary/execute-owned-linux.py
 create mode 100644 scripts/diagnostics/v364-owned-linux-boundary/proc-census.mjs
 create mode 100644 scripts/diagnostics/v364-owned-linux-boundary/run-boundary.mjs
 create mode 100644 scripts/diagnostics/v364-owned-linux-boundary/sealed-package.json
 create mode 100644 scripts/diagnostics/v364-owned-linux-boundary/source-inputs.json
 create mode 100644 scripts/verification/web-platform-g7/README.md
 create mode 100644 scripts/verification/web-platform-g7/admission.mjs
 create mode 100644 scripts/verification/web-platform-g7/admission.test.mjs
 create mode 100644 scripts/verification/web-platform-g7/cleanup-owned-linux.mjs
 create mode 100644 scripts/verification/web-platform-g7/database.mjs
 create mode 100644 scripts/verification/web-platform-g7/fixture.test.mjs
 create mode 100644 scripts/verification/web-platform-g7/ingress.conf
 create mode 100644 scripts/verification/web-platform-g7/run-owned-linux.mjs
 create mode 100644 scripts/verification/web-platform-g7/wire.mjs
