{
  "schema": "cinatoken.native26-ci-independent-peer.command.v1",
  "at": "2026-10-06T04:21:36.386Z",
  "finishedAt": "2026-10-06T04:21:45.527Z",
  "executable": "C:/Program Files/GitHub CLI/gh.exe",
  "args": [
    "run",
    "view",
    "37412060008",
    "--repo",
    "cinagroup/cinatoken",
    "--job",
    "112102451588",
    "--log"
  ],
  "cwd": "C:/cinagroup/cinatoken",
  "actualExit": 0,
  "signal": null,
  "spawnError": null,
  "stdout": "C:\\Users\\cina\\AppData\\Local\\Temp\\cinatoken-native26-ci-terminal-independent-peer-cc2708922c0e4f64a9cca948194a20d9\\native-terminal.stdout.log",
  "stderr": "C:\\Users\\cina\\AppData\\Local\\Temp\\cinatoken-native26-ci-terminal-independent-peer-cc2708922c0e4f64a9cca948194a20d9\\native-terminal.stderr.log",
  "stdoutInfo": {
    "bytes": 556674,
    "sha256": "c78e11593edf9b694d5a490647fd37f4863aa44f22be14d367e592975dbb8d28"
  },
  "stderrInfo": {
    "bytes": 0,
    "sha256": "e3b0c44298fc1c149afbf4c8996fb92427ae41e4649b934ca495991b7852b855"
  }
}
