diff --git a/scripts/db/cutover/postgres-shared-key-guardrail-post-reservation-denial-v348.native.test.mjs b/scripts/db/cutover/postgres-shared-key-guardrail-post-reservation-denial-v348.native.test.mjs
index 64b2c914..359689d1 100644
--- a/scripts/db/cutover/postgres-shared-key-guardrail-post-reservation-denial-v348.native.test.mjs
+++ b/scripts/db/cutover/postgres-shared-key-guardrail-post-reservation-denial-v348.native.test.mjs
@@ -1,7 +1,7 @@
 // Review-only native proof: v2 event producer moves to a distinct buyer LOGIN.
 import assert from 'node:assert/strict';
 import { createHash, randomBytes, randomUUID } from 'node:crypto';
-import { readFile, readdir, writeFile } from 'node:fs/promises';
+import { readFile, writeFile } from 'node:fs/promises';
 import { dirname, join } from 'node:path';
 import test from 'node:test';
 import postgres from 'postgres';
@@ -17,7 +17,7 @@ import { EMPTY_USAGE } from '../../../packages/proxy/src/services/proxy.ts';
 import { handleChatCompletion } from '../../../packages/proxy/src/routes/v1/chat.ts';
 import { createPostgresSharedKeyEconomicProducer } from '../../../packages/proxy/src/services/shared-key-quote-attempt.ts';
 import { drainNodeBackgroundWork } from '../../../packages/proxy/src/runtime/schedule-background-work.ts';
-import { grantPostgresRuntime } from './grant-postgres-runtime.ts';
+import { grantPg73RuntimeFixture, listPg73Migrations } from './pg73-native-fixture.mjs';
 
 const gateway = 'cinatoken_gateway';
 const quotes = 'cinatoken_economic_quotes';
@@ -159,7 +159,7 @@ test('post-reservation Guardrail denial closes only a proven pre-send released b
       clients.push(migrator, runtime, buyer, quoteProducer);
       await migrator.unsafe(`CREATE TABLE ${gateway}.schema_migrations
         (version text PRIMARY KEY, applied_at timestamptz NOT NULL DEFAULT now())`);
-      const names = (await readdir(migrations)).filter(name => name.endsWith('.sql')).sort();
+      const names = await listPg73Migrations();
       assert.equal(names.length, 73);
       const corpus = [];
       for (const name of names) {
@@ -179,7 +179,7 @@ test('post-reservation Guardrail denial closes only a proven pre-send released b
       report.sourceSha256.fixture = digest(await readFile(new URL(import.meta.url)));
       const migratorUrl = `postgres://cinatoken_gateway_migrator:${migratorPassword}`
         + `@127.0.0.1:${cluster.port}/postgres`;
-      await grantPostgresRuntime({ DATABASE_URL: migratorUrl });
+      await grantPg73RuntimeFixture({ cluster, migrator, migratorUrl });
       stage('formal-pg73-and-current-runtime-grant-installed');
 
       for (const [name, activation, value] of proposals) {
@@ -807,7 +807,7 @@ test('post-reservation Guardrail denial closes only a proven pre-send released b
         logs: 0, events: 0, attempts: 0, receipt_spent: null });
       stage('runtime-forged-log-rolls-back-and-cannot-create-private-v2-event');
 
-      await grantPostgresRuntime({ DATABASE_URL: migratorUrl });
+      await grantPg73RuntimeFixture({ cluster, migrator, migratorUrl });
       const [rerun] = await migrator.unsafe(`SELECT
         pg_catalog.has_column_privilege('cinatoken_gateway_runtime',
           '${gateway}.users','budget_spent','UPDATE') AS runtime_spend_update,
