node:internal/modules/run_main:107
    triggerUncaughtException(
    ^

AssertionError [ERR_ASSERTION]: Successful FS read actual bytes C:\cinagroup\cinatoken\scripts\db\cutover\postgres-replay-reservations-backend-lifecycle-successor.native.test.mjs
+ actual - expected
... Skipped lines

+ Buffer(42822) [Uint8Array] [
- Buffer(42663) [Uint8Array] [
    47,
    47,
    32,
    83,
    117,
...
    47,
+   102,
+   105,
+   120,
+   116,
+   117,
+   114,
+   101,
+   115,
+   47,
+   104,
+   105,
+   115,
+   116,
+   111,
+   114,
+   105,
+   99,
+   97,
+   108,
+   45,
+   110,
+   97,
+   116,
+   105,
+   118,
+   101,
+   47,
    112,
    111,
    115,
    116,
    103,
...
    115,
+   46,
+   116,
+   120,
+   116,
    39,
    44,
    32,
    105,
    109,
...
    116,
+   58,
+   32,
+   39,
+   115,
+   99,
+   114,
+   105,
+   112,
+   116,
+   115,
+   47,
+   100,
+   98,
+   47,
+   99,
+   117,
+   116,
+   111,
+   118,
+   101,
+   114,
+   47,
+   102,
+   105,
+   120,
+   116,
+   117,
+   114,
+   101,
+   115,
+   47,
+   104,
+   105,
+   115,
+   116,
+   111,
+   114,
+   105,
+   99,
+   97,
+   108,
+   45,
+   110,
+   97,
+   116,
+   105,
+   118,
+   101,
+   47,
+   112,
+   111,
+   115,
+   116,
+   103,
+   114,
+   101,
+   115,
+   45,
+   114,
+   101,
+   112,
+   108,
+   97,
+   121,
+   45,
+   114,
+   101,
+   115,
+   101,
+   114,
+   118,
+   97,
+   116,
+   105,
+   111,
+   110,
+   115,
+   46,
+   110,
+   97,
+   116,
+   105,
+   118,
+   101,
+   46,
+   116,
+   101,
+   115,
+   116,
+   46,
+   109,
+   106,
+   115,
+   46,
+   116,
+   120,
+   116,
+   39,
+   44,
+   10,
+   32,
+   32,
+   32,
+   32,
+   32,
+   32,
+   32,
+   32,
+   104,
+   105,
+   115,
+   116,
+   111,
+   114,
+   105,
+   99,
+   97,
+   108,
+   78,
+   97,
+   116,
+   105,
+   118,
+   101,
+   84,
+   101,
+   115,
+   116,
    83,
    104,
    97,
    50,
    53,

    at file:///C:/Users/cina/AppData/Local/Temp/cinatoken-native-frozen94-109-independent-peer-a824c8ed062348199c5027f7df556278/audit-four.mjs:13:522
    at Array.map (<anonymous>)
    at file:///C:/Users/cina/AppData/Local/Temp/cinatoken-native-frozen94-109-independent-peer-a824c8ed062348199c5027f7df556278/audit-four.mjs:13:34
    at ModuleJob.run (node:internal/modules/esm/module_job:430:25)
    at async onImport.tracePromise.__proto__ (node:internal/modules/esm/loader:661:26)
    at async asyncRunEntryPointWithESMLoader (node:internal/modules/run_main:101:5) {
  generatedMessage: false,
  code: 'ERR_ASSERTION',
  actual: Buffer(42822) [Uint8Array] [
     47,  47,  32,  83, 117,  99,  99, 101, 115, 115, 111, 114,
     32, 112, 114, 101, 115, 101, 114, 118, 101, 115,  32, 116,
    104, 101,  32, 104, 105, 115, 116, 111, 114, 105,  99,  97,
    108,  32, 114, 101, 112, 108,  97, 121,  32, 102, 105, 120,
    116, 117, 114, 101,  32,  97, 110, 100,  32, 105, 116, 115,
     32,  83,  81,  76,  47,  65,  67,  76,  32,  97, 115, 115,
    101, 114, 116, 105, 111, 110, 115,  46,  10,  47,  47,  32,
     79, 110, 108, 121,  32, 116, 104, 101,  32, 100, 101, 108,
    105,  98, 101, 114,
    ... 42722 more items
  ],
  expected: Buffer(42663) [Uint8Array] [
     47,  47,  32,  83, 117,  99,  99, 101, 115, 115, 111, 114,
     32, 112, 114, 101, 115, 101, 114, 118, 101, 115,  32, 116,
    104, 101,  32, 104, 105, 115, 116, 111, 114, 105,  99,  97,
    108,  32, 114, 101, 112, 108,  97, 121,  32, 102, 105, 120,
    116, 117, 114, 101,  32,  97, 110, 100,  32, 105, 116, 115,
     32,  83,  81,  76,  47,  65,  67,  76,  32,  97, 115, 115,
    101, 114, 116, 105, 111, 110, 115,  46,  10,  47,  47,  32,
     79, 110, 108, 121,  32, 116, 104, 101,  32, 100, 101, 108,
    105,  98, 101, 114,
    ... 42563 more items
  ],
  operator: 'deepStrictEqual',
  diff: 'simple'
}

Node.js v24.14.1
