dc7be6f8597333151c450bae3ae15e6585e3b2eb:.github/workflows/proxy-dispatch-safety.yml
dc7be6f8597333151c450bae3ae15e6585e3b2eb:.nvmrc
dc7be6f8597333151c450bae3ae15e6585e3b2eb:package-lock.json
dc7be6f8597333151c450bae3ae15e6585e3b2eb:package.json
dc7be6f8597333151c450bae3ae15e6585e3b2eb:packages/admin/lib/shared-key-signed-stats-reader.ts
dc7be6f8597333151c450bae3ae15e6585e3b2eb:packages/core/migrations-postgres/0001_baseline.sql
dc7be6f8597333151c450bae3ae15e6585e3b2eb:packages/core/migrations-postgres/0002_seed.sql
dc7be6f8597333151c450bae3ae15e6585e3b2eb:packages/core/migrations-postgres/0003_model_modalities_released.sql
dc7be6f8597333151c450bae3ae15e6585e3b2eb:packages/core/migrations-postgres/0004_provider_api_keys.sql
dc7be6f8597333151c450bae3ae15e6585e3b2eb:packages/core/migrations-postgres/0005_drop_providers_api_key.sql
dc7be6f8597333151c450bae3ae15e6585e3b2eb:packages/core/migrations-postgres/0006_upstream_trace_ids.sql
dc7be6f8597333151c450bae3ae15e6585e3b2eb:packages/core/migrations-postgres/0007_key_limits_and_sticky_config.sql
dc7be6f8597333151c450bae3ae15e6585e3b2eb:packages/core/migrations-postgres/0008_request_timing_metrics.sql
dc7be6f8597333151c450bae3ae15e6585e3b2eb:packages/core/migrations-postgres/0009_first_reasoning_token_ms.sql
dc7be6f8597333151c450bae3ae15e6585e3b2eb:packages/core/migrations-postgres/0010_models_max_tokens_nullable.sql
dc7be6f8597333151c450bae3ae15e6585e3b2eb:packages/core/migrations-postgres/0011_provider_endpoints.sql
dc7be6f8597333151c450bae3ae15e6585e3b2eb:packages/core/migrations-postgres/0012_drop_provider_base_url_columns.sql
dc7be6f8597333151c450bae3ae15e6585e3b2eb:packages/core/migrations-postgres/0013_request_log_image_billing.sql
dc7be6f8597333151c450bae3ae15e6585e3b2eb:packages/core/migrations-postgres/0014_request_log_audio_billing.sql
dc7be6f8597333151c450bae3ae15e6585e3b2eb:packages/core/migrations-postgres/0015_single_provider_key.sql
dc7be6f8597333151c450bae3ae15e6585e3b2eb:packages/core/migrations-postgres/0016_route_surfaces_pools.sql
dc7be6f8597333151c450bae3ae15e6585e3b2eb:packages/core/migrations-postgres/0017_gemini_models_generate.sql
dc7be6f8597333151c450bae3ae15e6585e3b2eb:packages/core/migrations-postgres/0018_route_pool_tier_strategies.sql
dc7be6f8597333151c450bae3ae15e6585e3b2eb:packages/core/migrations-postgres/0019_route_strategy_canonical_ids.sql
dc7be6f8597333151c450bae3ae15e6585e3b2eb:packages/core/migrations-postgres/0020_route_pool_sticky_routing.sql
dc7be6f8597333151c450bae3ae15e6585e3b2eb:packages/core/migrations-postgres/0021_route_strategy_display_ids.sql
dc7be6f8597333151c450bae3ae15e6585e3b2eb:packages/core/migrations-postgres/0022_request_log_audio_characters.sql
dc7be6f8597333151c450bae3ae15e6585e3b2eb:packages/core/migrations-postgres/0023_admin_access_identity.sql
dc7be6f8597333151c450bae3ae15e6585e3b2eb:packages/core/migrations-postgres/0024_drop_legacy_master_key_config.sql
dc7be6f8597333151c450bae3ae15e6585e3b2eb:packages/core/migrations-postgres/0025_user_audit_actor_index.sql
dc7be6f8597333151c450bae3ae15e6585e3b2eb:packages/core/migrations-postgres/0026_user_charged_cost_factors.sql
dc7be6f8597333151c450bae3ae15e6585e3b2eb:packages/core/migrations-postgres/0027_user_portal_shared_keys.sql
dc7be6f8597333151c450bae3ae15e6585e3b2eb:packages/core/migrations-postgres/0028_portal_marketplace_config.sql
dc7be6f8597333151c450bae3ae15e6585e3b2eb:packages/core/migrations-postgres/0029_portal_integer_ledger.sql
dc7be6f8597333151c450bae3ae15e6585e3b2eb:packages/core/migrations-postgres/0030_chain_job_transactions.sql
dc7be6f8597333151c450bae3ae15e6585e3b2eb:packages/core/migrations-postgres/0031_ledger_integrity_guards.sql
dc7be6f8597333151c450bae3ae15e6585e3b2eb:packages/core/migrations-postgres/0032_key_hash_lookup.sql
dc7be6f8597333151c450bae3ae15e6585e3b2eb:packages/core/migrations-postgres/0033_gateway_key_secret_removal.sql
dc7be6f8597333151c450bae3ae15e6585e3b2eb:packages/core/migrations-postgres/0034_public_model_daily_stats.sql
dc7be6f8597333151c450bae3ae15e6585e3b2eb:packages/core/migrations-postgres/0035_request_presets.sql
dc7be6f8597333151c450bae3ae15e6585e3b2eb:packages/core/migrations-postgres/0036_guardrails.sql
dc7be6f8597333151c450bae3ae15e6585e3b2eb:packages/core/migrations-postgres/0037_route_data_policies.sql
dc7be6f8597333151c450bae3ae15e6585e3b2eb:packages/core/migrations-postgres/0038_organization_identity_projection.sql
dc7be6f8597333151c450bae3ae15e6585e3b2eb:packages/core/migrations-postgres/0039_guardrail_budget_reservations.sql
dc7be6f8597333151c450bae3ae15e6585e3b2eb:packages/core/migrations-postgres/0040_user_budget_reservations.sql
dc7be6f8597333151c450bae3ae15e6585e3b2eb:packages/core/migrations-postgres/0041_workspaces.sql
dc7be6f8597333151c450bae3ae15e6585e3b2eb:packages/core/migrations-postgres/0042_gateway_keys_workspace.sql
dc7be6f8597333151c450bae3ae15e6585e3b2eb:packages/core/migrations-postgres/0043_workspace_presets_guardrails.sql
dc7be6f8597333151c450bae3ae15e6585e3b2eb:packages/core/migrations-postgres/0044_route_routing_metadata.sql
dc7be6f8597333151c450bae3ae15e6585e3b2eb:packages/core/migrations-postgres/0045_route_data_policy_subject_fingerprint.sql
dc7be6f8597333151c450bae3ae15e6585e3b2eb:packages/core/migrations-postgres/0046_model_endpoints.sql
dc7be6f8597333151c450bae3ae15e6585e3b2eb:packages/core/migrations-postgres/0047_model_endpoint_route_subject_fingerprint.sql
dc7be6f8597333151c450bae3ae15e6585e3b2eb:packages/core/migrations-postgres/0048_model_endpoint_audio_capabilities.sql
dc7be6f8597333151c450bae3ae15e6585e3b2eb:packages/core/migrations-postgres/0049_model_endpoint_evidence_ledger.sql
dc7be6f8597333151c450bae3ae15e6585e3b2eb:packages/core/migrations-postgres/0050_management_api_keys.sql
dc7be6f8597333151c450bae3ae15e6585e3b2eb:packages/core/migrations-postgres/0051_gateway_key_expiry.sql
dc7be6f8597333151c450bae3ae15e6585e3b2eb:packages/core/migrations-postgres/0052_gateway_key_limits.sql
dc7be6f8597333151c450bae3ae15e6585e3b2eb:packages/core/migrations-postgres/0053_workspace_budgets.sql
dc7be6f8597333151c450bae3ae15e6585e3b2eb:packages/core/migrations-postgres/0054_generation_metadata_snapshots.sql
dc7be6f8597333151c450bae3ae15e6585e3b2eb:packages/core/migrations-postgres/0055_request_session_id.sql
dc7be6f8597333151c450bae3ae15e6585e3b2eb:packages/core/migrations-postgres/0056_generation_feedback.sql
dc7be6f8597333151c450bae3ae15e6585e3b2eb:packages/core/migrations-postgres/0057_guardrail_assignment_management_source.sql
dc7be6f8597333151c450bae3ae15e6585e3b2eb:packages/core/migrations-postgres/0058_workspace_default_guardrails.sql
dc7be6f8597333151c450bae3ae15e6585e3b2eb:packages/core/migrations-postgres/0059_account_default_guardrails.sql
dc7be6f8597333151c450bae3ae15e6585e3b2eb:packages/core/migrations-postgres/0060_provider_attempt_availability.sql
dc7be6f8597333151c450bae3ae15e6585e3b2eb:packages/core/migrations-postgres/0061_public_model_total_tokens.sql
dc7be6f8597333151c450bae3ae15e6585e3b2eb:packages/core/migrations-postgres/0062_generation_service_tier.sql
dc7be6f8597333151c450bae3ae15e6585e3b2eb:packages/core/migrations-postgres/0063_private_byok.sql
dc7be6f8597333151c450bae3ae15e6585e3b2eb:packages/core/migrations-postgres/0064_byok_always_use_for_provider.sql
dc7be6f8597333151c450bae3ae15e6585e3b2eb:packages/core/migrations-postgres/0065_guardrail_budget_settlement_basis.sql
dc7be6f8597333151c450bae3ae15e6585e3b2eb:packages/core/migrations-postgres/0066_workspace_budget_usage_index.sql
dc7be6f8597333151c450bae3ae15e6585e3b2eb:packages/core/migrations-postgres/0067_batch_jobs.sql
dc7be6f8597333151c450bae3ae15e6585e3b2eb:packages/core/migrations-postgres/0068_function_schema_resolution.sql
dc7be6f8597333151c450bae3ae15e6585e3b2eb:packages/core/migrations-postgres/0069_recovery_dispatch_intents.sql
dc7be6f8597333151c450bae3ae15e6585e3b2eb:packages/core/migrations-postgres/0070_recovery_settlement_facts.sql
dc7be6f8597333151c450bae3ae15e6585e3b2eb:packages/core/migrations-postgres/0071_recovery_jobs.sql
dc7be6f8597333151c450bae3ae15e6585e3b2eb:packages/core/migrations-postgres/0072_recovery_commit_receipts.sql
dc7be6f8597333151c450bae3ae15e6585e3b2eb:packages/core/migrations-postgres/0073_recovery_api_key_workspace_lock.sql
dc7be6f8597333151c450bae3ae15e6585e3b2eb:packages/core/migrations-postgres/0074_config_change_audit.sql
dc7be6f8597333151c450bae3ae15e6585e3b2eb:packages/core/migrations-postgres/0075_system_config_revision.sql
dc7be6f8597333151c450bae3ae15e6585e3b2eb:packages/core/migrations-postgres/0076_user_audit_export_order_index.sql
dc7be6f8597333151c450bae3ae15e6585e3b2eb:packages/core/migrations-postgres/0077_admin_access_key_audit.sql
dc7be6f8597333151c450bae3ae15e6585e3b2eb:packages/core/migrations-postgres/0078_shared_key_earnings_history_guard.sql
dc7be6f8597333151c450bae3ae15e6585e3b2eb:packages/core/migrations-postgres/0079_admin_shared_key_audit.sql
dc7be6f8597333151c450bae3ae15e6585e3b2eb:packages/core/migrations-postgres/0080_admin_shared_key_actor_bounds.sql
dc7be6f8597333151c450bae3ae15e6585e3b2eb:packages/core/migrations-postgres/0081_tools_config_group_audit.sql
dc7be6f8597333151c450bae3ae15e6585e3b2eb:packages/core/migrations-proposals/postgres/authenticated-complete-text-quote-v360.sql
dc7be6f8597333151c450bae3ae15e6585e3b2eb:packages/core/migrations-proposals/postgres/authenticated-request-capability-login-v356.sql
dc7be6f8597333151c450bae3ae15e6585e3b2eb:packages/core/migrations-proposals/postgres/authenticated-text-route-ceiling-issuer-v357.sql
dc7be6f8597333151c450bae3ae15e6585e3b2eb:packages/core/migrations-proposals/postgres/authenticated-text-route-source-fence-v359.sql
dc7be6f8597333151c450bae3ae15e6585e3b2eb:packages/core/migrations-proposals/postgres/budget-admission-login-v350.sql
dc7be6f8597333151c450bae3ae15e6585e3b2eb:packages/core/migrations-proposals/postgres/buyer-critical-writer-privilege-split-v346.sql
dc7be6f8597333151c450bae3ae15e6585e3b2eb:packages/core/migrations-proposals/postgres/buyer-split-counter-grant-policy-v368.sql
dc7be6f8597333151c450bae3ae15e6585e3b2eb:packages/core/migrations-proposals/postgres/buyer-split-grant-marker-v348.sql
dc7be6f8597333151c450bae3ae15e6585e3b2eb:packages/core/migrations-proposals/postgres/buyer-split-guardrail-grant-marker-v349.sql
dc7be6f8597333151c450bae3ae15e6585e3b2eb:packages/core/migrations-proposals/postgres/buyer-split-guardrail-runtime-grant-v349.sql
dc7be6f8597333151c450bae3ae15e6585e3b2eb:packages/core/migrations-proposals/postgres/buyer-split-runtime-grant-v348.sql
dc7be6f8597333151c450bae3ae15e6585e3b2eb:packages/core/migrations-proposals/postgres/complete-text-all-hold-renewal-v367.sql
dc7be6f8597333151c450bae3ae15e6585e3b2eb:packages/core/migrations-proposals/postgres/complete-text-attempt-grant-v362.sql
dc7be6f8597333151c450bae3ae15e6585e3b2eb:packages/core/migrations-proposals/postgres/complete-text-auth-routing-recovery-coinstall-v400.sql
dc7be6f8597333151c450bae3ae15e6585e3b2eb:packages/core/migrations-proposals/postgres/complete-text-legacy-buyer-admission-fence-v380.sql
dc7be6f8597333151c450bae3ae15e6585e3b2eb:packages/core/migrations-proposals/postgres/complete-text-legacy-buyer-held-writer-v368.sql
dc7be6f8597333151c450bae3ae15e6585e3b2eb:packages/core/migrations-proposals/postgres/complete-text-legacy-buyer-window-accountant-v371.sql
dc7be6f8597333151c450bae3ae15e6585e3b2eb:packages/core/migrations-proposals/postgres/complete-text-legacy-buyer-window-acl-v372.sql
dc7be6f8597333151c450bae3ae15e6585e3b2eb:packages/core/migrations-proposals/postgres/complete-text-legacy-reaper-fence-v366.sql
dc7be6f8597333151c450bae3ae15e6585e3b2eb:packages/core/migrations-proposals/postgres/complete-text-no-fetch-fence-v370.sql
dc7be6f8597333151c450bae3ae15e6585e3b2eb:packages/core/migrations-proposals/postgres/complete-text-no-fetch-platform-close-v388.sql
dc7be6f8597333151c450bae3ae15e6585e3b2eb:packages/core/migrations-proposals/postgres/complete-text-no-fetch-recovery-v389.sql
dc7be6f8597333151c450bae3ae15e6585e3b2eb:packages/core/migrations-proposals/postgres/complete-text-platform-close-fence-v386.sql
dc7be6f8597333151c450bae3ae15e6585e3b2eb:packages/core/migrations-proposals/postgres/complete-text-platform-event-delivery-v402.sql
dc7be6f8597333151c450bae3ae15e6585e3b2eb:packages/core/migrations-proposals/postgres/complete-text-private-route-reader-v366.sql
dc7be6f8597333151c450bae3ae15e6585e3b2eb:packages/core/migrations-proposals/postgres/complete-text-quote-budget-admission-v361.sql
dc7be6f8597333151c450bae3ae15e6585e3b2eb:packages/core/migrations-proposals/postgres/complete-text-renewed-holder-facts-v370.sql
dc7be6f8597333151c450bae3ae15e6585e3b2eb:packages/core/migrations-proposals/postgres/complete-text-response-no-fetch-coinstall-v397.sql
dc7be6f8597333151c450bae3ae15e6585e3b2eb:packages/core/migrations-proposals/postgres/complete-text-response-observation-v392.sql
dc7be6f8597333151c450bae3ae15e6585e3b2eb:packages/core/migrations-proposals/postgres/complete-text-result-facts-v366.sql
dc7be6f8597333151c450bae3ae15e6585e3b2eb:packages/core/migrations-proposals/postgres/complete-text-routing-projection-v396.sql
dc7be6f8597333151c450bae3ae15e6585e3b2eb:packages/core/migrations-proposals/postgres/complete-text-secretless-plan-v365.sql
dc7be6f8597333151c450bae3ae15e6585e3b2eb:packages/core/migrations-proposals/postgres/complete-text-send-start-v365.sql
dc7be6f8597333151c450bae3ae15e6585e3b2eb:packages/core/migrations-proposals/postgres/complete-text-sticky-routing-v398.sql
dc7be6f8597333151c450bae3ae15e6585e3b2eb:packages/core/migrations-proposals/postgres/dispatch-intent-producer-definer.sql
dc7be6f8597333151c450bae3ae15e6585e3b2eb:packages/core/migrations-proposals/postgres/guardrail-budget-admission-login-v351.sql
dc7be6f8597333151c450bae3ae15e6585e3b2eb:packages/core/migrations-proposals/postgres/guardrail-budget-dispatched-extension-login-v355.sql
dc7be6f8597333151c450bae3ae15e6585e3b2eb:packages/core/migrations-proposals/postgres/guardrail-budget-lifecycle-login-v353.sql
dc7be6f8597333151c450bae3ae15e6585e3b2eb:packages/core/migrations-proposals/postgres/legacy-buyer-commit-journal-v378.sql
dc7be6f8597333151c450bae3ae15e6585e3b2eb:packages/core/migrations-proposals/postgres/legacy-buyer-request-projection-receipt-v383.sql
dc7be6f8597333151c450bae3ae15e6585e3b2eb:packages/core/migrations-proposals/postgres/legacy-buyer-terminal-reader-v375.sql
dc7be6f8597333151c450bae3ae15e6585e3b2eb:packages/core/migrations-proposals/postgres/legacy-buyer-windowed-app-privileges-renewal-v376.sql
dc7be6f8597333151c450bae3ae15e6585e3b2eb:packages/core/migrations-proposals/postgres/legacy-buyer-windowed-app-privileges-v374.sql
dc7be6f8597333151c450bae3ae15e6585e3b2eb:packages/core/migrations-proposals/postgres/ordinary-budget-recovery-login-v354.sql
dc7be6f8597333151c450bae3ae15e6585e3b2eb:packages/core/migrations-proposals/postgres/personal-key-auth-period-v395.sql
dc7be6f8597333151c450bae3ae15e6585e3b2eb:packages/core/migrations-proposals/postgres/request-dispatch-intents.sql
dc7be6f8597333151c450bae3ae15e6585e3b2eb:packages/core/migrations-proposals/postgres/request-dispatch-legacy-parent-backfill.sql
dc7be6f8597333151c450bae3ae15e6585e3b2eb:packages/core/migrations-proposals/postgres/request-dispatch-parent-deadline-budget.sql
dc7be6f8597333151c450bae3ae15e6585e3b2eb:packages/core/migrations-proposals/postgres/request-dispatch-replay-parent-gate.sql
dc7be6f8597333151c450bae3ae15e6585e3b2eb:packages/core/migrations-proposals/postgres/request-dispatch-replay-reservations.sql
dc7be6f8597333151c450bae3ae15e6585e3b2eb:packages/core/migrations-proposals/postgres/request-dispatch-single-claim.sql
dc7be6f8597333151c450bae3ae15e6585e3b2eb:packages/core/migrations-proposals/postgres/request-usage-commit-receipts.sql
dc7be6f8597333151c450bae3ae15e6585e3b2eb:packages/core/migrations-proposals/postgres/request-usage-recovery-jobs.sql
dc7be6f8597333151c450bae3ae15e6585e3b2eb:packages/core/migrations-proposals/postgres/request-usage-settlement-facts.sql
dc7be6f8597333151c450bae3ae15e6585e3b2eb:packages/core/migrations-proposals/postgres/settlement-outbox-producer-definer.sql
dc7be6f8597333151c450bae3ae15e6585e3b2eb:packages/core/migrations-proposals/postgres/shared-key-buyer-budget-receipt-due-index-v346.sql
dc7be6f8597333151c450bae3ae15e6585e3b2eb:packages/core/migrations-proposals/postgres/shared-key-buyer-budget-receipt-maintenance.sql
dc7be6f8597333151c450bae3ae15e6585e3b2eb:packages/core/migrations-proposals/postgres/shared-key-buyer-budget-receipt-retention-v346.sql
dc7be6f8597333151c450bae3ae15e6585e3b2eb:packages/core/migrations-proposals/postgres/shared-key-buyer-budget-receipt-unobserved-index-v346.sql
dc7be6f8597333151c450bae3ae15e6585e3b2eb:packages/core/migrations-proposals/postgres/shared-key-buyer-budget-receipt-v2.sql
dc7be6f8597333151c450bae3ae15e6585e3b2eb:packages/core/migrations-proposals/postgres/shared-key-buyer-debit-v2.sql
dc7be6f8597333151c450bae3ae15e6585e3b2eb:packages/core/migrations-proposals/postgres/shared-key-credited-usage-gap-audit.sql
dc7be6f8597333151c450bae3ae15e6585e3b2eb:packages/core/migrations-proposals/postgres/shared-key-credited-usage-reader.sql
dc7be6f8597333151c450bae3ae15e6585e3b2eb:packages/core/migrations-proposals/postgres/shared-key-credited-usage-store.sql
dc7be6f8597333151c450bae3ae15e6585e3b2eb:packages/core/migrations-proposals/postgres/shared-key-delivery-backlog-observation.sql
dc7be6f8597333151c450bae3ae15e6585e3b2eb:packages/core/migrations-proposals/postgres/shared-key-dispatch-quote-attempts.sql
dc7be6f8597333151c450bae3ae15e6585e3b2eb:packages/core/migrations-proposals/postgres/shared-key-earnings-history-guard.sql
dc7be6f8597333151c450bae3ae15e6585e3b2eb:packages/core/migrations-proposals/postgres/shared-key-earnings-projection-index.sql
dc7be6f8597333151c450bae3ae15e6585e3b2eb:packages/core/migrations-proposals/postgres/shared-key-economic-delivery.sql
dc7be6f8597333151c450bae3ae15e6585e3b2eb:packages/core/migrations-proposals/postgres/shared-key-economic-outbox-producer.sql
dc7be6f8597333151c450bae3ae15e6585e3b2eb:packages/core/migrations-proposals/postgres/shared-key-economic-outbox.sql
dc7be6f8597333151c450bae3ae15e6585e3b2eb:packages/core/migrations-proposals/postgres/shared-key-economic-producer-buyer-login-v347.sql
dc7be6f8597333151c450bae3ae15e6585e3b2eb:packages/core/migrations-proposals/postgres/shared-key-economic-producer-v2.sql
dc7be6f8597333151c450bae3ae15e6585e3b2eb:packages/core/migrations-proposals/postgres/shared-key-guardrail-post-reservation-denial-v348.sql
dc7be6f8597333151c450bae3ae15e6585e3b2eb:packages/core/migrations-proposals/postgres/shared-key-orphan-review-v348.sql
dc7be6f8597333151c450bae3ae15e6585e3b2eb:packages/core/migrations-proposals/postgres/shared-key-quote-versions.sql
dc7be6f8597333151c450bae3ae15e6585e3b2eb:packages/core/migrations-proposals/postgres/shared-key-selected-attempt-identity-v357.sql
dc7be6f8597333151c450bae3ae15e6585e3b2eb:packages/core/migrations-proposals/postgres/shared-key-selected-event-gate-v351.sql
dc7be6f8597333151c450bae3ae15e6585e3b2eb:packages/core/migrations-proposals/postgres/shared-key-snapshot-earning-consumer-v2.sql
dc7be6f8597333151c450bae3ae15e6585e3b2eb:packages/core/migrations-proposals/postgres/shared-key-snapshot-earning-consumer.sql
dc7be6f8597333151c450bae3ae15e6585e3b2eb:packages/core/migrations-proposals/postgres/shared-key-stats-claim-reader-v349.sql
dc7be6f8597333151c450bae3ae15e6585e3b2eb:packages/core/migrations-proposals/postgres/shared-key-stats-signed-claim-v348.sql
dc7be6f8597333151c450bae3ae15e6585e3b2eb:packages/core/migrations-proposals/postgres/shared-key-usage-repair-durable-claim.sql
dc7be6f8597333151c450bae3ae15e6585e3b2eb:packages/core/migrations-proposals/postgres/shared-key-usage-repair-failure-isolation.sql
dc7be6f8597333151c450bae3ae15e6585e3b2eb:packages/core/migrations-proposals/postgres/shared-key-usage-repair-jobs.sql
dc7be6f8597333151c450bae3ae15e6585e3b2eb:packages/core/src/db/model-endpoints-types.ts
dc7be6f8597333151c450bae3ae15e6585e3b2eb:packages/core/src/db/postgres/api-keys.impl.ts
dc7be6f8597333151c450bae3ae15e6585e3b2eb:packages/core/src/db/postgres/critical-writes.impl.ts
dc7be6f8597333151c450bae3ae15e6585e3b2eb:packages/core/src/db/postgres/legacy-buyer-commit-ack-v376.ts
dc7be6f8597333151c450bae3ae15e6585e3b2eb:packages/core/src/db/postgres/legacy-buyer-commit-journal-v378.ts
dc7be6f8597333151c450bae3ae15e6585e3b2eb:packages/core/src/db/postgres/legacy-buyer-request-projection-receipt-v383.ts
dc7be6f8597333151c450bae3ae15e6585e3b2eb:packages/core/src/db/postgres/legacy-buyer-terminal-reader-v375.ts
dc7be6f8597333151c450bae3ae15e6585e3b2eb:packages/core/src/db/postgres/legacy-buyer-windowed-transaction-v372.ts
dc7be6f8597333151c450bae3ae15e6585e3b2eb:packages/core/src/db/postgres/model-endpoints.impl.ts
dc7be6f8597333151c450bae3ae15e6585e3b2eb:packages/core/src/db/postgres/portal-marketplace.impl.ts
dc7be6f8597333151c450bae3ae15e6585e3b2eb:packages/core/src/db/postgres/request-logs.impl.ts
dc7be6f8597333151c450bae3ae15e6585e3b2eb:packages/core/src/db/postgres/route-data-policies.impl.ts
dc7be6f8597333151c450bae3ae15e6585e3b2eb:packages/core/src/db/postgres/users.impl.ts
dc7be6f8597333151c450bae3ae15e6585e3b2eb:packages/core/src/model-endpoint-runtime.ts
dc7be6f8597333151c450bae3ae15e6585e3b2eb:packages/core/src/provider-endpoints.ts
dc7be6f8597333151c450bae3ae15e6585e3b2eb:packages/core/src/route-data-policy.ts
dc7be6f8597333151c450bae3ae15e6585e3b2eb:packages/core/src/storage/context.ts
dc7be6f8597333151c450bae3ae15e6585e3b2eb:packages/core/src/storage/database-client.ts
dc7be6f8597333151c450bae3ae15e6585e3b2eb:packages/core/src/storage/drizzle/schema.pg.ts
dc7be6f8597333151c450bae3ae15e6585e3b2eb:packages/core/src/storage/management-workspaces.postgres-native.test.mjs
dc7be6f8597333151c450bae3ae15e6585e3b2eb:packages/core/src/storage/management-workspaces.ts
dc7be6f8597333151c450bae3ae15e6585e3b2eb:packages/core/src/storage/postgres-jsonb-batch-native.test.mjs
dc7be6f8597333151c450bae3ae15e6585e3b2eb:packages/core/src/storage/repositories-postgres.ts
dc7be6f8597333151c450bae3ae15e6585e3b2eb:packages/core/src/test-support/postgres-commit-ack-proxy.mjs
dc7be6f8597333151c450bae3ae15e6585e3b2eb:packages/core/src/test-support/postgres-delayed-commit-proxy-v377.mjs
dc7be6f8597333151c450bae3ae15e6585e3b2eb:packages/core/src/test-support/postgres-financial-engine.mjs
dc7be6f8597333151c450bae3ae15e6585e3b2eb:packages/core/src/test-support/postgres-journal-commit-ack-proxy-v381.mjs
dc7be6f8597333151c450bae3ae15e6585e3b2eb:packages/core/src/test-support/postgres-journal-commit-ack-proxy-v381.native.test.mjs
dc7be6f8597333151c450bae3ae15e6585e3b2eb:packages/core/src/test-support/postgres-native-cluster.mjs
dc7be6f8597333151c450bae3ae15e6585e3b2eb:packages/proxy/src/app.ts
dc7be6f8597333151c450bae3ae15e6585e3b2eb:packages/proxy/src/routes/v1/chat.ts
dc7be6f8597333151c450bae3ae15e6585e3b2eb:packages/proxy/src/runtime/complete-text-holder-worker-v390.ts
dc7be6f8597333151c450bae3ae15e6585e3b2eb:packages/proxy/src/runtime/complete-text-response-holder-worker-v394.ts
dc7be6f8597333151c450bae3ae15e6585e3b2eb:packages/proxy/src/runtime/postgres-shared-earning-backlog-observer.ts
dc7be6f8597333151c450bae3ae15e6585e3b2eb:packages/proxy/src/runtime/postgres-shared-earning-delivery.ts
dc7be6f8597333151c450bae3ae15e6585e3b2eb:packages/proxy/src/runtime/postgres-shared-earning-scanner.ts
dc7be6f8597333151c450bae3ae15e6585e3b2eb:packages/proxy/src/runtime/schedule-background-work.ts
dc7be6f8597333151c450bae3ae15e6585e3b2eb:packages/proxy/src/services/api-key-auth.ts
dc7be6f8597333151c450bae3ae15e6585e3b2eb:packages/proxy/src/services/chat-final-quote-input.ts
dc7be6f8597333151c450bae3ae15e6585e3b2eb:packages/proxy/src/services/chat-text-holder-request-v363.ts
dc7be6f8597333151c450bae3ae15e6585e3b2eb:packages/proxy/src/services/complete-chat-credential-free-dispatch-v400.ts
dc7be6f8597333151c450bae3ae15e6585e3b2eb:packages/proxy/src/services/complete-chat-holder-dispatch-v385.ts
dc7be6f8597333151c450bae3ae15e6585e3b2eb:packages/proxy/src/services/credential-free-route-attempts-v398.ts
dc7be6f8597333151c450bae3ae15e6585e3b2eb:packages/proxy/src/services/hyperdrive-dedicated-role-transport-v390.ts
dc7be6f8597333151c450bae3ae15e6585e3b2eb:packages/proxy/src/services/model-fallback-plan.ts
dc7be6f8597333151c450bae3ae15e6585e3b2eb:packages/proxy/src/services/model-fallbacks.ts
dc7be6f8597333151c450bae3ae15e6585e3b2eb:packages/proxy/src/services/model-router.ts
dc7be6f8597333151c450bae3ae15e6585e3b2eb:packages/proxy/src/services/postgres-complete-chat-admission-v361.ts
dc7be6f8597333151c450bae3ae15e6585e3b2eb:packages/proxy/src/services/postgres-complete-chat-quote-v360.ts
dc7be6f8597333151c450bae3ae15e6585e3b2eb:packages/proxy/src/services/postgres-complete-text-attempt-grant-v362.ts
dc7be6f8597333151c450bae3ae15e6585e3b2eb:packages/proxy/src/services/postgres-complete-text-hold-renewal-v369.ts
dc7be6f8597333151c450bae3ae15e6585e3b2eb:packages/proxy/src/services/postgres-complete-text-no-fetch-close-v388.test.ts
dc7be6f8597333151c450bae3ae15e6585e3b2eb:packages/proxy/src/services/postgres-complete-text-no-fetch-close-v388.ts
dc7be6f8597333151c450bae3ae15e6585e3b2eb:packages/proxy/src/services/postgres-complete-text-no-fetch-recovery-v389.ts
dc7be6f8597333151c450bae3ae15e6585e3b2eb:packages/proxy/src/services/postgres-complete-text-no-fetch-v372.ts
dc7be6f8597333151c450bae3ae15e6585e3b2eb:packages/proxy/src/services/postgres-complete-text-response-observation-v392.ts
dc7be6f8597333151c450bae3ae15e6585e3b2eb:packages/proxy/src/services/postgres-complete-text-result-facts-v367.ts
dc7be6f8597333151c450bae3ae15e6585e3b2eb:packages/proxy/src/services/postgres-complete-text-routing-projection-v396.ts
dc7be6f8597333151c450bae3ae15e6585e3b2eb:packages/proxy/src/services/postgres-complete-text-secretless-plan-v391.ts
dc7be6f8597333151c450bae3ae15e6585e3b2eb:packages/proxy/src/services/postgres-complete-text-send-start-v365.ts
dc7be6f8597333151c450bae3ae15e6585e3b2eb:packages/proxy/src/services/postgres-complete-text-sticky-routing-v398.ts
dc7be6f8597333151c450bae3ae15e6585e3b2eb:packages/proxy/src/services/postgres-guardrail-budget-admission.ts
dc7be6f8597333151c450bae3ae15e6585e3b2eb:packages/proxy/src/services/postgres-personal-key-auth-v395.ts
dc7be6f8597333151c450bae3ae15e6585e3b2eb:packages/proxy/src/services/postgres-private-complete-text-reader-v366.ts
dc7be6f8597333151c450bae3ae15e6585e3b2eb:packages/proxy/src/services/private-complete-text-holder-v365.ts
dc7be6f8597333151c450bae3ae15e6585e3b2eb:packages/proxy/src/services/private-complete-text-observed-holder-v384.ts
dc7be6f8597333151c450bae3ae15e6585e3b2eb:packages/proxy/src/services/provider-circuit-breaker.ts
dc7be6f8597333151c450bae3ae15e6585e3b2eb:packages/proxy/src/services/proxy.ts
dc7be6f8597333151c450bae3ae15e6585e3b2eb:packages/proxy/src/services/request-body-log-policy.ts
dc7be6f8597333151c450bae3ae15e6585e3b2eb:packages/proxy/src/services/request-budget-admission.ts
dc7be6f8597333151c450bae3ae15e6585e3b2eb:packages/proxy/src/services/shared-key-quote-attempt.ts
dc7be6f8597333151c450bae3ae15e6585e3b2eb:scripts/db/cutover/activate-postgres-buyer-guardrail-split-v349.ts
dc7be6f8597333151c450bae3ae15e6585e3b2eb:scripts/db/cutover/activate-postgres-buyer-split-v348.ts
dc7be6f8597333151c450bae3ae15e6585e3b2eb:scripts/db/cutover/attest-complete-text-routing-v396.ts
dc7be6f8597333151c450bae3ae15e6585e3b2eb:scripts/db/cutover/build-complete-text-auth-routing-recovery-coinstall-v400.mjs
dc7be6f8597333151c450bae3ae15e6585e3b2eb:scripts/db/cutover/build-complete-text-platform-event-delivery-v402.mjs
dc7be6f8597333151c450bae3ae15e6585e3b2eb:scripts/db/cutover/build-postgres-recovery-retention-review.mjs
dc7be6f8597333151c450bae3ae15e6585e3b2eb:scripts/db/cutover/build-postgres-recovery-retention-review.native.test.mjs
dc7be6f8597333151c450bae3ae15e6585e3b2eb:scripts/db/cutover/build-postgres-replay-reservation-backfill.mjs
dc7be6f8597333151c450bae3ae15e6585e3b2eb:scripts/db/cutover/build-postgres-replay-retention-candidates.mjs
dc7be6f8597333151c450bae3ae15e6585e3b2eb:scripts/db/cutover/build-request-legacy-parent-activation.mjs
dc7be6f8597333151c450bae3ae15e6585e3b2eb:scripts/db/cutover/build-request-legacy-parent-census.mjs
dc7be6f8597333151c450bae3ae15e6585e3b2eb:scripts/db/cutover/build-request-legacy-parent-census.native.test.mjs
dc7be6f8597333151c450bae3ae15e6585e3b2eb:scripts/db/cutover/exercise-complete-text-coinstall-invariants-v400.ts
dc7be6f8597333151c450bae3ae15e6585e3b2eb:scripts/db/cutover/exercise-complete-text-platform-event-delivery-v402.ts
dc7be6f8597333151c450bae3ae15e6585e3b2eb:scripts/db/cutover/exercise-complete-text-route-preparation-v398.ts
dc7be6f8597333151c450bae3ae15e6585e3b2eb:scripts/db/cutover/exercise-complete-text-routing-v396.mjs
dc7be6f8597333151c450bae3ae15e6585e3b2eb:scripts/db/cutover/exercise-complete-text-sticky-routing-v398.ts
dc7be6f8597333151c450bae3ae15e6585e3b2eb:scripts/db/cutover/exercise-credential-free-chat-ingress-v401.ts
dc7be6f8597333151c450bae3ae15e6585e3b2eb:scripts/db/cutover/export-complete-text-coinstall-catalog-v400.mjs
dc7be6f8597333151c450bae3ae15e6585e3b2eb:scripts/db/cutover/grant-postgres-buyer-guardrail-split-v349.ts
dc7be6f8597333151c450bae3ae15e6585e3b2eb:scripts/db/cutover/grant-postgres-buyer-split-v348.ts
dc7be6f8597333151c450bae3ae15e6585e3b2eb:scripts/db/cutover/grant-postgres-runtime.ts
dc7be6f8597333151c450bae3ae15e6585e3b2eb:scripts/db/cutover/pg73-legacy-parent-builder-fixture.mjs
dc7be6f8597333151c450bae3ae15e6585e3b2eb:scripts/db/cutover/pg73-native-fixture.mjs
dc7be6f8597333151c450bae3ae15e6585e3b2eb:scripts/db/cutover/postgres-buyer-critical-writer-split-v346.native.test.mjs
dc7be6f8597333151c450bae3ae15e6585e3b2eb:scripts/db/cutover/postgres-complete-text-all-hold-renewal-v367.native.test.mjs
dc7be6f8597333151c450bae3ae15e6585e3b2eb:scripts/db/cutover/postgres-complete-text-auth-routing-recovery-coinstall-v400.tsconfig.json
dc7be6f8597333151c450bae3ae15e6585e3b2eb:scripts/db/cutover/postgres-complete-text-buyer-counter-cutover-v367.native.test.mjs
dc7be6f8597333151c450bae3ae15e6585e3b2eb:scripts/db/cutover/postgres-complete-text-legacy-buyer-held-v368.native.test.mjs
dc7be6f8597333151c450bae3ae15e6585e3b2eb:scripts/db/cutover/postgres-complete-text-legacy-reaper-fence-v366.native.test.mjs
dc7be6f8597333151c450bae3ae15e6585e3b2eb:scripts/db/cutover/postgres-complete-text-manifest-selection-v393.native.test.mjs
dc7be6f8597333151c450bae3ae15e6585e3b2eb:scripts/db/cutover/postgres-complete-text-manifest-selection-v393.tsconfig.json
dc7be6f8597333151c450bae3ae15e6585e3b2eb:scripts/db/cutover/postgres-complete-text-platform-event-delivery-v402.tsconfig.json
dc7be6f8597333151c450bae3ae15e6585e3b2eb:scripts/db/cutover/postgres-complete-text-routing-projection-v396.tsconfig.json
dc7be6f8597333151c450bae3ae15e6585e3b2eb:scripts/db/cutover/postgres-exclusive-credential-free-chat-ingress-v401.tsconfig.json
dc7be6f8597333151c450bae3ae15e6585e3b2eb:scripts/db/cutover/postgres-legacy-buyer-commit-ack-v376.native.test.mjs
dc7be6f8597333151c450bae3ae15e6585e3b2eb:scripts/db/cutover/postgres-legacy-buyer-commit-journal-v378.native.test.mjs
dc7be6f8597333151c450bae3ae15e6585e3b2eb:scripts/db/cutover/postgres-legacy-buyer-delayed-commit-v377.native.test.mjs
dc7be6f8597333151c450bae3ae15e6585e3b2eb:scripts/db/cutover/postgres-legacy-buyer-journal-integration-v381.native.test.mjs
dc7be6f8597333151c450bae3ae15e6585e3b2eb:scripts/db/cutover/postgres-legacy-buyer-request-projection-v383.native.test.mjs
dc7be6f8597333151c450bae3ae15e6585e3b2eb:scripts/db/cutover/postgres-legacy-buyer-terminal-reader-v375.native.test.mjs
dc7be6f8597333151c450bae3ae15e6585e3b2eb:scripts/db/cutover/postgres-legacy-buyer-windowed-app-v372.native.test.mjs
dc7be6f8597333151c450bae3ae15e6585e3b2eb:scripts/db/cutover/postgres-legacy-parent-activation.native.test.mjs
dc7be6f8597333151c450bae3ae15e6585e3b2eb:scripts/db/cutover/postgres-recovery-old-database-upgrade.native.test.mjs
dc7be6f8597333151c450bae3ae15e6585e3b2eb:scripts/db/cutover/postgres-runtime-privilege-transition-v345.native.test.mjs
dc7be6f8597333151c450bae3ae15e6585e3b2eb:scripts/db/cutover/postgres-shared-earning-backlog-v353.native.test.mjs
dc7be6f8597333151c450bae3ae15e6585e3b2eb:scripts/db/cutover/postgres-shared-earning-scanner-v350.native.test.mjs
dc7be6f8597333151c450bae3ae15e6585e3b2eb:scripts/db/cutover/postgres-shared-key-buyer-budget-receipt-v2.native.test.mjs
dc7be6f8597333151c450bae3ae15e6585e3b2eb:scripts/db/cutover/postgres-shared-key-buyer-receipt-retention-v346.native.test.mjs
dc7be6f8597333151c450bae3ae15e6585e3b2eb:scripts/db/cutover/postgres-shared-key-credited-usage-gap.native.test.mjs
dc7be6f8597333151c450bae3ae15e6585e3b2eb:scripts/db/cutover/postgres-shared-key-credited-usage-store.native.test.mjs
dc7be6f8597333151c450bae3ae15e6585e3b2eb:scripts/db/cutover/postgres-shared-key-economic-buyer-login-v347.native.test.mjs
dc7be6f8597333151c450bae3ae15e6585e3b2eb:scripts/db/cutover/postgres-shared-key-economic-delivery.native.test.mjs
dc7be6f8597333151c450bae3ae15e6585e3b2eb:scripts/db/cutover/postgres-shared-key-snapshot-earning-consumer-v2.native.test.mjs
dc7be6f8597333151c450bae3ae15e6585e3b2eb:scripts/db/cutover/postgres-user-delete-audit.native.test.mjs
dc7be6f8597333151c450bae3ae15e6585e3b2eb:scripts/db/cutover/provision-postgres-roles.ts
dc7be6f8597333151c450bae3ae15e6585e3b2eb:tsconfig.base.json
dc7be6f8597333151c450bae3ae15e6585e3b2eb:tsconfig.json
dc7be6f8597333151c450bae3ae15e6585e3b2eb:scripts/db/cutover/postgres-legacy-buyer-windowed-app-privileges-v374.native.test.mjs
dc7be6f8597333151c450bae3ae15e6585e3b2eb:scripts/db/cutover/postgres-legacy-buyer-windowed-app-privileges-renewal-v376.native.test.mjs
dc7be6f8597333151c450bae3ae15e6585e3b2eb:scripts/db/cutover/postgres-complete-text-admission-buyer-v379.native.test.mjs
dc7be6f8597333151c450bae3ae15e6585e3b2eb:scripts/db/cutover/postgres-complete-text-no-fetch-close-blocker-v382.native.test.mjs
dc7be6f8597333151c450bae3ae15e6585e3b2eb:scripts/db/cutover/postgres-complete-text-observed-holder-v384.native.test.mjs
dc7be6f8597333151c450bae3ae15e6585e3b2eb:scripts/db/cutover/postgres-complete-text-platform-close-fence-v386.native.test.mjs
dc7be6f8597333151c450bae3ae15e6585e3b2eb:scripts/db/cutover/postgres-complete-chat-holder-dispatch-v387.native.test.mjs
dc7be6f8597333151c450bae3ae15e6585e3b2eb:scripts/db/cutover/postgres-complete-text-no-fetch-platform-close-v388.native.test.mjs
dc7be6f8597333151c450bae3ae15e6585e3b2eb:scripts/db/cutover/postgres-complete-text-no-fetch-recovery-v389.native.test.mjs
dc7be6f8597333151c450bae3ae15e6585e3b2eb:scripts/db/cutover/postgres-complete-text-holder-worker-v390.native.test.mjs
dc7be6f8597333151c450bae3ae15e6585e3b2eb:scripts/db/cutover/postgres-complete-text-secretless-plan-v391.native.test.mjs
dc7be6f8597333151c450bae3ae15e6585e3b2eb:scripts/db/cutover/postgres-complete-text-response-observation-v392.native.test.mjs
dc7be6f8597333151c450bae3ae15e6585e3b2eb:scripts/db/cutover/postgres-personal-key-auth-period-v395.native.test.mjs
dc7be6f8597333151c450bae3ae15e6585e3b2eb:scripts/db/cutover/postgres-complete-text-routing-projection-v396.native.test.mjs
dc7be6f8597333151c450bae3ae15e6585e3b2eb:scripts/db/cutover/postgres-complete-text-response-no-fetch-coinstall-v397.native.test.mjs
dc7be6f8597333151c450bae3ae15e6585e3b2eb:scripts/db/cutover/postgres-complete-text-auth-routing-recovery-coinstall-v400.native.test.mjs
dc7be6f8597333151c450bae3ae15e6585e3b2eb:scripts/db/cutover/postgres-exclusive-credential-free-chat-ingress-v401.native.test.mjs
dc7be6f8597333151c450bae3ae15e6585e3b2eb:scripts/db/cutover/postgres-complete-text-platform-event-delivery-v402.native.test.mjs
dc7be6f8597333151c450bae3ae15e6585e3b2eb:scripts/db/cutover/postgres-complete-text-no-fetch-fence-v370.native.test.mjs
dc7be6f8597333151c450bae3ae15e6585e3b2eb:scripts/db/cutover/postgres-guardrail-admission-adapter-v352.native.test.mjs
dc7be6f8597333151c450bae3ae15e6585e3b2eb:scripts/db/cutover/postgres-buyer-split-grant-rerun-v348.native.test.mjs
dc7be6f8597333151c450bae3ae15e6585e3b2eb:scripts/db/cutover/postgres-buyer-split-guardrail-v349.native.test.mjs
dc7be6f8597333151c450bae3ae15e6585e3b2eb:scripts/db/cutover/postgres-shared-key-stats-auth-boundary-v346.native.test.mjs
dc7be6f8597333151c450bae3ae15e6585e3b2eb:scripts/db/cutover/postgres-shared-key-stats-signed-claim-v348.native.test.mjs
dc7be6f8597333151c450bae3ae15e6585e3b2eb:scripts/db/cutover/postgres-shared-key-stats-claim-reader-v349-cjs-loader-successor.native.test.mjs
dc7be6f8597333151c450bae3ae15e6585e3b2eb:scripts/db/cutover/postgres-shared-key-credited-usage-reader.native.test.mjs
dc7be6f8597333151c450bae3ae15e6585e3b2eb:scripts/db/cutover/postgres-shared-key-guardrail-post-reservation-denial-v348.native.test.mjs
dc7be6f8597333151c450bae3ae15e6585e3b2eb:scripts/db/cutover/postgres-shared-key-stats-claim-reader-v349.native.test.mjs
dc7be6f8597333151c450bae3ae15e6585e3b2eb:scripts/db/cutover/postgres-replay-reservations.native.test.mjs
dc7be6f8597333151c450bae3ae15e6585e3b2eb:.gitattributes
dc7be6f8597333151c450bae3ae15e6585e3b2eb:scripts/db/cutover/postgres-shared-key-guardrail-post-reservation-denial-v348-runtime-buyer-client-successor.native.test.mjs
dc7be6f8597333151c450bae3ae15e6585e3b2eb:scripts/db/cutover/postgres-shared-key-guardrail-post-reservation-denial-v348.native.test.mjs
94c12c1e37e7346330486cf9a3a3246af00d95c5:scripts/db/cutover/postgres-shared-key-guardrail-post-reservation-denial-v348.native.test.mjs
dc7be6f8597333151c450bae3ae15e6585e3b2eb:scripts/db/cutover/postgres-replay-reservations-backend-lifecycle-successor.native.test.mjs
dc7be6f8597333151c450bae3ae15e6585e3b2eb:scripts/db/cutover/postgres-replay-reservations.native.test.mjs
63e305a1bdf14c55fede74fb7ff9cbd9f732fc19:scripts/db/cutover/postgres-replay-reservations.native.test.mjs
