Changesets	Create Version PR or push tags	﻿2026-10-06T01:50:47.5479156Z ##[group]Run changesets/action@v1
Changesets	Create Version PR or push tags	2026-10-06T01:50:47.5479397Z with:
Changesets	Create Version PR or push tags	2026-10-06T01:50:47.5479577Z   title: chore: version packages
Changesets	Create Version PR or push tags	2026-10-06T01:50:47.5479798Z   commit: chore: version packages
Changesets	Create Version PR or push tags	2026-10-06T01:50:47.5480026Z   publish: npm run ci:changeset-tag-push
Changesets	Create Version PR or push tags	2026-10-06T01:50:47.5480256Z   createGithubReleases: false
Changesets	Create Version PR or push tags	2026-10-06T01:50:47.5482213Z   github-token: ***
Changesets	Create Version PR or push tags	2026-10-06T01:50:47.5482411Z   setupGitUser: true
Changesets	Create Version PR or push tags	2026-10-06T01:50:47.5482594Z   commitMode: git-cli
Changesets	Create Version PR or push tags	2026-10-06T01:50:47.5482782Z env:
Changesets	Create Version PR or push tags	2026-10-06T01:50:47.5484638Z   GITHUB_TOKEN: ***
Changesets	Create Version PR or push tags	2026-10-06T01:50:47.5484815Z ##[endgroup]
Changesets	Create Version PR or push tags	2026-10-06T01:50:47.6363517Z using resolved cwd: /home/runner/work/cinatoken/cinatoken
Changesets	Create Version PR or push tags	2026-10-06T01:50:47.6377220Z setting git user
Changesets	Create Version PR or push tags	2026-10-06T01:50:47.6405096Z [command]/usr/bin/git config user.name "github-actions[bot]"
Changesets	Create Version PR or push tags	2026-10-06T01:50:47.6474649Z [command]/usr/bin/git config user.email "41898282+github-actions[bot]@users.noreply.github.com"
Changesets	Create Version PR or push tags	2026-10-06T01:50:47.6507964Z setting GitHub credentials
Changesets	Create Version PR or push tags	2026-10-06T01:50:47.6584846Z [command]/usr/bin/git checkout changeset-release/main
Changesets	Create Version PR or push tags	2026-10-06T01:50:48.3013178Z Switched to a new branch 'changeset-release/main'
Changesets	Create Version PR or push tags	2026-10-06T01:50:48.3014627Z branch 'changeset-release/main' set up to track 'origin/changeset-release/main'.
Changesets	Create Version PR or push tags	2026-10-06T01:50:48.3043382Z [command]/usr/bin/git reset --hard 4e2ed5196a26cc43c2a3cb7ea852f1fc6284ff27
Changesets	Create Version PR or push tags	2026-10-06T01:50:48.3783924Z HEAD is now at 4e2ed519 fix(ci): align remaining PG73 fixtures and Web release versions
Changesets	Create Version PR or push tags	2026-10-06T01:50:48.3966163Z [command]/opt/hostedtoolcache/node/22.23.3/x64/bin/node /home/runner/work/cinatoken/cinatoken/node_modules/@changesets/cli/bin.js version
Changesets	Create Version PR or push tags	2026-10-06T01:50:49.6397943Z Error: Cannot find module '@trivago/prettier-plugin-sort-imports'
Changesets	Create Version PR or push tags	2026-10-06T01:50:49.6398342Z Require stack:
Changesets	Create Version PR or push tags	2026-10-06T01:50:49.6398667Z - /home/runner/work/cinatoken/cinatoken/node_modules/prettier/index.js
Changesets	Create Version PR or push tags	2026-10-06T01:50:49.6399255Z - /home/runner/work/cinatoken/cinatoken/node_modules/@changesets/write/dist/changesets-write.cjs.js
Changesets	Create Version PR or push tags	2026-10-06T01:50:49.6399889Z - /home/runner/work/cinatoken/cinatoken/node_modules/@changesets/cli/dist/changesets-cli.cjs.js
Changesets	Create Version PR or push tags	2026-10-06T01:50:49.6400501Z - /home/runner/work/cinatoken/cinatoken/node_modules/@changesets/cli/bin.js
Changesets	Create Version PR or push tags	2026-10-06T01:50:49.6401109Z     at Function._resolveFilename (node:internal/modules/cjs/loader:1430:15)
Changesets	Create Version PR or push tags	2026-10-06T01:50:49.6401471Z     at resolve (node:internal/modules/helpers:157:19)
Changesets	Create Version PR or push tags	2026-10-06T01:50:49.6401860Z     at /home/runner/work/cinatoken/cinatoken/node_modules/prettier/index.js:38119:25
Changesets	Create Version PR or push tags	2026-10-06T01:50:49.6402429Z     at Array.map (<anonymous>)
Changesets	Create Version PR or push tags	2026-10-06T01:50:49.6402814Z     at Object.load (/home/runner/work/cinatoken/cinatoken/node_modules/prettier/index.js:38114:65)
Changesets	Create Version PR or push tags	2026-10-06T01:50:49.6403632Z     at Object.load [as loadPlugins] (/home/runner/work/cinatoken/cinatoken/node_modules/prettier/index.js:16147:23)
Changesets	Create Version PR or push tags	2026-10-06T01:50:49.6404188Z     at /home/runner/work/cinatoken/cinatoken/node_modules/prettier/index.js:38181:24
Changesets	Create Version PR or push tags	2026-10-06T01:50:49.6404702Z     at Object.format (/home/runner/work/cinatoken/cinatoken/node_modules/prettier/index.js:38197:12)
Changesets	Create Version PR or push tags	2026-10-06T01:50:49.6405496Z     at writeFormattedMarkdownFile (/home/runner/work/cinatoken/cinatoken/node_modules/@changesets/apply-release-plan/dist/changesets-apply-release-plan.cjs.js:513:26)
Changesets	Create Version PR or push tags	2026-10-06T01:50:49.6406618Z     at async updateChangelog (/home/runner/work/cinatoken/cinatoken/node_modules/@changesets/apply-release-plan/dist/changesets-apply-release-plan.cjs.js:474:7) {
Changesets	Create Version PR or push tags	2026-10-06T01:50:49.6407449Z   code: 'MODULE_NOT_FOUND',
Changesets	Create Version PR or push tags	2026-10-06T01:50:49.6407715Z   requireStack: [
Changesets	Create Version PR or push tags	2026-10-06T01:50:49.6408117Z     '/home/runner/work/cinatoken/cinatoken/node_modules/prettier/index.js',
Changesets	Create Version PR or push tags	2026-10-06T01:50:49.6408887Z     '/home/runner/work/cinatoken/cinatoken/node_modules/@changesets/write/dist/changesets-write.cjs.js',
Changesets	Create Version PR or push tags	2026-10-06T01:50:49.6409688Z     '/home/runner/work/cinatoken/cinatoken/node_modules/@changesets/cli/dist/changesets-cli.cjs.js',
Changesets	Create Version PR or push tags	2026-10-06T01:50:49.6410372Z     '/home/runner/work/cinatoken/cinatoken/node_modules/@changesets/cli/bin.js'
Changesets	Create Version PR or push tags	2026-10-06T01:50:49.6411169Z   ]
Changesets	Create Version PR or push tags	2026-10-06T01:50:49.6411427Z }
Changesets	Create Version PR or push tags	2026-10-06T01:50:49.6412405Z 🦋  All files have been updated. Review them and commit at your leisure
Changesets	Create Version PR or push tags	2026-10-06T01:50:49.6590396Z node:internal/fs/promises:697
Changesets	Create Version PR or push tags	2026-10-06T01:50:49.6590943Z   return new FileHandle(await PromisePrototypeThen(
Changesets	Create Version PR or push tags	2026-10-06T01:50:49.6591716Z                         ^
Changesets	Create Version PR or push tags	2026-10-06T01:50:49.6591898Z 
Changesets	Create Version PR or push tags	2026-10-06T01:50:49.6592494Z Error: ENOENT: no such file or directory, open '/home/runner/work/cinatoken/cinatoken/packages/web/CHANGELOG.md'
Changesets	Create Version PR or push tags	2026-10-06T01:50:49.6593079Z     at async open (node:internal/fs/promises:697:25)
Changesets	Create Version PR or push tags	2026-10-06T01:50:49.6593434Z     at async Object.readFile (node:internal/fs/promises:1348:14)
Changesets	Create Version PR or push tags	2026-10-06T01:50:49.6593900Z     at async file:///home/runner/work/_actions/changesets/action/v1/dist/index.js:119:628
Changesets	Create Version PR or push tags	2026-10-06T01:50:49.6594266Z     at async Promise.all (index 5) {
Changesets	Create Version PR or push tags	2026-10-06T01:50:49.6594667Z   errno: -2,
Changesets	Create Version PR or push tags	2026-10-06T01:50:49.6594869Z   code: 'ENOENT',
Changesets	Create Version PR or push tags	2026-10-06T01:50:49.6595060Z   syscall: 'open',
Changesets	Create Version PR or push tags	2026-10-06T01:50:49.6595361Z   path: '/home/runner/work/cinatoken/cinatoken/packages/web/CHANGELOG.md'
Changesets	Create Version PR or push tags	2026-10-06T01:50:49.6595659Z }
Changesets	Create Version PR or push tags	2026-10-06T01:50:49.6595753Z 
Changesets	Create Version PR or push tags	2026-10-06T01:50:49.6595826Z Node.js v24.19.0
