[main d537f83] fix(test): preserve native quote timestamp precision
 210 files changed, 108217 insertions(+), 5 deletions(-)
 create mode 100644 docs/developers/architecture/evidence/2026-10-06-quote-version-text-parameters-preparation/README.md
 create mode 100644 docs/developers/architecture/evidence/2026-10-06-quote-version-text-parameters-preparation/collection.json
 create mode 100644 docs/developers/architecture/evidence/2026-10-06-quote-version-text-parameters-preparation/diagnosis/FINAL-quote-version-499-readonly-diagnosis.json
 create mode 100644 docs/developers/architecture/evidence/2026-10-06-quote-version-text-parameters-preparation/diagnosis/STOPWRITE-root-file-index.json
 create mode 100644 docs/developers/architecture/evidence/2026-10-06-quote-version-text-parameters-preparation/diagnosis/actual-producer-tool-receipts.json
 create mode 100644 docs/developers/architecture/evidence/2026-10-06-quote-version-text-parameters-preparation/diagnosis/inspect-proposal-and-active-scope.mjs
 create mode 100644 docs/developers/architecture/evidence/2026-10-06-quote-version-text-parameters-preparation/diagnosis/inspect-static-quote-chain.mjs
 create mode 100644 docs/developers/architecture/evidence/2026-10-06-quote-version-text-parameters-preparation/diagnosis/pre-wrapper-observed-tool-returns.json
 create mode 100644 docs/developers/architecture/evidence/2026-10-06-quote-version-text-parameters-preparation/diagnosis/proposal-and-active-scope-audit.json
 create mode 100644 docs/developers/architecture/evidence/2026-10-06-quote-version-text-parameters-preparation/diagnosis/proposal-scope.result.json
 create mode 100644 docs/developers/architecture/evidence/2026-10-06-quote-version-text-parameters-preparation/diagnosis/proposal-scope.stderr.log
 create mode 100644 docs/developers/architecture/evidence/2026-10-06-quote-version-text-parameters-preparation/diagnosis/proposal-scope.stdout.log
 create mode 100644 docs/developers/architecture/evidence/2026-10-06-quote-version-text-parameters-preparation/diagnosis/run-command.mjs
 create mode 100644 docs/developers/architecture/evidence/2026-10-06-quote-version-text-parameters-preparation/diagnosis/seal-readonly-diagnosis.mjs
 create mode 100644 docs/developers/architecture/evidence/2026-10-06-quote-version-text-parameters-preparation/diagnosis/seal-readonly-diagnosis.result.json
 create mode 100644 docs/developers/architecture/evidence/2026-10-06-quote-version-text-parameters-preparation/diagnosis/seal-readonly-diagnosis.stderr.log
 create mode 100644 docs/developers/architecture/evidence/2026-10-06-quote-version-text-parameters-preparation/diagnosis/seal-readonly-diagnosis.stdout.log
 create mode 100644 docs/developers/architecture/evidence/2026-10-06-quote-version-text-parameters-preparation/diagnosis/source-snapshots/01-postgres-shared-key-quote-versions.native.test.mjs.snapshot
 create mode 100644 docs/developers/architecture/evidence/2026-10-06-quote-version-text-parameters-preparation/diagnosis/source-snapshots/02-shared-key-quote-versions.sql.snapshot
 create mode 100644 docs/developers/architecture/evidence/2026-10-06-quote-version-text-parameters-preparation/diagnosis/source-snapshots/03-pg73-native-fixture.mjs.snapshot
 create mode 100644 docs/developers/architecture/evidence/2026-10-06-quote-version-text-parameters-preparation/diagnosis/source-snapshots/04-postgres-native-cluster.mjs.snapshot
 create mode 100644 docs/developers/architecture/evidence/2026-10-06-quote-version-text-parameters-preparation/diagnosis/source-snapshots/05-proxy-dispatch-safety.yml.snapshot
 create mode 100644 docs/developers/architecture/evidence/2026-10-06-quote-version-text-parameters-preparation/diagnosis/source-snapshots/06-package-lock.json.snapshot
 create mode 100644 docs/developers/architecture/evidence/2026-10-06-quote-version-text-parameters-preparation/diagnosis/source-snapshots/07-.nvmrc.snapshot
 create mode 100644 docs/developers/architecture/evidence/2026-10-06-quote-version-text-parameters-preparation/diagnosis/source-snapshots/08-package.json.snapshot
 create mode 100644 docs/developers/architecture/evidence/2026-10-06-quote-version-text-parameters-preparation/diagnosis/source-snapshots/09-index.js.snapshot
 create mode 100644 docs/developers/architecture/evidence/2026-10-06-quote-version-text-parameters-preparation/diagnosis/source-snapshots/10-types.js.snapshot
 create mode 100644 docs/developers/architecture/evidence/2026-10-06-quote-version-text-parameters-preparation/diagnosis/source-snapshots/11-connection.js.snapshot
 create mode 100644 docs/developers/architecture/evidence/2026-10-06-quote-version-text-parameters-preparation/diagnosis/static-source-chain-audit.json
 create mode 100644 docs/developers/architecture/evidence/2026-10-06-quote-version-text-parameters-preparation/diagnosis/static-source-chain.result.json
 create mode 100644 docs/developers/architecture/evidence/2026-10-06-quote-version-text-parameters-preparation/diagnosis/static-source-chain.stderr.log
 create mode 100644 docs/developers/architecture/evidence/2026-10-06-quote-version-text-parameters-preparation/diagnosis/static-source-chain.stdout.log
 create mode 100644 docs/developers/architecture/evidence/2026-10-06-quote-version-text-parameters-preparation/diagnosis/three-original-query-AST-and-candidate-plan.json
 create mode 100644 docs/developers/architecture/evidence/2026-10-06-quote-version-text-parameters-preparation/owner/FINAL-quote-version-three-casts-preparation.json
 create mode 100644 docs/developers/architecture/evidence/2026-10-06-quote-version-text-parameters-preparation/owner/PREPARATION-SEAL.json
 create mode 100644 docs/developers/architecture/evidence/2026-10-06-quote-version-text-parameters-preparation/owner/audit-casts.closed.json
 create mode 100644 docs/developers/architecture/evidence/2026-10-06-quote-version-text-parameters-preparation/owner/audit-casts.mjs
 create mode 100644 docs/developers/architecture/evidence/2026-10-06-quote-version-text-parameters-preparation/owner/audit-casts.stderr.log
 create mode 100644 docs/developers/architecture/evidence/2026-10-06-quote-version-text-parameters-preparation/owner/audit-casts.stdout.log
 create mode 100644 docs/developers/architecture/evidence/2026-10-06-quote-version-text-parameters-preparation/owner/audit-original-git.closed.json
 create mode 100644 docs/developers/architecture/evidence/2026-10-06-quote-version-text-parameters-preparation/owner/audit-original-git.stderr.log
 create mode 100644 docs/developers/architecture/evidence/2026-10-06-quote-version-text-parameters-preparation/owner/audit-original-git.stdout.log
 create mode 100644 docs/developers/architecture/evidence/2026-10-06-quote-version-text-parameters-preparation/owner/capture.mjs
 create mode 100644 docs/developers/architecture/evidence/2026-10-06-quote-version-text-parameters-preparation/owner/collect-inputs.closed.json
 create mode 100644 docs/developers/architecture/evidence/2026-10-06-quote-version-text-parameters-preparation/owner/collect-inputs.mjs
 create mode 100644 docs/developers/architecture/evidence/2026-10-06-quote-version-text-parameters-preparation/owner/collect-inputs.stderr.log
 create mode 100644 docs/developers/architecture/evidence/2026-10-06-quote-version-text-parameters-preparation/owner/collect-inputs.stdout.log
 create mode 100644 docs/developers/architecture/evidence/2026-10-06-quote-version-text-parameters-preparation/owner/command-manifest.json
 create mode 100644 docs/developers/architecture/evidence/2026-10-06-quote-version-text-parameters-preparation/owner/current-source.closed.json
 create mode 100644 docs/developers/architecture/evidence/2026-10-06-quote-version-text-parameters-preparation/owner/current-source.stderr.log
 create mode 100644 docs/developers/architecture/evidence/2026-10-06-quote-version-text-parameters-preparation/owner/current-source.stdout.log
 create mode 100644 docs/developers/architecture/evidence/2026-10-06-quote-version-text-parameters-preparation/owner/diff-check.closed.json
 create mode 100644 docs/developers/architecture/evidence/2026-10-06-quote-version-text-parameters-preparation/owner/diff-check.stderr.log
 create mode 100644 docs/developers/architecture/evidence/2026-10-06-quote-version-text-parameters-preparation/owner/diff-check.stdout.log
 create mode 100644 docs/developers/architecture/evidence/2026-10-06-quote-version-text-parameters-preparation/owner/final-source-patch.closed.json
 create mode 100644 docs/developers/architecture/evidence/2026-10-06-quote-version-text-parameters-preparation/owner/final-source-patch.stderr.log
 create mode 100644 docs/developers/architecture/evidence/2026-10-06-quote-version-text-parameters-preparation/owner/final-source-patch.stdout.log
 create mode 100644 docs/developers/architecture/evidence/2026-10-06-quote-version-text-parameters-preparation/owner/finalize.closed.json
 create mode 100644 docs/developers/architecture/evidence/2026-10-06-quote-version-text-parameters-preparation/owner/finalize.mjs
 create mode 100644 docs/developers/architecture/evidence/2026-10-06-quote-version-text-parameters-preparation/owner/finalize.stderr.log
 create mode 100644 docs/developers/architecture/evidence/2026-10-06-quote-version-text-parameters-preparation/owner/finalize.stdout.log
 create mode 100644 docs/developers/architecture/evidence/2026-10-06-quote-version-text-parameters-preparation/owner/finish.mjs
 create mode 100644 docs/developers/architecture/evidence/2026-10-06-quote-version-text-parameters-preparation/owner/four-cast-plan.json
 create mode 100644 docs/developers/architecture/evidence/2026-10-06-quote-version-text-parameters-preparation/owner/frozen-diagnosis.closed.json
 create mode 100644 docs/developers/architecture/evidence/2026-10-06-quote-version-text-parameters-preparation/owner/frozen-diagnosis.stderr.log
 create mode 100644 docs/developers/architecture/evidence/2026-10-06-quote-version-text-parameters-preparation/owner/frozen-diagnosis.stdout.log
 create mode 100644 docs/developers/architecture/evidence/2026-10-06-quote-version-text-parameters-preparation/owner/head.closed.json
 create mode 100644 docs/developers/architecture/evidence/2026-10-06-quote-version-text-parameters-preparation/owner/head.stderr.log
 create mode 100644 docs/developers/architecture/evidence/2026-10-06-quote-version-text-parameters-preparation/owner/head.stdout.log
 create mode 100644 docs/developers/architecture/evidence/2026-10-06-quote-version-text-parameters-preparation/owner/independent-cast-audit.json
 create mode 100644 docs/developers/architecture/evidence/2026-10-06-quote-version-text-parameters-preparation/owner/inputs.json
 create mode 100644 docs/developers/architecture/evidence/2026-10-06-quote-version-text-parameters-preparation/owner/instructions-0.closed.json
 create mode 100644 docs/developers/architecture/evidence/2026-10-06-quote-version-text-parameters-preparation/owner/instructions-0.stderr.log
 create mode 100644 docs/developers/architecture/evidence/2026-10-06-quote-version-text-parameters-preparation/owner/instructions-0.stdout.log
 create mode 100644 docs/developers/architecture/evidence/2026-10-06-quote-version-text-parameters-preparation/owner/instructions-1.closed.json
 create mode 100644 docs/developers/architecture/evidence/2026-10-06-quote-version-text-parameters-preparation/owner/instructions-1.stderr.log
 create mode 100644 docs/developers/architecture/evidence/2026-10-06-quote-version-text-parameters-preparation/owner/instructions-1.stdout.log
 create mode 100644 docs/developers/architecture/evidence/2026-10-06-quote-version-text-parameters-preparation/owner/instructions-2.closed.json
 create mode 100644 docs/developers/architecture/evidence/2026-10-06-quote-version-text-parameters-preparation/owner/instructions-2.stderr.log
 create mode 100644 docs/developers/architecture/evidence/2026-10-06-quote-version-text-parameters-preparation/owner/instructions-2.stdout.log
 create mode 100644 docs/developers/architecture/evidence/2026-10-06-quote-version-text-parameters-preparation/owner/instructions-3.closed.json
 create mode 100644 docs/developers/architecture/evidence/2026-10-06-quote-version-text-parameters-preparation/owner/instructions-3.stderr.log
 create mode 100644 docs/developers/architecture/evidence/2026-10-06-quote-version-text-parameters-preparation/owner/instructions-3.stdout.log
 create mode 100644 docs/developers/architecture/evidence/2026-10-06-quote-version-text-parameters-preparation/owner/instructions-4.closed.json
 create mode 100644 docs/developers/architecture/evidence/2026-10-06-quote-version-text-parameters-preparation/owner/instructions-4.stderr.log
 create mode 100644 docs/developers/architecture/evidence/2026-10-06-quote-version-text-parameters-preparation/owner/instructions-4.stdout.log
 create mode 100644 docs/developers/architecture/evidence/2026-10-06-quote-version-text-parameters-preparation/owner/instructions-5.closed.json
 create mode 100644 docs/developers/architecture/evidence/2026-10-06-quote-version-text-parameters-preparation/owner/instructions-5.stderr.log
 create mode 100644 docs/developers/architecture/evidence/2026-10-06-quote-version-text-parameters-preparation/owner/instructions-5.stdout.log
 create mode 100644 docs/developers/architecture/evidence/2026-10-06-quote-version-text-parameters-preparation/owner/offline-serialize-proof.json
 create mode 100644 docs/developers/architecture/evidence/2026-10-06-quote-version-text-parameters-preparation/owner/offline-serialize.closed.json
 create mode 100644 docs/developers/architecture/evidence/2026-10-06-quote-version-text-parameters-preparation/owner/offline-serialize.mjs
 create mode 100644 docs/developers/architecture/evidence/2026-10-06-quote-version-text-parameters-preparation/owner/offline-serialize.stderr.log
 create mode 100644 docs/developers/architecture/evidence/2026-10-06-quote-version-text-parameters-preparation/owner/offline-serialize.stdout.log
 create mode 100644 docs/developers/architecture/evidence/2026-10-06-quote-version-text-parameters-preparation/owner/original-blob.closed.json
 create mode 100644 docs/developers/architecture/evidence/2026-10-06-quote-version-text-parameters-preparation/owner/original-blob.stderr.log
 create mode 100644 docs/developers/architecture/evidence/2026-10-06-quote-version-text-parameters-preparation/owner/original-blob.stdout.log
 create mode 100644 docs/developers/architecture/evidence/2026-10-06-quote-version-text-parameters-preparation/owner/original-source.closed.json
 create mode 100644 docs/developers/architecture/evidence/2026-10-06-quote-version-text-parameters-preparation/owner/original-source.stderr.log
 create mode 100644 docs/developers/architecture/evidence/2026-10-06-quote-version-text-parameters-preparation/owner/original-source.stdout.log
 create mode 100644 docs/developers/architecture/evidence/2026-10-06-quote-version-text-parameters-preparation/owner/prepare-casts.closed.json
 create mode 100644 docs/developers/architecture/evidence/2026-10-06-quote-version-text-parameters-preparation/owner/prepare-casts.mjs
 create mode 100644 docs/developers/architecture/evidence/2026-10-06-quote-version-text-parameters-preparation/owner/prepare-casts.stderr.log
 create mode 100644 docs/developers/architecture/evidence/2026-10-06-quote-version-text-parameters-preparation/owner/prepare-casts.stdout.log
 create mode 100644 docs/developers/architecture/evidence/2026-10-06-quote-version-text-parameters-preparation/owner/protected-0.closed.json
 create mode 100644 docs/developers/architecture/evidence/2026-10-06-quote-version-text-parameters-preparation/owner/protected-0.stderr.log
 create mode 100644 docs/developers/architecture/evidence/2026-10-06-quote-version-text-parameters-preparation/owner/protected-0.stdout.log
 create mode 100644 docs/developers/architecture/evidence/2026-10-06-quote-version-text-parameters-preparation/owner/protected-1.closed.json
 create mode 100644 docs/developers/architecture/evidence/2026-10-06-quote-version-text-parameters-preparation/owner/protected-1.stderr.log
 create mode 100644 docs/developers/architecture/evidence/2026-10-06-quote-version-text-parameters-preparation/owner/protected-1.stdout.log
 create mode 100644 docs/developers/architecture/evidence/2026-10-06-quote-version-text-parameters-preparation/owner/protected-2.closed.json
 create mode 100644 docs/developers/architecture/evidence/2026-10-06-quote-version-text-parameters-preparation/owner/protected-2.stderr.log
 create mode 100644 docs/developers/architecture/evidence/2026-10-06-quote-version-text-parameters-preparation/owner/protected-2.stdout.log
 create mode 100644 docs/developers/architecture/evidence/2026-10-06-quote-version-text-parameters-preparation/owner/protected-3.closed.json
 create mode 100644 docs/developers/architecture/evidence/2026-10-06-quote-version-text-parameters-preparation/owner/protected-3.stderr.log
 create mode 100644 docs/developers/architecture/evidence/2026-10-06-quote-version-text-parameters-preparation/owner/protected-3.stdout.log
 create mode 100644 docs/developers/architecture/evidence/2026-10-06-quote-version-text-parameters-preparation/owner/protected-4.closed.json
 create mode 100644 docs/developers/architecture/evidence/2026-10-06-quote-version-text-parameters-preparation/owner/protected-4.stderr.log
 create mode 100644 docs/developers/architecture/evidence/2026-10-06-quote-version-text-parameters-preparation/owner/protected-4.stdout.log
 create mode 100644 docs/developers/architecture/evidence/2026-10-06-quote-version-text-parameters-preparation/owner/protected-5.closed.json
 create mode 100644 docs/developers/architecture/evidence/2026-10-06-quote-version-text-parameters-preparation/owner/protected-5.stderr.log
 create mode 100644 docs/developers/architecture/evidence/2026-10-06-quote-version-text-parameters-preparation/owner/protected-5.stdout.log
 create mode 100644 docs/developers/architecture/evidence/2026-10-06-quote-version-text-parameters-preparation/owner/protected-6.closed.json
 create mode 100644 docs/developers/architecture/evidence/2026-10-06-quote-version-text-parameters-preparation/owner/protected-6.stderr.log
 create mode 100644 docs/developers/architecture/evidence/2026-10-06-quote-version-text-parameters-preparation/owner/protected-6.stdout.log
 create mode 100644 docs/developers/architecture/evidence/2026-10-06-quote-version-text-parameters-preparation/owner/protected-7.closed.json
 create mode 100644 docs/developers/architecture/evidence/2026-10-06-quote-version-text-parameters-preparation/owner/protected-7.stderr.log
 create mode 100644 docs/developers/architecture/evidence/2026-10-06-quote-version-text-parameters-preparation/owner/protected-7.stdout.log
 create mode 100644 docs/developers/architecture/evidence/2026-10-06-quote-version-text-parameters-preparation/owner/run.mjs
 create mode 100644 docs/developers/architecture/evidence/2026-10-06-quote-version-text-parameters-preparation/owner/source.after.mjs
 create mode 100644 docs/developers/architecture/evidence/2026-10-06-quote-version-text-parameters-preparation/owner/source.before.mjs
 create mode 100644 docs/developers/architecture/evidence/2026-10-06-quote-version-text-parameters-preparation/owner/source.prepared-after.mjs
 create mode 100644 docs/developers/architecture/evidence/2026-10-06-quote-version-text-parameters-preparation/owner/static-checks.json
 create mode 100644 docs/developers/architecture/evidence/2026-10-06-quote-version-text-parameters-preparation/owner/syntax.closed.json
 create mode 100644 docs/developers/architecture/evidence/2026-10-06-quote-version-text-parameters-preparation/owner/syntax.stderr.log
 create mode 100644 docs/developers/architecture/evidence/2026-10-06-quote-version-text-parameters-preparation/owner/syntax.stdout.log
 create mode 100644 docs/developers/architecture/evidence/2026-10-06-quote-version-text-parameters-preparation/owner/target-status.closed.json
 create mode 100644 docs/developers/architecture/evidence/2026-10-06-quote-version-text-parameters-preparation/owner/target-status.stderr.log
 create mode 100644 docs/developers/architecture/evidence/2026-10-06-quote-version-text-parameters-preparation/owner/target-status.stdout.log
 create mode 100644 docs/developers/architecture/evidence/2026-10-06-quote-version-text-parameters-preparation/owner/verify-casts.closed.json
 create mode 100644 docs/developers/architecture/evidence/2026-10-06-quote-version-text-parameters-preparation/owner/verify-casts.mjs
 create mode 100644 docs/developers/architecture/evidence/2026-10-06-quote-version-text-parameters-preparation/owner/verify-casts.stderr.log
 create mode 100644 docs/developers/architecture/evidence/2026-10-06-quote-version-text-parameters-preparation/owner/verify-casts.stdout.log
 create mode 100644 docs/developers/architecture/evidence/2026-10-06-quote-version-text-parameters-preparation/peer/FINAL-native-quote-timecast-independent-peer.json
 create mode 100644 docs/developers/architecture/evidence/2026-10-06-quote-version-text-parameters-preparation/peer/STOPWRITE-native-quote-timecast-peer-seal-v2.json
 create mode 100644 docs/developers/architecture/evidence/2026-10-06-quote-version-text-parameters-preparation/peer/STOPWRITE-native-quote-timecast-peer-seal.json
 create mode 100644 docs/developers/architecture/evidence/2026-10-06-quote-version-text-parameters-preparation/peer/audit-owner-current-source-v2.closed.json
 create mode 100644 docs/developers/architecture/evidence/2026-10-06-quote-version-text-parameters-preparation/peer/audit-owner-current-source-v2.mjs
 create mode 100644 docs/developers/architecture/evidence/2026-10-06-quote-version-text-parameters-preparation/peer/audit-owner-current-source-v2.stderr.log
 create mode 100644 docs/developers/architecture/evidence/2026-10-06-quote-version-text-parameters-preparation/peer/audit-owner-current-source-v2.stdout.log
 create mode 100644 docs/developers/architecture/evidence/2026-10-06-quote-version-text-parameters-preparation/peer/audit-static-candidate-plan.closed.json
 create mode 100644 docs/developers/architecture/evidence/2026-10-06-quote-version-text-parameters-preparation/peer/audit-static-candidate-plan.mjs
 create mode 100644 docs/developers/architecture/evidence/2026-10-06-quote-version-text-parameters-preparation/peer/audit-static-candidate-plan.stderr.log
 create mode 100644 docs/developers/architecture/evidence/2026-10-06-quote-version-text-parameters-preparation/peer/audit-static-candidate-plan.stdout.log
 create mode 100644 docs/developers/architecture/evidence/2026-10-06-quote-version-text-parameters-preparation/peer/audit-three-baselines-driver.closed.json
 create mode 100644 docs/developers/architecture/evidence/2026-10-06-quote-version-text-parameters-preparation/peer/audit-three-baselines-driver.mjs
 create mode 100644 docs/developers/architecture/evidence/2026-10-06-quote-version-text-parameters-preparation/peer/audit-three-baselines-driver.stderr.log
 create mode 100644 docs/developers/architecture/evidence/2026-10-06-quote-version-text-parameters-preparation/peer/audit-three-baselines-driver.stdout.log
 create mode 100644 docs/developers/architecture/evidence/2026-10-06-quote-version-text-parameters-preparation/peer/capture-child.mjs
 create mode 100644 docs/developers/architecture/evidence/2026-10-06-quote-version-text-parameters-preparation/peer/complete-static-review-and-finalize-v2.closed.json
 create mode 100644 docs/developers/architecture/evidence/2026-10-06-quote-version-text-parameters-preparation/peer/complete-static-review-and-finalize-v2.mjs
 create mode 100644 docs/developers/architecture/evidence/2026-10-06-quote-version-text-parameters-preparation/peer/complete-static-review-and-finalize-v2.stderr.log
 create mode 100644 docs/developers/architecture/evidence/2026-10-06-quote-version-text-parameters-preparation/peer/complete-static-review-and-finalize-v2.stdout.log
 create mode 100644 docs/developers/architecture/evidence/2026-10-06-quote-version-text-parameters-preparation/peer/complete-static-review-and-finalize.closed.json
 create mode 100644 docs/developers/architecture/evidence/2026-10-06-quote-version-text-parameters-preparation/peer/complete-static-review-and-finalize.mjs
 create mode 100644 docs/developers/architecture/evidence/2026-10-06-quote-version-text-parameters-preparation/peer/complete-static-review-and-finalize.stderr.log
 create mode 100644 docs/developers/architecture/evidence/2026-10-06-quote-version-text-parameters-preparation/peer/complete-static-review-and-finalize.stdout.log
 create mode 100644 docs/developers/architecture/evidence/2026-10-06-quote-version-text-parameters-preparation/peer/git-five-protected-inputs.closed.json
 create mode 100644 docs/developers/architecture/evidence/2026-10-06-quote-version-text-parameters-preparation/peer/git-five-protected-inputs.stderr.log
 create mode 100644 docs/developers/architecture/evidence/2026-10-06-quote-version-text-parameters-preparation/peer/git-five-protected-inputs.stdout.log
 create mode 100644 docs/developers/architecture/evidence/2026-10-06-quote-version-text-parameters-preparation/peer/git-three-source.closed.json
 create mode 100644 docs/developers/architecture/evidence/2026-10-06-quote-version-text-parameters-preparation/peer/git-three-source.stderr.log
 create mode 100644 docs/developers/architecture/evidence/2026-10-06-quote-version-text-parameters-preparation/peer/git-three-source.stdin.log
 create mode 100644 docs/developers/architecture/evidence/2026-10-06-quote-version-text-parameters-preparation/peer/git-three-source.stdout.log
 create mode 100644 docs/developers/architecture/evidence/2026-10-06-quote-version-text-parameters-preparation/peer/inspect-owner-final.closed.json
 create mode 100644 docs/developers/architecture/evidence/2026-10-06-quote-version-text-parameters-preparation/peer/inspect-owner-final.mjs
 create mode 100644 docs/developers/architecture/evidence/2026-10-06-quote-version-text-parameters-preparation/peer/inspect-owner-final.stderr.log
 create mode 100644 docs/developers/architecture/evidence/2026-10-06-quote-version-text-parameters-preparation/peer/inspect-owner-final.stdout.log
 create mode 100644 docs/developers/architecture/evidence/2026-10-06-quote-version-text-parameters-preparation/peer/inspect-static-candidate-plan.closed.json
 create mode 100644 docs/developers/architecture/evidence/2026-10-06-quote-version-text-parameters-preparation/peer/inspect-static-candidate-plan.mjs
 create mode 100644 docs/developers/architecture/evidence/2026-10-06-quote-version-text-parameters-preparation/peer/inspect-static-candidate-plan.stderr.log
 create mode 100644 docs/developers/architecture/evidence/2026-10-06-quote-version-text-parameters-preparation/peer/inspect-static-candidate-plan.stdout.log
 create mode 100644 docs/developers/architecture/evidence/2026-10-06-quote-version-text-parameters-preparation/peer/locate-driver-candidate.closed.json
 create mode 100644 docs/developers/architecture/evidence/2026-10-06-quote-version-text-parameters-preparation/peer/locate-driver-candidate.mjs
 create mode 100644 docs/developers/architecture/evidence/2026-10-06-quote-version-text-parameters-preparation/peer/locate-driver-candidate.stderr.log
 create mode 100644 docs/developers/architecture/evidence/2026-10-06-quote-version-text-parameters-preparation/peer/locate-driver-candidate.stdout.log
 create mode 100644 docs/developers/architecture/evidence/2026-10-06-quote-version-text-parameters-preparation/peer/preowner-static-baseline.json
 create mode 100644 docs/developers/architecture/evidence/2026-10-06-quote-version-text-parameters-preparation/peer/seal-first-filesystem-attempt-error-observation.json
 create mode 100644 docs/developers/architecture/evidence/2026-10-06-quote-version-text-parameters-preparation/peer/source-baseline-4a9b4fb.snapshot.txt
 create mode 100644 docs/developers/architecture/evidence/2026-10-06-quote-version-text-parameters-preparation/peer/source-baseline-dcc6ab5.snapshot.txt
 create mode 100644 docs/developers/architecture/evidence/2026-10-06-quote-version-text-parameters-preparation/peer/source-baseline-ee122dd.snapshot.txt
 create mode 100644 docs/developers/architecture/evidence/2026-10-06-quote-version-text-parameters-preparation/peer/source-reviewed-after.snapshot.txt
 create mode 100644 docs/developers/architecture/evidence/2026-10-06-quote-version-text-parameters-preparation/root/guard-live-cutover.mjs
 create mode 100644 docs/developers/architecture/evidence/2026-10-06-quote-version-text-parameters-preparation/root/initial-ci-list.result.json
 create mode 100644 docs/developers/architecture/evidence/2026-10-06-quote-version-text-parameters-preparation/root/initial-ci-list.stderr.log
 create mode 100644 docs/developers/architecture/evidence/2026-10-06-quote-version-text-parameters-preparation/root/initial-ci-list.stdout.log
 create mode 100644 docs/developers/architecture/evidence/2026-10-06-quote-version-text-parameters-preparation/root/initial-head.result.json
 create mode 100644 docs/developers/architecture/evidence/2026-10-06-quote-version-text-parameters-preparation/root/initial-head.stderr.log
 create mode 100644 docs/developers/architecture/evidence/2026-10-06-quote-version-text-parameters-preparation/root/initial-head.stdout.log
 create mode 100644 docs/developers/architecture/evidence/2026-10-06-quote-version-text-parameters-preparation/root/initial-remote.result.json
 create mode 100644 docs/developers/architecture/evidence/2026-10-06-quote-version-text-parameters-preparation/root/initial-remote.stderr.log
 create mode 100644 docs/developers/architecture/evidence/2026-10-06-quote-version-text-parameters-preparation/root/initial-remote.stdout.log
 create mode 100644 docs/developers/architecture/evidence/2026-10-06-quote-version-text-parameters-preparation/root/prepare-iteration.mjs
 create mode 100644 docs/developers/architecture/evidence/2026-10-06-quote-version-text-parameters-preparation/root/production-web-readonly.deployment-guard.json
 create mode 100644 docs/developers/architecture/evidence/2026-10-06-quote-version-text-parameters-preparation/root/production-web-readonly.result.json
 create mode 100644 docs/developers/architecture/evidence/2026-10-06-quote-version-text-parameters-preparation/root/production-web-readonly.stderr.log
 create mode 100644 docs/developers/architecture/evidence/2026-10-06-quote-version-text-parameters-preparation/root/production-web-readonly.stdout.log
 create mode 100644 docs/developers/architecture/evidence/2026-10-06-quote-version-text-parameters-preparation/root/run-closed.mjs
