dispatch-safety	Run node --import tsx --test scripts/staging/chat-holder-binding-v364.node.test.mjs scripts/staging/chat-holder-binding-v364-http-cancel-successor.test.mjs	﻿2026-10-06T04:10:26.4601426Z ##[group]Run node --import tsx --test scripts/staging/chat-holder-binding-v364.node.test.mjs scripts/staging/chat-holder-binding-v364-http-cancel-successor.test.mjs
dispatch-safety	Run node --import tsx --test scripts/staging/chat-holder-binding-v364.node.test.mjs scripts/staging/chat-holder-binding-v364-http-cancel-successor.test.mjs	2026-10-06T04:10:26.4602793Z ^[[36;1mnode --import tsx --test scripts/staging/chat-holder-binding-v364.node.test.mjs scripts/staging/chat-holder-binding-v364-http-cancel-successor.test.mjs^[[0m
dispatch-safety	Run node --import tsx --test scripts/staging/chat-holder-binding-v364.node.test.mjs scripts/staging/chat-holder-binding-v364-http-cancel-successor.test.mjs	2026-10-06T04:10:26.4665136Z shell: /usr/bin/bash -e {0}
dispatch-safety	Run node --import tsx --test scripts/staging/chat-holder-binding-v364.node.test.mjs scripts/staging/chat-holder-binding-v364-http-cancel-successor.test.mjs	2026-10-06T04:10:26.4665420Z ##[endgroup]
dispatch-safety	Run node --import tsx --test scripts/staging/chat-holder-binding-v364.node.test.mjs scripts/staging/chat-holder-binding-v364-http-cancel-successor.test.mjs	2026-10-06T04:10:26.5194144Z TAP version 13
dispatch-safety	Run node --import tsx --test scripts/staging/chat-holder-binding-v364.node.test.mjs scripts/staging/chat-holder-binding-v364-http-cancel-successor.test.mjs	2026-10-06T04:10:27.4021702Z # Subtest: v364 configs keep the synthetic holder private and bind only the named holder
dispatch-safety	Run node --import tsx --test scripts/staging/chat-holder-binding-v364.node.test.mjs scripts/staging/chat-holder-binding-v364-http-cancel-successor.test.mjs	2026-10-06T04:10:27.4066795Z ok 1 - v364 configs keep the synthetic holder private and bind only the named holder
dispatch-safety	Run node --import tsx --test scripts/staging/chat-holder-binding-v364.node.test.mjs scripts/staging/chat-holder-binding-v364-http-cancel-successor.test.mjs	2026-10-06T04:10:27.4068260Z   ---
dispatch-safety	Run node --import tsx --test scripts/staging/chat-holder-binding-v364.node.test.mjs scripts/staging/chat-holder-binding-v364-http-cancel-successor.test.mjs	2026-10-06T04:10:27.4068959Z   duration_ms: 1.684225
dispatch-safety	Run node --import tsx --test scripts/staging/chat-holder-binding-v364.node.test.mjs scripts/staging/chat-holder-binding-v364-http-cancel-successor.test.mjs	2026-10-06T04:10:27.4069390Z   type: 'test'
dispatch-safety	Run node --import tsx --test scripts/staging/chat-holder-binding-v364.node.test.mjs scripts/staging/chat-holder-binding-v364-http-cancel-successor.test.mjs	2026-10-06T04:10:27.4069744Z   ...
dispatch-safety	Run node --import tsx --test scripts/staging/chat-holder-binding-v364.node.test.mjs scripts/staging/chat-holder-binding-v364-http-cancel-successor.test.mjs	2026-10-06T04:10:27.4226055Z # Subtest: HTTP fixture cancellation closes its dedicated TCP response before completion
dispatch-safety	Run node --import tsx --test scripts/staging/chat-holder-binding-v364.node.test.mjs scripts/staging/chat-holder-binding-v364-http-cancel-successor.test.mjs	2026-10-06T04:10:27.4232519Z ok 2 - HTTP fixture cancellation closes its dedicated TCP response before completion
dispatch-safety	Run node --import tsx --test scripts/staging/chat-holder-binding-v364.node.test.mjs scripts/staging/chat-holder-binding-v364-http-cancel-successor.test.mjs	2026-10-06T04:10:27.4233626Z   ---
dispatch-safety	Run node --import tsx --test scripts/staging/chat-holder-binding-v364.node.test.mjs scripts/staging/chat-holder-binding-v364-http-cancel-successor.test.mjs	2026-10-06T04:10:27.4234057Z   duration_ms: 22.721564
dispatch-safety	Run node --import tsx --test scripts/staging/chat-holder-binding-v364.node.test.mjs scripts/staging/chat-holder-binding-v364-http-cancel-successor.test.mjs	2026-10-06T04:10:27.4234481Z   type: 'test'
dispatch-safety	Run node --import tsx --test scripts/staging/chat-holder-binding-v364.node.test.mjs scripts/staging/chat-holder-binding-v364-http-cancel-successor.test.mjs	2026-10-06T04:10:27.4234900Z   ...
dispatch-safety	Run node --import tsx --test scripts/staging/chat-holder-binding-v364.node.test.mjs scripts/staging/chat-holder-binding-v364-http-cancel-successor.test.mjs	2026-10-06T04:10:27.8618252Z # Subtest: private Worker rejects oversized, foreign, and malformed six-field requests without disclosing holder data
dispatch-safety	Run node --import tsx --test scripts/staging/chat-holder-binding-v364.node.test.mjs scripts/staging/chat-holder-binding-v364-http-cancel-successor.test.mjs	2026-10-06T04:10:27.8624052Z ok 3 - private Worker rejects oversized, foreign, and malformed six-field requests without disclosing holder data
dispatch-safety	Run node --import tsx --test scripts/staging/chat-holder-binding-v364.node.test.mjs scripts/staging/chat-holder-binding-v364-http-cancel-successor.test.mjs	2026-10-06T04:10:27.8624836Z   ---
dispatch-safety	Run node --import tsx --test scripts/staging/chat-holder-binding-v364.node.test.mjs scripts/staging/chat-holder-binding-v364-http-cancel-successor.test.mjs	2026-10-06T04:10:27.8625214Z   duration_ms: 447.145772
dispatch-safety	Run node --import tsx --test scripts/staging/chat-holder-binding-v364.node.test.mjs scripts/staging/chat-holder-binding-v364-http-cancel-successor.test.mjs	2026-10-06T04:10:27.8625626Z   type: 'test'
dispatch-safety	Run node --import tsx --test scripts/staging/chat-holder-binding-v364.node.test.mjs scripts/staging/chat-holder-binding-v364-http-cancel-successor.test.mjs	2026-10-06T04:10:27.8625992Z   ...
dispatch-safety	Run node --import tsx --test scripts/staging/chat-holder-binding-v364.node.test.mjs scripts/staging/chat-holder-binding-v364-http-cancel-successor.test.mjs	2026-10-06T04:10:28.2186936Z # Subtest: one holder Response streams through the Service Binding before its final chunk is released
dispatch-safety	Run node --import tsx --test scripts/staging/chat-holder-binding-v364.node.test.mjs scripts/staging/chat-holder-binding-v364-http-cancel-successor.test.mjs	2026-10-06T04:10:28.2188596Z ok 4 - one holder Response streams through the Service Binding before its final chunk is released
dispatch-safety	Run node --import tsx --test scripts/staging/chat-holder-binding-v364.node.test.mjs scripts/staging/chat-holder-binding-v364-http-cancel-successor.test.mjs	2026-10-06T04:10:28.2189112Z   ---
dispatch-safety	Run node --import tsx --test scripts/staging/chat-holder-binding-v364.node.test.mjs scripts/staging/chat-holder-binding-v364-http-cancel-successor.test.mjs	2026-10-06T04:10:28.2189375Z   duration_ms: 356.769774
dispatch-safety	Run node --import tsx --test scripts/staging/chat-holder-binding-v364.node.test.mjs scripts/staging/chat-holder-binding-v364-http-cancel-successor.test.mjs	2026-10-06T04:10:28.2189623Z   type: 'test'
dispatch-safety	Run node --import tsx --test scripts/staging/chat-holder-binding-v364.node.test.mjs scripts/staging/chat-holder-binding-v364-http-cancel-successor.test.mjs	2026-10-06T04:10:28.2189834Z   ...
dispatch-safety	Run node --import tsx --test scripts/staging/chat-holder-binding-v364.node.test.mjs scripts/staging/chat-holder-binding-v364-http-cancel-successor.test.mjs	2026-10-06T04:10:29.7389363Z # Subtest: response-body cancellation is observed inside the private holder
dispatch-safety	Run node --import tsx --test scripts/staging/chat-holder-binding-v364.node.test.mjs scripts/staging/chat-holder-binding-v364-http-cancel-successor.test.mjs	2026-10-06T04:10:29.7397425Z not ok 5 - response-body cancellation is observed inside the private holder
dispatch-safety	Run node --import tsx --test scripts/staging/chat-holder-binding-v364.node.test.mjs scripts/staging/chat-holder-binding-v364-http-cancel-successor.test.mjs	2026-10-06T04:10:29.7397908Z   ---
dispatch-safety	Run node --import tsx --test scripts/staging/chat-holder-binding-v364.node.test.mjs scripts/staging/chat-holder-binding-v364-http-cancel-successor.test.mjs	2026-10-06T04:10:29.7398151Z   duration_ms: 1519.647634
dispatch-safety	Run node --import tsx --test scripts/staging/chat-holder-binding-v364.node.test.mjs scripts/staging/chat-holder-binding-v364-http-cancel-successor.test.mjs	2026-10-06T04:10:29.7398413Z   type: 'test'
dispatch-safety	Run node --import tsx --test scripts/staging/chat-holder-binding-v364.node.test.mjs scripts/staging/chat-holder-binding-v364-http-cancel-successor.test.mjs	2026-10-06T04:10:29.7399191Z   location: '/home/runner/work/cinatoken/cinatoken/packages/proxy/scripts/staging/chat-holder-binding-v364-http-cancel-successor.test.mjs:260:1'
dispatch-safety	Run node --import tsx --test scripts/staging/chat-holder-binding-v364.node.test.mjs scripts/staging/chat-holder-binding-v364-http-cancel-successor.test.mjs	2026-10-06T04:10:29.7400207Z   failureType: 'testCodeFailure'
dispatch-safety	Run node --import tsx --test scripts/staging/chat-holder-binding-v364.node.test.mjs scripts/staging/chat-holder-binding-v364-http-cancel-successor.test.mjs	2026-10-06T04:10:29.7400502Z   error: |-
dispatch-safety	Run node --import tsx --test scripts/staging/chat-holder-binding-v364.node.test.mjs scripts/staging/chat-holder-binding-v364-http-cancel-successor.test.mjs	2026-10-06T04:10:29.7400772Z     Expected values to be strictly equal:
dispatch-safety	Run node --import tsx --test scripts/staging/chat-holder-binding-v364.node.test.mjs scripts/staging/chat-holder-binding-v364-http-cancel-successor.test.mjs	2026-10-06T04:10:29.7401064Z     
dispatch-safety	Run node --import tsx --test scripts/staging/chat-holder-binding-v364.node.test.mjs scripts/staging/chat-holder-binding-v364-http-cancel-successor.test.mjs	2026-10-06T04:10:29.7401692Z     null !== 'observed'
dispatch-safety	Run node --import tsx --test scripts/staging/chat-holder-binding-v364.node.test.mjs scripts/staging/chat-holder-binding-v364-http-cancel-successor.test.mjs	2026-10-06T04:10:29.7402076Z     
dispatch-safety	Run node --import tsx --test scripts/staging/chat-holder-binding-v364.node.test.mjs scripts/staging/chat-holder-binding-v364-http-cancel-successor.test.mjs	2026-10-06T04:10:29.7402434Z   code: 'ERR_ASSERTION'
dispatch-safety	Run node --import tsx --test scripts/staging/chat-holder-binding-v364.node.test.mjs scripts/staging/chat-holder-binding-v364-http-cancel-successor.test.mjs	2026-10-06T04:10:29.7402712Z   name: 'AssertionError'
dispatch-safety	Run node --import tsx --test scripts/staging/chat-holder-binding-v364.node.test.mjs scripts/staging/chat-holder-binding-v364-http-cancel-successor.test.mjs	2026-10-06T04:10:29.7402970Z   expected: 'observed'
dispatch-safety	Run node --import tsx --test scripts/staging/chat-holder-binding-v364.node.test.mjs scripts/staging/chat-holder-binding-v364-http-cancel-successor.test.mjs	2026-10-06T04:10:29.7403205Z   actual: ~
dispatch-safety	Run node --import tsx --test scripts/staging/chat-holder-binding-v364.node.test.mjs scripts/staging/chat-holder-binding-v364-http-cancel-successor.test.mjs	2026-10-06T04:10:29.7403429Z   operator: 'strictEqual'
dispatch-safety	Run node --import tsx --test scripts/staging/chat-holder-binding-v364.node.test.mjs scripts/staging/chat-holder-binding-v364-http-cancel-successor.test.mjs	2026-10-06T04:10:29.7403675Z   stack: |-
dispatch-safety	Run node --import tsx --test scripts/staging/chat-holder-binding-v364.node.test.mjs scripts/staging/chat-holder-binding-v364-http-cancel-successor.test.mjs	2026-10-06T04:10:29.7404477Z     TestContext.<anonymous> (file:///home/runner/work/cinatoken/cinatoken/packages/proxy/scripts/staging/chat-holder-binding-v364-http-cancel-successor.test.mjs:278:10)
dispatch-safety	Run node --import tsx --test scripts/staging/chat-holder-binding-v364.node.test.mjs scripts/staging/chat-holder-binding-v364-http-cancel-successor.test.mjs	2026-10-06T04:10:29.7405347Z     async Test.run (node:internal/test_runner/test:1054:7)
dispatch-safety	Run node --import tsx --test scripts/staging/chat-holder-binding-v364.node.test.mjs scripts/staging/chat-holder-binding-v364-http-cancel-successor.test.mjs	2026-10-06T04:10:29.7405854Z     async Test.processPendingSubtests (node:internal/test_runner/test:744:7)
dispatch-safety	Run node --import tsx --test scripts/staging/chat-holder-binding-v364.node.test.mjs scripts/staging/chat-holder-binding-v364-http-cancel-successor.test.mjs	2026-10-06T04:10:29.7406259Z   ...
dispatch-safety	Run node --import tsx --test scripts/staging/chat-holder-binding-v364.node.test.mjs scripts/staging/chat-holder-binding-v364-http-cancel-successor.test.mjs	2026-10-06T04:10:29.7695853Z # Subtest: v364 in-process contract: private holder bounds and validates six fields; gateway forwards no auth or provider data
dispatch-safety	Run node --import tsx --test scripts/staging/chat-holder-binding-v364.node.test.mjs scripts/staging/chat-holder-binding-v364-http-cancel-successor.test.mjs	2026-10-06T04:10:29.7698015Z ok 6 - v364 in-process contract: private holder bounds and validates six fields; gateway forwards no auth or provider data
dispatch-safety	Run node --import tsx --test scripts/staging/chat-holder-binding-v364.node.test.mjs scripts/staging/chat-holder-binding-v364-http-cancel-successor.test.mjs	2026-10-06T04:10:29.7699154Z   ---
dispatch-safety	Run node --import tsx --test scripts/staging/chat-holder-binding-v364.node.test.mjs scripts/staging/chat-holder-binding-v364-http-cancel-successor.test.mjs	2026-10-06T04:10:29.7699570Z   duration_ms: 78.348438
dispatch-safety	Run node --import tsx --test scripts/staging/chat-holder-binding-v364.node.test.mjs scripts/staging/chat-holder-binding-v364-http-cancel-successor.test.mjs	2026-10-06T04:10:29.7700439Z   type: 'test'
dispatch-safety	Run node --import tsx --test scripts/staging/chat-holder-binding-v364.node.test.mjs scripts/staging/chat-holder-binding-v364-http-cancel-successor.test.mjs	2026-10-06T04:10:29.7700849Z   ...
dispatch-safety	Run node --import tsx --test scripts/staging/chat-holder-binding-v364.node.test.mjs scripts/staging/chat-holder-binding-v364-http-cancel-successor.test.mjs	2026-10-06T04:10:29.7702344Z # Subtest: v364 in-process contract: one Response yields a first chunk before holder release and cancellation reaches source
dispatch-safety	Run node --import tsx --test scripts/staging/chat-holder-binding-v364.node.test.mjs scripts/staging/chat-holder-binding-v364-http-cancel-successor.test.mjs	2026-10-06T04:10:29.7704372Z ok 7 - v364 in-process contract: one Response yields a first chunk before holder release and cancellation reaches source
dispatch-safety	Run node --import tsx --test scripts/staging/chat-holder-binding-v364.node.test.mjs scripts/staging/chat-holder-binding-v364-http-cancel-successor.test.mjs	2026-10-06T04:10:29.7705487Z   ---
dispatch-safety	Run node --import tsx --test scripts/staging/chat-holder-binding-v364.node.test.mjs scripts/staging/chat-holder-binding-v364-http-cancel-successor.test.mjs	2026-10-06T04:10:29.7705893Z   duration_ms: 58.566149
dispatch-safety	Run node --import tsx --test scripts/staging/chat-holder-binding-v364.node.test.mjs scripts/staging/chat-holder-binding-v364-http-cancel-successor.test.mjs	2026-10-06T04:10:29.7706367Z   type: 'test'
dispatch-safety	Run node --import tsx --test scripts/staging/chat-holder-binding-v364.node.test.mjs scripts/staging/chat-holder-binding-v364-http-cancel-successor.test.mjs	2026-10-06T04:10:29.7706775Z   ...
dispatch-safety	Run node --import tsx --test scripts/staging/chat-holder-binding-v364.node.test.mjs scripts/staging/chat-holder-binding-v364-http-cancel-successor.test.mjs	2026-10-06T04:10:29.7707941Z # Subtest: v364 in-process cancellation retains the asynchronous holder observation in its request lifetime
dispatch-safety	Run node --import tsx --test scripts/staging/chat-holder-binding-v364.node.test.mjs scripts/staging/chat-holder-binding-v364-http-cancel-successor.test.mjs	2026-10-06T04:10:29.7709392Z ok 8 - v364 in-process cancellation retains the asynchronous holder observation in its request lifetime
dispatch-safety	Run node --import tsx --test scripts/staging/chat-holder-binding-v364.node.test.mjs scripts/staging/chat-holder-binding-v364-http-cancel-successor.test.mjs	2026-10-06T04:10:29.7710190Z   ---
dispatch-safety	Run node --import tsx --test scripts/staging/chat-holder-binding-v364.node.test.mjs scripts/staging/chat-holder-binding-v364-http-cancel-successor.test.mjs	2026-10-06T04:10:29.7710453Z   duration_ms: 2.746405
dispatch-safety	Run node --import tsx --test scripts/staging/chat-holder-binding-v364.node.test.mjs scripts/staging/chat-holder-binding-v364-http-cancel-successor.test.mjs	2026-10-06T04:10:29.7710778Z   type: 'test'
dispatch-safety	Run node --import tsx --test scripts/staging/chat-holder-binding-v364.node.test.mjs scripts/staging/chat-holder-binding-v364-http-cancel-successor.test.mjs	2026-10-06T04:10:29.7711041Z   ...
dispatch-safety	Run node --import tsx --test scripts/staging/chat-holder-binding-v364.node.test.mjs scripts/staging/chat-holder-binding-v364-http-cancel-successor.test.mjs	2026-10-06T04:10:29.7711594Z 1..8
dispatch-safety	Run node --import tsx --test scripts/staging/chat-holder-binding-v364.node.test.mjs scripts/staging/chat-holder-binding-v364-http-cancel-successor.test.mjs	2026-10-06T04:10:29.7711799Z # tests 8
dispatch-safety	Run node --import tsx --test scripts/staging/chat-holder-binding-v364.node.test.mjs scripts/staging/chat-holder-binding-v364-http-cancel-successor.test.mjs	2026-10-06T04:10:29.7711990Z # suites 0
dispatch-safety	Run node --import tsx --test scripts/staging/chat-holder-binding-v364.node.test.mjs scripts/staging/chat-holder-binding-v364-http-cancel-successor.test.mjs	2026-10-06T04:10:29.7712184Z # pass 7
dispatch-safety	Run node --import tsx --test scripts/staging/chat-holder-binding-v364.node.test.mjs scripts/staging/chat-holder-binding-v364-http-cancel-successor.test.mjs	2026-10-06T04:10:29.7712370Z # fail 1
dispatch-safety	Run node --import tsx --test scripts/staging/chat-holder-binding-v364.node.test.mjs scripts/staging/chat-holder-binding-v364-http-cancel-successor.test.mjs	2026-10-06T04:10:29.7712566Z # cancelled 0
dispatch-safety	Run node --import tsx --test scripts/staging/chat-holder-binding-v364.node.test.mjs scripts/staging/chat-holder-binding-v364-http-cancel-successor.test.mjs	2026-10-06T04:10:29.7712787Z # skipped 0
dispatch-safety	Run node --import tsx --test scripts/staging/chat-holder-binding-v364.node.test.mjs scripts/staging/chat-holder-binding-v364-http-cancel-successor.test.mjs	2026-10-06T04:10:29.7712976Z # todo 0
dispatch-safety	Run node --import tsx --test scripts/staging/chat-holder-binding-v364.node.test.mjs scripts/staging/chat-holder-binding-v364-http-cancel-successor.test.mjs	2026-10-06T04:10:29.7713193Z # duration_ms 3266.033308
dispatch-safety	Run node --import tsx --test scripts/staging/chat-holder-binding-v364.node.test.mjs scripts/staging/chat-holder-binding-v364-http-cancel-successor.test.mjs	2026-10-06T04:10:29.7767388Z ##[error]Process completed with exit code 1.
