##[group]Run gosu postgres env HOME=/var/lib/postgresql GATEWAY_NATIVE_PG_BIN=/usr/lib/postgresql/18/bin \
native-financial-consumer	Run gosu postgres env HOME=/var/lib/postgresql GATEWAY_NATIVE_PG_BIN=/usr/lib/postgresql/18/bin \	2026-10-06T04:17:34.3150703Z ^[[36;1mgosu postgres env HOME=/var/lib/postgresql GATEWAY_NATIVE_PG_BIN=/usr/lib/postgresql/18/bin \^[[0m
native-financial-consumer	Run gosu postgres env HOME=/var/lib/postgresql GATEWAY_NATIVE_PG_BIN=/usr/lib/postgresql/18/bin \	2026-10-06T04:17:34.3151499Z ^[[36;1m  TSX_TSCONFIG_PATH=scripts/db/cutover/postgres-complete-text-platform-event-delivery-v402.tsconfig.json \^[[0m
native-financial-consumer	Run gosu postgres env HOME=/var/lib/postgresql GATEWAY_NATIVE_PG_BIN=/usr/lib/postgresql/18/bin \	2026-10-06T04:17:34.3152399Z ^[[36;1m  node --import tsx --test scripts/db/cutover/postgres-complete-text-platform-event-delivery-v402.native.test.mjs^[[0m
native-financial-consumer	Run gosu postgres env HOME=/var/lib/postgresql GATEWAY_NATIVE_PG_BIN=/usr/lib/postgresql/18/bin \	2026-10-06T04:17:34.3153024Z shell: sh -e {0}
native-financial-consumer	Run gosu postgres env HOME=/var/lib/postgresql GATEWAY_NATIVE_PG_BIN=/usr/lib/postgresql/18/bin \	2026-10-06T04:17:34.3153227Z ##[endgroup]
native-financial-consumer	Run gosu postgres env HOME=/var/lib/postgresql GATEWAY_NATIVE_PG_BIN=/usr/lib/postgresql/18/bin \	2026-10-06T04:17:34.4101258Z TAP version 13
native-financial-consumer	Run gosu postgres env HOME=/var/lib/postgresql GATEWAY_NATIVE_PG_BIN=/usr/lib/postgresql/18/bin \	2026-10-06T04:17:37.6582580Z # Runtime grants applied: schema=cinatoken_gateway role=cinatoken_gateway_runtime migration=0074
native-financial-consumer	Run gosu postgres env HOME=/var/lib/postgresql GATEWAY_NATIVE_PG_BIN=/usr/lib/postgresql/18/bin \	2026-10-06T04:17:37.7763681Z # Buyer split activated atomically: policy=v348
native-financial-consumer	Run gosu postgres env HOME=/var/lib/postgresql GATEWAY_NATIVE_PG_BIN=/usr/lib/postgresql/18/bin \	2026-10-06T04:17:37.7947571Z # Buyer split runtime grants reconciled: policy=v348
native-financial-consumer	Run gosu postgres env HOME=/var/lib/postgresql GATEWAY_NATIVE_PG_BIN=/usr/lib/postgresql/18/bin \	2026-10-06T04:17:37.8192555Z # Buyer Guardrail split activated atomically: policy=v349
native-financial-consumer	Run gosu postgres env HOME=/var/lib/postgresql GATEWAY_NATIVE_PG_BIN=/usr/lib/postgresql/18/bin \	2026-10-06T04:17:37.8397143Z # Buyer Guardrail split runtime grants reconciled: policy=v349
native-financial-consumer	Run gosu postgres env HOME=/var/lib/postgresql GATEWAY_NATIVE_PG_BIN=/usr/lib/postgresql/18/bin \	2026-10-06T04:17:38.8321615Z # stage=v400-baseline-v392-v388-v395-v389-v397-catalog-exported
native-financial-consumer	Run gosu postgres env HOME=/var/lib/postgresql GATEWAY_NATIVE_PG_BIN=/usr/lib/postgresql/18/bin \	2026-10-06T04:17:38.8660687Z # stage=v400-successor-default-off-atomic-install
native-financial-consumer	Run gosu postgres env HOME=/var/lib/postgresql GATEWAY_NATIVE_PG_BIN=/usr/lib/postgresql/18/bin \	2026-10-06T04:17:38.9577120Z # stage=v400-successor-rejects-extra-proof-EXEC-with-grant-option-before-atomic-install
native-financial-consumer	Run gosu postgres env HOME=/var/lib/postgresql GATEWAY_NATIVE_PG_BIN=/usr/lib/postgresql/18/bin \	2026-10-06T04:17:39.1120970Z # stage=v400-successor-rejects-changed-pinned-proof-body-before-atomic-install
native-financial-consumer	Run gosu postgres env HOME=/var/lib/postgresql GATEWAY_NATIVE_PG_BIN=/usr/lib/postgresql/18/bin \	2026-10-06T04:17:39.2634779Z # stage=v400-successor-rejects-changed-auth-argument-default-before-atomic-install
native-financial-consumer	Run gosu postgres env HOME=/var/lib/postgresql GATEWAY_NATIVE_PG_BIN=/usr/lib/postgresql/18/bin \	2026-10-06T04:17:39.4145517Z # stage=v400-successor-rejects-extra-BEFORE-grant-trigger-before-atomic-install
native-financial-consumer	Run gosu postgres env HOME=/var/lib/postgresql GATEWAY_NATIVE_PG_BIN=/usr/lib/postgresql/18/bin \	2026-10-06T04:17:39.5680216Z # stage=v400-successor-rejects-source-column-ACL-before-atomic-install
native-financial-consumer	Run gosu postgres env HOME=/var/lib/postgresql GATEWAY_NATIVE_PG_BIN=/usr/lib/postgresql/18/bin \	2026-10-06T04:17:39.7272731Z # stage=v400-successor-rejects-extra-source-trigger-before-atomic-install
native-financial-consumer	Run gosu postgres env HOME=/var/lib/postgresql GATEWAY_NATIVE_PG_BIN=/usr/lib/postgresql/18/bin \	2026-10-06T04:17:39.8769667Z # stage=v400-successor-rejects-source-RLS-before-atomic-install
native-financial-consumer	Run gosu postgres env HOME=/var/lib/postgresql GATEWAY_NATIVE_PG_BIN=/usr/lib/postgresql/18/bin \	2026-10-06T04:17:40.0292588Z # stage=v400-successor-rejects-proof-rewrite-rule-before-atomic-install
native-financial-consumer	Run gosu postgres env HOME=/var/lib/postgresql GATEWAY_NATIVE_PG_BIN=/usr/lib/postgresql/18/bin \	2026-10-06T04:17:40.1769831Z # stage=v400-successor-rejects-schema-default-extra-EXEC-before-atomic-install
native-financial-consumer	Run gosu postgres env HOME=/var/lib/postgresql GATEWAY_NATIVE_PG_BIN=/usr/lib/postgresql/18/bin \	2026-10-06T04:17:40.3208048Z # stage=v400-successor-rejects-migrator-default-table-privilege-before-atomic-install
native-financial-consumer	Run gosu postgres env HOME=/var/lib/postgresql GATEWAY_NATIVE_PG_BIN=/usr/lib/postgresql/18/bin \	2026-10-06T04:17:40.4146181Z # stage=v400-successor-rejects-actual-holder-role-IN-DATABASE-replica-setting-fresh-login-confirmed
native-financial-consumer	Run gosu postgres env HOME=/var/lib/postgresql GATEWAY_NATIVE_PG_BIN=/usr/lib/postgresql/18/bin \	2026-10-06T04:17:40.5109896Z # stage=v400-successor-rejects-proof-LOGIN-SET-session-replication-role-privilege
native-financial-consumer	Run gosu postgres env HOME=/var/lib/postgresql GATEWAY_NATIVE_PG_BIN=/usr/lib/postgresql/18/bin \	2026-10-06T04:17:40.7458815Z # stage=v400-successor-rejects-actual-public-migrator-owned-definer-wrapper-reachable-by-auth-and-projector
native-financial-consumer	Run gosu postgres env HOME=/var/lib/postgresql GATEWAY_NATIVE_PG_BIN=/usr/lib/postgresql/18/bin \	2026-10-06T04:17:41.0628372Z # stage=v400-strict-auth-routing-response-recovery-successor-installed-with-all-existing-fences-preserved
native-financial-consumer	Run gosu postgres env HOME=/var/lib/postgresql GATEWAY_NATIVE_PG_BIN=/usr/lib/postgresql/18/bin \	2026-10-06T04:18:46.6088732Z # stage=actual-worker-lost-observation-COMMIT-ACK-withholds-DONE-independent-reader-same-nonce-recover-no-second-POST
native-financial-consumer	Run gosu postgres env HOME=/var/lib/postgresql GATEWAY_NATIVE_PG_BIN=/usr/lib/postgresql/18/bin \	2026-10-06T04:18:51.1320748Z # stage=actual-no-fetch-runner-closes-only-never-started-grant-quarantines-sent-response-jobs-no-overlap
native-financial-consumer	Run gosu postgres env HOME=/var/lib/postgresql GATEWAY_NATIVE_PG_BIN=/usr/lib/postgresql/18/bin \	2026-10-06T04:18:51.3158439Z # stage=v400-real-grant-call-rejects-policy-epoch-drift-before-physical-send
native-financial-consumer	Run gosu postgres env HOME=/var/lib/postgresql GATEWAY_NATIVE_PG_BIN=/usr/lib/postgresql/18/bin \	2026-10-06T04:18:51.5152033Z # stage=v400-real-custody-call-rejects-policy-epoch-drift-before-physical-send
native-financial-consumer	Run gosu postgres env HOME=/var/lib/postgresql GATEWAY_NATIVE_PG_BIN=/usr/lib/postgresql/18/bin \	2026-10-06T04:18:51.7382256Z # stage=v400-real-start-call-rejects-policy-epoch-drift-before-physical-send
native-financial-consumer	Run gosu postgres env HOME=/var/lib/postgresql GATEWAY_NATIVE_PG_BIN=/usr/lib/postgresql/18/bin \	2026-10-06T04:18:51.9837336Z # stage=v400-two-transaction-source-SHARE-exclusive-policy-cycle-fails-fast-55P03-writer-COMMIT-zero-POST
native-financial-consumer	Run gosu postgres env HOME=/var/lib/postgresql GATEWAY_NATIVE_PG_BIN=/usr/lib/postgresql/18/bin \	2026-10-06T04:18:52.0817868Z # stage=v400-actual-auth-quote-project-preparer-open-circuit-rejects-before-admission-or-holder
native-financial-consumer	Run gosu postgres env HOME=/var/lib/postgresql GATEWAY_NATIVE_PG_BIN=/usr/lib/postgresql/18/bin \	2026-10-06T04:18:52.2488146Z # stage=v400-actual-granter-rejects-nonmember-target-from-admitted-projected-quote
native-financial-consumer	Run gosu postgres env HOME=/var/lib/postgresql GATEWAY_NATIVE_PG_BIN=/usr/lib/postgresql/18/bin \	2026-10-06T04:18:52.4146304Z # stage=v400-actual-source-generation-noop-ABA-rejects-grant-before-POST
native-financial-consumer	Run gosu postgres env HOME=/var/lib/postgresql GATEWAY_NATIVE_PG_BIN=/usr/lib/postgresql/18/bin \	2026-10-06T04:18:52.5035524Z # stage=v400-actual-safe-preparer-rejects-default-endpoint-before-admission-and-POST
native-financial-consumer	Run gosu postgres env HOME=/var/lib/postgresql GATEWAY_NATIVE_PG_BIN=/usr/lib/postgresql/18/bin \	2026-10-06T04:18:52.6564656Z # stage=v400-independent-SQL-grant-fence-rejects-default-endpoint-despite-admission-and-skipped-preparer
native-financial-consumer	Run gosu postgres env HOME=/var/lib/postgresql GATEWAY_NATIVE_PG_BIN=/usr/lib/postgresql/18/bin \	2026-10-06T04:18:52.7478257Z # stage=v400-actual-safe-preparer-rejects-capacity-before-admission-and-POST
native-financial-consumer	Run gosu postgres env HOME=/var/lib/postgresql GATEWAY_NATIVE_PG_BIN=/usr/lib/postgresql/18/bin \	2026-10-06T04:18:52.8988037Z # stage=v400-independent-SQL-grant-fence-rejects-capacity-despite-admission-and-skipped-preparer
native-financial-consumer	Run gosu postgres env HOME=/var/lib/postgresql GATEWAY_NATIVE_PG_BIN=/usr/lib/postgresql/18/bin \	2026-10-06T04:18:53.1870580Z # stage=v400-independent-grant-gate-requires-eligible-witness-for-every-ordered-candidate
native-financial-consumer	Run gosu postgres env HOME=/var/lib/postgresql GATEWAY_NATIVE_PG_BIN=/usr/lib/postgresql/18/bin \	2026-10-06T04:18:56.7878641Z # stage=v400-independent-v396-SQL-rejects-real-quoted-legacy-pool-member-outside-selected-exact-surface
native-financial-consumer	Run gosu postgres env HOME=/var/lib/postgresql GATEWAY_NATIVE_PG_BIN=/usr/lib/postgresql/18/bin \	2026-10-06T04:18:57.0130452Z # stage=v400-actual-auth-due-admitted-ordinary-hold-remains-pending-with-financial-state-preserved
native-financial-consumer	Run gosu postgres env HOME=/var/lib/postgresql GATEWAY_NATIVE_PG_BIN=/usr/lib/postgresql/18/bin \	2026-10-06T04:18:57.0621325Z # stage=v400-actual-auth-due-projected-never-started-grant-remains-pending-with-reserved-amount-preserved
native-financial-consumer	Run gosu postgres env HOME=/var/lib/postgresql GATEWAY_NATIVE_PG_BIN=/usr/lib/postgresql/18/bin \	2026-10-06T04:18:57.1694901Z # stage=v400-legal-v370-v388-terminal-enables-auth-reset-old-v396-quote-stale-no-admission-grant-or-start
native-financial-consumer	Run gosu postgres env HOME=/var/lib/postgresql GATEWAY_NATIVE_PG_BIN=/usr/lib/postgresql/18/bin \	2026-10-06T04:18:58.6156682Z # stage=v400-real-auth-reset-COMMIT-ACK-loss-fresh-login-reconciles-one-epoch-audit-no-new-quote-or-send
native-financial-consumer	Run gosu postgres env HOME=/var/lib/postgresql GATEWAY_NATIVE_PG_BIN=/usr/lib/postgresql/18/bin \	2026-10-06T04:18:58.7690921Z # stage=v400-actual-admitted-unlimited-grant-free-quote-reset-invalidates-old-epoch-v362-claim
native-financial-consumer	Run gosu postgres env HOME=/var/lib/postgresql GATEWAY_NATIVE_PG_BIN=/usr/lib/postgresql/18/bin \	2026-10-06T04:18:58.9208384Z # stage=v400-real-never-started-unresolved-unlimited-zero-hold-grant-still-blocks-auth-reset
native-financial-consumer	Run gosu postgres env HOME=/var/lib/postgresql GATEWAY_NATIVE_PG_BIN=/usr/lib/postgresql/18/bin \	2026-10-06T04:18:58.9928333Z # stage=v400-actual-v389-runner-reconciles-auth-reset-terminal-without-new-financial-write-or-POST
native-financial-consumer	Run gosu postgres env HOME=/var/lib/postgresql GATEWAY_NATIVE_PG_BIN=/usr/lib/postgresql/18/bin \	2026-10-06T04:18:59.0279968Z # {"message":"gateway request started","method":"POST","path":"/v1/chat/completions"}
native-financial-consumer	Run gosu postgres env HOME=/var/lib/postgresql GATEWAY_NATIVE_PG_BIN=/usr/lib/postgresql/18/bin \	2026-10-06T04:18:59.2963458Z # {"message":"gateway request completed","method":"POST","path":"/v1/chat/completions","status":200,"duration_ms":268}
native-financial-consumer	Run gosu postgres env HOME=/var/lib/postgresql GATEWAY_NATIVE_PG_BIN=/usr/lib/postgresql/18/bin \	2026-10-06T04:18:59.3168363Z # stage=v401-actual-Hono-JSON-v1-alias-real-preset-redaction-four-holds-one-POST-durable-observation
native-financial-consumer	Run gosu postgres env HOME=/var/lib/postgresql GATEWAY_NATIVE_PG_BIN=/usr/lib/postgresql/18/bin \	2026-10-06T04:18:59.3175487Z # {"message":"gateway request started","method":"POST","path":"/api/v1/chat/completions"}
native-financial-consumer	Run gosu postgres env HOME=/var/lib/postgresql GATEWAY_NATIVE_PG_BIN=/usr/lib/postgresql/18/bin \	2026-10-06T04:18:59.5494717Z # {"message":"gateway request completed","method":"POST","path":"/api/v1/chat/completions","status":200,"duration_ms":231}
native-financial-consumer	Run gosu postgres env HOME=/var/lib/postgresql GATEWAY_NATIVE_PG_BIN=/usr/lib/postgresql/18/bin \	2026-10-06T04:18:59.5692141Z # stage=v401-actual-Hono-SSE-api-alias-real-preset-redaction-four-holds-one-POST-durable-observation
native-financial-consumer	Run gosu postgres env HOME=/var/lib/postgresql GATEWAY_NATIVE_PG_BIN=/usr/lib/postgresql/18/bin \	2026-10-06T04:18:59.5767855Z # {"message":"gateway request started","method":"POST","path":"/v1/chat/completions"}
native-financial-consumer	Run gosu postgres env HOME=/var/lib/postgresql GATEWAY_NATIVE_PG_BIN=/usr/lib/postgresql/18/bin \	2026-10-06T04:18:59.5801687Z # [Gateway] client error response {
native-financial-consumer	Run gosu postgres env HOME=/var/lib/postgresql GATEWAY_NATIVE_PG_BIN=/usr/lib/postgresql/18/bin \	2026-10-06T04:18:59.5803461Z #   method: 'POST',
native-financial-consumer	Run gosu postgres env HOME=/var/lib/postgresql GATEWAY_NATIVE_PG_BIN=/usr/lib/postgresql/18/bin \	2026-10-06T04:18:59.5807516Z #   path: '/v1/chat/completions',
native-financial-consumer	Run gosu postgres env HOME=/var/lib/postgresql GATEWAY_NATIVE_PG_BIN=/usr/lib/postgresql/18/bin \	2026-10-06T04:18:59.5808378Z #   status: 400,
native-financial-consumer	Run gosu postgres env HOME=/var/lib/postgresql GATEWAY_NATIVE_PG_BIN=/usr/lib/postgresql/18/bin \	2026-10-06T04:18:59.5812350Z #   code: 'gateway.invalid_request'
native-financial-consumer	Run gosu postgres env HOME=/var/lib/postgresql GATEWAY_NATIVE_PG_BIN=/usr/lib/postgresql/18/bin \	2026-10-06T04:18:59.5812821Z # }
native-financial-consumer	Run gosu postgres env HOME=/var/lib/postgresql GATEWAY_NATIVE_PG_BIN=/usr/lib/postgresql/18/bin \	2026-10-06T04:18:59.5813796Z # {"message":"gateway request completed","method":"POST","path":"/v1/chat/completions","status":400,"duration_ms":3}
native-financial-consumer	Run gosu postgres env HOME=/var/lib/postgresql GATEWAY_NATIVE_PG_BIN=/usr/lib/postgresql/18/bin \	2026-10-06T04:18:59.5899637Z # {"message":"gateway request started","method":"POST","path":"/v1/chat/completions"}
native-financial-consumer	Run gosu postgres env HOME=/var/lib/postgresql GATEWAY_NATIVE_PG_BIN=/usr/lib/postgresql/18/bin \	2026-10-06T04:18:59.5907571Z # [Gateway] client error response {
native-financial-consumer	Run gosu postgres env HOME=/var/lib/postgresql GATEWAY_NATIVE_PG_BIN=/usr/lib/postgresql/18/bin \	2026-10-06T04:18:59.5914604Z #   method: 'POST',
native-financial-consumer	Run gosu postgres env HOME=/var/lib/postgresql GATEWAY_NATIVE_PG_BIN=/usr/lib/postgresql/18/bin \	2026-10-06T04:18:59.5915398Z #   path: '/v1/chat/completions',
native-financial-consumer	Run gosu postgres env HOME=/var/lib/postgresql GATEWAY_NATIVE_PG_BIN=/usr/lib/postgresql/18/bin \	2026-10-06T04:18:59.5915706Z #   status: 400,
native-financial-consumer	Run gosu postgres env HOME=/var/lib/postgresql GATEWAY_NATIVE_PG_BIN=/usr/lib/postgresql/18/bin \	2026-10-06T04:18:59.5916302Z #   code: 'gateway.invalid_request'
native-financial-consumer	Run gosu postgres env HOME=/var/lib/postgresql GATEWAY_NATIVE_PG_BIN=/usr/lib/postgresql/18/bin \	2026-10-06T04:18:59.5916572Z # }
native-financial-consumer	Run gosu postgres env HOME=/var/lib/postgresql GATEWAY_NATIVE_PG_BIN=/usr/lib/postgresql/18/bin \	2026-10-06T04:18:59.5917142Z # {"message":"gateway request completed","method":"POST","path":"/v1/chat/completions","status":400,"duration_ms":1}
native-financial-consumer	Run gosu postgres env HOME=/var/lib/postgresql GATEWAY_NATIVE_PG_BIN=/usr/lib/postgresql/18/bin \	2026-10-06T04:18:59.5927520Z # stage=v401-real-Hono-both-metadata-controls-rejected-preauth-no-policy-quote-or-POST
native-financial-consumer	Run gosu postgres env HOME=/var/lib/postgresql GATEWAY_NATIVE_PG_BIN=/usr/lib/postgresql/18/bin \	2026-10-06T04:18:59.5996168Z # {"message":"gateway request started","method":"POST","path":"/api/v1/chat/completions"}
native-financial-consumer	Run gosu postgres env HOME=/var/lib/postgresql GATEWAY_NATIVE_PG_BIN=/usr/lib/postgresql/18/bin \	2026-10-06T04:18:59.6181026Z # [Gateway] client error response {
native-financial-consumer	Run gosu postgres env HOME=/var/lib/postgresql GATEWAY_NATIVE_PG_BIN=/usr/lib/postgresql/18/bin \	2026-10-06T04:18:59.6182263Z #   method: 'POST',
native-financial-consumer	Run gosu postgres env HOME=/var/lib/postgresql GATEWAY_NATIVE_PG_BIN=/usr/lib/postgresql/18/bin \	2026-10-06T04:18:59.6185058Z #   path: '/api/v1/chat/completions',
native-financial-consumer	Run gosu postgres env HOME=/var/lib/postgresql GATEWAY_NATIVE_PG_BIN=/usr/lib/postgresql/18/bin \	2026-10-06T04:18:59.6185963Z #   status: 403,
native-financial-consumer	Run gosu postgres env HOME=/var/lib/postgresql GATEWAY_NATIVE_PG_BIN=/usr/lib/postgresql/18/bin \	2026-10-06T04:18:59.6186850Z #   code: 'gateway.permission_denied'
native-financial-consumer	Run gosu postgres env HOME=/var/lib/postgresql GATEWAY_NATIVE_PG_BIN=/usr/lib/postgresql/18/bin \	2026-10-06T04:18:59.6187498Z # }
native-financial-consumer	Run gosu postgres env HOME=/var/lib/postgresql GATEWAY_NATIVE_PG_BIN=/usr/lib/postgresql/18/bin \	2026-10-06T04:18:59.6188766Z # {"message":"gateway request completed","method":"POST","path":"/api/v1/chat/completions","status":403,"duration_ms":18}
native-financial-consumer	Run gosu postgres env HOME=/var/lib/postgresql GATEWAY_NATIVE_PG_BIN=/usr/lib/postgresql/18/bin \	2026-10-06T04:18:59.6206812Z # stage=v401-real-Hono-actual-output-Guardrail-refused-before-quote-admission-or-POST
native-financial-consumer	Run gosu postgres env HOME=/var/lib/postgresql GATEWAY_NATIVE_PG_BIN=/usr/lib/postgresql/18/bin \	2026-10-06T04:18:59.6237732Z # {"message":"gateway request started","method":"POST","path":"/api/v1/chat/completions"}
native-financial-consumer	Run gosu postgres env HOME=/var/lib/postgresql GATEWAY_NATIVE_PG_BIN=/usr/lib/postgresql/18/bin \	2026-10-06T04:18:59.6383074Z # [Gateway] client error response {
native-financial-consumer	Run gosu postgres env HOME=/var/lib/postgresql GATEWAY_NATIVE_PG_BIN=/usr/lib/postgresql/18/bin \	2026-10-06T04:18:59.6383692Z #   method: 'POST',
native-financial-consumer	Run gosu postgres env HOME=/var/lib/postgresql GATEWAY_NATIVE_PG_BIN=/usr/lib/postgresql/18/bin \	2026-10-06T04:18:59.6386613Z #   path: '/api/v1/chat/completions',
native-financial-consumer	Run gosu postgres env HOME=/var/lib/postgresql GATEWAY_NATIVE_PG_BIN=/usr/lib/postgresql/18/bin \	2026-10-06T04:18:59.6387557Z #   status: 409,
native-financial-consumer	Run gosu postgres env HOME=/var/lib/postgresql GATEWAY_NATIVE_PG_BIN=/usr/lib/postgresql/18/bin \	2026-10-06T04:18:59.6388458Z #   code: 'gateway.resource_conflict'
native-financial-consumer	Run gosu postgres env HOME=/var/lib/postgresql GATEWAY_NATIVE_PG_BIN=/usr/lib/postgresql/18/bin \	2026-10-06T04:18:59.6389210Z # }
native-financial-consumer	Run gosu postgres env HOME=/var/lib/postgresql GATEWAY_NATIVE_PG_BIN=/usr/lib/postgresql/18/bin \	2026-10-06T04:18:59.6390653Z # {"message":"gateway request completed","method":"POST","path":"/api/v1/chat/completions","status":409,"duration_ms":14}
native-financial-consumer	Run gosu postgres env HOME=/var/lib/postgresql GATEWAY_NATIVE_PG_BIN=/usr/lib/postgresql/18/bin \	2026-10-06T04:18:59.6417993Z # stage=v401-real-Hono-due-auth-period-live-sent-obligations-remain-pending-no-epoch-reset-quote-or-POST
native-financial-consumer	Run gosu postgres env HOME=/var/lib/postgresql GATEWAY_NATIVE_PG_BIN=/usr/lib/postgresql/18/bin \	2026-10-06T04:18:59.6419281Z # stage=v401-exclusive-Hono-role-client-chain-two-additional-owned-POSTs-no-legacy-auth-owner-credential-plan-or-usage-writer
native-financial-consumer	Run gosu postgres env HOME=/var/lib/postgresql GATEWAY_NATIVE_PG_BIN=/usr/lib/postgresql/18/bin \	2026-10-06T04:18:59.7320468Z # stage=v400-complete-installed-catalog-start-end-functions-ACL-structure-triggers-principals-defaults-unchanged
native-financial-consumer	Run gosu postgres env HOME=/var/lib/postgresql GATEWAY_NATIVE_PG_BIN=/usr/lib/postgresql/18/bin \	2026-10-06T04:18:59.9178032Z # stage=v402-default-off-install-rejected-no-authority-or-catalog-change
native-financial-consumer	Run gosu postgres env HOME=/var/lib/postgresql GATEWAY_NATIVE_PG_BIN=/usr/lib/postgresql/18/bin \	2026-10-06T04:19:00.0793119Z # stage=v402-install-rejects-new-consumer-financial-column-authority
native-financial-consumer	Run gosu postgres env HOME=/var/lib/postgresql GATEWAY_NATIVE_PG_BIN=/usr/lib/postgresql/18/bin \	2026-10-06T04:19:00.2391469Z # stage=v402-install-rejects-extra-inherited-outbox-trigger
native-financial-consumer	Run gosu postgres env HOME=/var/lib/postgresql GATEWAY_NATIVE_PG_BIN=/usr/lib/postgresql/18/bin \	2026-10-06T04:19:00.7074981Z # stage=v402-strict-installed-catalog-preserves-all-142-functions-93-relations-135-triggers
native-financial-consumer	Run gosu postgres env HOME=/var/lib/postgresql GATEWAY_NATIVE_PG_BIN=/usr/lib/postgresql/18/bin \	2026-10-06T04:19:00.7375577Z # stage=v402-actual-publisher-consumer-LOGIN-denies-raw-secret-financial-receipt-and-unrelated-function-authority
native-financial-consumer	Run gosu postgres env HOME=/var/lib/postgresql GATEWAY_NATIVE_PG_BIN=/usr/lib/postgresql/18/bin \	2026-10-06T04:19:00.7808658Z # stage=v402-actual-consumer-before-scan-projects-real-v388-source-without-financial-write
native-financial-consumer	Run gosu postgres env HOME=/var/lib/postgresql GATEWAY_NATIVE_PG_BIN=/usr/lib/postgresql/18/bin \	2026-10-06T04:19:00.8797422Z # stage=v402-real-non-UTC-consumer-LOGIN-replay-and-observe-preserve-source-projection-hash-and-receipt
native-financial-consumer	Run gosu postgres env HOME=/var/lib/postgresql GATEWAY_NATIVE_PG_BIN=/usr/lib/postgresql/18/bin \	2026-10-06T04:19:00.9558176Z # stage=v402-unwatermarked-scan-discovers-six-existing-events-idempotent-and-already-consumed-job
native-financial-consumer	Run gosu postgres env HOME=/var/lib/postgresql GATEWAY_NATIVE_PG_BIN=/usr/lib/postgresql/18/bin \	2026-10-06T04:19:00.9683413Z # stage=v402-malformed-payload-and-unknown-ID-message-never-ACK-or-project
native-financial-consumer	Run gosu postgres env HOME=/var/lib/postgresql GATEWAY_NATIVE_PG_BIN=/usr/lib/postgresql/18/bin \	2026-10-06T04:19:02.4475593Z # stage=v402-real-claim-COMMIT-response-loss-independent-job-read-no-queue-publication
native-financial-consumer	Run gosu postgres env HOME=/var/lib/postgresql GATEWAY_NATIVE_PG_BIN=/usr/lib/postgresql/18/bin \	2026-10-06T04:19:02.4476922Z # stage=v402-real-uncertain-claim-nonce-replay-same-live-ID-attempt-and-wrong-limit-22023-no-job-change
native-financial-consumer	Run gosu postgres env HOME=/var/lib/postgresql GATEWAY_NATIVE_PG_BIN=/usr/lib/postgresql/18/bin \	2026-10-06T04:19:02.5339436Z # stage=v402-actual-publisher-runner-UUID-only-queue-broker-ACK-is-not-consumption
native-financial-consumer	Run gosu postgres env HOME=/var/lib/postgresql GATEWAY_NATIVE_PG_BIN=/usr/lib/postgresql/18/bin \	2026-10-06T04:19:02.5489310Z # stage=v402-actual-claim-SKIP-LOCKED-skips-owned-held-due-row-and-leases-another
native-financial-consumer	Run gosu postgres env HOME=/var/lib/postgresql GATEWAY_NATIVE_PG_BIN=/usr/lib/postgresql/18/bin \	2026-10-06T04:19:04.0434957Z # stage=v402-real-consumer-runner-COMMIT-response-loss-no-ACK-new-LOGIN-replay-ACK-one-durable-projection-receipt
native-financial-consumer	Run gosu postgres env HOME=/var/lib/postgresql GATEWAY_NATIVE_PG_BIN=/usr/lib/postgresql/18/bin \	2026-10-06T04:19:04.1257305Z # stage=v402-concurrent-real-publishers-distinct-leases-publish-finish-and-duplicate-consumers-one-receipt
native-financial-consumer	Run gosu postgres env HOME=/var/lib/postgresql GATEWAY_NATIVE_PG_BIN=/usr/lib/postgresql/18/bin \	2026-10-06T04:19:05.6794379Z # stage=v402-real-publish-finish-COMMIT-response-loss-independent-read-retains-pending-consumption
native-financial-consumer	Run gosu postgres env HOME=/var/lib/postgresql GATEWAY_NATIVE_PG_BIN=/usr/lib/postgresql/18/bin \	2026-10-06T04:19:05.8445002Z # stage=v402-published-visibility-expiry-republishes-same-ID-consumer-duplicates-ACK-after-one-receipt
native-financial-consumer	Run gosu postgres env HOME=/var/lib/postgresql GATEWAY_NATIVE_PG_BIN=/usr/lib/postgresql/18/bin \	2026-10-06T04:19:06.0204266Z # stage=v402-broker-publication-ACK-loss-and-delayed-consumer-never-create-second-effect
native-financial-consumer	Run gosu postgres env HOME=/var/lib/postgresql GATEWAY_NATIVE_PG_BIN=/usr/lib/postgresql/18/bin \	2026-10-06T04:19:06.7986325Z # stage=v402-seven-real-failed-publications-finite-server-backoff-and-visible-dead-letter
native-financial-consumer	Run gosu postgres env HOME=/var/lib/postgresql GATEWAY_NATIVE_PG_BIN=/usr/lib/postgresql/18/bin \	2026-10-06T04:19:39.2169292Z # stage=v402-real-server-thirty-second-seventh-lease-expiry-reaches-dead-letter-without-time-probe
native-financial-consumer	Run gosu postgres env HOME=/var/lib/postgresql GATEWAY_NATIVE_PG_BIN=/usr/lib/postgresql/18/bin \	2026-10-06T04:19:39.2757502Z # stage=v402-three-reasoned-restores-bounded-history-fourth-refused-seventh-expired-lease-dead-letter
native-financial-consumer	Run gosu postgres env HOME=/var/lib/postgresql GATEWAY_NATIVE_PG_BIN=/usr/lib/postgresql/18/bin \	2026-10-06T04:19:39.5036715Z # stage=v402-all-six-real-source-events-delivered-one-projection-receipt-each-no-financial-or-Provider-write
native-financial-consumer	Run gosu postgres env HOME=/var/lib/postgresql GATEWAY_NATIVE_PG_BIN=/usr/lib/postgresql/18/bin \	2026-10-06T04:19:39.6818025Z # stage=v402-complete-delivery-installed-end-catalog-principals-settings-and-historical-authority-unchanged
native-financial-consumer	Run gosu postgres env HOME=/var/lib/postgresql GATEWAY_NATIVE_PG_BIN=/usr/lib/postgresql/18/bin \	2026-10-06T04:19:40.0067096Z # postgres-complete-text-platform-event-delivery-v402-report=/__w/cinatoken/cinatoken/docs/developers/architecture/implementation-evidence/C04-postgres-complete-text-platform-event-delivery-v402-report.json
native-financial-consumer	Run gosu postgres env HOME=/var/lib/postgresql GATEWAY_NATIVE_PG_BIN=/usr/lib/postgresql/18/bin \	2026-10-06T04:19:40.0083869Z # Subtest: v402 reliable typed platform event delivery after frozen v400 and actual v401 Hono stack
native-financial-consumer	Run gosu postgres env HOME=/var/lib/postgresql GATEWAY_NATIVE_PG_BIN=/usr/lib/postgresql/18/bin \	2026-10-06T04:19:40.0093689Z ok 1 - v402 reliable typed platform event delivery after frozen v400 and actual v401 Hono stack
native-financial-consumer	Run gosu postgres env HOME=/var/lib/postgresql GATEWAY_NATIVE_PG_BIN=/usr/lib/postgresql/18/bin \	2026-10-06T04:19:40.0097406Z   ---
native-financial-consumer	Run gosu postgres env HOME=/var/lib/postgresql GATEWAY_NATIVE_PG_BIN=/usr/lib/postgresql/18/bin \	2026-10-06T04:19:40.0098185Z   duration_ms: 123646.127195
native-financial-consumer	Run gosu postgres env HOME=/var/lib/postgresql GATEWAY_NATIVE_PG_BIN=/usr/lib/postgresql/18/bin \	2026-10-06T04:19:40.0098833Z   type: 'test'
native-financial-consumer	Run gosu postgres env HOME=/var/lib/postgresql GATEWAY_NATIVE_PG_BIN=/usr/lib/postgresql/18/bin \	2026-10-06T04:19:40.0099336Z   ...
native-financial-consumer	Run gosu postgres env HOME=/var/lib/postgresql GATEWAY_NATIVE_PG_BIN=/usr/lib/postgresql/18/bin \	2026-10-06T04:19:40.0385001Z 1..1
native-financial-consumer	Run gosu postgres env HOME=/var/lib/postgresql GATEWAY_NATIVE_PG_BIN=/usr/lib/postgresql/18/bin \	2026-10-06T04:19:40.0385846Z # tests 1
native-financial-consumer	Run gosu postgres env HOME=/var/lib/postgresql GATEWAY_NATIVE_PG_BIN=/usr/lib/postgresql/18/bin \	2026-10-06T04:19:40.0386430Z # suites 0
native-financial-consumer	Run gosu postgres env HOME=/var/lib/postgresql GATEWAY_NATIVE_PG_BIN=/usr/lib/postgresql/18/bin \	2026-10-06T04:19:40.0386854Z # pass 1
native-financial-consumer	Run gosu postgres env HOME=/var/lib/postgresql GATEWAY_NATIVE_PG_BIN=/usr/lib/postgresql/18/bin \	2026-10-06T04:19:40.0387276Z # fail 0
native-financial-consumer	Run gosu postgres env HOME=/var/lib/postgresql GATEWAY_NATIVE_PG_BIN=/usr/lib/postgresql/18/bin \	2026-10-06T04:19:40.0388117Z # cancelled 0
native-financial-consumer	Run gosu postgres env HOME=/var/lib/postgresql GATEWAY_NATIVE_PG_BIN=/usr/lib/postgresql/18/bin \	2026-10-06T04:19:40.0389587Z # skipped 0
native-financial-consumer	Run gosu postgres env HOME=/var/lib/postgresql GATEWAY_NATIVE_PG_BIN=/usr/lib/postgresql/18/bin \	2026-10-06T04:19:40.0390867Z # todo 0
native-financial-consumer	Run gosu postgres env HOME=/var/lib/postgresql GATEWAY_NATIVE_PG_BIN=/usr/lib/postgresql/18/bin \	2026-10-06T04:19:40.0391540Z # duration_ms 125640.08325
native-financial-consumer	Run gosu postgres env HOME=/var/lib/postgresql GATEWAY_NATIVE_PG_BIN=/usr/lib/postgresql/18/bin \	﻿2026-10-06T04:19:40.0506227Z 