##[group]Run gosu postgres env HOME=/var/lib/postgresql GATEWAY_NATIVE_PG_BIN=/usr/lib/postgresql/18/bin \
native-financial-consumer	Run gosu postgres env HOME=/var/lib/postgresql GATEWAY_NATIVE_PG_BIN=/usr/lib/postgresql/18/bin \	2026-10-06T04:13:11.1405425Z ^[[36;1mgosu postgres env HOME=/var/lib/postgresql GATEWAY_NATIVE_PG_BIN=/usr/lib/postgresql/18/bin \^[[0m
native-financial-consumer	Run gosu postgres env HOME=/var/lib/postgresql GATEWAY_NATIVE_PG_BIN=/usr/lib/postgresql/18/bin \	2026-10-06T04:13:11.1406736Z ^[[36;1m  node --import tsx --test scripts/db/cutover/postgres-personal-key-auth-period-v395.native.test.mjs^[[0m
native-financial-consumer	Run gosu postgres env HOME=/var/lib/postgresql GATEWAY_NATIVE_PG_BIN=/usr/lib/postgresql/18/bin \	2026-10-06T04:13:11.1407315Z shell: sh -e {0}
native-financial-consumer	Run gosu postgres env HOME=/var/lib/postgresql GATEWAY_NATIVE_PG_BIN=/usr/lib/postgresql/18/bin \	2026-10-06T04:13:11.1407517Z ##[endgroup]
native-financial-consumer	Run gosu postgres env HOME=/var/lib/postgresql GATEWAY_NATIVE_PG_BIN=/usr/lib/postgresql/18/bin \	2026-10-06T04:13:11.2367392Z TAP version 13
native-financial-consumer	Run gosu postgres env HOME=/var/lib/postgresql GATEWAY_NATIVE_PG_BIN=/usr/lib/postgresql/18/bin \	2026-10-06T04:13:12.7370609Z # Runtime grants applied: schema=cinatoken_gateway role=cinatoken_gateway_runtime migration=0074
native-financial-consumer	Run gosu postgres env HOME=/var/lib/postgresql GATEWAY_NATIVE_PG_BIN=/usr/lib/postgresql/18/bin \	2026-10-06T04:13:12.8650373Z # Buyer split activated atomically: policy=v348
native-financial-consumer	Run gosu postgres env HOME=/var/lib/postgresql GATEWAY_NATIVE_PG_BIN=/usr/lib/postgresql/18/bin \	2026-10-06T04:13:12.8870211Z # Buyer split runtime grants reconciled: policy=v348
native-financial-consumer	Run gosu postgres env HOME=/var/lib/postgresql GATEWAY_NATIVE_PG_BIN=/usr/lib/postgresql/18/bin \	2026-10-06T04:13:12.9146310Z # Buyer Guardrail split activated atomically: policy=v349
native-financial-consumer	Run gosu postgres env HOME=/var/lib/postgresql GATEWAY_NATIVE_PG_BIN=/usr/lib/postgresql/18/bin \	2026-10-06T04:13:12.9386914Z # Buyer Guardrail split runtime grants reconciled: policy=v349
native-financial-consumer	Run gosu postgres env HOME=/var/lib/postgresql GATEWAY_NATIVE_PG_BIN=/usr/lib/postgresql/18/bin \	2026-10-06T04:13:16.9372660Z # personal-key-auth-period-v395-report=/__w/cinatoken/cinatoken/docs/developers/architecture/implementation-evidence/C04-personal-key-auth-period-v395-report.json
native-financial-consumer	Run gosu postgres env HOME=/var/lib/postgresql GATEWAY_NATIVE_PG_BIN=/usr/lib/postgresql/18/bin \	2026-10-06T04:13:16.9390384Z # Subtest: v395 direct personal bearer auth preserves unresolved obligations before UTC period reset
native-financial-consumer	Run gosu postgres env HOME=/var/lib/postgresql GATEWAY_NATIVE_PG_BIN=/usr/lib/postgresql/18/bin \	2026-10-06T04:13:16.9400500Z ok 1 - v395 direct personal bearer auth preserves unresolved obligations before UTC period reset
native-financial-consumer	Run gosu postgres env HOME=/var/lib/postgresql GATEWAY_NATIVE_PG_BIN=/usr/lib/postgresql/18/bin \	2026-10-06T04:13:16.9402423Z   ---
native-financial-consumer	Run gosu postgres env HOME=/var/lib/postgresql GATEWAY_NATIVE_PG_BIN=/usr/lib/postgresql/18/bin \	2026-10-06T04:13:16.9403117Z   duration_ms: 5477.218823
native-financial-consumer	Run gosu postgres env HOME=/var/lib/postgresql GATEWAY_NATIVE_PG_BIN=/usr/lib/postgresql/18/bin \	2026-10-06T04:13:16.9403573Z   type: 'test'
native-financial-consumer	Run gosu postgres env HOME=/var/lib/postgresql GATEWAY_NATIVE_PG_BIN=/usr/lib/postgresql/18/bin \	2026-10-06T04:13:16.9403919Z   ...
native-financial-consumer	Run gosu postgres env HOME=/var/lib/postgresql GATEWAY_NATIVE_PG_BIN=/usr/lib/postgresql/18/bin \	2026-10-06T04:13:16.9568981Z 1..1
native-financial-consumer	Run gosu postgres env HOME=/var/lib/postgresql GATEWAY_NATIVE_PG_BIN=/usr/lib/postgresql/18/bin \	2026-10-06T04:13:16.9569562Z # tests 1
native-financial-consumer	Run gosu postgres env HOME=/var/lib/postgresql GATEWAY_NATIVE_PG_BIN=/usr/lib/postgresql/18/bin \	2026-10-06T04:13:16.9570143Z # suites 0
native-financial-consumer	Run gosu postgres env HOME=/var/lib/postgresql GATEWAY_NATIVE_PG_BIN=/usr/lib/postgresql/18/bin \	2026-10-06T04:13:16.9572871Z # pass 1
native-financial-consumer	Run gosu postgres env HOME=/var/lib/postgresql GATEWAY_NATIVE_PG_BIN=/usr/lib/postgresql/18/bin \	2026-10-06T04:13:16.9573503Z # fail 0
native-financial-consumer	Run gosu postgres env HOME=/var/lib/postgresql GATEWAY_NATIVE_PG_BIN=/usr/lib/postgresql/18/bin \	2026-10-06T04:13:16.9574324Z # cancelled 0
native-financial-consumer	Run gosu postgres env HOME=/var/lib/postgresql GATEWAY_NATIVE_PG_BIN=/usr/lib/postgresql/18/bin \	2026-10-06T04:13:16.9576182Z # skipped 0
native-financial-consumer	Run gosu postgres env HOME=/var/lib/postgresql GATEWAY_NATIVE_PG_BIN=/usr/lib/postgresql/18/bin \	2026-10-06T04:13:16.9578972Z # todo 0
native-financial-consumer	Run gosu postgres env HOME=/var/lib/postgresql GATEWAY_NATIVE_PG_BIN=/usr/lib/postgresql/18/bin \	2026-10-06T04:13:16.9579869Z # duration_ms 5732.432597
native-financial-consumer	Run gosu postgres env HOME=/var/lib/postgresql GATEWAY_NATIVE_PG_BIN=/usr/lib/postgresql/18/bin \	﻿2026-10-06T04:13:16.9695392Z 