##[group]Run gosu postgres env HOME=/var/lib/postgresql GATEWAY_NATIVE_PG_BIN=/usr/lib/postgresql/18/bin \
native-financial-consumer	Run gosu postgres env HOME=/var/lib/postgresql GATEWAY_NATIVE_PG_BIN=/usr/lib/postgresql/18/bin \	2026-10-06T04:12:14.1736690Z ^[[36;1mgosu postgres env HOME=/var/lib/postgresql GATEWAY_NATIVE_PG_BIN=/usr/lib/postgresql/18/bin \^[[0m
native-financial-consumer	Run gosu postgres env HOME=/var/lib/postgresql GATEWAY_NATIVE_PG_BIN=/usr/lib/postgresql/18/bin \	2026-10-06T04:12:14.1737504Z ^[[36;1m  node --import tsx --test scripts/db/cutover/postgres-complete-text-no-fetch-recovery-v389.native.test.mjs^[[0m
native-financial-consumer	Run gosu postgres env HOME=/var/lib/postgresql GATEWAY_NATIVE_PG_BIN=/usr/lib/postgresql/18/bin \	2026-10-06T04:12:14.1738102Z shell: sh -e {0}
native-financial-consumer	Run gosu postgres env HOME=/var/lib/postgresql GATEWAY_NATIVE_PG_BIN=/usr/lib/postgresql/18/bin \	2026-10-06T04:12:14.1738300Z ##[endgroup]
native-financial-consumer	Run gosu postgres env HOME=/var/lib/postgresql GATEWAY_NATIVE_PG_BIN=/usr/lib/postgresql/18/bin \	2026-10-06T04:12:14.2664283Z TAP version 13
native-financial-consumer	Run gosu postgres env HOME=/var/lib/postgresql GATEWAY_NATIVE_PG_BIN=/usr/lib/postgresql/18/bin \	2026-10-06T04:12:15.7015065Z # Runtime grants applied: schema=cinatoken_gateway role=cinatoken_gateway_runtime migration=0074
native-financial-consumer	Run gosu postgres env HOME=/var/lib/postgresql GATEWAY_NATIVE_PG_BIN=/usr/lib/postgresql/18/bin \	2026-10-06T04:12:15.8230629Z # Buyer split activated atomically: policy=v348
native-financial-consumer	Run gosu postgres env HOME=/var/lib/postgresql GATEWAY_NATIVE_PG_BIN=/usr/lib/postgresql/18/bin \	2026-10-06T04:12:15.8427668Z # Buyer split runtime grants reconciled: policy=v348
native-financial-consumer	Run gosu postgres env HOME=/var/lib/postgresql GATEWAY_NATIVE_PG_BIN=/usr/lib/postgresql/18/bin \	2026-10-06T04:12:15.8685430Z # Buyer Guardrail split activated atomically: policy=v349
native-financial-consumer	Run gosu postgres env HOME=/var/lib/postgresql GATEWAY_NATIVE_PG_BIN=/usr/lib/postgresql/18/bin \	2026-10-06T04:12:15.8896707Z # Buyer Guardrail split runtime grants reconciled: policy=v349
native-financial-consumer	Run gosu postgres env HOME=/var/lib/postgresql GATEWAY_NATIVE_PG_BIN=/usr/lib/postgresql/18/bin \	2026-10-06T04:12:41.5543146Z # complete-text-no-fetch-recovery-v389-report=/__w/cinatoken/cinatoken/docs/developers/architecture/implementation-evidence/C04-complete-text-no-fetch-recovery-v389-report.json
native-financial-consumer	Run gosu postgres env HOME=/var/lib/postgresql GATEWAY_NATIVE_PG_BIN=/usr/lib/postgresql/18/bin \	2026-10-06T04:12:41.5558648Z # Subtest: v389 durable no-fetch recovery survives every acknowledged boundary and process-local nonce loss
native-financial-consumer	Run gosu postgres env HOME=/var/lib/postgresql GATEWAY_NATIVE_PG_BIN=/usr/lib/postgresql/18/bin \	2026-10-06T04:12:41.5564988Z ok 1 - v389 durable no-fetch recovery survives every acknowledged boundary and process-local nonce loss
native-financial-consumer	Run gosu postgres env HOME=/var/lib/postgresql GATEWAY_NATIVE_PG_BIN=/usr/lib/postgresql/18/bin \	2026-10-06T04:12:41.5571036Z   ---
native-financial-consumer	Run gosu postgres env HOME=/var/lib/postgresql GATEWAY_NATIVE_PG_BIN=/usr/lib/postgresql/18/bin \	2026-10-06T04:12:41.5571460Z   duration_ms: 27055.925792
native-financial-consumer	Run gosu postgres env HOME=/var/lib/postgresql GATEWAY_NATIVE_PG_BIN=/usr/lib/postgresql/18/bin \	2026-10-06T04:12:41.5572403Z   type: 'test'
native-financial-consumer	Run gosu postgres env HOME=/var/lib/postgresql GATEWAY_NATIVE_PG_BIN=/usr/lib/postgresql/18/bin \	2026-10-06T04:12:41.5572789Z   ...
native-financial-consumer	Run gosu postgres env HOME=/var/lib/postgresql GATEWAY_NATIVE_PG_BIN=/usr/lib/postgresql/18/bin \	2026-10-06T04:12:41.5745569Z 1..1
native-financial-consumer	Run gosu postgres env HOME=/var/lib/postgresql GATEWAY_NATIVE_PG_BIN=/usr/lib/postgresql/18/bin \	2026-10-06T04:12:41.5746660Z # tests 1
native-financial-consumer	Run gosu postgres env HOME=/var/lib/postgresql GATEWAY_NATIVE_PG_BIN=/usr/lib/postgresql/18/bin \	2026-10-06T04:12:41.5747708Z # suites 0
native-financial-consumer	Run gosu postgres env HOME=/var/lib/postgresql GATEWAY_NATIVE_PG_BIN=/usr/lib/postgresql/18/bin \	2026-10-06T04:12:41.5748599Z # pass 1
native-financial-consumer	Run gosu postgres env HOME=/var/lib/postgresql GATEWAY_NATIVE_PG_BIN=/usr/lib/postgresql/18/bin \	2026-10-06T04:12:41.5749458Z # fail 0
native-financial-consumer	Run gosu postgres env HOME=/var/lib/postgresql GATEWAY_NATIVE_PG_BIN=/usr/lib/postgresql/18/bin \	2026-10-06T04:12:41.5753198Z # cancelled 0
native-financial-consumer	Run gosu postgres env HOME=/var/lib/postgresql GATEWAY_NATIVE_PG_BIN=/usr/lib/postgresql/18/bin \	2026-10-06T04:12:41.5753573Z # skipped 0
native-financial-consumer	Run gosu postgres env HOME=/var/lib/postgresql GATEWAY_NATIVE_PG_BIN=/usr/lib/postgresql/18/bin \	2026-10-06T04:12:41.5754118Z # todo 0
native-financial-consumer	Run gosu postgres env HOME=/var/lib/postgresql GATEWAY_NATIVE_PG_BIN=/usr/lib/postgresql/18/bin \	2026-10-06T04:12:41.5755462Z # duration_ms 27320.158926
native-financial-consumer	Run gosu postgres env HOME=/var/lib/postgresql GATEWAY_NATIVE_PG_BIN=/usr/lib/postgresql/18/bin \	﻿2026-10-06T04:12:41.5853943Z 