##[group]Run gosu postgres env HOME=/var/lib/postgresql GATEWAY_NATIVE_PG_BIN=/usr/lib/postgresql/18/bin \
native-financial-consumer	Run gosu postgres env HOME=/var/lib/postgresql GATEWAY_NATIVE_PG_BIN=/usr/lib/postgresql/18/bin \	2026-10-06T04:12:00.5433175Z ^[[36;1mgosu postgres env HOME=/var/lib/postgresql GATEWAY_NATIVE_PG_BIN=/usr/lib/postgresql/18/bin \^[[0m
native-financial-consumer	Run gosu postgres env HOME=/var/lib/postgresql GATEWAY_NATIVE_PG_BIN=/usr/lib/postgresql/18/bin \	2026-10-06T04:12:00.5433994Z ^[[36;1m  node --import tsx --test scripts/db/cutover/postgres-complete-text-no-fetch-platform-close-v388.native.test.mjs^[[0m
native-financial-consumer	Run gosu postgres env HOME=/var/lib/postgresql GATEWAY_NATIVE_PG_BIN=/usr/lib/postgresql/18/bin \	2026-10-06T04:12:00.5434620Z shell: sh -e {0}
native-financial-consumer	Run gosu postgres env HOME=/var/lib/postgresql GATEWAY_NATIVE_PG_BIN=/usr/lib/postgresql/18/bin \	2026-10-06T04:12:00.5434822Z ##[endgroup]
native-financial-consumer	Run gosu postgres env HOME=/var/lib/postgresql GATEWAY_NATIVE_PG_BIN=/usr/lib/postgresql/18/bin \	2026-10-06T04:12:00.6373123Z TAP version 13
native-financial-consumer	Run gosu postgres env HOME=/var/lib/postgresql GATEWAY_NATIVE_PG_BIN=/usr/lib/postgresql/18/bin \	2026-10-06T04:12:02.0592178Z # Runtime grants applied: schema=cinatoken_gateway role=cinatoken_gateway_runtime migration=0074
native-financial-consumer	Run gosu postgres env HOME=/var/lib/postgresql GATEWAY_NATIVE_PG_BIN=/usr/lib/postgresql/18/bin \	2026-10-06T04:12:02.1770623Z # Buyer split activated atomically: policy=v348
native-financial-consumer	Run gosu postgres env HOME=/var/lib/postgresql GATEWAY_NATIVE_PG_BIN=/usr/lib/postgresql/18/bin \	2026-10-06T04:12:02.1973180Z # Buyer split runtime grants reconciled: policy=v348
native-financial-consumer	Run gosu postgres env HOME=/var/lib/postgresql GATEWAY_NATIVE_PG_BIN=/usr/lib/postgresql/18/bin \	2026-10-06T04:12:02.2240391Z # Buyer Guardrail split activated atomically: policy=v349
native-financial-consumer	Run gosu postgres env HOME=/var/lib/postgresql GATEWAY_NATIVE_PG_BIN=/usr/lib/postgresql/18/bin \	2026-10-06T04:12:02.2447551Z # Buyer Guardrail split runtime grants reconciled: policy=v349
native-financial-consumer	Run gosu postgres env HOME=/var/lib/postgresql GATEWAY_NATIVE_PG_BIN=/usr/lib/postgresql/18/bin \	2026-10-06T04:12:14.1445202Z # complete-text-no-fetch-platform-close-v388-report=/__w/cinatoken/cinatoken/docs/developers/architecture/implementation-evidence/C04-complete-text-no-fetch-platform-close-v388-report.json
native-financial-consumer	Run gosu postgres env HOME=/var/lib/postgresql GATEWAY_NATIVE_PG_BIN=/usr/lib/postgresql/18/bin \	2026-10-06T04:12:14.1471430Z # Subtest: v388 no-fetch platform closer atomically frees holds and commits zero buyer terminal
native-financial-consumer	Run gosu postgres env HOME=/var/lib/postgresql GATEWAY_NATIVE_PG_BIN=/usr/lib/postgresql/18/bin \	2026-10-06T04:12:14.1472913Z ok 1 - v388 no-fetch platform closer atomically frees holds and commits zero buyer terminal
native-financial-consumer	Run gosu postgres env HOME=/var/lib/postgresql GATEWAY_NATIVE_PG_BIN=/usr/lib/postgresql/18/bin \	2026-10-06T04:12:14.1473784Z   ---
native-financial-consumer	Run gosu postgres env HOME=/var/lib/postgresql GATEWAY_NATIVE_PG_BIN=/usr/lib/postgresql/18/bin \	2026-10-06T04:12:14.1474183Z   duration_ms: 13280.891294
native-financial-consumer	Run gosu postgres env HOME=/var/lib/postgresql GATEWAY_NATIVE_PG_BIN=/usr/lib/postgresql/18/bin \	2026-10-06T04:12:14.1474649Z   type: 'test'
native-financial-consumer	Run gosu postgres env HOME=/var/lib/postgresql GATEWAY_NATIVE_PG_BIN=/usr/lib/postgresql/18/bin \	2026-10-06T04:12:14.1475033Z   ...
native-financial-consumer	Run gosu postgres env HOME=/var/lib/postgresql GATEWAY_NATIVE_PG_BIN=/usr/lib/postgresql/18/bin \	2026-10-06T04:12:14.1623402Z 1..1
native-financial-consumer	Run gosu postgres env HOME=/var/lib/postgresql GATEWAY_NATIVE_PG_BIN=/usr/lib/postgresql/18/bin \	2026-10-06T04:12:14.1626644Z # tests 1
native-financial-consumer	Run gosu postgres env HOME=/var/lib/postgresql GATEWAY_NATIVE_PG_BIN=/usr/lib/postgresql/18/bin \	2026-10-06T04:12:14.1627080Z # suites 0
native-financial-consumer	Run gosu postgres env HOME=/var/lib/postgresql GATEWAY_NATIVE_PG_BIN=/usr/lib/postgresql/18/bin \	2026-10-06T04:12:14.1627478Z # pass 1
native-financial-consumer	Run gosu postgres env HOME=/var/lib/postgresql GATEWAY_NATIVE_PG_BIN=/usr/lib/postgresql/18/bin \	2026-10-06T04:12:14.1628539Z # fail 0
native-financial-consumer	Run gosu postgres env HOME=/var/lib/postgresql GATEWAY_NATIVE_PG_BIN=/usr/lib/postgresql/18/bin \	2026-10-06T04:12:14.1628824Z # cancelled 0
native-financial-consumer	Run gosu postgres env HOME=/var/lib/postgresql GATEWAY_NATIVE_PG_BIN=/usr/lib/postgresql/18/bin \	2026-10-06T04:12:14.1629639Z # skipped 0
native-financial-consumer	Run gosu postgres env HOME=/var/lib/postgresql GATEWAY_NATIVE_PG_BIN=/usr/lib/postgresql/18/bin \	2026-10-06T04:12:14.1631040Z # todo 0
native-financial-consumer	Run gosu postgres env HOME=/var/lib/postgresql GATEWAY_NATIVE_PG_BIN=/usr/lib/postgresql/18/bin \	2026-10-06T04:12:14.1632767Z # duration_ms 13537.06209
native-financial-consumer	Run gosu postgres env HOME=/var/lib/postgresql GATEWAY_NATIVE_PG_BIN=/usr/lib/postgresql/18/bin \	﻿2026-10-06T04:12:14.1735270Z 