##[group]Run gosu postgres env HOME=/var/lib/postgresql GATEWAY_NATIVE_PG_BIN=/usr/lib/postgresql/18/bin \
native-financial-consumer	Run gosu postgres env HOME=/var/lib/postgresql GATEWAY_NATIVE_PG_BIN=/usr/lib/postgresql/18/bin \	2026-10-06T04:13:16.9696762Z ^[[36;1mgosu postgres env HOME=/var/lib/postgresql GATEWAY_NATIVE_PG_BIN=/usr/lib/postgresql/18/bin \^[[0m
native-financial-consumer	Run gosu postgres env HOME=/var/lib/postgresql GATEWAY_NATIVE_PG_BIN=/usr/lib/postgresql/18/bin \	2026-10-06T04:13:16.9697689Z ^[[36;1m  TSX_TSCONFIG_PATH=scripts/db/cutover/postgres-complete-text-routing-projection-v396.tsconfig.json \^[[0m
native-financial-consumer	Run gosu postgres env HOME=/var/lib/postgresql GATEWAY_NATIVE_PG_BIN=/usr/lib/postgresql/18/bin \	2026-10-06T04:13:16.9698711Z ^[[36;1m  node --import tsx --test scripts/db/cutover/postgres-complete-text-routing-projection-v396.native.test.mjs^[[0m
native-financial-consumer	Run gosu postgres env HOME=/var/lib/postgresql GATEWAY_NATIVE_PG_BIN=/usr/lib/postgresql/18/bin \	2026-10-06T04:13:16.9699414Z shell: sh -e {0}
native-financial-consumer	Run gosu postgres env HOME=/var/lib/postgresql GATEWAY_NATIVE_PG_BIN=/usr/lib/postgresql/18/bin \	2026-10-06T04:13:16.9699650Z ##[endgroup]
native-financial-consumer	Run gosu postgres env HOME=/var/lib/postgresql GATEWAY_NATIVE_PG_BIN=/usr/lib/postgresql/18/bin \	2026-10-06T04:13:17.0652380Z TAP version 13
native-financial-consumer	Run gosu postgres env HOME=/var/lib/postgresql GATEWAY_NATIVE_PG_BIN=/usr/lib/postgresql/18/bin \	2026-10-06T04:13:19.6581721Z # Runtime grants applied: schema=cinatoken_gateway role=cinatoken_gateway_runtime migration=0074
native-financial-consumer	Run gosu postgres env HOME=/var/lib/postgresql GATEWAY_NATIVE_PG_BIN=/usr/lib/postgresql/18/bin \	2026-10-06T04:13:19.7758551Z # Buyer split activated atomically: policy=v348
native-financial-consumer	Run gosu postgres env HOME=/var/lib/postgresql GATEWAY_NATIVE_PG_BIN=/usr/lib/postgresql/18/bin \	2026-10-06T04:13:19.7953621Z # Buyer split runtime grants reconciled: policy=v348
native-financial-consumer	Run gosu postgres env HOME=/var/lib/postgresql GATEWAY_NATIVE_PG_BIN=/usr/lib/postgresql/18/bin \	2026-10-06T04:13:19.8218084Z # Buyer Guardrail split activated atomically: policy=v349
native-financial-consumer	Run gosu postgres env HOME=/var/lib/postgresql GATEWAY_NATIVE_PG_BIN=/usr/lib/postgresql/18/bin \	2026-10-06T04:13:19.8461059Z # Buyer Guardrail split runtime grants reconciled: policy=v349
native-financial-consumer	Run gosu postgres env HOME=/var/lib/postgresql GATEWAY_NATIVE_PG_BIN=/usr/lib/postgresql/18/bin \	2026-10-06T04:14:30.8678599Z # complete-text-routing-projection-v396-report=/__w/cinatoken/cinatoken/docs/developers/architecture/implementation-evidence/C04-complete-text-routing-projection-v396-report.json
native-financial-consumer	Run gosu postgres env HOME=/var/lib/postgresql GATEWAY_NATIVE_PG_BIN=/usr/lib/postgresql/18/bin \	2026-10-06T04:14:30.8694876Z # Subtest: v396 coherent credential-free routing and send fences through actual PostgreSQL roles
native-financial-consumer	Run gosu postgres env HOME=/var/lib/postgresql GATEWAY_NATIVE_PG_BIN=/usr/lib/postgresql/18/bin \	2026-10-06T04:14:30.8703881Z ok 1 - v396 coherent credential-free routing and send fences through actual PostgreSQL roles
native-financial-consumer	Run gosu postgres env HOME=/var/lib/postgresql GATEWAY_NATIVE_PG_BIN=/usr/lib/postgresql/18/bin \	2026-10-06T04:14:30.8708413Z   ---
native-financial-consumer	Run gosu postgres env HOME=/var/lib/postgresql GATEWAY_NATIVE_PG_BIN=/usr/lib/postgresql/18/bin \	2026-10-06T04:14:30.8709217Z   duration_ms: 72476.671066
native-financial-consumer	Run gosu postgres env HOME=/var/lib/postgresql GATEWAY_NATIVE_PG_BIN=/usr/lib/postgresql/18/bin \	2026-10-06T04:14:30.8710122Z   type: 'test'
native-financial-consumer	Run gosu postgres env HOME=/var/lib/postgresql GATEWAY_NATIVE_PG_BIN=/usr/lib/postgresql/18/bin \	2026-10-06T04:14:30.8710700Z   ...
native-financial-consumer	Run gosu postgres env HOME=/var/lib/postgresql GATEWAY_NATIVE_PG_BIN=/usr/lib/postgresql/18/bin \	2026-10-06T04:14:30.8983683Z 1..1
native-financial-consumer	Run gosu postgres env HOME=/var/lib/postgresql GATEWAY_NATIVE_PG_BIN=/usr/lib/postgresql/18/bin \	2026-10-06T04:14:30.8987448Z # tests 1
native-financial-consumer	Run gosu postgres env HOME=/var/lib/postgresql GATEWAY_NATIVE_PG_BIN=/usr/lib/postgresql/18/bin \	2026-10-06T04:14:30.8988214Z # suites 0
native-financial-consumer	Run gosu postgres env HOME=/var/lib/postgresql GATEWAY_NATIVE_PG_BIN=/usr/lib/postgresql/18/bin \	2026-10-06T04:14:30.8989161Z # pass 1
native-financial-consumer	Run gosu postgres env HOME=/var/lib/postgresql GATEWAY_NATIVE_PG_BIN=/usr/lib/postgresql/18/bin \	2026-10-06T04:14:30.8989713Z # fail 0
native-financial-consumer	Run gosu postgres env HOME=/var/lib/postgresql GATEWAY_NATIVE_PG_BIN=/usr/lib/postgresql/18/bin \	2026-10-06T04:14:30.8990088Z # cancelled 0
native-financial-consumer	Run gosu postgres env HOME=/var/lib/postgresql GATEWAY_NATIVE_PG_BIN=/usr/lib/postgresql/18/bin \	2026-10-06T04:14:30.8990636Z # skipped 0
native-financial-consumer	Run gosu postgres env HOME=/var/lib/postgresql GATEWAY_NATIVE_PG_BIN=/usr/lib/postgresql/18/bin \	2026-10-06T04:14:30.8991023Z # todo 0
native-financial-consumer	Run gosu postgres env HOME=/var/lib/postgresql GATEWAY_NATIVE_PG_BIN=/usr/lib/postgresql/18/bin \	2026-10-06T04:14:30.8991402Z # duration_ms 73844.847336
native-financial-consumer	Run gosu postgres env HOME=/var/lib/postgresql GATEWAY_NATIVE_PG_BIN=/usr/lib/postgresql/18/bin \	﻿2026-10-06T04:14:30.9101218Z 