cinatoken@2.8.0 /home/runner/work/cinatoken/cinatoken
├─┬ @cinatoken/web@2.8.0 -> ./packages/web
│ ├─┬ @base-ui/react@1.8.0
│ │ ├── @babel/runtime@7.29.7
│ │ ├─┬ @base-ui/utils@0.4.0
│ │ │ ├── @babel/runtime@7.29.7 deduped
│ │ │ ├── @floating-ui/utils@0.2.12 deduped
│ │ │ ├── @types/react@18.3.28 deduped
│ │ │ ├── react-dom@19.3.0 deduped
│ │ │ ├── react@19.3.0 deduped
│ │ │ ├── reselect@5.3.0
│ │ │ └── use-sync-external-store@1.7.0 deduped
│ │ ├── @date-fns/tz@1.5.0
│ │ ├─┬ @floating-ui/react-dom@2.1.9
│ │ │ ├─┬ @floating-ui/dom@1.8.0
│ │ │ │ ├─┬ @floating-ui/core@1.8.0
│ │ │ │ │ └── @floating-ui/utils@0.2.12 deduped
│ │ │ │ └── @floating-ui/utils@0.2.12 deduped
│ │ │ ├── react-dom@19.3.0 deduped
│ │ │ └── react@19.3.0 deduped
│ │ ├── @floating-ui/utils@0.2.12
│ │ ├─┬ @types/react@18.3.28
│ │ │ ├── @types/prop-types@15.7.15
│ │ │ └── csstype@3.2.3 deduped
│ │ ├── date-fns@4.4.0 deduped
│ │ ├── react-dom@19.3.0 deduped
│ │ ├── react@19.3.0 deduped
│ │ └─┬ use-sync-external-store@1.7.0
│ │   └── react@19.3.0 deduped
│ ├─┬ @eslint/js@10.0.1
│ │ └── eslint@10.11.0 deduped
│ ├── @fontsource-variable/lora@5.3.0
│ ├── @fontsource-variable/public-sans@5.3.0
│ ├─┬ @hookform/resolvers@5.9.1
│ │ ├── UNMET OPTIONAL DEPENDENCY @sinclair/typebox@>=0.25.24
│ │ ├── @standard-schema/spec@1.1.0
│ │ ├── @standard-schema/utils@0.3.0
│ │ ├── UNMET OPTIONAL DEPENDENCY @typeschema/main@>=0.13.7
│ │ ├── UNMET OPTIONAL DEPENDENCY @vinejs/vine@^2.0.0 || ^3.0.0 || ^4.0.0
│ │ ├── UNMET OPTIONAL DEPENDENCY ajv-errors@^3.0.0
│ │ ├── ajv-formats@2.1.1 deduped
│ │ ├── ajv@8.20.0 deduped
│ │ ├── UNMET OPTIONAL DEPENDENCY arktype@^2.0.0
│ │ ├── UNMET OPTIONAL DEPENDENCY ata-validator@^1.2.0
│ │ ├── UNMET OPTIONAL DEPENDENCY class-transformer@>=0.4.0
│ │ ├── UNMET OPTIONAL DEPENDENCY class-validator@>=0.12.0
│ │ ├── UNMET OPTIONAL DEPENDENCY computed-types@^1.0.0
│ │ ├── UNMET OPTIONAL DEPENDENCY effect@^3.10.3
│ │ ├── UNMET OPTIONAL DEPENDENCY fluentvalidation-ts@^3.0.0
│ │ ├── UNMET OPTIONAL DEPENDENCY fp-ts@^2.7.0
│ │ ├── UNMET OPTIONAL DEPENDENCY io-ts@^2.0.0
│ │ ├── UNMET OPTIONAL DEPENDENCY joi@^17.0.0 || ^18.0.0
│ │ ├── UNMET OPTIONAL DEPENDENCY nope-validator@>=0.12.0
│ │ ├── react-hook-form@7.89.0 deduped
│ │ ├── UNMET OPTIONAL DEPENDENCY superstruct@>=0.12.0
│ │ ├── UNMET OPTIONAL DEPENDENCY typanion@^3.3.2
│ │ ├── UNMET OPTIONAL DEPENDENCY valibot@>=0.31.0 || ^1.0.0-beta.4 || ^1.0.0-rc
│ │ ├── UNMET OPTIONAL DEPENDENCY vest@>=6.0.0
│ │ ├── UNMET OPTIONAL DEPENDENCY yup@^1.0.0
│ │ └── zod@4.6.5 deduped
│ ├── @hugeicons/core-free-icons@4.3.5
│ ├─┬ @hugeicons/react@1.1.10
│ │ └── react@19.3.0 deduped
│ ├─┬ @rsbuild/core@2.2.10
│ │ ├─┬ @rspack/core@2.2.7
│ │ │ ├── UNMET OPTIONAL DEPENDENCY @module-federation/runtime-tools@^0.24.1 || ^2.0.0
│ │ │ ├─┬ @rspack/binding@2.2.7
│ │ │ │ ├── UNMET OPTIONAL DEPENDENCY @rspack/binding-darwin-arm64@2.2.7
│ │ │ │ ├── UNMET OPTIONAL DEPENDENCY @rspack/binding-darwin-x64@2.2.7
│ │ │ │ ├── UNMET OPTIONAL DEPENDENCY @rspack/binding-linux-arm64-gnu@2.2.7
│ │ │ │ ├── UNMET OPTIONAL DEPENDENCY @rspack/binding-linux-arm64-musl@2.2.7
│ │ │ │ ├── UNMET OPTIONAL DEPENDENCY @rspack/binding-linux-ppc64-gnu@2.2.7
│ │ │ │ ├── UNMET OPTIONAL DEPENDENCY @rspack/binding-linux-riscv64-gnu@2.2.7
│ │ │ │ ├── UNMET OPTIONAL DEPENDENCY @rspack/binding-linux-riscv64-musl@2.2.7
│ │ │ │ ├── UNMET OPTIONAL DEPENDENCY @rspack/binding-linux-s390x-gnu@2.2.7
│ │ │ │ ├── @rspack/binding-linux-x64-gnu@2.2.7
│ │ │ │ ├── UNMET OPTIONAL DEPENDENCY @rspack/binding-linux-x64-musl@2.2.7
│ │ │ │ ├── UNMET OPTIONAL DEPENDENCY @rspack/binding-wasm32-wasi@2.2.7
│ │ │ │ ├── UNMET OPTIONAL DEPENDENCY @rspack/binding-win32-arm64-msvc@2.2.7
│ │ │ │ ├── UNMET OPTIONAL DEPENDENCY @rspack/binding-win32-ia32-msvc@2.2.7
│ │ │ │ └── UNMET OPTIONAL DEPENDENCY @rspack/binding-win32-x64-msvc@2.2.7
│ │ │ └── @swc/helpers@0.5.23 deduped
│ │ ├─┬ @swc/helpers@0.5.23
│ │ │ └── tslib@2.8.1 deduped
│ │ └── UNMET OPTIONAL DEPENDENCY core-js@>= 3.0.0
│ ├─┬ @rsbuild/plugin-react@2.1.0
│ │ ├── @rsbuild/core@2.2.10 deduped
│ │ ├─┬ @rspack/plugin-react-refresh@2.0.2
│ │ │ ├── @rspack/core@2.2.7 deduped
│ │ │ └── react-refresh@0.18.0 deduped
│ │ └── react-refresh@0.18.0
│ ├─┬ @tailwindcss/postcss@4.3.3
│ │ ├── @alloc/quick-lru@5.2.0
│ │ ├─┬ @tailwindcss/node@4.3.3
│ │ │ ├─┬ @jridgewell/remapping@2.3.5
│ │ │ │ ├── @jridgewell/gen-mapping@0.3.13 deduped
│ │ │ │ └─┬ @jridgewell/trace-mapping@0.3.31
│ │ │ │   ├── @jridgewell/resolve-uri@3.1.2 deduped
│ │ │ │   └── @jridgewell/sourcemap-codec@1.5.5 deduped
│ │ │ ├─┬ enhanced-resolve@5.25.1
│ │ │ │ ├── graceful-fs@4.2.11 deduped
│ │ │ │ └── tapable@2.3.3
│ │ │ ├── jiti@2.7.0
│ │ │ ├─┬ lightningcss@1.32.0
│ │ │ │ ├── detect-libc@2.1.2
│ │ │ │ ├── UNMET OPTIONAL DEPENDENCY lightningcss-android-arm64@1.32.0
│ │ │ │ ├── UNMET OPTIONAL DEPENDENCY lightningcss-darwin-arm64@1.32.0
│ │ │ │ ├── UNMET OPTIONAL DEPENDENCY lightningcss-darwin-x64@1.32.0
│ │ │ │ ├── UNMET OPTIONAL DEPENDENCY lightningcss-freebsd-x64@1.32.0
│ │ │ │ ├── UNMET OPTIONAL DEPENDENCY lightningcss-linux-arm-gnueabihf@1.32.0
│ │ │ │ ├── UNMET OPTIONAL DEPENDENCY lightningcss-linux-arm64-gnu@1.32.0
│ │ │ │ ├── UNMET OPTIONAL DEPENDENCY lightningcss-linux-arm64-musl@1.32.0
│ │ │ │ ├── lightningcss-linux-x64-gnu@1.32.0
│ │ │ │ ├── UNMET OPTIONAL DEPENDENCY lightningcss-linux-x64-musl@1.32.0
│ │ │ │ ├── UNMET OPTIONAL DEPENDENCY lightningcss-win32-arm64-msvc@1.32.0
│ │ │ │ └── UNMET OPTIONAL DEPENDENCY lightningcss-win32-x64-msvc@1.32.0
│ │ │ ├─┬ magic-string@0.30.21
│ │ │ │ └── @jridgewell/sourcemap-codec@1.5.5
│ │ │ ├── source-map-js@1.2.1
│ │ │ └── tailwindcss@4.3.3
│ │ ├─┬ @tailwindcss/oxide@4.3.3
│ │ │ ├── UNMET OPTIONAL DEPENDENCY @tailwindcss/oxide-android-arm64@4.3.3
│ │ │ ├── UNMET OPTIONAL DEPENDENCY @tailwindcss/oxide-darwin-arm64@4.3.3
│ │ │ ├── UNMET OPTIONAL DEPENDENCY @tailwindcss/oxide-darwin-x64@4.3.3
│ │ │ ├── UNMET OPTIONAL DEPENDENCY @tailwindcss/oxide-freebsd-x64@4.3.3
│ │ │ ├── UNMET OPTIONAL DEPENDENCY @tailwindcss/oxide-linux-arm-gnueabihf@4.3.3
│ │ │ ├── UNMET OPTIONAL DEPENDENCY @tailwindcss/oxide-linux-arm64-gnu@4.3.3
│ │ │ ├── UNMET OPTIONAL DEPENDENCY @tailwindcss/oxide-linux-arm64-musl@4.3.3
│ │ │ ├── @tailwindcss/oxide-linux-x64-gnu@4.3.3
│ │ │ ├── UNMET OPTIONAL DEPENDENCY @tailwindcss/oxide-linux-x64-musl@4.3.3
│ │ │ ├── UNMET OPTIONAL DEPENDENCY @tailwindcss/oxide-wasm32-wasi@4.3.3
│ │ │ ├── UNMET OPTIONAL DEPENDENCY @tailwindcss/oxide-win32-arm64-msvc@4.3.3
│ │ │ └── UNMET OPTIONAL DEPENDENCY @tailwindcss/oxide-win32-x64-msvc@4.3.3
│ │ ├─┬ postcss@8.5.28
│ │ │ ├── nanoid@3.3.19
│ │ │ ├── picocolors@1.1.1
│ │ │ └── source-map-js@1.2.1 deduped
│ │ └── tailwindcss@4.3.3
│ ├─┬ @tanstack/eslint-plugin-query@5.104.0
│ │ ├─┬ @typescript-eslint/utils@8.70.1
│ │ │ ├── @eslint-community/eslint-utils@4.9.1 deduped
│ │ │ ├─┬ @typescript-eslint/scope-manager@8.70.1
│ │ │ │ ├── @typescript-eslint/types@8.70.1 deduped
│ │ │ │ └── @typescript-eslint/visitor-keys@8.70.1 deduped
│ │ │ ├── @typescript-eslint/types@8.70.1
│ │ │ ├── @typescript-eslint/typescript-estree@8.70.1 deduped
│ │ │ ├── eslint@9.39.4 deduped
│ │ │ └── typescript@5.9.3 deduped
│ │ ├─┬ eslint@9.39.4
│ │ │ ├── @eslint-community/eslint-utils@4.9.1 deduped
│ │ │ ├── @eslint-community/regexpp@4.12.2 deduped
│ │ │ ├─┬ @eslint/config-array@0.21.2
│ │ │ │ ├── @eslint/object-schema@2.1.7
│ │ │ │ ├── debug@4.4.3 deduped
│ │ │ │ └── minimatch@3.1.5 deduped
│ │ │ ├─┬ @eslint/config-helpers@0.4.2
│ │ │ │ └── @eslint/core@0.17.0 deduped
│ │ │ ├─┬ @eslint/core@0.17.0
│ │ │ │ └── @types/json-schema@7.0.15 deduped
│ │ │ ├─┬ @eslint/eslintrc@3.3.5
│ │ │ │ ├── ajv@6.14.0 deduped
│ │ │ │ ├── debug@4.4.3 deduped
│ │ │ │ ├── espree@10.4.0 deduped
│ │ │ │ ├── globals@14.0.0
│ │ │ │ ├── ignore@5.3.2 deduped
│ │ │ │ ├── import-fresh@3.3.1 deduped
│ │ │ │ ├── js-yaml@4.1.1 deduped
│ │ │ │ ├── minimatch@3.1.5 deduped
│ │ │ │ └── strip-json-comments@3.1.1
│ │ │ ├── @eslint/js@9.39.4
│ │ │ ├─┬ @eslint/plugin-kit@0.4.1
│ │ │ │ ├── @eslint/core@0.17.0 deduped
│ │ │ │ └── levn@0.4.1 deduped
│ │ │ ├── @humanfs/node@0.16.7 deduped
│ │ │ ├── @humanwhocodes/module-importer@1.0.1 deduped
│ │ │ ├── @humanwhocodes/retry@0.4.3 deduped
│ │ │ ├── @types/estree@1.0.8 deduped
│ │ │ ├─┬ ajv@6.14.0
│ │ │ │ ├── fast-deep-equal@3.1.3 deduped
│ │ │ │ ├── fast-json-stable-stringify@2.1.0 deduped
│ │ │ │ ├── json-schema-traverse@0.4.1
│ │ │ │ └── uri-js@4.4.1 deduped
│ │ │ ├─┬ chalk@4.1.2
│ │ │ │ ├─┬ ansi-styles@4.3.0
│ │ │ │ │ └── color-convert@2.0.1 deduped
│ │ │ │ └─┬ supports-color@7.2.0
│ │ │ │   └── has-flag@4.0.0
│ │ │ ├── cross-spawn@7.0.6 deduped
│ │ │ ├── debug@4.4.3 deduped
│ │ │ ├── escape-string-regexp@4.0.0 deduped
│ │ │ ├─┬ eslint-scope@8.4.0
│ │ │ │ ├── esrecurse@4.3.0 deduped
│ │ │ │ └── estraverse@5.3.0 deduped
│ │ │ ├── eslint-visitor-keys@4.2.1
│ │ │ ├─┬ espree@10.4.0
│ │ │ │ ├── acorn-jsx@5.3.2 deduped
│ │ │ │ ├── acorn@8.16.0 deduped
│ │ │ │ └── eslint-visitor-keys@4.2.1 deduped
│ │ │ ├── esquery@1.7.0 deduped
│ │ │ ├── esutils@2.0.3 deduped
│ │ │ ├── fast-deep-equal@3.1.3 deduped
│ │ │ ├─┬ file-entry-cache@8.0.0
│ │ │ │ └─┬ flat-cache@4.0.1
│ │ │ │   ├── flatted@3.4.2 deduped
│ │ │ │   └─┬ keyv@4.5.4
│ │ │ │     └── json-buffer@3.0.1
│ │ │ ├── find-up@5.0.0 deduped
│ │ │ ├── glob-parent@6.0.2 deduped
│ │ │ ├── ignore@5.3.2 deduped
│ │ │ ├── imurmurhash@0.1.4 deduped
│ │ │ ├── is-glob@4.0.3 deduped
│ │ │ ├── jiti@1.21.7 deduped
│ │ │ ├── json-stable-stringify-without-jsonify@1.0.1 deduped
│ │ │ ├── lodash.merge@4.6.2
│ │ │ ├─┬ minimatch@3.1.5
│ │ │ │ └─┬ brace-expansion@1.1.14
│ │ │ │   ├── balanced-match@1.0.2 deduped
│ │ │ │   └── concat-map@0.0.1
│ │ │ ├── natural-compare@1.4.0 deduped
│ │ │ └── optionator@0.9.4 deduped
│ │ └── typescript@5.9.3
│ ├─┬ @tanstack/react-query-devtools@5.104.0
│ │ ├─┬ @tanstack/query-devtools@5.104.0
│ │ │ ├─┬ @kobalte/core@0.13.14
│ │ │ │ ├── @floating-ui/dom@1.8.0 deduped
│ │ │ │ ├─┬ @internationalized/number@3.6.8
│ │ │ │ │ └── @swc/helpers@0.5.23 deduped
│ │ │ │ ├─┬ @kobalte/utils@0.9.2
│ │ │ │ │ ├── @solid-primitives/event-listener@2.4.6 deduped
│ │ │ │ │ ├── @solid-primitives/keyed@1.5.3 deduped
│ │ │ │ │ ├─┬ @solid-primitives/map@0.4.13
│ │ │ │ │ │ ├─┬ @solid-primitives/trigger@1.2.4
│ │ │ │ │ │ │ ├── @solid-primitives/utils@6.4.1 deduped
│ │ │ │ │ │ │ └── solid-js@1.9.15 deduped
│ │ │ │ │ │ └── solid-js@1.9.15 deduped
│ │ │ │ │ ├─┬ @solid-primitives/media@2.3.6
│ │ │ │ │ │ ├── @solid-primitives/event-listener@2.4.6 deduped
│ │ │ │ │ │ ├── @solid-primitives/rootless@1.5.4 deduped
│ │ │ │ │ │ ├── @solid-primitives/static-store@0.1.4 deduped
│ │ │ │ │ │ ├── @solid-primitives/utils@6.4.1 deduped
│ │ │ │ │ │ └── solid-js@1.9.15 deduped
│ │ │ │ │ ├── @solid-primitives/props@3.2.4 deduped
│ │ │ │ │ ├── @solid-primitives/refs@1.1.4 deduped
│ │ │ │ │ ├── @solid-primitives/utils@6.4.1 deduped
│ │ │ │ │ └── solid-js@1.9.15 deduped
│ │ │ │ ├─┬ @solid-primitives/props@3.2.4
│ │ │ │ │ ├── @solid-primitives/utils@6.4.1 deduped
│ │ │ │ │ └── solid-js@1.9.15 deduped
│ │ │ │ ├── @solid-primitives/resize-observer@2.2.0 deduped
│ │ │ │ ├── solid-js@1.9.15 deduped
│ │ │ │ ├─┬ solid-presence@0.2.0
│ │ │ │ │ ├─┬ @corvu/utils@0.4.2
│ │ │ │ │ │ ├── @floating-ui/dom@1.8.0 deduped
│ │ │ │ │ │ └── solid-js@1.9.15 deduped
│ │ │ │ │ └── solid-js@1.9.15 deduped
│ │ │ │ └─┬ solid-prevent-scroll@0.1.11
│ │ │ │   ├── @corvu/utils@0.4.2 deduped
│ │ │ │   └── solid-js@1.9.15 deduped
│ │ │ ├─┬ @solid-primitives/keyed@1.5.3
│ │ │ │ └── solid-js@1.9.15 deduped
│ │ │ ├─┬ @solid-primitives/resize-observer@2.2.0
│ │ │ │ ├─┬ @solid-primitives/event-listener@2.4.6
│ │ │ │ │ ├── @solid-primitives/utils@6.4.1 deduped
│ │ │ │ │ └── solid-js@1.9.15 deduped
│ │ │ │ ├─┬ @solid-primitives/rootless@1.5.4
│ │ │ │ │ ├── @solid-primitives/utils@6.4.1 deduped
│ │ │ │ │ └── solid-js@1.9.15 deduped
│ │ │ │ ├─┬ @solid-primitives/static-store@0.1.4
│ │ │ │ │ ├── @solid-primitives/utils@6.4.1 deduped
│ │ │ │ │ └── solid-js@1.9.15 deduped
│ │ │ │ ├─┬ @solid-primitives/utils@6.4.1
│ │ │ │ │ └── solid-js@1.9.15 deduped
│ │ │ │ └── solid-js@1.9.15 deduped
│ │ │ ├─┬ @solid-primitives/storage@1.3.11
│ │ │ │ ├── @solid-primitives/utils@6.4.1 deduped
│ │ │ │ └── solid-js@1.9.15 deduped
│ │ │ ├─┬ @tanstack/match-sorter-utils@9.1.2
│ │ │ │ └── remove-accents@0.5.0
│ │ │ ├── @tanstack/query-core@5.104.0 deduped
│ │ │ ├── clsx@2.1.1 deduped
│ │ │ ├─┬ goober@2.1.19
│ │ │ │ └── csstype@3.2.3 deduped
│ │ │ ├─┬ solid-js@1.9.15
│ │ │ │ ├── csstype@3.2.3 deduped
│ │ │ │ ├─┬ seroval-plugins@1.5.6
│ │ │ │ │ └── seroval@1.5.6 deduped
│ │ │ │ └── seroval@1.5.6
│ │ │ ├─┬ solid-transition-group@0.2.3
│ │ │ │ ├─┬ @solid-primitives/refs@1.1.4
│ │ │ │ │ ├── @solid-primitives/utils@6.4.1 deduped
│ │ │ │ │ └── solid-js@1.9.15 deduped
│ │ │ │ ├─┬ @solid-primitives/transition-group@1.1.2
│ │ │ │ │ └── solid-js@1.9.15 deduped
│ │ │ │ └── solid-js@1.9.15 deduped
│ │ │ └─┬ superjson@2.2.6
│ │ │   └── copy-anything@4.1.4
│ │ ├── @tanstack/react-query@5.104.0 deduped
│ │ ├── @types/react@18.3.28 deduped
│ │ └── react@19.3.0 deduped
│ ├─┬ @tanstack/react-query@5.104.0
│ │ ├── @tanstack/query-core@5.104.0
│ │ └── react@19.3.0 deduped
│ ├─┬ @tanstack/react-router-devtools@1.167.2
│ │ ├── @tanstack/react-router@1.170.39 deduped
│ │ ├─┬ @tanstack/router-core@1.171.32
│ │ │ ├── @tanstack/history@1.162.4 deduped
│ │ │ ├── cookie-es@3.1.1
│ │ │ ├─┬ seroval-plugins@1.6.7
│ │ │ │ └── seroval@1.6.7 deduped
│ │ │ └── seroval@1.6.7
│ │ ├─┬ @tanstack/router-devtools-core@1.168.2
│ │ │ ├── @tanstack/router-core@1.171.32 deduped
│ │ │ ├── clsx@2.1.1 deduped
│ │ │ ├── csstype@3.2.3 deduped
│ │ │ └── goober@2.1.19 deduped
│ │ ├── react-dom@19.3.0 deduped
│ │ └── react@19.3.0 deduped
│ ├─┬ @tanstack/react-router@1.170.39
│ │ ├── @tanstack/history@1.162.4
│ │ ├─┬ @tanstack/react-store@0.11.1
│ │ │ ├── @tanstack/store@0.11.1
│ │ │ ├── react-dom@19.3.0 deduped
│ │ │ ├── react@19.3.0 deduped
│ │ │ └── use-sync-external-store@1.7.0 deduped
│ │ ├── @tanstack/router-core@1.171.32 deduped
│ │ ├── isbot@5.2.2
│ │ ├── react-dom@19.3.0 deduped
│ │ └── react@19.3.0 deduped
│ ├─┬ @tanstack/react-table@8.21.3
│ │ ├── @tanstack/table-core@8.21.3
│ │ ├── react-dom@19.3.0 deduped
│ │ └── react@19.3.0 deduped
│ ├─┬ @tanstack/react-virtual@3.14.13
│ │ ├── @tanstack/virtual-core@3.17.11
│ │ ├── react-dom@19.3.0 deduped
│ │ └── react@19.3.0 deduped
│ ├─┬ @tanstack/router-plugin@1.168.40
│ │ ├─┬ @babel/core@7.29.7
│ │ │ ├─┬ @babel/code-frame@7.29.7
│ │ │ │ ├── @babel/helper-validator-identifier@7.29.7 deduped
│ │ │ │ ├── js-tokens@4.0.0
│ │ │ │ └── picocolors@1.1.1 deduped
│ │ │ ├── @babel/generator@7.29.8 deduped
│ │ │ ├─┬ @babel/helper-compilation-targets@7.29.7
│ │ │ │ ├── @babel/compat-data@7.29.7
│ │ │ │ ├── @babel/helper-validator-option@7.29.7 deduped
│ │ │ │ ├── browserslist@4.28.2 deduped
│ │ │ │ ├─┬ lru-cache@5.1.1
│ │ │ │ │ └── yallist@3.1.1
│ │ │ │ └── semver@6.3.1
│ │ │ ├─┬ @babel/helper-module-transforms@7.29.7
│ │ │ │ ├── @babel/core@7.29.7 deduped
│ │ │ │ ├─┬ @babel/helper-module-imports@7.29.7
│ │ │ │ │ ├── @babel/traverse@7.29.8 deduped
│ │ │ │ │ └── @babel/types@7.29.8 deduped
│ │ │ │ ├── @babel/helper-validator-identifier@7.29.7 deduped
│ │ │ │ └── @babel/traverse@7.29.8 deduped
│ │ │ ├─┬ @babel/helpers@7.29.7
│ │ │ │ ├── @babel/template@7.29.7 deduped
│ │ │ │ └── @babel/types@7.29.8 deduped
│ │ │ ├── @babel/parser@7.29.9 deduped
│ │ │ ├── @babel/template@7.29.7 deduped
│ │ │ ├── @babel/traverse@7.29.8 deduped
│ │ │ ├── @babel/types@7.29.8 deduped
│ │ │ ├── @jridgewell/remapping@2.3.5 deduped
│ │ │ ├── convert-source-map@2.0.0
│ │ │ ├── debug@4.4.3 deduped
│ │ │ ├── gensync@1.0.0-beta.2
│ │ │ ├── json5@2.2.3
│ │ │ └── semver@6.3.1
│ │ ├─┬ @babel/template@7.29.7
│ │ │ ├── @babel/code-frame@7.29.7 deduped
│ │ │ ├── @babel/parser@7.29.9 deduped
│ │ │ └── @babel/types@7.29.8 deduped
│ │ ├─┬ @babel/types@7.29.8
│ │ │ ├── @babel/helper-string-parser@7.29.7
│ │ │ └── @babel/helper-validator-identifier@7.29.7
│ │ ├── @rsbuild/core@2.2.10 deduped
│ │ ├── @tanstack/react-router@1.170.39 deduped
│ │ ├── @tanstack/router-core@1.171.32 deduped
│ │ ├─┬ @tanstack/router-generator@1.167.38
│ │ │ ├── @babel/types@7.29.8 deduped
│ │ │ ├── @tanstack/router-core@1.171.32 deduped
│ │ │ ├── @tanstack/router-utils@1.162.3 deduped
│ │ │ ├── @tanstack/virtual-file-routes@1.162.0
│ │ │ ├── jiti@2.7.0
│ │ │ ├── magic-string@0.30.21 deduped
│ │ │ ├── prettier@3.9.9
│ │ │ └── zod@4.6.5
│ │ ├─┬ @tanstack/router-utils@1.162.3
│ │ │ ├── @babel/generator@7.29.8 deduped
│ │ │ ├── @babel/parser@7.29.9 deduped
│ │ │ ├── @babel/types@7.29.8 deduped
│ │ │ ├── ansis@4.4.0
│ │ │ ├─┬ babel-dead-code-elimination@1.0.12
│ │ │ │ ├── @babel/core@7.29.7 deduped
│ │ │ │ ├── @babel/parser@7.29.9 deduped
│ │ │ │ ├── @babel/traverse@7.29.8 deduped
│ │ │ │ └── @babel/types@7.29.8 deduped
│ │ │ ├── diff@8.0.4
│ │ │ ├── pathe@2.0.3
│ │ │ └── tinyglobby@0.2.17 deduped
│ │ ├─┬ chokidar@5.0.0
│ │ │ └── readdirp@5.1.1
│ │ ├─┬ unplugin@3.4.0
│ │ │ ├── UNMET OPTIONAL DEPENDENCY @farmfe/core@*
│ │ │ ├── @jridgewell/remapping@2.3.5 deduped
│ │ │ ├── @rsbuild/core@2.2.10 deduped
│ │ │ ├── @rspack/core@2.2.7 deduped
│ │ │ ├── UNMET OPTIONAL DEPENDENCY bun-types-no-globals@*
│ │ │ ├─┬ esbuild@0.27.3
│ │ │ │ ├── UNMET OPTIONAL DEPENDENCY @esbuild/aix-ppc64@0.27.3
│ │ │ │ ├── UNMET OPTIONAL DEPENDENCY @esbuild/android-arm@0.27.3
│ │ │ │ ├── UNMET OPTIONAL DEPENDENCY @esbuild/android-arm64@0.27.3
│ │ │ │ ├── UNMET OPTIONAL DEPENDENCY @esbuild/android-x64@0.27.3
│ │ │ │ ├── UNMET OPTIONAL DEPENDENCY @esbuild/darwin-arm64@0.27.3
│ │ │ │ ├── UNMET OPTIONAL DEPENDENCY @esbuild/darwin-x64@0.27.3
│ │ │ │ ├── UNMET OPTIONAL DEPENDENCY @esbuild/freebsd-arm64@0.27.3
│ │ │ │ ├── UNMET OPTIONAL DEPENDENCY @esbuild/freebsd-x64@0.27.3
│ │ │ │ ├── UNMET OPTIONAL DEPENDENCY @esbuild/linux-arm@0.27.3
│ │ │ │ ├── UNMET OPTIONAL DEPENDENCY @esbuild/linux-arm64@0.27.3
│ │ │ │ ├── UNMET OPTIONAL DEPENDENCY @esbuild/linux-ia32@0.27.3
│ │ │ │ ├── UNMET OPTIONAL DEPENDENCY @esbuild/linux-loong64@0.27.3
│ │ │ │ ├── UNMET OPTIONAL DEPENDENCY @esbuild/linux-mips64el@0.27.3
│ │ │ │ ├── UNMET OPTIONAL DEPENDENCY @esbuild/linux-ppc64@0.27.3
│ │ │ │ ├── UNMET OPTIONAL DEPENDENCY @esbuild/linux-riscv64@0.27.3
│ │ │ │ ├── UNMET OPTIONAL DEPENDENCY @esbuild/linux-s390x@0.27.3
│ │ │ │ ├── @esbuild/linux-x64@0.27.3
│ │ │ │ ├── UNMET OPTIONAL DEPENDENCY @esbuild/netbsd-arm64@0.27.3
│ │ │ │ ├── UNMET OPTIONAL DEPENDENCY @esbuild/netbsd-x64@0.27.3
│ │ │ │ ├── UNMET OPTIONAL DEPENDENCY @esbuild/openbsd-arm64@0.27.3
│ │ │ │ ├── UNMET OPTIONAL DEPENDENCY @esbuild/openbsd-x64@0.27.3
│ │ │ │ ├── UNMET OPTIONAL DEPENDENCY @esbuild/openharmony-arm64@0.27.3
│ │ │ │ ├── UNMET OPTIONAL DEPENDENCY @esbuild/sunos-x64@0.27.3
│ │ │ │ ├── UNMET OPTIONAL DEPENDENCY @esbuild/win32-arm64@0.27.3
│ │ │ │ ├── UNMET OPTIONAL DEPENDENCY @esbuild/win32-ia32@0.27.3
│ │ │ │ └── UNMET OPTIONAL DEPENDENCY @esbuild/win32-x64@0.27.3
│ │ │ ├── picomatch@4.0.7 deduped
│ │ │ ├── UNMET OPTIONAL DEPENDENCY rolldown@*
│ │ │ ├── UNMET OPTIONAL DEPENDENCY rollup@*
│ │ │ ├── UNMET OPTIONAL DEPENDENCY unloader@*
│ │ │ ├── UNMET OPTIONAL DEPENDENCY vite@*
│ │ │ ├── webpack-virtual-modules@0.6.2
│ │ │ └── UNMET OPTIONAL DEPENDENCY webpack@*
│ │ ├── UNMET OPTIONAL DEPENDENCY vite-plugin-solid@^2.11.10 || ^3.0.0-0
│ │ ├── UNMET OPTIONAL DEPENDENCY vite@>=5.0.0 || >=6.0.0 || >=7.0.0 || >=8.0.0
│ │ ├── UNMET OPTIONAL DEPENDENCY webpack@>=5.92.0
│ │ └── zod@4.6.5
│ ├─┬ @trivago/prettier-plugin-sort-imports@6.0.2
│ │ ├─┬ @babel/generator@7.29.8
│ │ │ ├── @babel/parser@7.29.9 deduped
│ │ │ ├── @babel/types@7.29.8 deduped
│ │ │ ├─┬ @jridgewell/gen-mapping@0.3.13
│ │ │ │ ├── @jridgewell/sourcemap-codec@1.5.5 deduped
│ │ │ │ └─┬ @jridgewell/trace-mapping@0.3.31
│ │ │ │   ├── @jridgewell/resolve-uri@3.1.2 deduped
│ │ │ │   └── @jridgewell/sourcemap-codec@1.5.5 deduped
│ │ │ ├─┬ @jridgewell/trace-mapping@0.3.31
│ │ │ │ ├── @jridgewell/resolve-uri@3.1.2
│ │ │ │ └── @jridgewell/sourcemap-codec@1.5.5 deduped
│ │ │ └── jsesc@3.1.0
│ │ ├─┬ @babel/parser@7.29.9
│ │ │ └── @babel/types@7.29.8 deduped
│ │ ├─┬ @babel/traverse@7.29.8
│ │ │ ├── @babel/code-frame@7.29.7 deduped
│ │ │ ├── @babel/generator@7.29.8 deduped
│ │ │ ├── @babel/helper-globals@7.29.7
│ │ │ ├── @babel/parser@7.29.9 deduped
│ │ │ ├── @babel/template@7.29.7 deduped
│ │ │ ├── @babel/types@7.29.8 deduped
│ │ │ └── debug@4.4.3 deduped
│ │ ├── @babel/types@7.29.8 deduped
│ │ ├── UNMET OPTIONAL DEPENDENCY @vue/compiler-sfc@3.x
│ │ ├── javascript-natural-sort@0.7.1
│ │ ├── lodash-es@4.18.1
│ │ ├─┬ minimatch@9.0.9
│ │ │ └─┬ brace-expansion@2.1.7
│ │ │   └── balanced-match@1.0.2
│ │ ├─┬ parse-imports-exports@0.2.4
│ │ │ └── parse-statements@1.0.11
│ │ ├── UNMET OPTIONAL DEPENDENCY prettier-plugin-ember-template-tag@>= 2.0.0
│ │ ├── UNMET OPTIONAL DEPENDENCY prettier-plugin-svelte@3.x
│ │ ├── prettier@3.9.9 deduped
│ │ └── UNMET OPTIONAL DEPENDENCY svelte@4.x || 5.x
│ ├─┬ @types/node@25.9.8
│ │ └── undici-types@7.24.6
│ ├─┬ @types/react-dom@19.3.0
│ │ └── @types/react@19.3.0 deduped
│ ├─┬ @types/react@19.3.0
│ │ └── csstype@3.2.3
│ ├─┬ @visactor/react-vchart@2.1.7
│ │ ├─┬ @visactor/vchart-extension@2.1.7
│ │ │ ├── @visactor/vchart@2.1.7 deduped
│ │ │ ├── @visactor/vdataset@1.0.24 deduped
│ │ │ ├── @visactor/vlayouts@1.0.24 deduped
│ │ │ ├── @visactor/vrender-animate@1.1.11 deduped
│ │ │ ├── @visactor/vrender-components@1.1.11 deduped
│ │ │ ├── @visactor/vrender-core@1.1.11 deduped
│ │ │ ├── @visactor/vrender-kits@1.1.11 deduped
│ │ │ └── @visactor/vutils@1.0.24 deduped
│ │ ├── @visactor/vchart@2.1.7 deduped
│ │ ├─┬ @visactor/vrender-core@1.1.11
│ │ │ ├── @visactor/vutils@1.0.24 deduped
│ │ │ └─┬ color-convert@2.0.1
│ │ │   └── color-name@1.1.4
│ │ ├─┬ @visactor/vrender-kits@1.1.11
│ │ │ ├─┬ @resvg/resvg-js@2.4.1
│ │ │ │ ├── UNMET OPTIONAL DEPENDENCY @resvg/resvg-js-android-arm-eabi@2.4.1
│ │ │ │ ├── UNMET OPTIONAL DEPENDENCY @resvg/resvg-js-android-arm64@2.4.1
│ │ │ │ ├── UNMET OPTIONAL DEPENDENCY @resvg/resvg-js-darwin-arm64@2.4.1
│ │ │ │ ├── UNMET OPTIONAL DEPENDENCY @resvg/resvg-js-darwin-x64@2.4.1
│ │ │ │ ├── UNMET OPTIONAL DEPENDENCY @resvg/resvg-js-linux-arm-gnueabihf@2.4.1
│ │ │ │ ├── UNMET OPTIONAL DEPENDENCY @resvg/resvg-js-linux-arm64-gnu@2.4.1
│ │ │ │ ├── UNMET OPTIONAL DEPENDENCY @resvg/resvg-js-linux-arm64-musl@2.4.1
│ │ │ │ ├── @resvg/resvg-js-linux-x64-gnu@2.4.1
│ │ │ │ ├── UNMET OPTIONAL DEPENDENCY @resvg/resvg-js-linux-x64-musl@2.4.1
│ │ │ │ ├── UNMET OPTIONAL DEPENDENCY @resvg/resvg-js-win32-arm64-msvc@2.4.1
│ │ │ │ ├── UNMET OPTIONAL DEPENDENCY @resvg/resvg-js-win32-ia32-msvc@2.4.1
│ │ │ │ └── UNMET OPTIONAL DEPENDENCY @resvg/resvg-js-win32-x64-msvc@2.4.1
│ │ │ ├── @visactor/vrender-core@1.1.11 deduped
│ │ │ ├── @visactor/vutils@1.0.24 deduped
│ │ │ ├─┬ gifuct-js@2.1.2
│ │ │ │ └── js-binary-schema-parser@2.0.3
│ │ │ ├── lottie-web@5.13.0
│ │ │ └─┬ roughjs@4.6.6
│ │ │   ├── hachure-fill@0.5.2
│ │ │   ├── path-data-parser@0.1.0
│ │ │   ├── points-on-curve@0.2.0
│ │ │   └─┬ points-on-path@0.2.1
│ │ │     ├── path-data-parser@0.1.0 deduped
│ │ │     └── points-on-curve@0.2.0 deduped
│ │ ├─┬ @visactor/vutils@1.0.24
│ │ │ ├── @turf/helpers@6.5.0
│ │ │ ├─┬ @turf/invariant@6.5.0
│ │ │ │ └── @turf/helpers@6.5.0 deduped
│ │ │ └── eventemitter3@4.0.7
│ │ ├── react-dom@19.3.0 deduped
│ │ ├── react-is@18.3.1
│ │ └── react@19.3.0 deduped
│ ├─┬ @visactor/vchart@2.1.7
│ │ ├─┬ @visactor/vdataset@1.0.24
│ │ │ ├─┬ @turf/flatten@6.5.0
│ │ │ │ ├── @turf/helpers@6.5.0 deduped
│ │ │ │ └─┬ @turf/meta@6.5.0
│ │ │ │   └── @turf/helpers@6.5.0 deduped
│ │ │ ├── @turf/helpers@6.5.0 deduped
│ │ │ ├─┬ @turf/rewind@6.5.0
│ │ │ │ ├─┬ @turf/boolean-clockwise@6.5.0
│ │ │ │ │ ├── @turf/helpers@6.5.0 deduped
│ │ │ │ │ └── @turf/invariant@6.5.0 deduped
│ │ │ │ ├─┬ @turf/clone@6.5.0
│ │ │ │ │ └── @turf/helpers@6.5.0 deduped
│ │ │ │ ├── @turf/helpers@6.5.0 deduped
│ │ │ │ ├── @turf/invariant@6.5.0 deduped
│ │ │ │ └── @turf/meta@6.5.0 deduped
│ │ │ ├── @visactor/vutils@1.0.24 deduped
│ │ │ ├─┬ d3-dsv@2.0.0
│ │ │ │ ├── commander@2.20.3
│ │ │ │ ├─┬ iconv-lite@0.4.24
│ │ │ │ │ └── safer-buffer@2.1.2
│ │ │ │ └── rw@1.3.3
│ │ │ ├─┬ d3-geo@1.12.1
│ │ │ │ └── d3-array@1.2.4
│ │ │ ├── d3-hexbin@0.2.2
│ │ │ ├── d3-hierarchy@3.1.2
│ │ │ ├── eventemitter3@4.0.7 deduped
│ │ │ ├─┬ geobuf@3.0.2
│ │ │ │ ├─┬ concat-stream@2.0.0
│ │ │ │ │ ├── buffer-from@1.1.2
│ │ │ │ │ ├── inherits@2.0.4
│ │ │ │ │ ├─┬ readable-stream@3.6.2
│ │ │ │ │ │ ├── inherits@2.0.4 deduped
│ │ │ │ │ │ ├─┬ string_decoder@1.3.0
│ │ │ │ │ │ │ └── safe-buffer@5.2.1
│ │ │ │ │ │ └── util-deprecate@1.0.2 deduped
│ │ │ │ │ └── typedarray@0.0.6
│ │ │ │ ├── pbf@3.3.0 deduped
│ │ │ │ └─┬ shapefile@0.6.6
│ │ │ │   ├── array-source@0.0.4
│ │ │ │   ├── commander@2.20.3
│ │ │ │   ├─┬ path-source@0.1.3
│ │ │ │   │ ├── array-source@0.0.4 deduped
│ │ │ │   │ └─┬ file-source@0.6.1
│ │ │ │   │   └── stream-source@0.3.5 deduped
│ │ │ │   ├── slice-source@0.4.1
│ │ │ │   ├── stream-source@0.3.5
│ │ │ │   └── text-encoding@0.6.4
│ │ │ ├─┬ geojson-dissolve@3.1.0
│ │ │ │ ├── @turf/meta@3.14.0
│ │ │ │ ├─┬ geojson-flatten@0.2.4
│ │ │ │ │ ├── get-stdin@6.0.0
│ │ │ │ │ └── minimist@1.2.0
│ │ │ │ ├── geojson-linestring-dissolve@0.0.1
│ │ │ │ ├── topojson-client@3.1.0 deduped
│ │ │ │ └─┬ topojson-server@3.0.1
│ │ │ │   └── commander@2.20.3
│ │ │ ├── path-browserify@1.0.1
│ │ │ ├─┬ pbf@3.3.0
│ │ │ │ ├── ieee754@1.2.1
│ │ │ │ └─┬ resolve-protobuf-schema@2.1.0
│ │ │ │   └── protocol-buffers-schema@3.6.1
│ │ │ ├─┬ point-at-length@1.1.0
│ │ │ │ ├── abs-svg-path@0.1.1
│ │ │ │ ├── isarray@0.0.1
│ │ │ │ └── parse-svg-path@0.1.2
│ │ │ ├── simple-statistics@7.12.0
│ │ │ ├─┬ simplify-geojson@1.0.5
│ │ │ │ ├─┬ concat-stream@1.4.11
│ │ │ │ │ ├── inherits@2.0.4 deduped
│ │ │ │ │ ├─┬ readable-stream@1.1.14
│ │ │ │ │ │ ├── core-util-is@1.0.3
│ │ │ │ │ │ ├── inherits@2.0.4 deduped
│ │ │ │ │ │ ├── isarray@0.0.1
│ │ │ │ │ │ └── string_decoder@0.10.31
│ │ │ │ │ └── typedarray@0.0.6 deduped
│ │ │ │ ├── minimist@1.2.6
│ │ │ │ └── simplify-geometry@0.0.2
│ │ │ └─┬ topojson-client@3.1.0
│ │ │   └── commander@2.20.3
│ │ ├─┬ @visactor/vlayouts@1.0.24
│ │ │ ├── @turf/helpers@6.5.0 deduped
│ │ │ ├── @turf/invariant@6.5.0 deduped
│ │ │ ├── @visactor/vscale@1.0.24 deduped
│ │ │ ├── @visactor/vutils@1.0.24 deduped
│ │ │ └── eventemitter3@4.0.7 deduped
│ │ ├─┬ @visactor/vrender-animate@1.1.11
│ │ │ ├── @visactor/vrender-core@1.1.11 deduped
│ │ │ └── @visactor/vutils@1.0.24 deduped
│ │ ├─┬ @visactor/vrender-components@1.1.11
│ │ │ ├── @visactor/vrender-animate@1.1.11 deduped
│ │ │ ├── @visactor/vrender-core@1.1.11 deduped
│ │ │ ├── @visactor/vrender-kits@1.1.11 deduped
│ │ │ ├── @visactor/vscale@1.0.24 deduped
│ │ │ └── @visactor/vutils@1.0.24 deduped
│ │ ├── @visactor/vrender-core@1.1.11 deduped
│ │ ├── @visactor/vrender-kits@1.1.11 deduped
│ │ ├─┬ @visactor/vrender@1.1.11
│ │ │ ├── @visactor/vrender-animate@1.1.11 deduped
│ │ │ ├── @visactor/vrender-components@1.1.11 deduped
│ │ │ ├── @visactor/vrender-core@1.1.11 deduped
│ │ │ └── @visactor/vrender-kits@1.1.11 deduped
│ │ ├─┬ @visactor/vscale@1.0.24
│ │ │ └── @visactor/vutils@1.0.24 deduped
│ │ ├─┬ @visactor/vutils-extension@2.1.7
│ │ │ ├── @visactor/vdataset@1.0.24 deduped
│ │ │ └── @visactor/vutils@1.0.24 deduped
│ │ └── @visactor/vutils@1.0.24 deduped
│ ├─┬ @xyflow/react@12.12.0
│ │ ├─┬ @types/react-dom@18.3.7
│ │ │ └── @types/react@18.3.28 deduped
│ │ ├── @types/react@18.3.28 deduped
│ │ ├─┬ @xyflow/system@0.0.83
│ │ │ ├─┬ @types/d3-drag@3.0.7
│ │ │ │ └── @types/d3-selection@3.0.12 deduped
│ │ │ ├─┬ @types/d3-interpolate@3.0.4
│ │ │ │ └── @types/d3-color@3.1.3
│ │ │ ├── @types/d3-selection@3.0.12
│ │ │ ├─┬ @types/d3-transition@3.0.9
│ │ │ │ └── @types/d3-selection@3.0.12 deduped
│ │ │ ├─┬ @types/d3-zoom@3.0.8
│ │ │ │ ├── @types/d3-interpolate@3.0.4 deduped
│ │ │ │ └── @types/d3-selection@3.0.12 deduped
│ │ │ ├─┬ d3-drag@3.0.0
│ │ │ │ ├── d3-dispatch@3.0.1
│ │ │ │ └── d3-selection@3.0.0 deduped
│ │ │ ├─┬ d3-interpolate@3.0.1
│ │ │ │ └── d3-color@3.1.0
│ │ │ ├── d3-selection@3.0.0
│ │ │ └─┬ d3-zoom@3.0.0
│ │ │   ├── d3-dispatch@3.0.1 deduped
│ │ │   ├── d3-drag@3.0.0 deduped
│ │ │   ├── d3-interpolate@3.0.1 deduped
│ │ │   ├── d3-selection@3.0.0 deduped
│ │ │   └─┬ d3-transition@3.0.1
│ │ │     ├── d3-color@3.1.0 deduped
│ │ │     ├── d3-dispatch@3.0.1 deduped
│ │ │     ├── d3-ease@3.0.1 deduped
│ │ │     ├── d3-interpolate@3.0.1 deduped
│ │ │     ├── d3-selection@3.0.0 deduped
│ │ │     └── d3-timer@3.0.1 deduped
│ │ ├── classcat@5.0.5
│ │ ├── react-dom@19.3.0 deduped
│ │ ├── react@19.3.0 deduped
│ │ └─┬ zustand@4.5.7
│ │   ├── @types/react@18.3.28 deduped
│ │   ├── immer@11.1.18 deduped
│ │   ├── react@19.3.0 deduped
│ │   └── use-sync-external-store@1.7.0 deduped
│ ├─┬ ai@6.0.293
│ │ ├─┬ @ai-sdk/gateway@3.0.203
│ │ │ ├── @ai-sdk/provider-utils@4.0.55 deduped
│ │ │ ├── @ai-sdk/provider@3.0.18 deduped
│ │ │ ├── @vercel/oidc@3.2.0
│ │ │ └── zod@4.3.6 deduped
│ │ ├─┬ @ai-sdk/provider-utils@4.0.55
│ │ │ ├── @ai-sdk/provider@3.0.18 deduped
│ │ │ ├── @standard-schema/spec@1.1.0 deduped
│ │ │ ├── eventsource-parser@3.1.1
│ │ │ ├── undici@6.29.0
│ │ │ └── zod@4.3.6 deduped
│ │ ├─┬ @ai-sdk/provider@3.0.18
│ │ │ └── json-schema@0.4.0
│ │ ├── @opentelemetry/api@1.9.1
│ │ └── zod@4.3.6
│ ├─┬ ajv-formats@2.1.1
│ │ └── ajv@8.20.0 deduped
│ ├─┬ ajv@8.20.0
│ │ ├── fast-deep-equal@3.1.3
│ │ ├── fast-uri@3.1.8
│ │ ├── json-schema-traverse@1.0.0
│ │ └── require-from-string@2.0.2
│ ├─┬ auto-skeleton-react@1.0.5
│ │ ├── react-dom@19.3.0 deduped
│ │ └── react@19.3.0 deduped
│ ├─┬ axios@1.20.0
│ │ ├── follow-redirects@1.16.0
│ │ ├─┬ form-data@4.0.6
│ │ │ ├── asynckit@0.4.0
│ │ │ ├─┬ combined-stream@1.0.8
│ │ │ │ └── delayed-stream@1.0.0
│ │ │ ├─┬ es-set-tostringtag@2.1.0
│ │ │ │ ├── es-errors@1.3.0
│ │ │ │ ├─┬ get-intrinsic@1.3.0
│ │ │ │ │ ├─┬ call-bind-apply-helpers@1.0.2
│ │ │ │ │ │ ├── es-errors@1.3.0 deduped
│ │ │ │ │ │ └── function-bind@1.1.2 deduped
│ │ │ │ │ ├── es-define-property@1.0.1
│ │ │ │ │ ├── es-errors@1.3.0 deduped
│ │ │ │ │ ├─┬ es-object-atoms@1.1.1
│ │ │ │ │ │ └── es-errors@1.3.0 deduped
│ │ │ │ │ ├── function-bind@1.1.2 deduped
│ │ │ │ │ ├─┬ get-proto@1.0.1
│ │ │ │ │ │ ├─┬ dunder-proto@1.0.1
│ │ │ │ │ │ │ ├── call-bind-apply-helpers@1.0.2 deduped
│ │ │ │ │ │ │ ├── es-errors@1.3.0 deduped
│ │ │ │ │ │ │ └── gopd@1.2.0 deduped
│ │ │ │ │ │ └── es-object-atoms@1.1.1 deduped
│ │ │ │ │ ├── gopd@1.2.0
│ │ │ │ │ ├── has-symbols@1.1.0
│ │ │ │ │ ├── hasown@2.0.4 deduped
│ │ │ │ │ └── math-intrinsics@1.1.0
│ │ │ │ ├─┬ has-tostringtag@1.0.2
│ │ │ │ │ └── has-symbols@1.1.0 deduped
│ │ │ │ └── hasown@2.0.4 deduped
│ │ │ ├─┬ hasown@2.0.4
│ │ │ │ └── function-bind@1.1.2
│ │ │ └─┬ mime-types@2.1.35
│ │ │   └── mime-db@1.52.0
│ │ ├─┬ https-proxy-agent@5.0.1
│ │ │ ├─┬ agent-base@6.0.2
│ │ │ │ └── debug@4.4.3 deduped
│ │ │ └── debug@4.4.3 deduped
│ │ └── proxy-from-env@2.1.0
│ ├─┬ class-variance-authority@0.7.1
│ │ └── clsx@2.1.1 deduped
│ ├── clsx@2.1.1
│ ├─┬ cmdk@1.1.1
│ │ ├─┬ @radix-ui/react-compose-refs@1.1.5
│ │ │ ├── @types/react@18.3.28 deduped
│ │ │ └── react@19.3.0 deduped
│ │ ├─┬ @radix-ui/react-dialog@1.1.23
│ │ │ ├── @radix-ui/primitive@1.1.7
│ │ │ ├── @radix-ui/react-compose-refs@1.1.5 deduped
│ │ │ ├─┬ @radix-ui/react-context@1.2.2
│ │ │ │ ├── @types/react@18.3.28 deduped
│ │ │ │ └── react@19.3.0 deduped
│ │ │ ├─┬ @radix-ui/react-dismissable-layer@1.1.19
│ │ │ │ ├── @radix-ui/primitive@1.1.7 deduped
│ │ │ │ ├── @radix-ui/react-compose-refs@1.1.5 deduped
│ │ │ │ ├── @radix-ui/react-primitive@2.1.10 deduped
│ │ │ │ ├─┬ @radix-ui/react-use-callback-ref@1.1.4
│ │ │ │ │ ├── @types/react@18.3.28 deduped
│ │ │ │ │ └── react@19.3.0 deduped
│ │ │ │ ├─┬ @radix-ui/react-use-effect-event@0.0.5
│ │ │ │ │ ├── @radix-ui/react-use-layout-effect@1.1.4 deduped
│ │ │ │ │ ├── @types/react@18.3.28 deduped
│ │ │ │ │ └── react@19.3.0 deduped
│ │ │ │ ├── @types/react-dom@18.3.7 deduped
│ │ │ │ ├── @types/react@18.3.28 deduped
│ │ │ │ ├── react-dom@19.3.0 deduped
│ │ │ │ └── react@19.3.0 deduped
│ │ │ ├─┬ @radix-ui/react-focus-guards@1.1.6
│ │ │ │ ├── @types/react@18.3.28 deduped
│ │ │ │ └── react@19.3.0 deduped
│ │ │ ├─┬ @radix-ui/react-focus-scope@1.1.16
│ │ │ │ ├── @radix-ui/react-compose-refs@1.1.5 deduped
│ │ │ │ ├── @radix-ui/react-primitive@2.1.10 deduped
│ │ │ │ ├── @radix-ui/react-use-callback-ref@1.1.4 deduped
│ │ │ │ ├── @types/react-dom@18.3.7 deduped
│ │ │ │ ├── @types/react@18.3.28 deduped
│ │ │ │ ├── react-dom@19.3.0 deduped
│ │ │ │ └── react@19.3.0 deduped
│ │ │ ├── @radix-ui/react-id@1.1.4 deduped
│ │ │ ├─┬ @radix-ui/react-portal@1.1.17
│ │ │ │ ├── @radix-ui/react-primitive@2.1.10 deduped
│ │ │ │ ├── @radix-ui/react-use-layout-effect@1.1.4 deduped
│ │ │ │ ├── @types/react-dom@18.3.7 deduped
│ │ │ │ ├── @types/react@18.3.28 deduped
│ │ │ │ ├── react-dom@19.3.0 deduped
│ │ │ │ └── react@19.3.0 deduped
│ │ │ ├─┬ @radix-ui/react-presence@1.1.10
│ │ │ │ ├── @radix-ui/react-use-layout-effect@1.1.4 deduped
│ │ │ │ ├── @types/react-dom@18.3.7 deduped
│ │ │ │ ├── @types/react@18.3.28 deduped
│ │ │ │ ├── react-dom@19.3.0 deduped
│ │ │ │ └── react@19.3.0 deduped
│ │ │ ├── @radix-ui/react-primitive@2.1.10 deduped
│ │ │ ├─┬ @radix-ui/react-slot@1.3.3
│ │ │ │ ├── @radix-ui/react-compose-refs@1.1.5 deduped
│ │ │ │ ├── @types/react@18.3.28 deduped
│ │ │ │ └── react@19.3.0 deduped
│ │ │ ├─┬ @radix-ui/react-use-controllable-state@1.2.6
│ │ │ │ ├── @radix-ui/primitive@1.1.7 deduped
│ │ │ │ ├── @radix-ui/react-use-effect-event@0.0.5 deduped
│ │ │ │ ├── @radix-ui/react-use-layout-effect@1.1.4 deduped
│ │ │ │ ├── @types/react@18.3.28 deduped
│ │ │ │ └── react@19.3.0 deduped
│ │ │ ├─┬ @radix-ui/react-use-layout-effect@1.1.4
│ │ │ │ ├── @types/react@18.3.28 deduped
│ │ │ │ └── react@19.3.0 deduped
│ │ │ ├── @types/react-dom@18.3.7 deduped
│ │ │ ├── @types/react@18.3.28 deduped
│ │ │ ├─┬ aria-hidden@1.2.6
│ │ │ │ └── tslib@2.8.1 deduped
│ │ │ ├── react-dom@19.3.0 deduped
│ │ │ ├─┬ react-remove-scroll@2.7.2
│ │ │ │ ├── @types/react@18.3.28 deduped
│ │ │ │ ├─┬ react-remove-scroll-bar@2.3.8
│ │ │ │ │ ├── @types/react@18.3.28 deduped
│ │ │ │ │ ├── react-style-singleton@2.2.3 deduped
│ │ │ │ │ ├── react@19.3.0 deduped
│ │ │ │ │ └── tslib@2.8.1 deduped
│ │ │ │ ├─┬ react-style-singleton@2.2.3
│ │ │ │ │ ├── @types/react@18.3.28 deduped
│ │ │ │ │ ├── get-nonce@1.0.1
│ │ │ │ │ ├── react@19.3.0 deduped
│ │ │ │ │ └── tslib@2.8.1 deduped
│ │ │ │ ├── react@19.3.0 deduped
│ │ │ │ ├── tslib@2.8.1 deduped
│ │ │ │ ├─┬ use-callback-ref@1.3.3
│ │ │ │ │ ├── @types/react@18.3.28 deduped
│ │ │ │ │ ├── react@19.3.0 deduped
│ │ │ │ │ └── tslib@2.8.1 deduped
│ │ │ │ └─┬ use-sidecar@1.1.3
│ │ │ │   ├── @types/react@18.3.28 deduped
│ │ │ │   ├── detect-node-es@1.1.0
│ │ │ │   ├── react@19.3.0 deduped
│ │ │ │   └── tslib@2.8.1 deduped
│ │ │ └── react@19.3.0 deduped
│ │ ├─┬ @radix-ui/react-id@1.1.4
│ │ │ ├── @radix-ui/react-use-layout-effect@1.1.4 deduped
│ │ │ ├── @types/react@18.3.28 deduped
│ │ │ └── react@19.3.0 deduped
│ │ ├─┬ @radix-ui/react-primitive@2.1.10
│ │ │ ├── @radix-ui/react-slot@1.3.3 deduped
│ │ │ ├── @types/react-dom@18.3.7 deduped
│ │ │ ├── @types/react@18.3.28 deduped
│ │ │ ├── react-dom@19.3.0 deduped
│ │ │ └── react@19.3.0 deduped
│ │ ├── react-dom@19.3.0 deduped
│ │ └── react@19.3.0 deduped
│ ├── date-fns@4.4.0
│ ├── dayjs@1.11.23
│ ├─┬ embla-carousel-react@8.6.0
│ │ ├─┬ embla-carousel-reactive-utils@8.6.0
│ │ │ └── embla-carousel@8.6.0 deduped
│ │ ├── embla-carousel@8.6.0
│ │ └── react@19.3.0 deduped
│ ├─┬ eslint-plugin-react-hooks@7.1.1
│ │ ├── @babel/core@7.29.7 deduped
│ │ ├── @babel/parser@7.29.9 deduped
│ │ ├── eslint@9.39.4 deduped
│ │ ├─┬ hermes-parser@0.25.1
│ │ │ └── hermes-estree@0.25.1
│ │ ├─┬ zod-validation-error@4.0.2
│ │ │ └── zod@4.3.6 deduped
│ │ └── zod@4.3.6 deduped
│ ├─┬ eslint-plugin-react-refresh@0.5.7
│ │ └── eslint@9.39.4 deduped
│ ├─┬ eslint@10.11.0
│ │ ├─┬ @eslint-community/eslint-utils@4.9.1
│ │ │ ├── eslint-visitor-keys@3.4.3
│ │ │ └── eslint@9.39.4 deduped
│ │ ├── @eslint-community/regexpp@4.12.2
│ │ ├─┬ @eslint/config-array@0.23.5
│ │ │ ├── @eslint/object-schema@3.0.5
│ │ │ ├── debug@4.4.3 deduped
│ │ │ └─┬ minimatch@10.2.6
│ │ │   └─┬ brace-expansion@5.0.12
│ │ │     └── balanced-match@4.0.4
│ │ ├─┬ @eslint/config-helpers@0.7.0
│ │ │ └── @eslint/core@1.2.1 deduped
│ │ ├─┬ @eslint/core@1.2.1
│ │ │ └── @types/json-schema@7.0.15
│ │ ├─┬ @eslint/plugin-kit@0.7.3
│ │ │ ├── @eslint/core@1.2.1 deduped
│ │ │ └─┬ levn@0.4.1
│ │ │   ├── prelude-ls@1.2.1 deduped
│ │ │   └── type-check@0.4.0 deduped
│ │ ├─┬ @humanfs/node@0.16.7
│ │ │ ├── @humanfs/core@0.19.1
│ │ │ └── @humanwhocodes/retry@0.4.3 deduped
│ │ ├── @humanwhocodes/module-importer@1.0.1
│ │ ├── @humanwhocodes/retry@0.4.3
│ │ ├── @types/estree@1.0.8
│ │ ├─┬ ajv@6.15.0
│ │ │ ├── fast-deep-equal@3.1.3 deduped
│ │ │ ├── fast-json-stable-stringify@2.1.0
│ │ │ ├── json-schema-traverse@0.4.1
│ │ │ └─┬ uri-js@4.4.1
│ │ │   └── punycode@2.3.1
│ │ ├─┬ cross-spawn@7.0.6
│ │ │ ├── path-key@3.1.1
│ │ │ ├─┬ shebang-command@2.0.0
│ │ │ │ └── shebang-regex@3.0.0
│ │ │ └─┬ which@2.0.2
│ │ │   └── isexe@2.0.0
│ │ ├─┬ debug@4.4.3
│ │ │ └── ms@2.1.3
│ │ ├── escape-string-regexp@4.0.0
│ │ ├─┬ eslint-scope@9.1.2
│ │ │ ├── @types/esrecurse@4.3.1
│ │ │ ├── @types/estree@1.0.8 deduped
│ │ │ ├─┬ esrecurse@4.3.0
│ │ │ │ └── estraverse@5.3.0 deduped
│ │ │ └── estraverse@5.3.0
│ │ ├── eslint-visitor-keys@5.0.1
│ │ ├─┬ espree@11.2.0
│ │ │ ├─┬ acorn-jsx@5.3.2
│ │ │ │ └── acorn@8.16.0 deduped
│ │ │ ├── acorn@8.16.0
│ │ │ └── eslint-visitor-keys@5.0.1 deduped
│ │ ├─┬ esquery@1.7.0
│ │ │ └── estraverse@5.3.0 deduped
│ │ ├── esutils@2.0.3
│ │ ├── fast-deep-equal@3.1.3 deduped
│ │ ├─┬ file-entry-cache@11.1.5
│ │ │ └─┬ flat-cache@6.1.23
│ │ │   ├─┬ cacheable@2.5.0
│ │ │   │ ├─┬ @cacheable/memory@2.2.0
│ │ │   │ │ ├── @cacheable/utils@2.5.0 deduped
│ │ │   │ │ ├─┬ @keyv/bigmap@1.3.1
│ │ │   │ │ │ ├── hashery@1.5.1 deduped
│ │ │   │ │ │ ├── hookified@1.15.1 deduped
│ │ │   │ │ │ └── keyv@5.6.0 deduped
│ │ │   │ │ ├── hookified@1.15.1 deduped
│ │ │   │ │ └─┬ keyv@5.6.0
│ │ │   │ │   └── @keyv/serialize@1.1.1 deduped
│ │ │   │ ├─┬ @cacheable/utils@2.5.0
│ │ │   │ │ ├─┬ hashery@1.5.1
│ │ │   │ │ │ └── hookified@1.15.1 deduped
│ │ │   │ │ └─┬ keyv@5.6.0
│ │ │   │ │   └── @keyv/serialize@1.1.1 deduped
│ │ │   │ ├── hookified@1.15.1 deduped
│ │ │   │ ├─┬ keyv@5.6.0
│ │ │   │ │ └── @keyv/serialize@1.1.1
│ │ │   │ └─┬ qified@0.10.1
│ │ │   │   └── hookified@2.2.0
│ │ │   ├── flatted@3.4.2
│ │ │   └── hookified@1.15.1
│ │ ├─┬ find-up@5.0.0
│ │ │ ├─┬ locate-path@6.0.0
│ │ │ │ └─┬ p-locate@5.0.0
│ │ │ │   └─┬ p-limit@3.1.0
│ │ │ │     └── yocto-queue@0.1.0
│ │ │ └── path-exists@4.0.0
│ │ ├─┬ glob-parent@6.0.2
│ │ │ └── is-glob@4.0.3 deduped
│ │ ├── ignore@5.3.2
│ │ ├── imurmurhash@0.1.4
│ │ ├─┬ is-glob@4.0.3
│ │ │ └── is-extglob@2.1.1
│ │ ├── jiti@1.21.7
│ │ ├── json-stable-stringify-without-jsonify@1.0.1
│ │ ├─┬ minimatch@10.2.6
│ │ │ └─┬ brace-expansion@5.0.12
│ │ │   └── balanced-match@4.0.4
│ │ ├── natural-compare@1.4.0
│ │ └─┬ optionator@0.9.4
│ │   ├── deep-is@0.1.4
│ │   ├── fast-levenshtein@2.0.6
│ │   ├── levn@0.4.1 deduped
│ │   ├── prelude-ls@1.2.1
│ │   ├─┬ type-check@0.4.0
│ │   │ └── prelude-ls@1.2.1 deduped
│ │   └── word-wrap@1.2.5
│ ├── globals@17.12.0
│ ├─┬ i18next-browser-languagedetector@8.2.1
│ │ └── @babel/runtime@7.29.7 deduped
│ ├─┬ i18next@26.4.2
│ │ └── typescript@5.9.3 deduped
│ ├─┬ input-otp@1.5.0
│ │ ├── react-dom@19.3.0 deduped
│ │ └── react@19.3.0 deduped
│ ├─┬ knip@6.38.0
│ │ ├─┬ fdir@6.5.0
│ │ │ └── picomatch@4.0.7 deduped
│ │ ├─┬ formatly@0.7.1
│ │ │ ├─┬ fd-package-json@2.0.0
│ │ │ │ └── walk-up-path@4.0.0
│ │ │ └── package-manager-detector@1.8.0
│ │ ├─┬ get-tsconfig@4.14.3
│ │ │ └── resolve-pkg-maps@1.0.0
│ │ ├── jiti@2.7.0
│ │ ├─┬ oxc-parser@0.150.0
│ │ │ ├── UNMET OPTIONAL DEPENDENCY @oxc-parser/binding-android-arm-eabi@0.150.0
│ │ │ ├── UNMET OPTIONAL DEPENDENCY @oxc-parser/binding-android-arm64@0.150.0
│ │ │ ├── UNMET OPTIONAL DEPENDENCY @oxc-parser/binding-darwin-arm64@0.150.0
│ │ │ ├── UNMET OPTIONAL DEPENDENCY @oxc-parser/binding-darwin-x64@0.150.0
│ │ │ ├── UNMET OPTIONAL DEPENDENCY @oxc-parser/binding-freebsd-x64@0.150.0
│ │ │ ├── UNMET OPTIONAL DEPENDENCY @oxc-parser/binding-linux-arm-gnueabihf@0.150.0
│ │ │ ├── UNMET OPTIONAL DEPENDENCY @oxc-parser/binding-linux-arm-musleabihf@0.150.0
│ │ │ ├── UNMET OPTIONAL DEPENDENCY @oxc-parser/binding-linux-arm64-gnu@0.150.0
│ │ │ ├── UNMET OPTIONAL DEPENDENCY @oxc-parser/binding-linux-arm64-musl@0.150.0
│ │ │ ├── UNMET OPTIONAL DEPENDENCY @oxc-parser/binding-linux-ppc64-gnu@0.150.0
│ │ │ ├── UNMET OPTIONAL DEPENDENCY @oxc-parser/binding-linux-riscv64-gnu@0.150.0
│ │ │ ├── UNMET OPTIONAL DEPENDENCY @oxc-parser/binding-linux-riscv64-musl@0.150.0
│ │ │ ├── UNMET OPTIONAL DEPENDENCY @oxc-parser/binding-linux-s390x-gnu@0.150.0
│ │ │ ├── @oxc-parser/binding-linux-x64-gnu@0.150.0
│ │ │ ├── UNMET OPTIONAL DEPENDENCY @oxc-parser/binding-linux-x64-musl@0.150.0
│ │ │ ├── UNMET OPTIONAL DEPENDENCY @oxc-parser/binding-openharmony-arm64@0.150.0
│ │ │ ├── UNMET OPTIONAL DEPENDENCY @oxc-parser/binding-win32-arm64-msvc@0.150.0
│ │ │ ├── UNMET OPTIONAL DEPENDENCY @oxc-parser/binding-win32-ia32-msvc@0.150.0
│ │ │ ├── UNMET OPTIONAL DEPENDENCY @oxc-parser/binding-win32-x64-msvc@0.150.0
│ │ │ └── @oxc-project/types@0.150.0
│ │ ├─┬ oxc-resolver@11.24.2
│ │ │ ├── UNMET OPTIONAL DEPENDENCY @oxc-resolver/binding-android-arm-eabi@11.24.2
│ │ │ ├── UNMET OPTIONAL DEPENDENCY @oxc-resolver/binding-android-arm64@11.24.2
│ │ │ ├── UNMET OPTIONAL DEPENDENCY @oxc-resolver/binding-darwin-arm64@11.24.2
│ │ │ ├── UNMET OPTIONAL DEPENDENCY @oxc-resolver/binding-darwin-x64@11.24.2
│ │ │ ├── UNMET OPTIONAL DEPENDENCY @oxc-resolver/binding-freebsd-x64@11.24.2
│ │ │ ├── UNMET OPTIONAL DEPENDENCY @oxc-resolver/binding-linux-arm-gnueabihf@11.24.2
│ │ │ ├── UNMET OPTIONAL DEPENDENCY @oxc-resolver/binding-linux-arm-musleabihf@11.24.2
│ │ │ ├── UNMET OPTIONAL DEPENDENCY @oxc-resolver/binding-linux-arm64-gnu@11.24.2
│ │ │ ├── UNMET OPTIONAL DEPENDENCY @oxc-resolver/binding-linux-arm64-musl@11.24.2
│ │ │ ├── UNMET OPTIONAL DEPENDENCY @oxc-resolver/binding-linux-ppc64-gnu@11.24.2
│ │ │ ├── UNMET OPTIONAL DEPENDENCY @oxc-resolver/binding-linux-riscv64-gnu@11.24.2
│ │ │ ├── UNMET OPTIONAL DEPENDENCY @oxc-resolver/binding-linux-riscv64-musl@11.24.2
│ │ │ ├── UNMET OPTIONAL DEPENDENCY @oxc-resolver/binding-linux-s390x-gnu@11.24.2
│ │ │ ├── @oxc-resolver/binding-linux-x64-gnu@11.24.2
│ │ │ ├── UNMET OPTIONAL DEPENDENCY @oxc-resolver/binding-linux-x64-musl@11.24.2
│ │ │ ├── UNMET OPTIONAL DEPENDENCY @oxc-resolver/binding-openharmony-arm64@11.24.2
│ │ │ ├── UNMET OPTIONAL DEPENDENCY @oxc-resolver/binding-wasm32-wasi@11.24.2
│ │ │ ├── UNMET OPTIONAL DEPENDENCY @oxc-resolver/binding-win32-arm64-msvc@11.24.2
│ │ │ └── UNMET OPTIONAL DEPENDENCY @oxc-resolver/binding-win32-x64-msvc@11.24.2
│ │ ├── picomatch@4.0.7
│ │ ├── smol-toml@1.9.0
│ │ ├── strip-json-comments@5.0.3
│ │ ├─┬ tinyglobby@0.2.17
│ │ │ ├── fdir@6.5.0 deduped
│ │ │ └── picomatch@4.0.7 deduped
│ │ ├── unbash@4.0.11
│ │ ├── yaml@2.9.1
│ │ └── zod@4.6.5
│ ├─┬ lucide-react@1.48.0
│ │ └── react@19.3.0 deduped
│ ├─┬ motion@12.43.0
│ │ ├── UNMET OPTIONAL DEPENDENCY @emotion/is-prop-valid@*
│ │ ├─┬ framer-motion@12.43.0
│ │ │ ├── UNMET OPTIONAL DEPENDENCY @emotion/is-prop-valid@*
│ │ │ ├─┬ motion-dom@12.43.0
│ │ │ │ └── motion-utils@12.39.0 deduped
│ │ │ ├── motion-utils@12.39.0
│ │ │ ├── react-dom@19.3.0 deduped
│ │ │ ├── react@19.3.0 deduped
│ │ │ └── tslib@2.8.1 deduped
│ │ ├── react-dom@19.3.0 deduped
│ │ ├── react@19.3.0 deduped
│ │ └── tslib@2.8.1 deduped
│ ├── nanoid@5.1.16
│ ├─┬ next-themes@0.4.6
│ │ ├── react-dom@19.3.0 deduped
│ │ └── react@19.3.0 deduped
│ ├─┬ prettier-plugin-tailwindcss@0.8.1
│ │ ├── UNMET OPTIONAL DEPENDENCY @ianvs/prettier-plugin-sort-imports@*
│ │ ├── UNMET OPTIONAL DEPENDENCY @prettier/plugin-hermes@*
│ │ ├── UNMET OPTIONAL DEPENDENCY @prettier/plugin-oxc@*
│ │ ├── UNMET OPTIONAL DEPENDENCY @prettier/plugin-pug@*
│ │ ├── UNMET OPTIONAL DEPENDENCY @shopify/prettier-plugin-liquid@*
│ │ ├── @trivago/prettier-plugin-sort-imports@6.0.2 deduped
│ │ ├── UNMET OPTIONAL DEPENDENCY @zackad/prettier-plugin-twig@*
│ │ ├── UNMET OPTIONAL DEPENDENCY prettier-plugin-astro@*
│ │ ├── UNMET OPTIONAL DEPENDENCY prettier-plugin-css-order@*
│ │ ├── UNMET OPTIONAL DEPENDENCY prettier-plugin-jsdoc@*
│ │ ├── UNMET OPTIONAL DEPENDENCY prettier-plugin-marko@*
│ │ ├── UNMET OPTIONAL DEPENDENCY prettier-plugin-multiline-arrays@*
│ │ ├── UNMET OPTIONAL DEPENDENCY prettier-plugin-organize-attributes@*
│ │ ├── UNMET OPTIONAL DEPENDENCY prettier-plugin-organize-imports@*
│ │ ├── UNMET OPTIONAL DEPENDENCY prettier-plugin-sort-imports@*
│ │ ├── UNMET OPTIONAL DEPENDENCY prettier-plugin-svelte@*
│ │ └── prettier@3.9.9 deduped
│ ├── prettier@3.9.9
│ ├─┬ qrcode.react@4.2.0
│ │ └── react@19.3.0 deduped
│ ├─┬ react-day-picker@10.0.1
│ │ ├── @date-fns/tz@1.5.0 deduped
│ │ ├── @types/react@18.3.28 deduped
│ │ ├── date-fns@4.4.0 deduped
│ │ └── react@19.3.0 deduped
│ ├─┬ react-dom@19.3.0
│ │ ├── react@19.3.0 deduped
│ │ └── scheduler@0.28.0
│ ├─┬ react-hook-form@7.89.0
│ │ ├── @types/react@18.3.28 deduped
│ │ └── react@19.3.0 deduped
│ ├─┬ react-i18next@17.0.15
│ │ ├── @babel/runtime@7.29.7 deduped
│ │ ├── html-parse-stringify@4.0.1
│ │ ├── i18next@26.4.2 deduped
│ │ ├── react@19.3.0 deduped
│ │ ├── typescript@5.9.3 deduped
│ │ └── use-sync-external-store@1.7.0 deduped
│ ├─┬ react-icons@5.7.0
│ │ └── react@19.3.0 deduped
│ ├─┬ react-markdown@10.1.0
│ │ ├─┬ @types/hast@3.0.5
│ │ │ └── @types/unist@3.0.3
│ │ ├─┬ @types/mdast@4.0.4
│ │ │ └── @types/unist@3.0.3 deduped
│ │ ├── @types/react@18.3.28 deduped
│ │ ├─┬ devlop@1.1.0
│ │ │ └── dequal@2.0.3
│ │ ├─┬ hast-util-to-jsx-runtime@2.3.6
│ │ │ ├── @types/estree@1.0.8 deduped
│ │ │ ├── @types/hast@3.0.5 deduped
│ │ │ ├── @types/unist@3.0.3 deduped
│ │ │ ├── comma-separated-tokens@2.0.3
│ │ │ ├── devlop@1.1.0 deduped
│ │ │ ├── estree-util-is-identifier-name@3.0.0
│ │ │ ├─┬ hast-util-whitespace@3.0.0
│ │ │ │ └── @types/hast@3.0.5 deduped
│ │ │ ├─┬ mdast-util-mdx-expression@2.0.1
│ │ │ │ ├─┬ @types/estree-jsx@1.0.5
│ │ │ │ │ └── @types/estree@1.0.8 deduped
│ │ │ │ ├── @types/hast@3.0.5 deduped
│ │ │ │ ├── @types/mdast@4.0.4 deduped
│ │ │ │ ├── devlop@1.1.0 deduped
│ │ │ │ ├── mdast-util-from-markdown@2.0.3 deduped
│ │ │ │ └── mdast-util-to-markdown@2.1.2 deduped
│ │ │ ├─┬ mdast-util-mdx-jsx@3.2.0
│ │ │ │ ├── @types/estree-jsx@1.0.5 deduped
│ │ │ │ ├── @types/hast@3.0.5 deduped
│ │ │ │ ├── @types/mdast@4.0.4 deduped
│ │ │ │ ├── @types/unist@3.0.3 deduped
│ │ │ │ ├── ccount@2.0.1
│ │ │ │ ├── devlop@1.1.0 deduped
│ │ │ │ ├── mdast-util-from-markdown@2.0.3 deduped
│ │ │ │ ├── mdast-util-to-markdown@2.1.2 deduped
│ │ │ │ ├─┬ parse-entities@4.0.2
│ │ │ │ │ ├── @types/unist@2.0.11
│ │ │ │ │ ├── character-entities-legacy@3.0.0
│ │ │ │ │ ├── character-reference-invalid@2.0.1
│ │ │ │ │ ├── decode-named-character-reference@1.3.0 deduped
│ │ │ │ │ ├─┬ is-alphanumerical@2.0.1
│ │ │ │ │ │ ├── is-alphabetical@2.0.1
│ │ │ │ │ │ └── is-decimal@2.0.1 deduped
│ │ │ │ │ ├── is-decimal@2.0.1
│ │ │ │ │ └── is-hexadecimal@2.0.1
│ │ │ │ ├─┬ stringify-entities@4.0.4
│ │ │ │ │ ├── character-entities-html4@2.1.0
│ │ │ │ │ └── character-entities-legacy@3.0.0 deduped
│ │ │ │ ├─┬ unist-util-stringify-position@4.0.0
│ │ │ │ │ └── @types/unist@3.0.3 deduped
│ │ │ │ └── vfile-message@4.0.3 deduped
│ │ │ ├─┬ mdast-util-mdxjs-esm@2.0.1
│ │ │ │ ├── @types/estree-jsx@1.0.5 deduped
│ │ │ │ ├── @types/hast@3.0.5 deduped
│ │ │ │ ├── @types/mdast@4.0.4 deduped
│ │ │ │ ├── devlop@1.1.0 deduped
│ │ │ │ ├── mdast-util-from-markdown@2.0.3 deduped
│ │ │ │ └── mdast-util-to-markdown@2.1.2 deduped
│ │ │ ├── property-information@7.2.0
│ │ │ ├── space-separated-tokens@2.0.2
│ │ │ ├─┬ style-to-js@1.1.21
│ │ │ │ └─┬ style-to-object@1.0.14
│ │ │ │   └── inline-style-parser@0.2.7
│ │ │ ├─┬ unist-util-position@5.0.0
│ │ │ │ └── @types/unist@3.0.3 deduped
│ │ │ └─┬ vfile-message@4.0.3
│ │ │   ├── @types/unist@3.0.3 deduped
│ │ │   └── unist-util-stringify-position@4.0.0 deduped
│ │ ├── html-url-attributes@3.0.1
│ │ ├─┬ mdast-util-to-hast@13.2.1
│ │ │ ├── @types/hast@3.0.5 deduped
│ │ │ ├── @types/mdast@4.0.4 deduped
│ │ │ ├── @ungap/structured-clone@1.4.0
│ │ │ ├── devlop@1.1.0 deduped
│ │ │ ├─┬ micromark-util-sanitize-uri@2.0.1
│ │ │ │ ├─┬ micromark-util-character@2.1.1
│ │ │ │ │ ├── micromark-util-symbol@2.0.1 deduped
│ │ │ │ │ └── micromark-util-types@2.0.2 deduped
│ │ │ │ ├── micromark-util-encode@2.0.1
│ │ │ │ └── micromark-util-symbol@2.0.1
│ │ │ ├── trim-lines@3.0.1
│ │ │ ├── unist-util-position@5.0.0 deduped
│ │ │ ├── unist-util-visit@5.1.0 deduped
│ │ │ └── vfile@6.0.3 deduped
│ │ ├── react@19.3.0 deduped
│ │ ├─┬ remark-parse@11.0.0
│ │ │ ├── @types/mdast@4.0.4 deduped
│ │ │ ├─┬ mdast-util-from-markdown@2.0.3
│ │ │ │ ├── @types/mdast@4.0.4 deduped
│ │ │ │ ├── @types/unist@3.0.3 deduped
│ │ │ │ ├─┬ decode-named-character-reference@1.3.0
│ │ │ │ │ └── character-entities@2.0.2
│ │ │ │ ├── devlop@1.1.0 deduped
│ │ │ │ ├─┬ mdast-util-to-string@4.0.0
│ │ │ │ │ └── @types/mdast@4.0.4 deduped
│ │ │ │ ├─┬ micromark-util-decode-numeric-character-reference@2.0.2
│ │ │ │ │ └── micromark-util-symbol@2.0.1 deduped
│ │ │ │ ├─┬ micromark-util-decode-string@2.0.1
│ │ │ │ │ ├── decode-named-character-reference@1.3.0 deduped
│ │ │ │ │ ├── micromark-util-character@2.1.1 deduped
│ │ │ │ │ ├── micromark-util-decode-numeric-character-reference@2.0.2 deduped
│ │ │ │ │ └── micromark-util-symbol@2.0.1 deduped
│ │ │ │ ├─┬ micromark-util-normalize-identifier@2.0.1
│ │ │ │ │ └── micromark-util-symbol@2.0.1 deduped
│ │ │ │ ├── micromark-util-symbol@2.0.1 deduped
│ │ │ │ ├── micromark-util-types@2.0.2 deduped
│ │ │ │ ├─┬ micromark@4.0.2
│ │ │ │ │ ├─┬ @types/debug@4.1.13
│ │ │ │ │ │ └── @types/ms@2.1.0
│ │ │ │ │ ├── debug@4.4.3 deduped
│ │ │ │ │ ├── decode-named-character-reference@1.3.0 deduped
│ │ │ │ │ ├── devlop@1.1.0 deduped
│ │ │ │ │ ├── micromark-core-commonmark@2.0.3 deduped
│ │ │ │ │ ├── micromark-factory-space@2.0.1 deduped
│ │ │ │ │ ├── micromark-util-character@2.1.1 deduped
│ │ │ │ │ ├── micromark-util-chunked@2.0.1 deduped
│ │ │ │ │ ├── micromark-util-combine-extensions@2.0.1 deduped
│ │ │ │ │ ├── micromark-util-decode-numeric-character-reference@2.0.2 deduped
│ │ │ │ │ ├── micromark-util-encode@2.0.1 deduped
│ │ │ │ │ ├── micromark-util-normalize-identifier@2.0.1 deduped
│ │ │ │ │ ├── micromark-util-resolve-all@2.0.1 deduped
│ │ │ │ │ ├── micromark-util-sanitize-uri@2.0.1 deduped
│ │ │ │ │ ├─┬ micromark-util-subtokenize@2.1.0
│ │ │ │ │ │ ├── devlop@1.1.0 deduped
│ │ │ │ │ │ ├── micromark-util-chunked@2.0.1 deduped
│ │ │ │ │ │ ├── micromark-util-symbol@2.0.1 deduped
│ │ │ │ │ │ └── micromark-util-types@2.0.2 deduped
│ │ │ │ │ ├── micromark-util-symbol@2.0.1 deduped
│ │ │ │ │ └── micromark-util-types@2.0.2 deduped
│ │ │ │ └── unist-util-stringify-position@4.0.0 deduped
│ │ │ ├── micromark-util-types@2.0.2
│ │ │ └── unified@11.0.5 deduped
│ │ ├─┬ remark-rehype@11.1.2
│ │ │ ├── @types/hast@3.0.5 deduped
│ │ │ ├── @types/mdast@4.0.4 deduped
│ │ │ ├── mdast-util-to-hast@13.2.1 deduped
│ │ │ ├── unified@11.0.5 deduped
│ │ │ └── vfile@6.0.3 deduped
│ │ ├─┬ unified@11.0.5
│ │ │ ├── @types/unist@3.0.3 deduped
│ │ │ ├── bail@2.0.2
│ │ │ ├── devlop@1.1.0 deduped
│ │ │ ├── extend@3.0.2
│ │ │ ├── is-plain-obj@4.1.0
│ │ │ ├── trough@2.2.0
│ │ │ └── vfile@6.0.3 deduped
│ │ ├─┬ unist-util-visit@5.1.0
│ │ │ ├── @types/unist@3.0.3 deduped
│ │ │ ├─┬ unist-util-is@6.0.1
│ │ │ │ └── @types/unist@3.0.3 deduped
│ │ │ └── unist-util-visit-parents@6.0.2 deduped
│ │ └─┬ vfile@6.0.3
│ │   ├── @types/unist@3.0.3 deduped
│ │   └── vfile-message@4.0.3 deduped
│ ├─┬ react-resizable-panels@4.14.1
│ │ ├── react-dom@19.3.0 deduped
│ │ └── react@19.3.0 deduped
│ ├─┬ react-top-loading-bar@3.0.2
│ │ └── react@19.3.0 deduped
│ ├── react@19.3.0
│ ├─┬ recharts@3.8.1
│ │ ├─┬ @reduxjs/toolkit@2.12.0
│ │ │ ├── @standard-schema/spec@1.1.0 deduped
│ │ │ ├── @standard-schema/utils@0.3.0 deduped
│ │ │ ├── immer@11.1.18 deduped
│ │ │ ├── react-redux@9.3.0 deduped
│ │ │ ├── react@19.3.0 deduped
│ │ │ ├─┬ redux-thunk@3.1.0
│ │ │ │ └── redux@5.0.1 deduped
│ │ │ ├── redux@5.0.1
│ │ │ └── reselect@5.3.0 deduped
│ │ ├── clsx@2.1.1 deduped
│ │ ├── decimal.js-light@2.5.1
│ │ ├── es-toolkit@1.52.0
│ │ ├── eventemitter3@5.0.4
│ │ ├── immer@10.2.0
│ │ ├── react-dom@19.3.0 deduped
│ │ ├── react-is@16.13.1
│ │ ├─┬ react-redux@9.3.0
│ │ │ ├── @types/react@18.3.28 deduped
│ │ │ ├── @types/use-sync-external-store@0.0.6
│ │ │ ├── react@19.3.0 deduped
│ │ │ ├── redux@5.0.1 deduped
│ │ │ └── use-sync-external-store@1.7.0 deduped
│ │ ├── react@19.3.0 deduped
│ │ ├── reselect@5.1.1
│ │ ├── tiny-invariant@1.3.3
│ │ ├── use-sync-external-store@1.7.0 deduped
│ │ └─┬ victory-vendor@37.3.6
│ │   ├── @types/d3-array@3.2.2
│ │   ├── @types/d3-ease@3.0.2
│ │   ├── @types/d3-interpolate@3.0.4 deduped
│ │   ├─┬ @types/d3-scale@4.0.9
│ │   │ └── @types/d3-time@3.0.4 deduped
│ │   ├─┬ @types/d3-shape@3.1.8
│ │   │ └── @types/d3-path@3.1.1
│ │   ├── @types/d3-time@3.0.4
│ │   ├── @types/d3-timer@3.0.2
│ │   ├─┬ d3-array@3.2.4
│ │   │ └── internmap@2.0.3
│ │   ├── d3-ease@3.0.1
│ │   ├── d3-interpolate@3.0.1 deduped
│ │   ├─┬ d3-scale@4.0.2
│ │   │ ├── d3-array@3.2.4 deduped
│ │   │ ├── d3-format@3.1.2
│ │   │ ├── d3-interpolate@3.0.1 deduped
│ │   │ ├─┬ d3-time-format@4.1.0
│ │   │ │ └── d3-time@3.1.0 deduped
│ │   │ └── d3-time@3.1.0 deduped
│ │   ├─┬ d3-shape@3.2.0
│ │   │ └── d3-path@3.1.0
│ │   ├─┬ d3-time@3.1.0
│ │   │ └── d3-array@3.2.4 deduped
│ │   └── d3-timer@3.0.1
│ ├─┬ rehype-raw@7.0.0
│ │ ├── @types/hast@3.0.5 deduped
│ │ ├─┬ hast-util-raw@9.1.0
│ │ │ ├── @types/hast@3.0.5 deduped
│ │ │ ├── @types/unist@3.0.3 deduped
│ │ │ ├── @ungap/structured-clone@1.4.0 deduped
│ │ │ ├─┬ hast-util-from-parse5@8.0.3
│ │ │ │ ├── @types/hast@3.0.5 deduped
│ │ │ │ ├── @types/unist@3.0.3 deduped
│ │ │ │ ├── devlop@1.1.0 deduped
│ │ │ │ ├─┬ hastscript@9.0.1
│ │ │ │ │ ├── @types/hast@3.0.5 deduped
│ │ │ │ │ ├── comma-separated-tokens@2.0.3 deduped
│ │ │ │ │ ├─┬ hast-util-parse-selector@4.0.0
│ │ │ │ │ │ └── @types/hast@3.0.5 deduped
│ │ │ │ │ ├── property-information@7.2.0 deduped
│ │ │ │ │ └── space-separated-tokens@2.0.2 deduped
│ │ │ │ ├── property-information@7.2.0 deduped
│ │ │ │ ├─┬ vfile-location@5.0.3
│ │ │ │ │ ├── @types/unist@3.0.3 deduped
│ │ │ │ │ └── vfile@6.0.3 deduped
│ │ │ │ ├── vfile@6.0.3 deduped
│ │ │ │ └── web-namespaces@2.0.1 deduped
│ │ │ ├─┬ hast-util-to-parse5@8.0.1
│ │ │ │ ├── @types/hast@3.0.5 deduped
│ │ │ │ ├── comma-separated-tokens@2.0.3 deduped
│ │ │ │ ├── devlop@1.1.0 deduped
│ │ │ │ ├── property-information@7.2.0 deduped
│ │ │ │ ├── space-separated-tokens@2.0.2 deduped
│ │ │ │ ├── web-namespaces@2.0.1 deduped
│ │ │ │ └── zwitch@2.0.4 deduped
│ │ │ ├── html-void-elements@3.0.0
│ │ │ ├── mdast-util-to-hast@13.2.1 deduped
│ │ │ ├─┬ parse5@7.3.0
│ │ │ │ └── entities@6.0.1
│ │ │ ├── unist-util-position@5.0.0 deduped
│ │ │ ├── unist-util-visit@5.1.0 deduped
│ │ │ ├── vfile@6.0.3 deduped
│ │ │ ├── web-namespaces@2.0.1
│ │ │ └── zwitch@2.0.4
│ │ └── vfile@6.0.3 deduped
│ ├─┬ remark-gfm@4.0.1
│ │ ├── @types/mdast@4.0.4 deduped
│ │ ├─┬ mdast-util-gfm@3.1.0
│ │ │ ├── mdast-util-from-markdown@2.0.3 deduped
│ │ │ ├─┬ mdast-util-gfm-autolink-literal@2.0.1
│ │ │ │ ├── @types/mdast@4.0.4 deduped
│ │ │ │ ├── ccount@2.0.1 deduped
│ │ │ │ ├── devlop@1.1.0 deduped
│ │ │ │ ├─┬ mdast-util-find-and-replace@3.0.2
│ │ │ │ │ ├── @types/mdast@4.0.4 deduped
│ │ │ │ │ ├── escape-string-regexp@5.0.0
│ │ │ │ │ ├── unist-util-is@6.0.1 deduped
│ │ │ │ │ └── unist-util-visit-parents@6.0.2 deduped
│ │ │ │ └── micromark-util-character@2.1.1 deduped
│ │ │ ├─┬ mdast-util-gfm-footnote@2.1.0
│ │ │ │ ├── @types/mdast@4.0.4 deduped
│ │ │ │ ├── devlop@1.1.0 deduped
│ │ │ │ ├── mdast-util-from-markdown@2.0.3 deduped
│ │ │ │ ├── mdast-util-to-markdown@2.1.2 deduped
│ │ │ │ └── micromark-util-normalize-identifier@2.0.1 deduped
│ │ │ ├─┬ mdast-util-gfm-strikethrough@2.0.0
│ │ │ │ ├── @types/mdast@4.0.4 deduped
│ │ │ │ ├── mdast-util-from-markdown@2.0.3 deduped
│ │ │ │ └── mdast-util-to-markdown@2.1.2 deduped
│ │ │ ├─┬ mdast-util-gfm-table@2.0.0
│ │ │ │ ├── @types/mdast@4.0.4 deduped
│ │ │ │ ├── devlop@1.1.0 deduped
│ │ │ │ ├── markdown-table@3.0.4
│ │ │ │ ├── mdast-util-from-markdown@2.0.3 deduped
│ │ │ │ └── mdast-util-to-markdown@2.1.2 deduped
│ │ │ ├─┬ mdast-util-gfm-task-list-item@2.0.0
│ │ │ │ ├── @types/mdast@4.0.4 deduped
│ │ │ │ ├── devlop@1.1.0 deduped
│ │ │ │ ├── mdast-util-from-markdown@2.0.3 deduped
│ │ │ │ └── mdast-util-to-markdown@2.1.2 deduped
│ │ │ └─┬ mdast-util-to-markdown@2.1.2
│ │ │   ├── @types/mdast@4.0.4 deduped
│ │ │   ├── @types/unist@3.0.3 deduped
│ │ │   ├── longest-streak@3.1.0
│ │ │   ├─┬ mdast-util-phrasing@4.1.0
│ │ │   │ ├── @types/mdast@4.0.4 deduped
│ │ │   │ └── unist-util-is@6.0.1 deduped
│ │ │   ├── mdast-util-to-string@4.0.0 deduped
│ │ │   ├─┬ micromark-util-classify-character@2.0.1
│ │ │   │ ├── micromark-util-character@2.1.1 deduped
│ │ │   │ ├── micromark-util-symbol@2.0.1 deduped
│ │ │   │ └── micromark-util-types@2.0.2 deduped
│ │ │   ├── micromark-util-decode-string@2.0.1 deduped
│ │ │   ├── unist-util-visit@5.1.0 deduped
│ │ │   └── zwitch@2.0.4 deduped
│ │ ├─┬ micromark-extension-gfm@3.0.0
│ │ │ ├─┬ micromark-extension-gfm-autolink-literal@2.1.0
│ │ │ │ ├── micromark-util-character@2.1.1 deduped
│ │ │ │ ├── micromark-util-sanitize-uri@2.0.1 deduped
│ │ │ │ ├── micromark-util-symbol@2.0.1 deduped
│ │ │ │ └── micromark-util-types@2.0.2 deduped
│ │ │ ├─┬ micromark-extension-gfm-footnote@2.1.0
│ │ │ │ ├── devlop@1.1.0 deduped
│ │ │ │ ├─┬ micromark-core-commonmark@2.0.3
│ │ │ │ │ ├── decode-named-character-reference@1.3.0 deduped
│ │ │ │ │ ├── devlop@1.1.0 deduped
│ │ │ │ │ ├─┬ micromark-factory-destination@2.0.1
│ │ │ │ │ │ ├── micromark-util-character@2.1.1 deduped
│ │ │ │ │ │ ├── micromark-util-symbol@2.0.1 deduped
│ │ │ │ │ │ └── micromark-util-types@2.0.2 deduped
│ │ │ │ │ ├─┬ micromark-factory-label@2.0.1
│ │ │ │ │ │ ├── devlop@1.1.0 deduped
│ │ │ │ │ │ ├── micromark-util-character@2.1.1 deduped
│ │ │ │ │ │ ├── micromark-util-symbol@2.0.1 deduped
│ │ │ │ │ │ └── micromark-util-types@2.0.2 deduped
│ │ │ │ │ ├── micromark-factory-space@2.0.1 deduped
│ │ │ │ │ ├─┬ micromark-factory-title@2.0.1
│ │ │ │ │ │ ├── micromark-factory-space@2.0.1 deduped
│ │ │ │ │ │ ├── micromark-util-character@2.1.1 deduped
│ │ │ │ │ │ ├── micromark-util-symbol@2.0.1 deduped
│ │ │ │ │ │ └── micromark-util-types@2.0.2 deduped
│ │ │ │ │ ├─┬ micromark-factory-whitespace@2.0.1
│ │ │ │ │ │ ├── micromark-factory-space@2.0.1 deduped
│ │ │ │ │ │ ├── micromark-util-character@2.1.1 deduped
│ │ │ │ │ │ ├── micromark-util-symbol@2.0.1 deduped
│ │ │ │ │ │ └── micromark-util-types@2.0.2 deduped
│ │ │ │ │ ├── micromark-util-character@2.1.1 deduped
│ │ │ │ │ ├── micromark-util-chunked@2.0.1 deduped
│ │ │ │ │ ├── micromark-util-classify-character@2.0.1 deduped
│ │ │ │ │ ├── micromark-util-html-tag-name@2.0.1
│ │ │ │ │ ├── micromark-util-normalize-identifier@2.0.1 deduped
│ │ │ │ │ ├── micromark-util-resolve-all@2.0.1 deduped
│ │ │ │ │ ├── micromark-util-subtokenize@2.1.0 deduped
│ │ │ │ │ ├── micromark-util-symbol@2.0.1 deduped
│ │ │ │ │ └── micromark-util-types@2.0.2 deduped
│ │ │ │ ├─┬ micromark-factory-space@2.0.1
│ │ │ │ │ ├── micromark-util-character@2.1.1 deduped
│ │ │ │ │ └── micromark-util-types@2.0.2 deduped
│ │ │ │ ├── micromark-util-character@2.1.1 deduped
│ │ │ │ ├── micromark-util-normalize-identifier@2.0.1 deduped
│ │ │ │ ├── micromark-util-sanitize-uri@2.0.1 deduped
│ │ │ │ ├── micromark-util-symbol@2.0.1 deduped
│ │ │ │ └── micromark-util-types@2.0.2 deduped
│ │ │ ├─┬ micromark-extension-gfm-strikethrough@2.1.0
│ │ │ │ ├── devlop@1.1.0 deduped
│ │ │ │ ├─┬ micromark-util-chunked@2.0.1
│ │ │ │ │ └── micromark-util-symbol@2.0.1 deduped
│ │ │ │ ├── micromark-util-classify-character@2.0.1 deduped
│ │ │ │ ├─┬ micromark-util-resolve-all@2.0.1
│ │ │ │ │ └── micromark-util-types@2.0.2 deduped
│ │ │ │ ├── micromark-util-symbol@2.0.1 deduped
│ │ │ │ └── micromark-util-types@2.0.2 deduped
│ │ │ ├─┬ micromark-extension-gfm-table@2.1.1
│ │ │ │ ├── devlop@1.1.0 deduped
│ │ │ │ ├── micromark-factory-space@2.0.1 deduped
│ │ │ │ ├── micromark-util-character@2.1.1 deduped
│ │ │ │ ├── micromark-util-symbol@2.0.1 deduped
│ │ │ │ └── micromark-util-types@2.0.2 deduped
│ │ │ ├─┬ micromark-extension-gfm-tagfilter@2.0.0
│ │ │ │ └── micromark-util-types@2.0.2 deduped
│ │ │ ├─┬ micromark-extension-gfm-task-list-item@2.1.0
│ │ │ │ ├── devlop@1.1.0 deduped
│ │ │ │ ├── micromark-factory-space@2.0.1 deduped
│ │ │ │ ├── micromark-util-character@2.1.1 deduped
│ │ │ │ ├── micromark-util-symbol@2.0.1 deduped
│ │ │ │ └── micromark-util-types@2.0.2 deduped
│ │ │ ├─┬ micromark-util-combine-extensions@2.0.1
│ │ │ │ ├── micromark-util-chunked@2.0.1 deduped
│ │ │ │ └── micromark-util-types@2.0.2 deduped
│ │ │ └── micromark-util-types@2.0.2 deduped
│ │ ├── remark-parse@11.0.0 deduped
│ │ ├─┬ remark-stringify@11.0.0
│ │ │ ├── @types/mdast@4.0.4 deduped
│ │ │ ├── mdast-util-to-markdown@2.1.2 deduped
│ │ │ └── unified@11.0.5 deduped
│ │ └── unified@11.0.5 deduped
│ ├─┬ shadcn@4.21.0
│ │ ├── @babel/core@7.29.7 deduped
│ │ ├── @babel/parser@7.29.9 deduped
│ │ ├─┬ @babel/plugin-transform-typescript@7.29.9
│ │ │ ├── @babel/core@7.29.7 deduped
│ │ │ ├─┬ @babel/helper-annotate-as-pure@7.29.7
│ │ │ │ └── @babel/types@7.29.8 deduped
│ │ │ ├─┬ @babel/helper-create-class-features-plugin@7.29.7
│ │ │ │ ├── @babel/core@7.29.7 deduped
│ │ │ │ ├── @babel/helper-annotate-as-pure@7.29.7 deduped
│ │ │ │ ├─┬ @babel/helper-member-expression-to-functions@7.29.7
│ │ │ │ │ ├── @babel/traverse@7.29.8 deduped
│ │ │ │ │ └── @babel/types@7.29.8 deduped
│ │ │ │ ├─┬ @babel/helper-optimise-call-expression@7.29.7
│ │ │ │ │ └── @babel/types@7.29.8 deduped
│ │ │ │ ├─┬ @babel/helper-replace-supers@7.29.7
│ │ │ │ │ ├── @babel/core@7.29.7 deduped
│ │ │ │ │ ├── @babel/helper-member-expression-to-functions@7.29.7 deduped
│ │ │ │ │ ├── @babel/helper-optimise-call-expression@7.29.7 deduped
│ │ │ │ │ └── @babel/traverse@7.29.8 deduped
│ │ │ │ ├── @babel/helper-skip-transparent-expression-wrappers@7.29.7 deduped
│ │ │ │ ├── @babel/traverse@7.29.8 deduped
│ │ │ │ └── semver@6.3.1
│ │ │ ├── @babel/helper-plugin-utils@7.29.7
│ │ │ ├─┬ @babel/helper-skip-transparent-expression-wrappers@7.29.7
│ │ │ │ ├── @babel/traverse@7.29.8 deduped
│ │ │ │ └── @babel/types@7.29.8 deduped
│ │ │ └─┬ @babel/plugin-syntax-typescript@7.29.7
│ │ │   ├── @babel/core@7.29.7 deduped
│ │ │   └── @babel/helper-plugin-utils@7.29.7 deduped
│ │ ├─┬ @babel/preset-typescript@7.29.7
│ │ │ ├── @babel/core@7.29.7 deduped
│ │ │ ├── @babel/helper-plugin-utils@7.29.7 deduped
│ │ │ ├── @babel/helper-validator-option@7.29.7
│ │ │ ├─┬ @babel/plugin-syntax-jsx@7.29.7
│ │ │ │ ├── @babel/core@7.29.7 deduped
│ │ │ │ └── @babel/helper-plugin-utils@7.29.7 deduped
│ │ │ ├─┬ @babel/plugin-transform-modules-commonjs@7.29.7
│ │ │ │ ├── @babel/core@7.29.7 deduped
│ │ │ │ ├── @babel/helper-module-transforms@7.29.7 deduped
│ │ │ │ └── @babel/helper-plugin-utils@7.29.7 deduped
│ │ │ └── @babel/plugin-transform-typescript@7.29.9 deduped
│ │ ├─┬ @dotenvx/dotenvx@1.75.1
│ │ │ ├── @dotenvx/primitives@0.8.0
│ │ │ ├── commander@11.1.0
│ │ │ ├─┬ conf@10.2.0
│ │ │ │ ├─┬ ajv-formats@2.1.1
│ │ │ │ │ └── ajv@8.20.0 deduped
│ │ │ │ ├─┬ ajv@8.20.0
│ │ │ │ │ ├── fast-deep-equal@3.1.3 deduped
│ │ │ │ │ ├── fast-uri@3.1.8 deduped
│ │ │ │ │ ├── json-schema-traverse@1.0.0
│ │ │ │ │ └── require-from-string@2.0.2 deduped
│ │ │ │ ├── atomically@1.7.0
│ │ │ │ ├─┬ debounce-fn@4.0.0
│ │ │ │ │ └── mimic-fn@3.1.0
│ │ │ │ ├─┬ dot-prop@6.0.1
│ │ │ │ │ └── is-obj@2.0.0
│ │ │ │ ├── env-paths@2.2.1 deduped
│ │ │ │ ├── json-schema-typed@7.0.3
│ │ │ │ ├─┬ onetime@5.1.2
│ │ │ │ │ └── mimic-fn@2.1.0
│ │ │ │ ├─┬ pkg-up@3.1.0
│ │ │ │ │ └─┬ find-up@3.0.0
│ │ │ │ │   └─┬ locate-path@3.0.0
│ │ │ │ │     ├─┬ p-locate@3.0.0
│ │ │ │ │     │ └─┬ p-limit@2.3.0
│ │ │ │ │     │   └── p-try@2.2.0
│ │ │ │ │     └── path-exists@3.0.0
│ │ │ │ └── semver@7.8.5 deduped
│ │ │ ├── dotenv@17.4.2
│ │ │ ├─┬ enquirer@2.4.1
│ │ │ │ ├── ansi-colors@4.1.3
│ │ │ │ └─┬ strip-ansi@6.0.1
│ │ │ │   └── ansi-regex@5.0.1
│ │ │ ├── env-paths@2.2.1
│ │ │ ├─┬ execa@5.1.1
│ │ │ │ ├── cross-spawn@7.0.6 deduped
│ │ │ │ ├── get-stream@6.0.1
│ │ │ │ ├── human-signals@2.1.0
│ │ │ │ ├── is-stream@2.0.1
│ │ │ │ ├── merge-stream@2.0.0
│ │ │ │ ├─┬ npm-run-path@4.0.1
│ │ │ │ │ └── path-key@3.1.1 deduped
│ │ │ │ ├── onetime@5.1.2 deduped
│ │ │ │ ├── signal-exit@3.0.7
│ │ │ │ └── strip-final-newline@2.0.0
│ │ │ ├── fdir@6.5.0 deduped
│ │ │ ├── ignore@5.3.2 deduped
│ │ │ ├── object-treeify@1.1.33
│ │ │ ├─┬ open@8.4.2
│ │ │ │ ├── define-lazy-prop@2.0.0
│ │ │ │ ├── is-docker@2.2.1
│ │ │ │ └─┬ is-wsl@2.2.0
│ │ │ │   └── is-docker@2.2.1 deduped
│ │ │ ├── picomatch@4.0.7 deduped
│ │ │ ├── systeminformation@5.33.13
│ │ │ ├── undici@7.29.0 deduped
│ │ │ ├─┬ which@4.0.0
│ │ │ │ └── isexe@3.1.5
│ │ │ └─┬ yocto-spinner@1.2.2
│ │ │   └── yoctocolors@2.2.0 deduped
│ │ ├─┬ @modelcontextprotocol/sdk@1.30.1
│ │ │ ├── UNMET OPTIONAL DEPENDENCY @cfworker/json-schema@^4.1.1
│ │ │ ├─┬ @hono/node-server@1.19.14
│ │ │ │ └── hono@4.12.12 deduped
│ │ │ ├─┬ ajv-formats@3.0.1
│ │ │ │ └─┬ ajv@8.20.0
│ │ │ │   ├── fast-deep-equal@3.1.3 deduped
│ │ │ │   ├── fast-uri@3.1.8 deduped
│ │ │ │   ├── json-schema-traverse@1.0.0
│ │ │ │   └── require-from-string@2.0.2 deduped
│ │ │ ├─┬ ajv@8.20.0
│ │ │ │ ├── fast-deep-equal@3.1.3 deduped
│ │ │ │ ├── fast-uri@3.1.8 deduped
│ │ │ │ ├── json-schema-traverse@1.0.0
│ │ │ │ └── require-from-string@2.0.2 deduped
│ │ │ ├── content-type@1.0.5
│ │ │ ├─┬ cors@2.8.6
│ │ │ │ ├── object-assign@4.1.1
│ │ │ │ └── vary@1.1.2
│ │ │ ├── cross-spawn@7.0.6 deduped
│ │ │ ├── eventsource-parser@3.1.1 deduped
│ │ │ ├─┬ eventsource@3.0.7
│ │ │ │ └── eventsource-parser@3.1.1 deduped
│ │ │ ├─┬ express-rate-limit@8.7.0
│ │ │ │ ├── debug@4.4.3 deduped
│ │ │ │ ├── express@5.2.1 deduped
│ │ │ │ └── ip-address@10.7.2 deduped
│ │ │ ├─┬ express@5.2.1
│ │ │ │ ├─┬ accepts@2.0.0
│ │ │ │ │ ├── mime-types@3.0.2 deduped
│ │ │ │ │ └── negotiator@1.0.0
│ │ │ │ ├─┬ body-parser@2.3.0
│ │ │ │ │ ├── bytes@3.1.2 deduped
│ │ │ │ │ ├── content-type@2.0.0
│ │ │ │ │ ├── debug@4.4.3 deduped
│ │ │ │ │ ├── http-errors@2.0.1 deduped
│ │ │ │ │ ├── iconv-lite@0.7.2 deduped
│ │ │ │ │ ├── on-finished@2.4.1 deduped
│ │ │ │ │ ├── qs@6.15.3 deduped
│ │ │ │ │ ├── raw-body@3.0.2 deduped
│ │ │ │ │ └── type-is@2.1.0 deduped
│ │ │ │ ├── content-disposition@1.1.0
│ │ │ │ ├── content-type@1.0.5 deduped
│ │ │ │ ├── cookie-signature@1.2.2
│ │ │ │ ├── cookie@0.7.2
│ │ │ │ ├── debug@4.4.3 deduped
│ │ │ │ ├── depd@2.0.0
│ │ │ │ ├── encodeurl@2.0.0
│ │ │ │ ├── escape-html@1.0.3
│ │ │ │ ├── etag@1.8.1
│ │ │ │ ├─┬ finalhandler@2.1.1
│ │ │ │ │ ├── debug@4.4.3 deduped
│ │ │ │ │ ├── encodeurl@2.0.0 deduped
│ │ │ │ │ ├── escape-html@1.0.3 deduped
│ │ │ │ │ ├── on-finished@2.4.1 deduped
│ │ │ │ │ ├── parseurl@1.3.3 deduped
│ │ │ │ │ └── statuses@2.0.2 deduped
│ │ │ │ ├── fresh@2.0.0
│ │ │ │ ├─┬ http-errors@2.0.1
│ │ │ │ │ ├── depd@2.0.0 deduped
│ │ │ │ │ ├── inherits@2.0.4 deduped
│ │ │ │ │ ├── setprototypeof@1.2.0
│ │ │ │ │ ├── statuses@2.0.2 deduped
│ │ │ │ │ └── toidentifier@1.0.1
│ │ │ │ ├── merge-descriptors@2.0.0
│ │ │ │ ├─┬ mime-types@3.0.2
│ │ │ │ │ └── mime-db@1.54.0
│ │ │ │ ├─┬ on-finished@2.4.1
│ │ │ │ │ └── ee-first@1.1.1
│ │ │ │ ├─┬ once@1.4.0
│ │ │ │ │ └── wrappy@1.0.2
│ │ │ │ ├── parseurl@1.3.3
│ │ │ │ ├─┬ proxy-addr@2.0.7
│ │ │ │ │ ├── forwarded@0.2.0
│ │ │ │ │ └── ipaddr.js@1.9.1
│ │ │ │ ├─┬ qs@6.15.3
│ │ │ │ │ ├── es-define-property@1.0.1 deduped
│ │ │ │ │ └─┬ side-channel@1.1.1
│ │ │ │ │   ├── es-errors@1.3.0 deduped
│ │ │ │ │   ├── object-inspect@1.13.4
│ │ │ │ │   ├─┬ side-channel-list@1.0.1
│ │ │ │ │   │ ├── es-errors@1.3.0 deduped
│ │ │ │ │   │ └── object-inspect@1.13.4 deduped
│ │ │ │ │   ├─┬ side-channel-map@1.0.1
│ │ │ │ │   │ ├─┬ call-bound@1.0.4
│ │ │ │ │   │ │ ├── call-bind-apply-helpers@1.0.2 deduped
│ │ │ │ │   │ │ └── get-intrinsic@1.3.0 deduped
│ │ │ │ │   │ ├── es-errors@1.3.0 deduped
│ │ │ │ │   │ ├── get-intrinsic@1.3.0 deduped
│ │ │ │ │   │ └── object-inspect@1.13.4 deduped
│ │ │ │ │   └─┬ side-channel-weakmap@1.0.2
│ │ │ │ │     ├── call-bound@1.0.4 deduped
│ │ │ │ │     ├── es-errors@1.3.0 deduped
│ │ │ │ │     ├── get-intrinsic@1.3.0 deduped
│ │ │ │ │     ├── object-inspect@1.13.4 deduped
│ │ │ │ │     └── side-channel-map@1.0.1 deduped
│ │ │ │ ├── range-parser@1.3.0
│ │ │ │ ├─┬ router@2.2.0
│ │ │ │ │ ├── debug@4.4.3 deduped
│ │ │ │ │ ├── depd@2.0.0 deduped
│ │ │ │ │ ├── is-promise@4.0.0
│ │ │ │ │ ├── parseurl@1.3.3 deduped
│ │ │ │ │ └── path-to-regexp@8.4.2
│ │ │ │ ├─┬ send@1.2.1
│ │ │ │ │ ├── debug@4.4.3 deduped
│ │ │ │ │ ├── encodeurl@2.0.0 deduped
│ │ │ │ │ ├── escape-html@1.0.3 deduped
│ │ │ │ │ ├── etag@1.8.1 deduped
│ │ │ │ │ ├── fresh@2.0.0 deduped
│ │ │ │ │ ├── http-errors@2.0.1 deduped
│ │ │ │ │ ├── mime-types@3.0.2 deduped
│ │ │ │ │ ├── ms@2.1.3 deduped
│ │ │ │ │ ├── on-finished@2.4.1 deduped
│ │ │ │ │ ├── range-parser@1.3.0 deduped
│ │ │ │ │ └── statuses@2.0.2 deduped
│ │ │ │ ├─┬ serve-static@2.2.1
│ │ │ │ │ ├── encodeurl@2.0.0 deduped
│ │ │ │ │ ├── escape-html@1.0.3 deduped
│ │ │ │ │ ├── parseurl@1.3.3 deduped
│ │ │ │ │ └── send@1.2.1 deduped
│ │ │ │ ├── statuses@2.0.2
│ │ │ │ ├─┬ type-is@2.1.0
│ │ │ │ │ ├── content-type@2.0.0
│ │ │ │ │ ├── media-typer@1.1.0
│ │ │ │ │ └── mime-types@3.0.2 deduped
│ │ │ │ └── vary@1.1.2 deduped
│ │ │ ├── hono@4.12.12
│ │ │ ├── jose@6.2.12
│ │ │ ├── json-schema-typed@8.0.2
│ │ │ ├── pkce-challenge@5.0.1
│ │ │ ├─┬ raw-body@3.0.2
│ │ │ │ ├── bytes@3.1.2
│ │ │ │ ├── http-errors@2.0.1 deduped
│ │ │ │ ├─┬ iconv-lite@0.7.2
│ │ │ │ │ └── safer-buffer@2.1.2 deduped
│ │ │ │ └── unpipe@1.0.0
│ │ │ ├── zod-to-json-schema@3.25.2 deduped
│ │ │ └── zod@4.3.6 deduped
│ │ ├── @types/validate-npm-package-name@4.0.2
│ │ ├─┬ browserslist@4.28.2
│ │ │ ├── baseline-browser-mapping@2.10.18
│ │ │ ├── caniuse-lite@1.0.30001787
│ │ │ ├── electron-to-chromium@1.5.335
│ │ │ ├── node-releases@2.0.37
│ │ │ └─┬ update-browserslist-db@1.2.3
│ │ │   ├── browserslist@4.28.2 deduped
│ │ │   ├── escalade@3.2.0
│ │ │   └── picocolors@1.1.1 deduped
│ │ ├── cn@0.2.6
│ │ ├── commander@14.0.3
│ │ ├─┬ cosmiconfig@9.0.2
│ │ │ ├── env-paths@2.2.1 deduped
│ │ │ ├─┬ import-fresh@3.3.1
│ │ │ │ ├─┬ parent-module@1.0.1
│ │ │ │ │ └── callsites@3.1.0
│ │ │ │ └── resolve-from@4.0.0
│ │ │ ├─┬ js-yaml@4.1.1
│ │ │ │ └── argparse@2.0.1
│ │ │ ├─┬ parse-json@5.2.0
│ │ │ │ ├── @babel/code-frame@7.29.7 deduped
│ │ │ │ ├─┬ error-ex@1.3.4
│ │ │ │ │ └── is-arrayish@0.2.1
│ │ │ │ ├── json-parse-even-better-errors@2.3.1
│ │ │ │ └── lines-and-columns@1.2.4
│ │ │ └── typescript@5.9.3 deduped
│ │ ├─┬ dedent@1.7.2
│ │ │ └── UNMET OPTIONAL DEPENDENCY babel-plugin-macros@^3.1.0
│ │ ├── deepmerge@4.3.1
│ │ ├── diff@8.0.4
│ │ ├─┬ execa@9.6.1
│ │ │ ├── @sindresorhus/merge-streams@4.0.0
│ │ │ ├── cross-spawn@7.0.6 deduped
│ │ │ ├─┬ figures@6.1.0
│ │ │ │ └── is-unicode-supported@2.1.0 deduped
│ │ │ ├─┬ get-stream@9.0.1
│ │ │ │ ├── @sec-ant/readable-stream@0.4.1
│ │ │ │ └── is-stream@4.0.1 deduped
│ │ │ ├── human-signals@8.0.1
│ │ │ ├── is-plain-obj@4.1.0 deduped
│ │ │ ├── is-stream@4.0.1
│ │ │ ├─┬ npm-run-path@6.0.0
│ │ │ │ ├── path-key@4.0.0
│ │ │ │ └── unicorn-magic@0.3.0
│ │ │ ├─┬ pretty-ms@9.3.1
│ │ │ │ └── parse-ms@4.0.0
│ │ │ ├── signal-exit@4.1.0
│ │ │ ├── strip-final-newline@4.0.0
│ │ │ └── yoctocolors@2.2.0
│ │ ├─┬ fast-glob@3.3.3
│ │ │ ├── @nodelib/fs.stat@2.0.5
│ │ │ ├─┬ @nodelib/fs.walk@1.2.8
│ │ │ │ ├─┬ @nodelib/fs.scandir@2.1.5
│ │ │ │ │ ├── @nodelib/fs.stat@2.0.5 deduped
│ │ │ │ │ └─┬ run-parallel@1.2.0
│ │ │ │ │   └── queue-microtask@1.2.3
│ │ │ │ └─┬ fastq@1.20.1
│ │ │ │   └── reusify@1.1.0
│ │ │ ├─┬ glob-parent@5.1.2
│ │ │ │ └── is-glob@4.0.3 deduped
│ │ │ ├── merge2@1.4.1
│ │ │ └─┬ micromatch@4.0.8
│ │ │   ├─┬ braces@3.0.3
│ │ │   │ └─┬ fill-range@7.1.1
│ │ │   │   └─┬ to-regex-range@5.0.1
│ │ │   │     └── is-number@7.0.0
│ │ │   └── picomatch@2.3.2
│ │ ├─┬ fs-extra@11.4.1
│ │ │ ├── graceful-fs@4.2.11
│ │ │ ├─┬ jsonfile@6.2.1
│ │ │ │ ├── graceful-fs@4.2.11 deduped
│ │ │ │ └── universalify@2.0.1 deduped
│ │ │ └── universalify@2.0.1
│ │ ├── fuzzysort@3.1.0
│ │ ├── kleur@4.1.5
│ │ ├─┬ open@11.0.4
│ │ │ ├─┬ default-browser@5.5.1
│ │ │ │ ├─┬ bundle-name@4.1.1
│ │ │ │ │ └── run-applescript@7.1.0
│ │ │ │ └── default-browser-id@5.0.1
│ │ │ ├── define-lazy-prop@3.0.0
│ │ │ ├── is-in-ssh@1.0.0
│ │ │ ├─┬ is-inside-container@1.0.0
│ │ │ │ └── is-docker@3.0.0
│ │ │ ├── powershell-utils@0.2.1
│ │ │ └─┬ wsl-utils@1.0.0
│ │ │   ├─┬ is-wsl@3.1.1
│ │ │   │ └── is-inside-container@1.0.0 deduped
│ │ │   └── powershell-utils@0.1.0
│ │ ├─┬ ora@8.2.0
│ │ │ ├── chalk@5.6.2
│ │ │ ├─┬ cli-cursor@5.0.0
│ │ │ │ └─┬ restore-cursor@5.1.0
│ │ │ │   ├─┬ onetime@7.0.0
│ │ │ │   │ └── mimic-function@5.0.1
│ │ │ │   └── signal-exit@4.1.0
│ │ │ ├── cli-spinners@2.9.2
│ │ │ ├── is-interactive@2.0.0
│ │ │ ├── is-unicode-supported@2.1.0
│ │ │ ├─┬ log-symbols@6.0.0
│ │ │ │ ├── chalk@5.6.2 deduped
│ │ │ │ └── is-unicode-supported@1.3.0
│ │ │ ├── stdin-discarder@0.2.2
│ │ │ ├─┬ string-width@7.2.0
│ │ │ │ ├── emoji-regex@10.6.0
│ │ │ │ ├── get-east-asian-width@1.5.0
│ │ │ │ └─┬ strip-ansi@7.2.0
│ │ │ │   └── ansi-regex@6.2.2
│ │ │ └─┬ strip-ansi@7.2.0
│ │ │   └── ansi-regex@6.4.0
│ │ ├─┬ postcss-selector-parser@7.1.6
│ │ │ ├── cssesc@3.0.0
│ │ │ └── util-deprecate@1.0.2
│ │ ├── postcss@8.5.28 deduped
│ │ ├─┬ prompts@2.4.2
│ │ │ ├── kleur@3.0.3
│ │ │ └── sisteransi@1.0.5
│ │ ├─┬ recast@0.23.21
│ │ │ ├─┬ ast-types@0.16.3
│ │ │ │ └── tslib@2.8.1 deduped
│ │ │ ├── esprima@4.0.1
│ │ │ ├── source-map@0.6.1
│ │ │ ├── tiny-invariant@1.3.3 deduped
│ │ │ └── tslib@2.8.1 deduped
│ │ ├─┬ socks@2.8.10
│ │ │ ├── ip-address@10.7.2
│ │ │ └── smart-buffer@4.2.0
│ │ ├─┬ stringify-object@5.0.0
│ │ │ ├── get-own-enumerable-keys@1.0.0
│ │ │ ├── is-obj@3.0.0
│ │ │ └── is-regexp@3.1.0
│ │ ├─┬ ts-morph@26.0.0
│ │ │ ├─┬ @ts-morph/common@0.27.0
│ │ │ │ ├─┬ fast-glob@3.3.3
│ │ │ │ │ ├── @nodelib/fs.stat@2.0.5 deduped
│ │ │ │ │ ├── @nodelib/fs.walk@1.2.8 deduped
│ │ │ │ │ ├─┬ glob-parent@5.1.2
│ │ │ │ │ │ └── is-glob@4.0.3 deduped
│ │ │ │ │ ├── merge2@1.4.1 deduped
│ │ │ │ │ └── micromatch@4.0.8 deduped
│ │ │ │ ├─┬ minimatch@10.2.6
│ │ │ │ │ └─┬ brace-expansion@5.0.12
│ │ │ │ │   └── balanced-match@4.0.4
│ │ │ │ └── path-browserify@1.0.1 deduped
│ │ │ └── code-block-writer@13.0.3
│ │ ├─┬ tsconfig-paths@4.2.0
│ │ │ ├── json5@2.2.3 deduped
│ │ │ ├── minimist@1.2.8
│ │ │ └── strip-bom@3.0.0
│ │ ├── undici@7.29.0
│ │ ├── validate-npm-package-name@7.0.2
│ │ ├─┬ zod-to-json-schema@3.25.2
│ │ │ └── zod@4.3.6 deduped
│ │ └── zod@3.25.76
│ ├─┬ shiki@4.4.3
│ │ ├─┬ @shikijs/core@4.4.3
│ │ │ ├─┬ @shikijs/primitive@4.4.3
│ │ │ │ ├── @shikijs/types@4.4.3 deduped
│ │ │ │ ├── @shikijs/vscode-textmate@10.0.2 deduped
│ │ │ │ └── @types/hast@3.0.5 deduped
│ │ │ ├── @shikijs/types@4.4.3 deduped
│ │ │ ├── @shikijs/vscode-textmate@10.0.2 deduped
│ │ │ ├── @types/hast@3.0.5 deduped
│ │ │ └─┬ hast-util-to-html@9.0.5
│ │ │   ├── @types/hast@3.0.5 deduped
│ │ │   ├── @types/unist@3.0.3 deduped
│ │ │   ├── ccount@2.0.1 deduped
│ │ │   ├── comma-separated-tokens@2.0.3 deduped
│ │ │   ├── hast-util-whitespace@3.0.0 deduped
│ │ │   ├── html-void-elements@3.0.0 deduped
│ │ │   ├── mdast-util-to-hast@13.2.1 deduped
│ │ │   ├── property-information@7.2.0 deduped
│ │ │   ├── space-separated-tokens@2.0.2 deduped
│ │ │   ├── stringify-entities@4.0.4 deduped
│ │ │   └── zwitch@2.0.4 deduped
│ │ ├─┬ @shikijs/engine-javascript@4.4.3
│ │ │ ├── @shikijs/types@4.4.3 deduped
│ │ │ ├── @shikijs/vscode-textmate@10.0.2 deduped
│ │ │ └─┬ oniguruma-to-es@4.3.6
│ │ │   ├── oniguruma-parser@0.12.2
│ │ │   ├─┬ regex-recursion@6.0.2
│ │ │   │ └── regex-utilities@2.3.0
│ │ │   └─┬ regex@6.1.0
│ │ │     └── regex-utilities@2.3.0 deduped
│ │ ├─┬ @shikijs/engine-oniguruma@4.4.3
│ │ │ ├── @shikijs/types@4.4.3 deduped
│ │ │ └── @shikijs/vscode-textmate@10.0.2 deduped
│ │ ├─┬ @shikijs/langs@4.4.3
│ │ │ └── @shikijs/types@4.4.3 deduped
│ │ ├─┬ @shikijs/themes@4.4.3
│ │ │ └── @shikijs/types@4.4.3 deduped
│ │ ├─┬ @shikijs/types@4.4.3
│ │ │ ├── @shikijs/vscode-textmate@10.0.2 deduped
│ │ │ └── @types/hast@3.0.5 deduped
│ │ ├── @shikijs/vscode-textmate@10.0.2
│ │ └── @types/hast@3.0.5 deduped
│ ├─┬ sonner@2.0.8
│ │ ├── @types/react@18.3.28 deduped
│ │ ├── react-dom@19.3.0 deduped
│ │ └── react@19.3.0 deduped
│ ├── sse.js@2.8.0
│ ├─┬ streamdown@2.6.0
│ │ ├── clsx@2.1.1 deduped
│ │ ├── hast-util-to-jsx-runtime@2.3.6 deduped
│ │ ├── html-url-attributes@3.0.1 deduped
│ │ ├── marked@17.0.6
│ │ ├── react-dom@19.3.0 deduped
│ │ ├── react@19.3.0 deduped
│ │ ├─┬ rehype-harden@1.1.8
│ │ │ └── unist-util-visit@5.1.0 deduped
│ │ ├── rehype-raw@7.0.0 deduped
│ │ ├─┬ rehype-sanitize@6.0.0
│ │ │ ├── @types/hast@3.0.5 deduped
│ │ │ └─┬ hast-util-sanitize@5.0.2
│ │ │   ├── @types/hast@3.0.5 deduped
│ │ │   ├── @ungap/structured-clone@1.4.0 deduped
│ │ │   └── unist-util-position@5.0.0 deduped
│ │ ├── remark-gfm@4.0.1 deduped
│ │ ├── remark-parse@11.0.0 deduped
│ │ ├── remark-rehype@11.1.2 deduped
│ │ ├── remend@1.3.1
│ │ ├── tailwind-merge@3.7.0 deduped
│ │ ├── unified@11.0.5 deduped
│ │ ├─┬ unist-util-visit-parents@6.0.2
│ │ │ ├── @types/unist@3.0.3 deduped
│ │ │ └── unist-util-is@6.0.1 deduped
│ │ └── unist-util-visit@5.1.0 deduped
│ ├── tailwind-merge@3.7.0
│ ├── tailwindcss@4.3.3
│ ├─┬ tokenlens@1.3.1
│ │ ├── @tokenlens/core@1.3.0
│ │ ├─┬ @tokenlens/fetch@1.3.0
│ │ │ └── @tokenlens/core@1.3.0 deduped
│ │ ├─┬ @tokenlens/helpers@1.3.1
│ │ │ ├── @tokenlens/core@1.3.0 deduped
│ │ │ └── @tokenlens/fetch@1.3.0 deduped
│ │ └─┬ @tokenlens/models@1.3.0
│ │   └── @tokenlens/core@1.3.0 deduped
│ ├── tw-animate-css@1.4.0
│ ├─┬ typescript-eslint@8.70.1
│ │ ├─┬ @typescript-eslint/eslint-plugin@8.70.1
│ │ │ ├── @eslint-community/regexpp@4.12.2 deduped
│ │ │ ├── @typescript-eslint/parser@8.70.1 deduped
│ │ │ ├── @typescript-eslint/scope-manager@8.70.1 deduped
│ │ │ ├─┬ @typescript-eslint/type-utils@8.70.1
│ │ │ │ ├── @typescript-eslint/types@8.70.1 deduped
│ │ │ │ ├── @typescript-eslint/typescript-estree@8.70.1 deduped
│ │ │ │ ├── @typescript-eslint/utils@8.70.1 deduped
│ │ │ │ ├── debug@4.4.3 deduped
│ │ │ │ ├── eslint@9.39.4 deduped
│ │ │ │ ├── ts-api-utils@2.5.0 deduped
│ │ │ │ └── typescript@5.9.3 deduped
│ │ │ ├── @typescript-eslint/utils@8.70.1 deduped
│ │ │ ├─┬ @typescript-eslint/visitor-keys@8.70.1
│ │ │ │ ├── @typescript-eslint/types@8.70.1 deduped
│ │ │ │ └── eslint-visitor-keys@5.0.1
│ │ │ ├── eslint@9.39.4 deduped
│ │ │ ├── ignore@7.0.10
│ │ │ ├── natural-compare@1.4.0 deduped
│ │ │ ├─┬ ts-api-utils@2.5.0
│ │ │ │ └── typescript@5.9.3 deduped
│ │ │ └── typescript@5.9.3 deduped
│ │ ├─┬ @typescript-eslint/parser@8.70.1
│ │ │ ├── @typescript-eslint/scope-manager@8.70.1 deduped
│ │ │ ├── @typescript-eslint/types@8.70.1 deduped
│ │ │ ├── @typescript-eslint/typescript-estree@8.70.1 deduped
│ │ │ ├── @typescript-eslint/visitor-keys@8.70.1 deduped
│ │ │ ├── debug@4.4.3 deduped
│ │ │ ├── eslint@9.39.4 deduped
│ │ │ └── typescript@5.9.3 deduped
│ │ ├─┬ @typescript-eslint/typescript-estree@8.70.1
│ │ │ ├─┬ @typescript-eslint/project-service@8.70.1
│ │ │ │ ├── @typescript-eslint/tsconfig-utils@8.70.1 deduped
│ │ │ │ ├── @typescript-eslint/types@8.70.1 deduped
│ │ │ │ ├── debug@4.4.3 deduped
│ │ │ │ └── typescript@5.9.3 deduped
│ │ │ ├─┬ @typescript-eslint/tsconfig-utils@8.70.1
│ │ │ │ └── typescript@5.9.3 deduped
│ │ │ ├── @typescript-eslint/types@8.70.1 deduped
│ │ │ ├── @typescript-eslint/visitor-keys@8.70.1 deduped
│ │ │ ├── debug@4.4.3 deduped
│ │ │ ├─┬ minimatch@10.2.6
│ │ │ │ └─┬ brace-expansion@5.0.12
│ │ │ │   └── balanced-match@4.0.4
│ │ │ ├── semver@7.8.5
│ │ │ ├── tinyglobby@0.2.17 deduped
│ │ │ ├── ts-api-utils@2.5.0 deduped
│ │ │ └── typescript@5.9.3 deduped
│ │ ├── @typescript-eslint/utils@8.70.1 deduped
│ │ ├── eslint@9.39.4 deduped
│ │ └── typescript@5.9.3 deduped
│ ├── typescript@6.0.3
│ ├─┬ use-stick-to-bottom@1.1.6
│ │ └── react@19.3.0 deduped
│ ├─┬ vaul@1.1.2
│ │ ├── @radix-ui/react-dialog@1.1.23 deduped
│ │ ├── react-dom@19.3.0 deduped
│ │ └── react@19.3.0 deduped
│ ├── zod@4.6.5
│ └─┬ zustand@5.0.15
│   ├── @types/react@18.3.28 deduped
│   ├── immer@11.1.18
│   ├── react@19.3.0 deduped
│   └── use-sync-external-store@1.7.0 deduped
├─┬ @emnapi/core@1.11.3 extraneous
│ ├── @emnapi/wasi-threads@1.2.3 deduped
│ └── tslib@2.8.1
├─┬ @emnapi/runtime@1.11.3 extraneous
│ └── tslib@2.8.1 deduped
├─┬ @emnapi/wasi-threads@1.2.3 extraneous
│ └── tslib@2.8.1 deduped
├─┬ @napi-rs/wasm-runtime@0.2.12 extraneous
│ ├── @emnapi/core@1.11.3 deduped
│ ├── @emnapi/runtime@1.11.3 deduped
│ └── @tybys/wasm-util@0.10.4 deduped
└─┬ @tybys/wasm-util@0.10.4 extraneous
  └── tslib@2.8.1 deduped

