[main 0d6707e2] fix(smoke): retain Core initialization in product SSE fixture
 93 files changed, 38709 insertions(+), 4 deletions(-)
 create mode 100644 docs/developers/architecture/evidence/2026-10-06-web-build-environment-and-product-sse/production-2e-and-c9-boundary/c9-review/FINAL-product-c9-readonly-review.json
 create mode 100644 docs/developers/architecture/evidence/2026-10-06-web-build-environment-and-product-sse/production-2e-and-c9-boundary/c9-review/FINAL-product-fixture-initialization-delta-review.json
 create mode 100644 docs/developers/architecture/evidence/2026-10-06-web-build-environment-and-product-sse/production-2e-and-c9-boundary/c9-review/bundle-initialization-probe.json
 create mode 100644 docs/developers/architecture/evidence/2026-10-06-web-build-environment-and-product-sse/production-2e-and-c9-boundary/c9-review/probe.mjs
 create mode 100644 docs/developers/architecture/evidence/2026-10-06-web-build-environment-and-product-sse/production-2e-and-c9-boundary/commit-observer-fix.result.json
 create mode 100644 docs/developers/architecture/evidence/2026-10-06-web-build-environment-and-product-sse/production-2e-and-c9-boundary/commit-observer-fix.stderr.log
 create mode 100644 docs/developers/architecture/evidence/2026-10-06-web-build-environment-and-product-sse/production-2e-and-c9-boundary/commit-observer-fix.stdout.log
 create mode 100644 docs/developers/architecture/evidence/2026-10-06-web-build-environment-and-product-sse/production-2e-and-c9-boundary/deploy-production-2e.result.json
 create mode 100644 docs/developers/architecture/evidence/2026-10-06-web-build-environment-and-product-sse/production-2e-and-c9-boundary/deploy-production-2e.stderr.log
 create mode 100644 docs/developers/architecture/evidence/2026-10-06-web-build-environment-and-product-sse/production-2e-and-c9-boundary/deploy-production-2e.stdout.log
 create mode 100644 docs/developers/architecture/evidence/2026-10-06-web-build-environment-and-product-sse/production-2e-and-c9-boundary/dispatch-product-c9.result.json
 create mode 100644 docs/developers/architecture/evidence/2026-10-06-web-build-environment-and-product-sse/production-2e-and-c9-boundary/dispatch-product-c9.stderr.log
 create mode 100644 docs/developers/architecture/evidence/2026-10-06-web-build-environment-and-product-sse/production-2e-and-c9-boundary/dispatch-product-c9.stdout.log
 create mode 100644 docs/developers/architecture/evidence/2026-10-06-web-build-environment-and-product-sse/production-2e-and-c9-boundary/fixture-initialization-prepare.result.json
 create mode 100644 docs/developers/architecture/evidence/2026-10-06-web-build-environment-and-product-sse/production-2e-and-c9-boundary/fixture-initialization-prepare.stderr.log
 create mode 100644 docs/developers/architecture/evidence/2026-10-06-web-build-environment-and-product-sse/production-2e-and-c9-boundary/fixture-initialization-prepare.stdout.log
 create mode 100644 docs/developers/architecture/evidence/2026-10-06-web-build-environment-and-product-sse/production-2e-and-c9-boundary/http-first/FINAL-live-http-assets-report.json
 create mode 100644 docs/developers/architecture/evidence/2026-10-06-web-build-environment-and-product-sse/production-2e-and-c9-boundary/http-first/get-home-en.html
 create mode 100644 docs/developers/architecture/evidence/2026-10-06-web-build-environment-and-product-sse/production-2e-and-c9-boundary/http-first/get-models-en.html
 create mode 100644 docs/developers/architecture/evidence/2026-10-06-web-build-environment-and-product-sse/production-2e-and-c9-boundary/http-first/get-robots.txt
 create mode 100644 docs/developers/architecture/evidence/2026-10-06-web-build-environment-and-product-sse/production-2e-and-c9-boundary/http-first/get-sitemap.xml
 create mode 100644 docs/developers/architecture/evidence/2026-10-06-web-build-environment-and-product-sse/production-2e-and-c9-boundary/http-first/http-events.ndjson
 create mode 100644 docs/developers/architecture/evidence/2026-10-06-web-build-environment-and-product-sse/production-2e-and-c9-boundary/http-first/live-http.result.json
 create mode 100644 docs/developers/architecture/evidence/2026-10-06-web-build-environment-and-product-sse/production-2e-and-c9-boundary/http-first/live-http.stderr.log
 create mode 100644 docs/developers/architecture/evidence/2026-10-06-web-build-environment-and-product-sse/production-2e-and-c9-boundary/http-first/live-http.stdout.log
 create mode 100644 docs/developers/architecture/evidence/2026-10-06-web-build-environment-and-product-sse/production-2e-and-c9-boundary/http-first/run-live-http.mjs
 create mode 100644 docs/developers/architecture/evidence/2026-10-06-web-build-environment-and-product-sse/production-2e-and-c9-boundary/http-first/verify-live-http.mjs
 create mode 100644 docs/developers/architecture/evidence/2026-10-06-web-build-environment-and-product-sse/production-2e-and-c9-boundary/http-reconciliation.json
 create mode 100644 docs/developers/architecture/evidence/2026-10-06-web-build-environment-and-product-sse/production-2e-and-c9-boundary/http-second/FINAL-live-http-assets-report.json
 create mode 100644 docs/developers/architecture/evidence/2026-10-06-web-build-environment-and-product-sse/production-2e-and-c9-boundary/http-second/get-home-en.html
 create mode 100644 docs/developers/architecture/evidence/2026-10-06-web-build-environment-and-product-sse/production-2e-and-c9-boundary/http-second/get-models-en.html
 create mode 100644 docs/developers/architecture/evidence/2026-10-06-web-build-environment-and-product-sse/production-2e-and-c9-boundary/http-second/http-events.ndjson
 create mode 100644 docs/developers/architecture/evidence/2026-10-06-web-build-environment-and-product-sse/production-2e-and-c9-boundary/http-second/live-http.result.json
 create mode 100644 docs/developers/architecture/evidence/2026-10-06-web-build-environment-and-product-sse/production-2e-and-c9-boundary/http-second/live-http.stderr.log
 create mode 100644 docs/developers/architecture/evidence/2026-10-06-web-build-environment-and-product-sse/production-2e-and-c9-boundary/http-second/live-http.stdout.log
 create mode 100644 docs/developers/architecture/evidence/2026-10-06-web-build-environment-and-product-sse/production-2e-and-c9-boundary/http-second/reconcile-receipts.mjs
 create mode 100644 docs/developers/architecture/evidence/2026-10-06-web-build-environment-and-product-sse/production-2e-and-c9-boundary/http-second/run-live-http.mjs
 create mode 100644 docs/developers/architecture/evidence/2026-10-06-web-build-environment-and-product-sse/production-2e-and-c9-boundary/http-second/verify-live-http.mjs
 create mode 100644 docs/developers/architecture/evidence/2026-10-06-web-build-environment-and-product-sse/production-2e-and-c9-boundary/index.json
 create mode 100644 docs/developers/architecture/evidence/2026-10-06-web-build-environment-and-product-sse/production-2e-and-c9-boundary/post-2e-deploy-guard.result.json
 create mode 100644 docs/developers/architecture/evidence/2026-10-06-web-build-environment-and-product-sse/production-2e-and-c9-boundary/post-2e-deploy-guard.stderr.log
 create mode 100644 docs/developers/architecture/evidence/2026-10-06-web-build-environment-and-product-sse/production-2e-and-c9-boundary/post-2e-deploy-guard.stdout.log
 create mode 100644 docs/developers/architecture/evidence/2026-10-06-web-build-environment-and-product-sse/production-2e-and-c9-boundary/post-2e-deploy.deployment-guard.json
 create mode 100644 docs/developers/architecture/evidence/2026-10-06-web-build-environment-and-product-sse/production-2e-and-c9-boundary/pre-2e-deploy-guard.result.json
 create mode 100644 docs/developers/architecture/evidence/2026-10-06-web-build-environment-and-product-sse/production-2e-and-c9-boundary/pre-2e-deploy-guard.stderr.log
 create mode 100644 docs/developers/architecture/evidence/2026-10-06-web-build-environment-and-product-sse/production-2e-and-c9-boundary/pre-2e-deploy-guard.stdout.log
 create mode 100644 docs/developers/architecture/evidence/2026-10-06-web-build-environment-and-product-sse/production-2e-and-c9-boundary/pre-2e-deploy.deployment-guard.json
 create mode 100644 docs/developers/architecture/evidence/2026-10-06-web-build-environment-and-product-sse/production-2e-and-c9-boundary/prepare-production-2e.result.json
 create mode 100644 docs/developers/architecture/evidence/2026-10-06-web-build-environment-and-product-sse/production-2e-and-c9-boundary/prepare-production-2e.stderr.log
 create mode 100644 docs/developers/architecture/evidence/2026-10-06-web-build-environment-and-product-sse/production-2e-and-c9-boundary/prepare-production-2e.stdout.log
 create mode 100644 docs/developers/architecture/evidence/2026-10-06-web-build-environment-and-product-sse/production-2e-and-c9-boundary/product-c9-artifact/product-sse-cancel-37452189276-1/product-sse-cancel-37452189276-1/executor.json
 create mode 100644 docs/developers/architecture/evidence/2026-10-06-web-build-environment-and-product-sse/production-2e-and-c9-boundary/product-c9-artifact/product-sse-cancel-37452189276-1/product-sse-cancel-37452189276-1/fixture/bundle-metafile.json
 create mode 100644 docs/developers/architecture/evidence/2026-10-06-web-build-environment-and-product-sse/production-2e-and-c9-boundary/product-c9-artifact/product-sse-cancel-37452189276-1/product-sse-cancel-37452189276-1/fixture/events.ndjson
 create mode 100644 docs/developers/architecture/evidence/2026-10-06-web-build-environment-and-product-sse/production-2e-and-c9-boundary/product-c9-artifact/product-sse-cancel-37452189276-1/product-sse-cancel-37452189276-1/fixture/report.json
 create mode 100644 docs/developers/architecture/evidence/2026-10-06-web-build-environment-and-product-sse/production-2e-and-c9-boundary/product-c9-artifact/product-sse-cancel-37452189276-1/product-sse-cancel-37452189276-1/fixture/worker-bundle.mjs
 create mode 100644 docs/developers/architecture/evidence/2026-10-06-web-build-environment-and-product-sse/production-2e-and-c9-boundary/product-c9-artifact/product-sse-cancel-37452189276-1/product-sse-cancel-37452189276-1/fixture/worker-source.mjs
 create mode 100644 docs/developers/architecture/evidence/2026-10-06-web-build-environment-and-product-sse/production-2e-and-c9-boundary/product-c9-artifact/product-sse-cancel-37452189276-1/product-sse-cancel-37452189276-1/stderr.log
 create mode 100644 docs/developers/architecture/evidence/2026-10-06-web-build-environment-and-product-sse/production-2e-and-c9-boundary/product-c9-artifact/product-sse-cancel-37452189276-1/product-sse-cancel-37452189276-1/stdout.log
 create mode 100644 docs/developers/architecture/evidence/2026-10-06-web-build-environment-and-product-sse/production-2e-and-c9-boundary/product-c9-artifact/product-sse-cancel-37452189276-1/product-sse-web-dependencies-37452189276-1.log
 create mode 100644 docs/developers/architecture/evidence/2026-10-06-web-build-environment-and-product-sse/production-2e-and-c9-boundary/product-c9-download.result.json
 create mode 100644 docs/developers/architecture/evidence/2026-10-06-web-build-environment-and-product-sse/production-2e-and-c9-boundary/product-c9-download.stderr.log
 create mode 100644 docs/developers/architecture/evidence/2026-10-06-web-build-environment-and-product-sse/production-2e-and-c9-boundary/product-c9-download.stdout.log
 create mode 100644 docs/developers/architecture/evidence/2026-10-06-web-build-environment-and-product-sse/production-2e-and-c9-boundary/product-c9-full-log.result.json
 create mode 100644 docs/developers/architecture/evidence/2026-10-06-web-build-environment-and-product-sse/production-2e-and-c9-boundary/product-c9-full-log.stderr.log
 create mode 100644 docs/developers/architecture/evidence/2026-10-06-web-build-environment-and-product-sse/production-2e-and-c9-boundary/product-c9-full-log.stdout.log
 create mode 100644 docs/developers/architecture/evidence/2026-10-06-web-build-environment-and-product-sse/production-2e-and-c9-boundary/product-c9-start-meta.result.json
 create mode 100644 docs/developers/architecture/evidence/2026-10-06-web-build-environment-and-product-sse/production-2e-and-c9-boundary/product-c9-start-meta.stderr.log
 create mode 100644 docs/developers/architecture/evidence/2026-10-06-web-build-environment-and-product-sse/production-2e-and-c9-boundary/product-c9-start-meta.stdout.log
 create mode 100644 docs/developers/architecture/evidence/2026-10-06-web-build-environment-and-product-sse/production-2e-and-c9-boundary/production-2e-preparation.json
 create mode 100644 docs/developers/architecture/evidence/2026-10-06-web-build-environment-and-product-sse/production-2e-and-c9-boundary/production-2e.wrangler.json
 create mode 100644 docs/developers/architecture/evidence/2026-10-06-web-build-environment-and-product-sse/production-2e-and-c9-boundary/production-web-2e-browser-v2.mjs
 create mode 100644 docs/developers/architecture/evidence/2026-10-06-web-build-environment-and-product-sse/production-2e-and-c9-boundary/production-web-2e-browser-v3.mjs
 create mode 100644 docs/developers/architecture/evidence/2026-10-06-web-build-environment-and-product-sse/production-2e-and-c9-boundary/production-web-2e-browser.mjs
 create mode 100644 docs/developers/architecture/evidence/2026-10-06-web-build-environment-and-product-sse/production-2e-and-c9-boundary/push-observer-fix.result.json
 create mode 100644 docs/developers/architecture/evidence/2026-10-06-web-build-environment-and-product-sse/production-2e-and-c9-boundary/push-observer-fix.stderr.log
 create mode 100644 docs/developers/architecture/evidence/2026-10-06-web-build-environment-and-product-sse/production-2e-and-c9-boundary/push-observer-fix.stdout.log
 create mode 100644 docs/developers/architecture/evidence/2026-10-06-web-build-environment-and-product-sse/production-2e-and-c9-boundary/release-review/FINAL-current-release-readonly-review.json.gz
 create mode 100644 docs/developers/architecture/evidence/2026-10-06-web-build-environment-and-product-sse/production-2e-and-c9-boundary/release-review/FINAL-current-release-readonly-summary.json
 create mode 100644 docs/developers/architecture/evidence/2026-10-06-web-build-environment-and-product-sse/production-2e-and-c9-boundary/release-review/FINAL-staged-evidence-and-checklist-review.json
 create mode 100644 docs/developers/architecture/evidence/2026-10-06-web-build-environment-and-product-sse/production-2e-and-c9-boundary/web-2e-browser-v2.json
 create mode 100644 docs/developers/architecture/evidence/2026-10-06-web-build-environment-and-product-sse/production-2e-and-c9-boundary/web-2e-browser-v2.result.json
 create mode 100644 docs/developers/architecture/evidence/2026-10-06-web-build-environment-and-product-sse/production-2e-and-c9-boundary/web-2e-browser-v2.stderr.log
 create mode 100644 docs/developers/architecture/evidence/2026-10-06-web-build-environment-and-product-sse/production-2e-and-c9-boundary/web-2e-browser-v2.stdout.log
 create mode 100644 docs/developers/architecture/evidence/2026-10-06-web-build-environment-and-product-sse/production-2e-and-c9-boundary/web-2e-browser-v3.json
 create mode 100644 docs/developers/architecture/evidence/2026-10-06-web-build-environment-and-product-sse/production-2e-and-c9-boundary/web-2e-browser-v3.result.json
 create mode 100644 docs/developers/architecture/evidence/2026-10-06-web-build-environment-and-product-sse/production-2e-and-c9-boundary/web-2e-browser-v3.stderr.log
 create mode 100644 docs/developers/architecture/evidence/2026-10-06-web-build-environment-and-product-sse/production-2e-and-c9-boundary/web-2e-browser-v3.stdout.log
 create mode 100644 docs/developers/architecture/evidence/2026-10-06-web-build-environment-and-product-sse/production-2e-and-c9-boundary/web-2e-browser.result.json
 create mode 100644 docs/developers/architecture/evidence/2026-10-06-web-build-environment-and-product-sse/production-2e-and-c9-boundary/web-2e-browser.stderr.log
 create mode 100644 docs/developers/architecture/evidence/2026-10-06-web-build-environment-and-product-sse/production-2e-and-c9-boundary/web-2e-browser.stdout.log
 create mode 100644 docs/developers/architecture/evidence/2026-10-06-web-build-environment-and-product-sse/production-2e-and-c9-boundary/web-2e-functional-browser.json
