Refreshing run status every 30 seconds. Press Ctrl+C to quit.

* main Web frontend · 37450271483
Triggered via push about 2 minutes ago

JOBS
* Admin contracts and public SSR build (ID 112224868016)
  ✓ Set up job
  ✓ Run actions/checkout@v4
  ✓ Run actions/setup-node@v4
  ✓ Run npm ci --ignore-scripts
  ✓ Run npm run typecheck -w @octafuse/core
  ✓ Run npm run build:node-index -w @octafuse/core
  ✓ Validate account repository types and database contracts
  ✓ Validate integration-key atomic audits and migration contracts
  ✓ Validate Tools atomic configuration, single snapshots and private clients
  ✓ Validate global Gateway Key paging and atomic profile conditions
  ✓ Validate Shared Keys state guards and formal earning history protection
  ✓ Validate Shared Keys atomic governance and exact request log detail
  ✓ Validate authority currency failures and anonymous catalog boundary
  * Run npm run typecheck -w @octafuse/admin
  * Validate auth, workspace, keys, account and public BFF contracts
  * Build Admin public SSR and standalone output
  * Post Run actions/setup-node@v4
  * Post Run actions/checkout@v4
* web (ID 112224868346)
  ✓ Set up job
  ✓ Run actions/checkout@v4
  ✓ Run actions/setup-node@v4
  ✓ Run npm ci --ignore-scripts
  ✓ Run npm run verify:package-versions
  ✓ Run npm run format:check -w @cinatoken/web
  ✓ Run npm run test:web
  * Run npm run lint -w @cinatoken/web
  * Run bash -n docker/web/entrypoint.sh
  * Run npm run build:web
  * Freeze and verify release artifact
  * Generate verified production Worker configuration
  * Validate release image and Nginx configuration
  * Validate isolated Docker public SSR runtime
  * Run actions/upload-artifact@v4
  * Post Run actions/setup-node@v4
  * Post Run actions/checkout@v4
Refreshing run status every 30 seconds. Press Ctrl+C to quit.

* main Web frontend · 37450271483
Triggered via push about 3 minutes ago

JOBS
* Admin contracts and public SSR build (ID 112224868016)
  ✓ Set up job
  ✓ Run actions/checkout@v4
  ✓ Run actions/setup-node@v4
  ✓ Run npm ci --ignore-scripts
  ✓ Run npm run typecheck -w @octafuse/core
  ✓ Run npm run build:node-index -w @octafuse/core
  ✓ Validate account repository types and database contracts
  ✓ Validate integration-key atomic audits and migration contracts
  ✓ Validate Tools atomic configuration, single snapshots and private clients
  ✓ Validate global Gateway Key paging and atomic profile conditions
  ✓ Validate Shared Keys state guards and formal earning history protection
  ✓ Validate Shared Keys atomic governance and exact request log detail
  ✓ Validate authority currency failures and anonymous catalog boundary
  ✓ Run npm run typecheck -w @octafuse/admin
  * Validate auth, workspace, keys, account and public BFF contracts
  * Build Admin public SSR and standalone output
  * Post Run actions/setup-node@v4
  * Post Run actions/checkout@v4
* web (ID 112224868346)
  ✓ Set up job
  ✓ Run actions/checkout@v4
  ✓ Run actions/setup-node@v4
  ✓ Run npm ci --ignore-scripts
  ✓ Run npm run verify:package-versions
  ✓ Run npm run format:check -w @cinatoken/web
  ✓ Run npm run test:web
  ✓ Run npm run lint -w @cinatoken/web
  ✓ Run bash -n docker/web/entrypoint.sh
  * Run npm run build:web
  * Freeze and verify release artifact
  * Generate verified production Worker configuration
  * Validate release image and Nginx configuration
  * Validate isolated Docker public SSR runtime
  * Run actions/upload-artifact@v4
  * Post Run actions/setup-node@v4
  * Post Run actions/checkout@v4
Refreshing run status every 30 seconds. Press Ctrl+C to quit.

* main Web frontend · 37450271483
Triggered via push about 4 minutes ago

JOBS
* Admin contracts and public SSR build (ID 112224868016)
  ✓ Set up job
  ✓ Run actions/checkout@v4
  ✓ Run actions/setup-node@v4
  ✓ Run npm ci --ignore-scripts
  ✓ Run npm run typecheck -w @octafuse/core
  ✓ Run npm run build:node-index -w @octafuse/core
  ✓ Validate account repository types and database contracts
  ✓ Validate integration-key atomic audits and migration contracts
  ✓ Validate Tools atomic configuration, single snapshots and private clients
  ✓ Validate global Gateway Key paging and atomic profile conditions
  ✓ Validate Shared Keys state guards and formal earning history protection
  ✓ Validate Shared Keys atomic governance and exact request log detail
  ✓ Validate authority currency failures and anonymous catalog boundary
  ✓ Run npm run typecheck -w @octafuse/admin
  ✓ Validate auth, workspace, keys, account and public BFF contracts
  * Build Admin public SSR and standalone output
  * Post Run actions/setup-node@v4
  * Post Run actions/checkout@v4
* web (ID 112224868346)
  ✓ Set up job
  ✓ Run actions/checkout@v4
  ✓ Run actions/setup-node@v4
  ✓ Run npm ci --ignore-scripts
  ✓ Run npm run verify:package-versions
  ✓ Run npm run format:check -w @cinatoken/web
  ✓ Run npm run test:web
  ✓ Run npm run lint -w @cinatoken/web
  ✓ Run bash -n docker/web/entrypoint.sh
  ✓ Run npm run build:web
  ✓ Freeze and verify release artifact
  ✓ Generate verified production Worker configuration
  ✓ Validate release image and Nginx configuration
  ✓ Validate isolated Docker public SSR runtime
  ✓ Run actions/upload-artifact@v4
  * Post Run actions/setup-node@v4
  * Post Run actions/checkout@v4
Refreshing run status every 30 seconds. Press Ctrl+C to quit.

* main Web frontend · 37450271483
Triggered via push about 4 minutes ago

JOBS
* Admin contracts and public SSR build (ID 112224868016)
  ✓ Set up job
  ✓ Run actions/checkout@v4
  ✓ Run actions/setup-node@v4
  ✓ Run npm ci --ignore-scripts
  ✓ Run npm run typecheck -w @octafuse/core
  ✓ Run npm run build:node-index -w @octafuse/core
  ✓ Validate account repository types and database contracts
  ✓ Validate integration-key atomic audits and migration contracts
  ✓ Validate Tools atomic configuration, single snapshots and private clients
  ✓ Validate global Gateway Key paging and atomic profile conditions
  ✓ Validate Shared Keys state guards and formal earning history protection
  ✓ Validate Shared Keys atomic governance and exact request log detail
  ✓ Validate authority currency failures and anonymous catalog boundary
  ✓ Run npm run typecheck -w @octafuse/admin
  ✓ Validate auth, workspace, keys, account and public BFF contracts
  * Build Admin public SSR and standalone output
  * Post Run actions/setup-node@v4
  * Post Run actions/checkout@v4
✓ web in 3m59s (ID 112224868346)
  ✓ Set up job
  ✓ Run actions/checkout@v4
  ✓ Run actions/setup-node@v4
  ✓ Run npm ci --ignore-scripts
  ✓ Run npm run verify:package-versions
  ✓ Run npm run format:check -w @cinatoken/web
  ✓ Run npm run test:web
  ✓ Run npm run lint -w @cinatoken/web
  ✓ Run bash -n docker/web/entrypoint.sh
  ✓ Run npm run build:web
  ✓ Freeze and verify release artifact
  ✓ Generate verified production Worker configuration
  ✓ Validate release image and Nginx configuration
  ✓ Validate isolated Docker public SSR runtime
  ✓ Run actions/upload-artifact@v4
  ✓ Post Run actions/setup-node@v4
  ✓ Post Run actions/checkout@v4
  ✓ Complete job

ANNOTATIONS
! Node.js 20 is deprecated. The following actions target Node.js 20 but are being forced to run on Node.js 24: actions/checkout@v4, actions/setup-node@v4, actions/upload-artifact@v4. For more information see: https://github.blog/changelog/2025-09-19-deprecation-of-node-20-on-github-actions-runners/
web: .github#2

- "The ubuntu-latest label will migrate to Ubuntu 26 beginning October 19, 2026. For more information, see https://github.com/actions/runner-images/issues/14748"
web: .github#1

Refreshing run status every 30 seconds. Press Ctrl+C to quit.

* main Web frontend · 37450271483
Triggered via push about 5 minutes ago

JOBS
* Admin contracts and public SSR build (ID 112224868016)
  ✓ Set up job
  ✓ Run actions/checkout@v4
  ✓ Run actions/setup-node@v4
  ✓ Run npm ci --ignore-scripts
  ✓ Run npm run typecheck -w @octafuse/core
  ✓ Run npm run build:node-index -w @octafuse/core
  ✓ Validate account repository types and database contracts
  ✓ Validate integration-key atomic audits and migration contracts
  ✓ Validate Tools atomic configuration, single snapshots and private clients
  ✓ Validate global Gateway Key paging and atomic profile conditions
  ✓ Validate Shared Keys state guards and formal earning history protection
  ✓ Validate Shared Keys atomic governance and exact request log detail
  ✓ Validate authority currency failures and anonymous catalog boundary
  ✓ Run npm run typecheck -w @octafuse/admin
  ✓ Validate auth, workspace, keys, account and public BFF contracts
  * Build Admin public SSR and standalone output
  * Post Run actions/setup-node@v4
  * Post Run actions/checkout@v4
✓ web in 3m59s (ID 112224868346)
  ✓ Set up job
  ✓ Run actions/checkout@v4
  ✓ Run actions/setup-node@v4
  ✓ Run npm ci --ignore-scripts
  ✓ Run npm run verify:package-versions
  ✓ Run npm run format:check -w @cinatoken/web
  ✓ Run npm run test:web
  ✓ Run npm run lint -w @cinatoken/web
  ✓ Run bash -n docker/web/entrypoint.sh
  ✓ Run npm run build:web
  ✓ Freeze and verify release artifact
  ✓ Generate verified production Worker configuration
  ✓ Validate release image and Nginx configuration
  ✓ Validate isolated Docker public SSR runtime
  ✓ Run actions/upload-artifact@v4
  ✓ Post Run actions/setup-node@v4
  ✓ Post Run actions/checkout@v4
  ✓ Complete job

ANNOTATIONS
! Node.js 20 is deprecated. The following actions target Node.js 20 but are being forced to run on Node.js 24: actions/checkout@v4, actions/setup-node@v4, actions/upload-artifact@v4. For more information see: https://github.blog/changelog/2025-09-19-deprecation-of-node-20-on-github-actions-runners/
web: .github#2

- "The ubuntu-latest label will migrate to Ubuntu 26 beginning October 19, 2026. For more information, see https://github.com/actions/runner-images/issues/14748"
web: .github#1

Refreshing run status every 30 seconds. Press Ctrl+C to quit.

* main Web frontend · 37450271483
Triggered via push about 5 minutes ago

JOBS
* Admin contracts and public SSR build (ID 112224868016)
  ✓ Set up job
  ✓ Run actions/checkout@v4
  ✓ Run actions/setup-node@v4
  ✓ Run npm ci --ignore-scripts
  ✓ Run npm run typecheck -w @octafuse/core
  ✓ Run npm run build:node-index -w @octafuse/core
  ✓ Validate account repository types and database contracts
  ✓ Validate integration-key atomic audits and migration contracts
  ✓ Validate Tools atomic configuration, single snapshots and private clients
  ✓ Validate global Gateway Key paging and atomic profile conditions
  ✓ Validate Shared Keys state guards and formal earning history protection
  ✓ Validate Shared Keys atomic governance and exact request log detail
  ✓ Validate authority currency failures and anonymous catalog boundary
  ✓ Run npm run typecheck -w @octafuse/admin
  ✓ Validate auth, workspace, keys, account and public BFF contracts
  ✓ Build Admin public SSR and standalone output
  ✓ Post Run actions/setup-node@v4
  ✓ Post Run actions/checkout@v4
  ✓ Complete job
✓ web in 3m59s (ID 112224868346)
  ✓ Set up job
  ✓ Run actions/checkout@v4
  ✓ Run actions/setup-node@v4
  ✓ Run npm ci --ignore-scripts
  ✓ Run npm run verify:package-versions
  ✓ Run npm run format:check -w @cinatoken/web
  ✓ Run npm run test:web
  ✓ Run npm run lint -w @cinatoken/web
  ✓ Run bash -n docker/web/entrypoint.sh
  ✓ Run npm run build:web
  ✓ Freeze and verify release artifact
  ✓ Generate verified production Worker configuration
  ✓ Validate release image and Nginx configuration
  ✓ Validate isolated Docker public SSR runtime
  ✓ Run actions/upload-artifact@v4
  ✓ Post Run actions/setup-node@v4
  ✓ Post Run actions/checkout@v4
  ✓ Complete job

ANNOTATIONS
! Node.js 20 is deprecated. The following actions target Node.js 20 but are being forced to run on Node.js 24: actions/checkout@v4, actions/setup-node@v4, actions/upload-artifact@v4. For more information see: https://github.blog/changelog/2025-09-19-deprecation-of-node-20-on-github-actions-runners/
web: .github#2

- "The ubuntu-latest label will migrate to Ubuntu 26 beginning October 19, 2026. For more information, see https://github.com/actions/runner-images/issues/14748"
web: .github#1

✓ main Web frontend · 37450271483
Triggered via push about 6 minutes ago

JOBS
✓ Admin contracts and public SSR build in 5m4s (ID 112224868016)
  ✓ Set up job
  ✓ Run actions/checkout@v4
  ✓ Run actions/setup-node@v4
  ✓ Run npm ci --ignore-scripts
  ✓ Run npm run typecheck -w @octafuse/core
  ✓ Run npm run build:node-index -w @octafuse/core
  ✓ Validate account repository types and database contracts
  ✓ Validate integration-key atomic audits and migration contracts
  ✓ Validate Tools atomic configuration, single snapshots and private clients
  ✓ Validate global Gateway Key paging and atomic profile conditions
  ✓ Validate Shared Keys state guards and formal earning history protection
  ✓ Validate Shared Keys atomic governance and exact request log detail
  ✓ Validate authority currency failures and anonymous catalog boundary
  ✓ Run npm run typecheck -w @octafuse/admin
  ✓ Validate auth, workspace, keys, account and public BFF contracts
  ✓ Build Admin public SSR and standalone output
  ✓ Post Run actions/setup-node@v4
  ✓ Post Run actions/checkout@v4
  ✓ Complete job
✓ web in 3m59s (ID 112224868346)
  ✓ Set up job
  ✓ Run actions/checkout@v4
  ✓ Run actions/setup-node@v4
  ✓ Run npm ci --ignore-scripts
  ✓ Run npm run verify:package-versions
  ✓ Run npm run format:check -w @cinatoken/web
  ✓ Run npm run test:web
  ✓ Run npm run lint -w @cinatoken/web
  ✓ Run bash -n docker/web/entrypoint.sh
  ✓ Run npm run build:web
  ✓ Freeze and verify release artifact
  ✓ Generate verified production Worker configuration
  ✓ Validate release image and Nginx configuration
  ✓ Validate isolated Docker public SSR runtime
  ✓ Run actions/upload-artifact@v4
  ✓ Post Run actions/setup-node@v4
  ✓ Post Run actions/checkout@v4
  ✓ Complete job

ANNOTATIONS
! Node.js 20 is deprecated. The following actions target Node.js 20 but are being forced to run on Node.js 24: actions/checkout@v4, actions/setup-node@v4, actions/upload-artifact@v4. For more information see: https://github.blog/changelog/2025-09-19-deprecation-of-node-20-on-github-actions-runners/
web: .github#2

- "The ubuntu-latest label will migrate to Ubuntu 26 beginning October 19, 2026. For more information, see https://github.com/actions/runner-images/issues/14748"
web: .github#1

